OpenJDK 64-Bit Server VM (25.242-b08) for linux-aarch64 JRE (1.8.0_242-b08), built on Apr  1 2020 20:43:41 by "mockbuild" with gcc 7.3.0
Memory: 64k page, physical 265898496k(105324160k free), swap 0k(0k free)
CommandLine flags: -XX:InitialHeapSize=83886080 -XX:MaxHeapSize=83886080 -XX:+PrintAdaptiveSizePolicy -XX:+PrintClassHistogramAfterFullGC -XX:+PrintClassHistogramBeforeFullGC -XX:+PrintGC -XX:+PrintGCApplicationConcurrentTime -XX:+PrintGCApplicationStoppedTime -XX:+PrintGCDetails -XX:+PrintGCTimeStamps -XX:+PrintHeapAtGC -XX:+PrintHeapAtGCExtended -XX:+PrintOldPLAB -XX:+PrintPLAB -XX:+PrintParallelOldGCPhaseTimes -XX:+PrintPromotionFailure -XX:+PrintReferenceGC -XX:+PrintStringDeduplicationStatistics -XX:+PrintTLAB -XX:+PrintTenuringDistribution -XX:+TraceDynamicGCThreads -XX:+TraceMetadataHumongousAllocation -XX:+UnlockDiagnosticVMOptions -XX:+UseCompressedClassPointers -XX:+UseCompressedOops -XX:+UseParallelGC 
0.371: Application time: 0.2907004 seconds
0.371: Total time for which application threads were stopped: 0.0002229 seconds, Stopping threads took: 0.0000180 seconds
0.593: Application time: 0.2219755 seconds
0.594: Total time for which application threads were stopped: 0.0002376 seconds, Stopping threads took: 0.0000472 seconds
0.748: Application time: 0.1539774 seconds
{Heap before GC invocations=1 (full 0):
 PSYoungGen      total 28672K, used 24576K [0x00000000fe000000, 0x0000000100000000, 0x0000000100000000)
  eden space 24576K, 100% used [0x00000000fe000000,0x00000000ff800000,0x00000000ff800000)
  from space 4096K, 0% used [0x00000000ffc00000,0x00000000ffc00000,0x0000000100000000)
  to   space 4096K, 0% used [0x00000000ff800000,0x00000000ff800000,0x00000000ffc00000)
 ParOldGen       total 65536K, used 0K [0x00000000fa000000, 0x00000000fe000000, 0x00000000fe000000)
  object space 65536K, 0% used [0x00000000fa000000,0x00000000fa000000,0x00000000fe000000)
 Metaspace       used 7983K, capacity 8118K, committed 8320K, reserved 1056768K
  class space    used 730K, capacity 794K, committed 896K, reserved 1048576K
TLAB: gc tlab  thread: 0x0000ffff5c74d800 [id: 2385374] desired_size: 491KB slow allocs: 0  refill waste: 7864B alloc: 0.99999    24576KB refills: 1 waste 99.8% gc: 502544B slow: 0B fast: 0B
TLAB: gc tlab  thread: 0x0000ffff5c74b800 [id: 2385373] desired_size: 491KB slow allocs: 0  refill waste: 7864B alloc: 0.99999    24576KB refills: 1 waste 99.8% gc: 502360B slow: 0B fast: 0B
TLAB: gc tlab  thread: 0x0000ffff5c749800 [id: 2385372] desired_size: 491KB slow allocs: 0  refill waste: 7864B alloc: 0.99999    24576KB refills: 1 waste 99.8% gc: 502488B slow: 0B fast: 0B
TLAB: gc tlab  thread: 0x0000ffff5c747800 [id: 2385371] desired_size: 491KB slow allocs: 0  refill waste: 7864B alloc: 0.99999    24576KB refills: 1 waste 99.6% gc: 501120B slow: 0B fast: 0B
TLAB: gc tlab  thread: 0x0000ffff5c745000 [id: 2385370] desired_size: 491KB slow allocs: 0  refill waste: 7864B alloc: 0.99999    24576KB refills: 1 waste 99.8% gc: 502304B slow: 0B fast: 0B
TLAB: gc tlab  thread: 0x0000ffff5c743000 [id: 2385369] desired_size: 491KB slow allocs: 0  refill waste: 7864B alloc: 0.99999    24576KB refills: 1 waste 99.8% gc: 502240B slow: 0B fast: 0B
TLAB: gc tlab  thread: 0x0000ffff5c741000 [id: 2385368] desired_size: 491KB slow allocs: 0  refill waste: 7864B alloc: 0.99999    24576KB refills: 1 waste 99.9% gc: 502912B slow: 0B fast: 0B
TLAB: gc tlab  thread: 0x0000ffff5c715800 [id: 2385357] desired_size: 491KB slow allocs: 0  refill waste: 7864B alloc: 0.99999    24576KB refills: 1 waste 100.0% gc: 503104B slow: 0B fast: 0B
TLAB: gc tlab  thread: 0x0000ffff5c04e800 [id: 2385309] desired_size: 491KB slow allocs: 3  refill waste: 7864B alloc: 0.99999    24576KB refills: 41 waste  0.2% gc: 0B slow: 16336B fast: 22840B
TLAB totals: thrds: 9  refills: 49 max: 41 slow allocs: 3 max 3 waste: 16.5% gc: 4019072B max: 503104B slow: 16336B max: 16336B fast: 22840B max: 22840B
0.748: [GC (Allocation Failure) GCTaskManager::set_active_gang(): all_workers_active()  1  workers 43  active  43  ParallelGCThreads 43 
JT: 1  workers 43  active  43  idle 0  more 0
0.753: [SoftReference, 0 refs, 0.0000313 secs]0.753: [WeakReference, 65 refs, 0.0000242 secs]0.753: [FinalReference, 794 refs, 0.0014193 secs]0.754: [PhantomReference, 0 refs, 0 refs, 0.0000125 secs]0.754: [JNI Weak Reference, 0.0000133 secs]AdaptiveSizePolicy::update_averages:  survived: 4174584  promoted: 2205200  overflow: true
AdaptiveSizeStart: 0.755 collection: 1 

Desired survivor size 4194304 bytes, new threshold 7 (max 15)
PSAdaptiveSizePolicy::compute_eden_space_size: costs minor_time: 0.009736 major_cost: 0.000000 mutator_cost: 0.990264 throughput_goal: 0.990000 live_space: 272610048 free_space: 50331648 old_eden_size: 25165824 desired_eden_size: 25165824
AdaptiveSizeStop: collection: 1 
[PSYoungGen: 24576K->4076K(28672K)] 24576K->6230K(94208K), 0.0074018 secs] [Times: user=0.06 sys=0.00, real=0.00 secs] 
Heap after GC invocations=1 (full 0):
 PSYoungGen      total 28672K, used 4076K [0x00000000fe000000, 0x0000000100000000, 0x0000000100000000)
  eden space 24576K, 0% used [0x00000000fe000000,0x00000000fe000000,0x00000000ff800000)
  from space 4096K, 99% used [0x00000000ff800000,0x00000000ffbfb2f8,0x00000000ffc00000)
  to   space 4096K, 0% used [0x00000000ffc00000,0x00000000ffc00000,0x0000000100000000)
 ParOldGen       total 65536K, used 2153K [0x00000000fa000000, 0x00000000fe000000, 0x00000000fe000000)
  object space 65536K, 3% used [0x00000000fa000000,0x00000000fa21a610,0x00000000fe000000)
 Metaspace       used 7983K, capacity 8118K, committed 8320K, reserved 1056768K
  class space    used 730K, capacity 794K, committed 896K, reserved 1048576K
}
0.755: Total time for which application threads were stopped: 0.0077105 seconds, Stopping threads took: 0.0000224 seconds
1.105: Application time: 0.3501423 seconds
{Heap before GC invocations=2 (full 0):
 PSYoungGen      total 28672K, used 28652K [0x00000000fe000000, 0x0000000100000000, 0x0000000100000000)
  eden space 24576K, 100% used [0x00000000fe000000,0x00000000ff800000,0x00000000ff800000)
  from space 4096K, 99% used [0x00000000ff800000,0x00000000ffbfb2f8,0x00000000ffc00000)
  to   space 4096K, 0% used [0x00000000ffc00000,0x00000000ffc00000,0x0000000100000000)
 ParOldGen       total 65536K, used 2153K [0x00000000fa000000, 0x00000000fe000000, 0x00000000fe000000)
  object space 65536K, 3% used [0x00000000fa000000,0x00000000fa21a610,0x00000000fe000000)
 Metaspace       used 8180K, capacity 8310K, committed 8576K, reserved 1056768K
  class space    used 734K, capacity 794K, committed 896K, reserved 1048576K
TLAB: gc tlab  thread: 0x0000ffff5c74d800 [id: 2385374] desired_size: 245KB slow allocs: 0  refill waste: 3928B alloc: 0.50000    12288KB refills: 1 waste 100.0% gc: 251592B slow: 0B fast: 0B
TLAB: gc tlab  thread: 0x0000ffff5c747800 [id: 2385371] desired_size: 245KB slow allocs: 0  refill waste: 3928B alloc: 0.50000    12288KB refills: 1 waste 99.9% gc: 251504B slow: 0B fast: 0B
TLAB: gc tlab  thread: 0x0000ffff5c743000 [id: 2385369] desired_size: 245KB slow allocs: 0  refill waste: 3928B alloc: 0.50000    12288KB refills: 1 waste 100.0% gc: 251624B slow: 0B fast: 0B
TLAB: gc tlab  thread: 0x0000ffff5c04e800 [id: 2385309] desired_size: 451KB slow allocs: 1  refill waste: 7224B alloc: 0.91920    22590KB refills: 54 waste  0.0% gc: 0B slow: 2048B fast: 4568B
TLAB totals: thrds: 4  refills: 57 max: 54 slow allocs: 1 max 1 waste:  3.0% gc: 754720B max: 251624B slow: 2048B max: 2048B fast: 4568B max: 4568B
1.106: [GC (Allocation Failure) GCTaskManager::set_active_gang(): all_workers_active()  1  workers 43  active  43  ParallelGCThreads 43 
JT: 1  workers 43  active  43  idle 0  more 0
1.115: [SoftReference, 0 refs, 0.0000366 secs]1.115: [WeakReference, 9 refs, 0.0000113 secs]1.115: [FinalReference, 80 refs, 0.0000196 secs]1.115: [PhantomReference, 0 refs, 0 refs, 0.0000096 secs]1.115: [JNI Weak Reference, 0.0000048 secs]AdaptiveSizePolicy::update_averages:  survived: 4193400  promoted: 6324224  overflow: true
AdaptiveSizeStart: 1.116 collection: 2 

Desired survivor size 4194304 bytes, new threshold 7 (max 15)
PSAdaptiveSizePolicy::compute_eden_space_size limits: desired_eden_size: 50331648 old_eden_size: 25165824 eden_limit: 25165824 cur_eden: 25165824 max_eden_size: 25165824 avg_young_live: 4183992
PSAdaptiveSizePolicy::compute_eden_space_size: costs minor_time: 0.019261 major_cost: 0.000000 mutator_cost: 0.980739 throughput_goal: 0.990000 live_space: 272619456 free_space: 50331648 old_eden_size: 25165824 desired_eden_size: 25165824
AdaptiveSizeStop: collection: 2 
[PSYoungGen: 28652K->4095K(28672K)] 30806K->12424K(94208K), 0.0104764 secs] [Times: user=0.25 sys=0.01, real=0.02 secs] 
Heap after GC invocations=2 (full 0):
 PSYoungGen      total 28672K, used 4095K [0x00000000fe000000, 0x0000000100000000, 0x0000000100000000)
  eden space 24576K, 0% used [0x00000000fe000000,0x00000000fe000000,0x00000000ff800000)
  from space 4096K, 99% used [0x00000000ffc00000,0x00000000fffffc78,0x0000000100000000)
  to   space 4096K, 0% used [0x00000000ff800000,0x00000000ff800000,0x00000000ffc00000)
 ParOldGen       total 65536K, used 8329K [0x00000000fa000000, 0x00000000fe000000, 0x00000000fe000000)
  object space 65536K, 12% used [0x00000000fa000000,0x00000000fa822610,0x00000000fe000000)
 Metaspace       used 8180K, capacity 8310K, committed 8576K, reserved 1056768K
  class space    used 734K, capacity 794K, committed 896K, reserved 1048576K
}
1.116: Total time for which application threads were stopped: 0.0108827 seconds, Stopping threads took: 0.0000256 seconds
1.353: Application time: 0.2368743 seconds
{Heap before GC invocations=3 (full 0):
 PSYoungGen      total 28672K, used 28671K [0x00000000fe000000, 0x0000000100000000, 0x0000000100000000)
  eden space 24576K, 100% used [0x00000000fe000000,0x00000000ff800000,0x00000000ff800000)
  from space 4096K, 99% used [0x00000000ffc00000,0x00000000fffffc78,0x0000000100000000)
  to   space 4096K, 0% used [0x00000000ff800000,0x00000000ff800000,0x00000000ffc00000)
 ParOldGen       total 65536K, used 8329K [0x00000000fa000000, 0x00000000fe000000, 0x00000000fe000000)
  object space 65536K, 12% used [0x00000000fa000000,0x00000000fa822610,0x00000000fe000000)
 Metaspace       used 8183K, capacity 8310K, committed 8576K, reserved 1056768K
  class space    used 734K, capacity 794K, committed 896K, reserved 1048576K
TLAB: gc tlab  thread: 0x0000ffff5c04e800 [id: 2385309] desired_size: 462KB slow allocs: 1  refill waste: 7392B alloc: 0.94085    23122KB refills: 53 waste  0.0% gc: 0B slow: 2960B fast: 80B
TLAB totals: thrds: 1  refills: 53 max: 53 slow allocs: 1 max 1 waste:  0.0% gc: 0B max: 0B slow: 2960B max: 2960B fast: 80B max: 80B
1.353: [GC (Allocation Failure) GCTaskManager::set_active_gang(): all_workers_active()  1  workers 43  active  43  ParallelGCThreads 43 
JT: 1  workers 43  active  43  idle 0  more 0
1.362: [SoftReference, 0 refs, 0.0000442 secs]1.362: [WeakReference, 6 refs, 0.0000103 secs]1.362: [FinalReference, 79 refs, 0.0000181 secs]1.362: [PhantomReference, 0 refs, 0 refs, 0.0000096 secs]1.362: [JNI Weak Reference, 0.0000053 secs]AdaptiveSizePolicy::update_averages:  survived: 4167048  promoted: 5497296  overflow: true
AdaptiveSizeStart: 1.363 collection: 3 

Desired survivor size 4194304 bytes, new threshold 7 (max 15)
PSAdaptiveSizePolicy::compute_eden_space_size limits: desired_eden_size: 50331648 old_eden_size: 25165824 eden_limit: 25165824 cur_eden: 25165824 max_eden_size: 25165824 avg_young_live: 4178400
PSAdaptiveSizePolicy::compute_eden_space_size: costs minor_time: 0.025037 major_cost: 0.000000 mutator_cost: 0.974963 throughput_goal: 0.990000 live_space: 272613856 free_space: 50331648 old_eden_size: 25165824 desired_eden_size: 25165824
AdaptiveSizeStop: collection: 3 
[PSYoungGen: 28671K->4069K(28672K)] 37000K->17767K(94208K), 0.0091546 secs] [Times: user=0.15 sys=0.01, real=0.01 secs] 
Heap after GC invocations=3 (full 0):
 PSYoungGen      total 28672K, used 4069K [0x00000000fe000000, 0x0000000100000000, 0x0000000100000000)
  eden space 24576K, 0% used [0x00000000fe000000,0x00000000fe000000,0x00000000ff800000)
  from space 4096K, 99% used [0x00000000ff800000,0x00000000ffbf9588,0x00000000ffc00000)
  to   space 4096K, 0% used [0x00000000ffc00000,0x00000000ffc00000,0x0000000100000000)
 ParOldGen       total 65536K, used 13697K [0x00000000fa000000, 0x00000000fe000000, 0x00000000fe000000)
  object space 65536K, 20% used [0x00000000fa000000,0x00000000fad607e0,0x00000000fe000000)
 Metaspace       used 8183K, capacity 8310K, committed 8576K, reserved 1056768K
  class space    used 734K, capacity 794K, committed 896K, reserved 1048576K
}
1.363: Total time for which application threads were stopped: 0.0095352 seconds, Stopping threads took: 0.0000256 seconds
1.521: Application time: 0.1585544 seconds
{Heap before GC invocations=4 (full 0):
 PSYoungGen      total 28672K, used 28645K [0x00000000fe000000, 0x0000000100000000, 0x0000000100000000)
  eden space 24576K, 100% used [0x00000000fe000000,0x00000000ff800000,0x00000000ff800000)
  from space 4096K, 99% used [0x00000000ff800000,0x00000000ffbf9588,0x00000000ffc00000)
  to   space 4096K, 0% used [0x00000000ffc00000,0x00000000ffc00000,0x0000000100000000)
 ParOldGen       total 65536K, used 13697K [0x00000000fa000000, 0x00000000fe000000, 0x00000000fe000000)
  object space 65536K, 20% used [0x00000000fa000000,0x00000000fad607e0,0x00000000fe000000)
 Metaspace       used 8220K, capacity 8310K, committed 8576K, reserved 1056768K
  class space    used 734K, capacity 794K, committed 896K, reserved 1048576K
TLAB: gc tlab  thread: 0x0000ffff5c73d000 [id: 2385366] desired_size: 491KB slow allocs: 0  refill waste: 7864B alloc: 0.99999    24576KB refills: 1 waste 99.8% gc: 502360B slow: 0B fast: 0B
TLAB: gc tlab  thread: 0x0000ffff5c04e800 [id: 2385309] desired_size: 472KB slow allocs: 2  refill waste: 7560B alloc: 0.96151    23630KB refills: 51 waste  0.0% gc: 0B slow: 3112B fast: 56B
TLAB totals: thrds: 2  refills: 52 max: 51 slow allocs: 2 max 2 waste:  2.0% gc: 502360B max: 502360B slow: 3112B max: 3112B fast: 56B max: 56B
1.521: [GC (Allocation Failure) GCTaskManager::set_active_gang(): all_workers_active()  1  workers 43  active  43  ParallelGCThreads 43 
JT: 1  workers 43  active  43  idle 0  more 0
1.529: [SoftReference, 0 refs, 0.0000372 secs]1.529: [WeakReference, 6 refs, 0.0000096 secs]1.529: [FinalReference, 79 refs, 0.0000179 secs]1.529: [PhantomReference, 0 refs, 0 refs, 0.0000099 secs]1.529: [JNI Weak Reference, 0.0000049 secs]AdaptiveSizePolicy::update_averages:  survived: 4186632  promoted: 5316608  overflow: true
AdaptiveSizeStart: 1.530 collection: 4 

Desired survivor size 4194304 bytes, new threshold 7 (max 15)
PSAdaptiveSizePolicy::compute_eden_space_size limits: desired_eden_size: 50331648 old_eden_size: 25165824 eden_limit: 25165824 cur_eden: 25165824 max_eden_size: 25165824 avg_young_live: 4180458
PSAdaptiveSizePolicy::compute_eden_space_size: costs minor_time: 0.031894 major_cost: 0.000000 mutator_cost: 0.968106 throughput_goal: 0.990000 live_space: 272615904 free_space: 50331648 old_eden_size: 25165824 desired_eden_size: 25165824
AdaptiveSizeStop: collection: 4 
[PSYoungGen: 28645K->4088K(28672K)] 42343K->22978K(94208K), 0.0088914 secs] [Times: user=0.13 sys=0.00, real=0.01 secs] 
Heap after GC invocations=4 (full 0):
 PSYoungGen      total 28672K, used 4088K [0x00000000fe000000, 0x0000000100000000, 0x0000000100000000)
  eden space 24576K, 0% used [0x00000000fe000000,0x00000000fe000000,0x00000000ff800000)
  from space 4096K, 99% used [0x00000000ffc00000,0x00000000ffffe208,0x0000000100000000)
  to   space 4096K, 0% used [0x00000000ff800000,0x00000000ff800000,0x00000000ffc00000)
 ParOldGen       total 65536K, used 18889K [0x00000000fa000000, 0x00000000fe000000, 0x00000000fe000000)
  object space 65536K, 28% used [0x00000000fa000000,0x00000000fb2727e0,0x00000000fe000000)
 Metaspace       used 8220K, capacity 8310K, committed 8576K, reserved 1056768K
  class space    used 734K, capacity 794K, committed 896K, reserved 1048576K
}
1.530: Total time for which application threads were stopped: 0.0092104 seconds, Stopping threads took: 0.0000265 seconds
1.688: Application time: 0.1575059 seconds
{Heap before GC invocations=5 (full 0):
 PSYoungGen      total 28672K, used 28664K [0x00000000fe000000, 0x0000000100000000, 0x0000000100000000)
  eden space 24576K, 100% used [0x00000000fe000000,0x00000000ff800000,0x00000000ff800000)
  from space 4096K, 99% used [0x00000000ffc00000,0x00000000ffffe208,0x0000000100000000)
  to   space 4096K, 0% used [0x00000000ff800000,0x00000000ff800000,0x00000000ffc00000)
 ParOldGen       total 65536K, used 18889K [0x00000000fa000000, 0x00000000fe000000, 0x00000000fe000000)
  object space 65536K, 28% used [0x00000000fa000000,0x00000000fb2727e0,0x00000000fe000000)
 Metaspace       used 8220K, capacity 8310K, committed 8576K, reserved 1056768K
  class space    used 734K, capacity 794K, committed 896K, reserved 1048576K
TLAB: gc tlab  thread: 0x0000ffff5c04e800 [id: 2385309] desired_size: 475KB slow allocs: 0  refill waste: 7608B alloc: 0.96793    23788KB refills: 52 waste  0.0% gc: 0B slow: 1504B fast: 816B
TLAB totals: thrds: 1  refills: 52 max: 52 slow allocs: 0 max 0 waste:  0.0% gc: 0B max: 0B slow: 1504B max: 1504B fast: 816B max: 816B
1.688: [GC (Allocation Failure) GCTaskManager::set_active_gang(): all_workers_active()  1  workers 43  active  43  ParallelGCThreads 43 
JT: 1  workers 43  active  43  idle 0  more 0
1.697: [SoftReference, 0 refs, 0.0000373 secs]1.697: [WeakReference, 5 refs, 0.0000094 secs]1.697: [FinalReference, 51 refs, 0.0000148 secs]1.697: [PhantomReference, 0 refs, 0 refs, 0.0000096 secs]1.697: [JNI Weak Reference, 0.0000049 secs]AdaptiveSizePolicy::update_averages:  survived: 4186616  promoted: 7596440  overflow: true
AdaptiveSizeStart: 1.698 collection: 5 
  avg_survived_padded_avg: 12922083.000000  avg_promoted_padded_avg: 8734804.000000  avg_pretenured_padded_avg: 0.000000  tenuring_thresh: 6  target_size: 11010048

Desired survivor size 11010048 bytes, new threshold 6 (max 15)
PSAdaptiveSizePolicy::compute_eden_space_size limits: desired_eden_size: 50331648 old_eden_size: 25165824 eden_limit: 25165824 cur_eden: 25165824 max_eden_size: 25165824 avg_young_live: 4181690
PSAdaptiveSizePolicy::compute_eden_space_size: costs minor_time: 0.038713 major_cost: 0.000000 mutator_cost: 0.961287 throughput_goal: 0.990000 live_space: 272617152 free_space: 50331648 old_eden_size: 25165824 desired_eden_size: 25165824
AdaptiveSizePolicy::survivor space sizes: collection: 5 (4194304, 4194304) -> (4194304, 4194304) 
AdaptiveSizeStop: collection: 5 
[PSYoungGen: 28664K->4088K(28672K)] 47554K->30396K(94208K), 0.0100251 secs] [Times: user=0.20 sys=0.00, real=0.01 secs] 
Heap after GC invocations=5 (full 0):
 PSYoungGen      total 28672K, used 4088K [0x00000000fe000000, 0x0000000100000000, 0x0000000100000000)
  eden space 24576K, 0% used [0x00000000fe000000,0x00000000fe000000,0x00000000ff800000)
  from space 4096K, 99% used [0x00000000ff800000,0x00000000ffbfe1f8,0x00000000ffc00000)
  to   space 4096K, 0% used [0x00000000ffc00000,0x00000000ffc00000,0x0000000100000000)
 ParOldGen       total 65536K, used 26308K [0x00000000fa000000, 0x00000000fe000000, 0x00000000fe000000)
  object space 65536K, 40% used [0x00000000fa000000,0x00000000fb9b1178,0x00000000fe000000)
 Metaspace       used 8220K, capacity 8310K, committed 8576K, reserved 1056768K
  class space    used 734K, capacity 794K, committed 896K, reserved 1048576K
}
1.698: Total time for which application threads were stopped: 0.0102485 seconds, Stopping threads took: 0.0000246 seconds
1.838: Application time: 0.1396395 seconds
{Heap before GC invocations=6 (full 0):
 PSYoungGen      total 28672K, used 28664K [0x00000000fe000000, 0x0000000100000000, 0x0000000100000000)
  eden space 24576K, 100% used [0x00000000fe000000,0x00000000ff800000,0x00000000ff800000)
  from space 4096K, 99% used [0x00000000ff800000,0x00000000ffbfe1f8,0x00000000ffc00000)
  to   space 4096K, 0% used [0x00000000ffc00000,0x00000000ffc00000,0x0000000100000000)
 ParOldGen       total 65536K, used 26308K [0x00000000fa000000, 0x00000000fe000000, 0x00000000fe000000)
  object space 65536K, 40% used [0x00000000fa000000,0x00000000fb9b1178,0x00000000fe000000)
 Metaspace       used 8225K, capacity 8374K, committed 8576K, reserved 1056768K
  class space    used 734K, capacity 794K, committed 896K, reserved 1048576K
TLAB: gc tlab  thread: 0x0000ffff5c04e800 [id: 2385309] desired_size: 481KB slow allocs: 0  refill waste: 7696B alloc: 0.97912    24063KB refills: 52 waste  0.0% gc: 0B slow: 2752B fast: 1368B
TLAB totals: thrds: 1  refills: 52 max: 52 slow allocs: 0 max 0 waste:  0.0% gc: 0B max: 0B slow: 2752B max: 2752B fast: 1368B max: 1368B
1.838: [GC (Allocation Failure) GCTaskManager::set_active_gang(): all_workers_active()  1  workers 43  active  43  ParallelGCThreads 43 
JT: 1  workers 43  active  43  idle 0  more 0
1.855: [SoftReference, 0 refs, 0.0000322 secs]1.855: [WeakReference, 5 refs, 0.0000099 secs]1.855: [FinalReference, 48 refs, 0.0000142 secs]1.855: [PhantomReference, 0 refs, 0 refs, 0.0000095 secs]1.855: [JNI Weak Reference, 0.0000051 secs]AdaptiveSizePolicy::update_averages:  survived: 4166984  promoted: 6348896  overflow: true
AdaptiveSizeStart: 1.856 collection: 6 
  avg_survived_padded_avg: 12919607.000000  avg_promoted_padded_avg: 8741504.000000  avg_pretenured_padded_avg: 0.000000  tenuring_thresh: 5  target_size: 11010048

Desired survivor size 11010048 bytes, new threshold 5 (max 15)
PSAdaptiveSizePolicy::compute_eden_space_size limits: desired_eden_size: 50331648 old_eden_size: 25165824 eden_limit: 25165824 cur_eden: 25165824 max_eden_size: 25165824 avg_young_live: 4179337
PSAdaptiveSizePolicy::compute_eden_space_size: costs minor_time: 0.057236 major_cost: 0.000000 mutator_cost: 0.942764 throughput_goal: 0.990000 live_space: 272614784 free_space: 50331648 old_eden_size: 25165824 desired_eden_size: 25165824
AdaptiveSizePolicy::survivor space sizes: collection: 6 (4194304, 4194304) -> (4194304, 11010048) 
AdaptiveSizeStop: collection: 6 
[PSYoungGen: 28664K->4069K(15360K)] 54972K->36577K(80896K), 0.0178952 secs] [Times: user=0.27 sys=0.01, real=0.01 secs] 
Heap after GC invocations=6 (full 0):
 PSYoungGen      total 15360K, used 4069K [0x00000000fe000000, 0x0000000100000000, 0x0000000100000000)
  eden space 11264K, 0% used [0x00000000fe000000,0x00000000fe000000,0x00000000feb00000)
  from space 4096K, 99% used [0x00000000ffc00000,0x00000000ffff9548,0x0000000100000000)
  to   space 10752K, 0% used [0x00000000feb00000,0x00000000feb00000,0x00000000ff580000)
 ParOldGen       total 65536K, used 32508K [0x00000000fa000000, 0x00000000fe000000, 0x00000000fe000000)
  object space 65536K, 49% used [0x00000000fa000000,0x00000000fbfbf1d8,0x00000000fe000000)
 Metaspace       used 8225K, capacity 8374K, committed 8576K, reserved 1056768K
  class space    used 734K, capacity 794K, committed 896K, reserved 1048576K
}
1.856: Total time for which application threads were stopped: 0.0181373 seconds, Stopping threads took: 0.0000251 seconds
1.908: Application time: 0.0516566 seconds
{Heap before GC invocations=7 (full 0):
 PSYoungGen      total 15360K, used 15333K [0x00000000fe000000, 0x0000000100000000, 0x0000000100000000)
  eden space 11264K, 100% used [0x00000000fe000000,0x00000000feb00000,0x00000000feb00000)
  from space 4096K, 99% used [0x00000000ffc00000,0x00000000ffff9548,0x0000000100000000)
  to   space 10752K, 0% used [0x00000000feb00000,0x00000000feb00000,0x00000000ff580000)
 ParOldGen       total 65536K, used 32508K [0x00000000fa000000, 0x00000000fe000000, 0x00000000fe000000)
  object space 65536K, 49% used [0x00000000fa000000,0x00000000fbfbf1d8,0x00000000fe000000)
 Metaspace       used 8225K, capacity 8374K, committed 8576K, reserved 1056768K
  class space    used 734K, capacity 794K, committed 896K, reserved 1048576K
TLAB: gc tlab  thread: 0x0000ffff5c04e800 [id: 2385309] desired_size: 222KB slow allocs: 3  refill waste: 3552B alloc: 0.98637    11111KB refills: 48 waste  0.0% gc: 0B slow: 1368B fast: 3304B
TLAB totals: thrds: 1  refills: 48 max: 48 slow allocs: 3 max 3 waste:  0.0% gc: 0B max: 0B slow: 1368B max: 1368B fast: 3304B max: 3304B
1.908: [GC (Allocation Failure) GCTaskManager::set_active_gang(): all_workers_active()  1  workers 43  active  43  ParallelGCThreads 43 
JT: 1  workers 43  active  43  idle 0  more 0
1.916: [SoftReference, 0 refs, 0.0000241 secs]1.916: [WeakReference, 0 refs, 0.0000077 secs]1.916: [FinalReference, 0 refs, 0.0000073 secs]1.916: [PhantomReference, 0 refs, 0 refs, 0.0000093 secs]1.916: [JNI Weak Reference, 0.0000047 secs]AdaptiveSizePolicy::update_averages:  survived: 5898288  promoted: 2192296  overflow: false
AdaptiveSizeStart: 1.917 collection: 7 
  avg_survived_padded_avg: 13316652.000000  avg_promoted_padded_avg: 9033674.000000  avg_pretenured_padded_avg: 0.000000  tenuring_thresh: 4  target_size: 11010048

Desired survivor size 11010048 bytes, new threshold 4 (max 15)
PSAdaptiveSizePolicy::compute_eden_space_size limits: desired_eden_size: 23068672 old_eden_size: 25165824 eden_limit: 18350080 cur_eden: 11534336 max_eden_size: 18350080 avg_young_live: 4419990
PSAdaptiveSizePolicy::compute_eden_space_size: costs minor_time: 0.079214 major_cost: 0.000000 mutator_cost: 0.920786 throughput_goal: 0.990000 live_space: 272855456 free_space: 50331648 old_eden_size: 25165824 desired_eden_size: 18350080
AdaptiveSizePolicy::survivor space sizes: collection: 7 (11010048, 4194304) -> (11010048, 11010048) 
AdaptiveSizeStop: collection: 7 
[PSYoungGen: 15333K->5760K(22016K)] 47841K->40409K(87552K), 0.0089147 secs] [Times: user=0.17 sys=0.01, real=0.01 secs] 
Heap after GC invocations=7 (full 0):
 PSYoungGen      total 22016K, used 5760K [0x00000000fe000000, 0x0000000100000000, 0x0000000100000000)
  eden space 11264K, 0% used [0x00000000fe000000,0x00000000fe000000,0x00000000feb00000)
  from space 10752K, 53% used [0x00000000feb00000,0x00000000ff0a0030,0x00000000ff580000)
  to   space 10752K, 0% used [0x00000000ff580000,0x00000000ff580000,0x0000000100000000)
 ParOldGen       total 65536K, used 34649K [0x00000000fa000000, 0x00000000fe000000, 0x00000000fe000000)
  object space 65536K, 52% used [0x00000000fa000000,0x00000000fc1d6580,0x00000000fe000000)
 Metaspace       used 8225K, capacity 8374K, committed 8576K, reserved 1056768K
  class space    used 734K, capacity 794K, committed 896K, reserved 1048576K
}
1.917: Total time for which application threads were stopped: 0.0091395 seconds, Stopping threads took: 0.0000229 seconds
1.967: Application time: 0.0497700 seconds
{Heap before GC invocations=8 (full 0):
 PSYoungGen      total 22016K, used 17024K [0x00000000fe000000, 0x0000000100000000, 0x0000000100000000)
  eden space 11264K, 100% used [0x00000000fe000000,0x00000000feb00000,0x00000000feb00000)
  from space 10752K, 53% used [0x00000000feb00000,0x00000000ff0a0030,0x00000000ff580000)
  to   space 10752K, 0% used [0x00000000ff580000,0x00000000ff580000,0x0000000100000000)
 ParOldGen       total 65536K, used 34649K [0x00000000fa000000, 0x00000000fe000000, 0x00000000fe000000)
  object space 65536K, 52% used [0x00000000fa000000,0x00000000fc1d6580,0x00000000fe000000)
 Metaspace       used 8225K, capacity 8374K, committed 8576K, reserved 1056768K
  class space    used 734K, capacity 794K, committed 896K, reserved 1048576K
TLAB: gc tlab  thread: 0x0000ffff5c04e800 [id: 2385309] desired_size: 223KB slow allocs: 0  refill waste: 3568B alloc: 0.99100    11163KB refills: 51 waste  0.0% gc: 0B slow: 2112B fast: 2672B
TLAB totals: thrds: 1  refills: 51 max: 51 slow allocs: 0 max 0 waste:  0.0% gc: 0B max: 0B slow: 2112B max: 2112B fast: 2672B max: 2672B
1.967: [GC (Allocation Failure) GCTaskManager::set_active_gang(): all_workers_active()  1  workers 43  active  43  ParallelGCThreads 43 
JT: 1  workers 43  active  43  idle 0  more 0
1.975: [SoftReference, 0 refs, 0.0000296 secs]1.975: [WeakReference, 0 refs, 0.0000075 secs]1.975: [FinalReference, 0 refs, 0.0000074 secs]1.975: [PhantomReference, 0 refs, 0 refs, 0.0000099 secs]1.975: [JNI Weak Reference, 0.0000048 secs]AdaptiveSizePolicy::update_averages:  survived: 8945728  promoted: 761872  overflow: false
AdaptiveSizeStart: 1.975 collection: 8 
  avg_survived_padded_avg: 12867650.000000  avg_promoted_padded_avg: 9406192.000000  avg_pretenured_padded_avg: 0.000000  tenuring_thresh: 3  target_size: 11010048

Desired survivor size 11010048 bytes, new threshold 3 (max 15)
PSAdaptiveSizePolicy::compute_eden_space_size limits: desired_eden_size: 23068672 old_eden_size: 18350080 eden_limit: 11534336 cur_eden: 11534336 max_eden_size: 11534336 avg_young_live: 4963078
PSAdaptiveSizePolicy::compute_eden_space_size: costs minor_time: 0.095708 major_cost: 0.000000 mutator_cost: 0.904292 throughput_goal: 0.990000 live_space: 273398528 free_space: 43515904 old_eden_size: 18350080 desired_eden_size: 11534336
AdaptiveSizeStop: collection: 8 
[PSYoungGen: 17024K->8736K(22016K)] 51673K->44129K(87552K), 0.0085879 secs] [Times: user=0.20 sys=0.01, real=0.00 secs] 
Heap after GC invocations=8 (full 0):
 PSYoungGen      total 22016K, used 8736K [0x00000000fe000000, 0x0000000100000000, 0x0000000100000000)
  eden space 11264K, 0% used [0x00000000fe000000,0x00000000fe000000,0x00000000feb00000)
  from space 10752K, 81% used [0x00000000ff580000,0x00000000ffe08040,0x0000000100000000)
  to   space 10752K, 0% used [0x00000000feb00000,0x00000000feb00000,0x00000000ff580000)
 ParOldGen       total 65536K, used 35393K [0x00000000fa000000, 0x00000000fe000000, 0x00000000fe000000)
  object space 65536K, 54% used [0x00000000fa000000,0x00000000fc290590,0x00000000fe000000)
 Metaspace       used 8225K, capacity 8374K, committed 8576K, reserved 1056768K
  class space    used 734K, capacity 794K, committed 896K, reserved 1048576K
}
1.975: Total time for which application threads were stopped: 0.0087909 seconds, Stopping threads took: 0.0000237 seconds
2.279: Application time: 0.3031356 seconds
{Heap before GC invocations=9 (full 0):
 PSYoungGen      total 22016K, used 20000K [0x00000000fe000000, 0x0000000100000000, 0x0000000100000000)
  eden space 11264K, 100% used [0x00000000fe000000,0x00000000feb00000,0x00000000feb00000)
  from space 10752K, 81% used [0x00000000ff580000,0x00000000ffe08040,0x0000000100000000)
  to   space 10752K, 0% used [0x00000000feb00000,0x00000000feb00000,0x00000000ff580000)
 ParOldGen       total 65536K, used 35393K [0x00000000fa000000, 0x00000000fe000000, 0x00000000fe000000)
  object space 65536K, 54% used [0x00000000fa000000,0x00000000fc290590,0x00000000fe000000)
 Metaspace       used 8267K, capacity 8374K, committed 8576K, reserved 1056768K
  class space    used 734K, capacity 794K, committed 896K, reserved 1048576K
TLAB: gc tlab  thread: 0x0000ffff5c74d800 [id: 2385374] desired_size: 73KB slow allocs: 0  refill waste: 1168B alloc: 0.32501     3661KB refills: 1 waste 100.0% gc: 74944B slow: 0B fast: 0B
TLAB: gc tlab  thread: 0x0000ffff5c04e800 [id: 2385309] desired_size: 223KB slow allocs: 12  refill waste: 3640B alloc: 0.99400    11196KB refills: 48 waste  0.1% gc: 14856B slow: 1032B fast: 32B
TLAB totals: thrds: 2  refills: 49 max: 48 slow allocs: 12 max 12 waste:  0.8% gc: 89800B max: 74944B slow: 1032B max: 1032B fast: 32B max: 32B
2.279: [GC (Allocation Failure) GCTaskManager::set_active_gang(): all_workers_active()  1  workers 43  active  43  ParallelGCThreads 43 
JT: 1  workers 43  active  43  idle 0  more 0
2.287: [SoftReference, 0 refs, 0.0000378 secs]2.287: [WeakReference, 1 refs, 0.0000085 secs]2.287: [FinalReference, 4 refs, 0.0000184 secs]2.287: [PhantomReference, 0 refs, 0 refs, 0.0000100 secs]2.287: [JNI Weak Reference, 0.0000048 secs]AdaptiveSizePolicy::update_averages:  survived: 10977328  promoted: 1687584  overflow: true
AdaptiveSizeStart: 2.288 collection: 9 
  avg_survived_padded_avg: 13876071.000000  avg_promoted_padded_avg: 9398985.000000  avg_pretenured_padded_avg: 0.000000  tenuring_thresh: 2  target_size: 11010048

Desired survivor size 11010048 bytes, new threshold 2 (max 15)
PSAdaptiveSizePolicy::compute_eden_space_size limits: desired_eden_size: 18874368 old_eden_size: 11534336 eden_limit: 11534336 cur_eden: 11534336 max_eden_size: 11534336 avg_young_live: 5624646
PSAdaptiveSizePolicy::compute_eden_space_size: costs minor_time: 0.078653 major_cost: 0.000000 mutator_cost: 0.921347 throughput_goal: 0.990000 live_space: 274060096 free_space: 36700160 old_eden_size: 11534336 desired_eden_size: 11534336
AdaptiveSizeStop: collection: 9 
[PSYoungGen: 20000K->10720K(22016K)] 55393K->47761K(87552K), 0.0086696 secs] [Times: user=0.20 sys=0.01, real=0.01 secs] 
Heap after GC invocations=9 (full 0):
 PSYoungGen      total 22016K, used 10720K [0x00000000fe000000, 0x0000000100000000, 0x0000000100000000)
  eden space 11264K, 0% used [0x00000000fe000000,0x00000000fe000000,0x00000000feb00000)
  from space 10752K, 99% used [0x00000000feb00000,0x00000000ff578030,0x00000000ff580000)
  to   space 10752K, 0% used [0x00000000ff580000,0x00000000ff580000,0x0000000100000000)
 ParOldGen       total 65536K, used 37041K [0x00000000fa000000, 0x00000000fe000000, 0x00000000fe000000)
  object space 65536K, 56% used [0x00000000fa000000,0x00000000fc42c5b0,0x00000000fe000000)
 Metaspace       used 8267K, capacity 8374K, committed 8576K, reserved 1056768K
  class space    used 734K, capacity 794K, committed 896K, reserved 1048576K
}
2.288: Total time for which application threads were stopped: 0.0091421 seconds, Stopping threads took: 0.0000214 seconds
2.426: Application time: 0.1382571 seconds
2.426: Total time for which application threads were stopped: 0.0003494 seconds, Stopping threads took: 0.0001472 seconds
2.518: Application time: 0.0921828 seconds
{Heap before GC invocations=10 (full 0):
 PSYoungGen      total 22016K, used 21984K [0x00000000fe000000, 0x0000000100000000, 0x0000000100000000)
  eden space 11264K, 100% used [0x00000000fe000000,0x00000000feb00000,0x00000000feb00000)
  from space 10752K, 99% used [0x00000000feb00000,0x00000000ff578030,0x00000000ff580000)
  to   space 10752K, 0% used [0x00000000ff580000,0x00000000ff580000,0x0000000100000000)
 ParOldGen       total 65536K, used 37041K [0x00000000fa000000, 0x00000000fe000000, 0x00000000fe000000)
  object space 65536K, 56% used [0x00000000fa000000,0x00000000fc42c5b0,0x00000000fe000000)
 Metaspace       used 8388K, capacity 8502K, committed 8832K, reserved 1056768K
  class space    used 741K, capacity 794K, committed 896K, reserved 1048576K
TLAB: gc tlab  thread: 0x0000ffff5c74d800 [id: 2385374] desired_size: 47KB slow allocs: 0  refill waste: 760B alloc: 0.21126     2380KB refills: 1 waste 99.9% gc: 48656B slow: 0B fast: 0B
TLAB: gc tlab  thread: 0x0000ffff5c72a800 [id: 2385361] desired_size: 225KB slow allocs: 0  refill waste: 3600B alloc: 0.99999    11264KB refills: 1 waste 99.8% gc: 230264B slow: 0B fast: 0B
TLAB: gc tlab  thread: 0x0000ffff5c04e800 [id: 2385309] desired_size: 222KB slow allocs: 1  refill waste: 3552B alloc: 0.98741    11122KB refills: 52 waste  0.0% gc: 0B slow: 952B fast: 472B
TLAB totals: thrds: 3  refills: 54 max: 52 slow allocs: 1 max 1 waste:  2.3% gc: 278920B max: 230264B slow: 952B max: 952B fast: 472B max: 472B
2.519: [GC (Allocation Failure) GCTaskManager::set_active_gang(): all_workers_active()  1  workers 43  active  43  ParallelGCThreads 43 
JT: 1  workers 43  active  43  idle 0  more 0
2.527: [SoftReference, 0 refs, 0.0000217 secs]2.527: [WeakReference, 1 refs, 0.0000081 secs]2.527: [FinalReference, 20 refs, 0.0000381 secs]2.527: [PhantomReference, 0 refs, 0 refs, 0.0000098 secs]2.527: [JNI Weak Reference, 0.0000045 secs]AdaptiveSizePolicy::update_averages:  survived: 5898256  promoted: 6127648  overflow: false
AdaptiveSizeStart: 2.528 collection: 10 
  avg_survived_padded_avg: 14061969.000000  avg_promoted_padded_avg: 9581891.000000  avg_pretenured_padded_avg: 0.000000  tenuring_thresh: 1  target_size: 11010048

Desired survivor size 11010048 bytes, new threshold 1 (max 15)
PSAdaptiveSizePolicy::compute_eden_space_size limits: desired_eden_size: 18874368 old_eden_size: 11534336 eden_limit: 11534336 cur_eden: 11534336 max_eden_size: 11534336 avg_young_live: 5652007
PSAdaptiveSizePolicy::compute_eden_space_size: costs minor_time: 0.068401 major_cost: 0.000000 mutator_cost: 0.931599 throughput_goal: 0.990000 live_space: 274087456 free_space: 36700160 old_eden_size: 11534336 desired_eden_size: 11534336
AdaptiveSizeStop: collection: 10 
[PSYoungGen: 21984K->5760K(22016K)] 59025K->48785K(87552K), 0.0091283 secs] [Times: user=0.16 sys=0.02, real=0.01 secs] 
Heap after GC invocations=10 (full 0):
 PSYoungGen      total 22016K, used 5760K [0x00000000fe000000, 0x0000000100000000, 0x0000000100000000)
  eden space 11264K, 0% used [0x00000000fe000000,0x00000000fe000000,0x00000000feb00000)
  from space 10752K, 53% used [0x00000000ff580000,0x00000000ffb20010,0x0000000100000000)
  to   space 10752K, 0% used [0x00000000feb00000,0x00000000feb00000,0x00000000ff580000)
 ParOldGen       total 65536K, used 43025K [0x00000000fa000000, 0x00000000fe000000, 0x00000000fe000000)
  object space 65536K, 65% used [0x00000000fa000000,0x00000000fca045d0,0x00000000fe000000)
 Metaspace       used 8388K, capacity 8502K, committed 8832K, reserved 1056768K
  class space    used 741K, capacity 794K, committed 896K, reserved 1048576K
}
2.528: Total time for which application threads were stopped: 0.0096445 seconds, Stopping threads took: 0.0001351 seconds
2.586: Application time: 0.0580633 seconds
{Heap before GC invocations=11 (full 0):
 PSYoungGen      total 22016K, used 17024K [0x00000000fe000000, 0x0000000100000000, 0x0000000100000000)
  eden space 11264K, 100% used [0x00000000fe000000,0x00000000feb00000,0x00000000feb00000)
  from space 10752K, 53% used [0x00000000ff580000,0x00000000ffb20010,0x0000000100000000)
  to   space 10752K, 0% used [0x00000000feb00000,0x00000000feb00000,0x00000000ff580000)
 ParOldGen       total 65536K, used 43025K [0x00000000fa000000, 0x00000000fe000000, 0x00000000fe000000)
  object space 65536K, 65% used [0x00000000fa000000,0x00000000fca045d0,0x00000000fe000000)
 Metaspace       used 8388K, capacity 8502K, committed 8832K, reserved 1056768K
  class space    used 741K, capacity 794K, committed 896K, reserved 1048576K
TLAB: gc tlab  thread: 0x0000ffff5c04e800 [id: 2385309] desired_size: 223KB slow allocs: 1  refill waste: 3568B alloc: 0.99182    11172KB refills: 50 waste  0.0% gc: 0B slow: 2184B fast: 40B
TLAB totals: thrds: 1  refills: 50 max: 50 slow allocs: 1 max 1 waste:  0.0% gc: 0B max: 0B slow: 2184B max: 2184B fast: 40B max: 40B
2.586: [GC (Allocation Failure) GCTaskManager::set_active_gang(): all_workers_active()  1  workers 43  active  43  ParallelGCThreads 43 
JT: 1  workers 43  active  43  idle 0  more 0
2.594: [SoftReference, 0 refs, 0.0000343 secs]2.594: [WeakReference, 0 refs, 0.0000076 secs]2.594: [FinalReference, 0 refs, 0.0000070 secs]2.594: [PhantomReference, 0 refs, 0 refs, 0.0000094 secs]2.594: [JNI Weak Reference, 0.0000048 secs]AdaptiveSizePolicy::update_averages:  survived: 458768  promoted: 5627936  overflow: false
AdaptiveSizeStart: 2.594 collection: 11 
  avg_survived_padded_avg: 15055622.000000  avg_promoted_padded_avg: 9510608.000000  avg_pretenured_padded_avg: 0.000000  tenuring_thresh: 1  target_size: 11010048

Desired survivor size 11010048 bytes, new threshold 1 (max 15)
PSAdaptiveSizePolicy::compute_eden_space_size limits: desired_eden_size: 18874368 old_eden_size: 11534336 eden_limit: 11534336 cur_eden: 11534336 max_eden_size: 11534336 avg_young_live: 5132683
PSAdaptiveSizePolicy::compute_eden_space_size: costs minor_time: 0.081442 major_cost: 0.000000 mutator_cost: 0.918558 throughput_goal: 0.990000 live_space: 273568128 free_space: 36700160 old_eden_size: 11534336 desired_eden_size: 11534336
AdaptiveSizeStop: collection: 11 
[PSYoungGen: 17024K->448K(22016K)] 60049K->48969K(87552K), 0.0080872 secs] [Times: user=0.07 sys=0.00, real=0.00 secs] 
Heap after GC invocations=11 (full 0):
 PSYoungGen      total 22016K, used 448K [0x00000000fe000000, 0x0000000100000000, 0x0000000100000000)
  eden space 11264K, 0% used [0x00000000fe000000,0x00000000fe000000,0x00000000feb00000)
  from space 10752K, 4% used [0x00000000feb00000,0x00000000feb70010,0x00000000ff580000)
  to   space 10752K, 0% used [0x00000000ff580000,0x00000000ff580000,0x0000000100000000)
 ParOldGen       total 65536K, used 48521K [0x00000000fa000000, 0x00000000fe000000, 0x00000000fe000000)
  object space 65536K, 74% used [0x00000000fa000000,0x00000000fcf625f0,0x00000000fe000000)
 Metaspace       used 8388K, capacity 8502K, committed 8832K, reserved 1056768K
  class space    used 741K, capacity 794K, committed 896K, reserved 1048576K
}
2.595: Total time for which application threads were stopped: 0.0083343 seconds, Stopping threads took: 0.0000203 seconds
2.708: Application time: 0.1132112 seconds
{Heap before GC invocations=12 (full 0):
 PSYoungGen      total 22016K, used 11712K [0x00000000fe000000, 0x0000000100000000, 0x0000000100000000)
  eden space 11264K, 100% used [0x00000000fe000000,0x00000000feb00000,0x00000000feb00000)
  from space 10752K, 4% used [0x00000000feb00000,0x00000000feb70010,0x00000000ff580000)
  to   space 10752K, 0% used [0x00000000ff580000,0x00000000ff580000,0x0000000100000000)
 ParOldGen       total 65536K, used 48521K [0x00000000fa000000, 0x00000000fe000000, 0x00000000fe000000)
  object space 65536K, 74% used [0x00000000fa000000,0x00000000fcf625f0,0x00000000fe000000)
 Metaspace       used 8389K, capacity 8502K, committed 8832K, reserved 1056768K
  class space    used 741K, capacity 794K, committed 896K, reserved 1048576K
TLAB: gc tlab  thread: 0x0000ffff5c04e800 [id: 2385309] desired_size: 224KB slow allocs: 2  refill waste: 3584B alloc: 0.99461    11203KB refills: 50 waste  1.5% gc: 169736B slow: 1128B fast: 192B
TLAB totals: thrds: 1  refills: 50 max: 50 slow allocs: 2 max 2 waste:  1.5% gc: 169736B max: 169736B slow: 1128B max: 1128B fast: 192B max: 192B
2.708: [GC (Allocation Failure) GCTaskManager::set_active_gang(): all_workers_active()  1  workers 43  active  43  ParallelGCThreads 43 
JT: 1  workers 43  active  43  idle 0  more 0
2.711: [SoftReference, 0 refs, 0.0000255 secs]2.711: [WeakReference, 0 refs, 0.0000078 secs]2.711: [FinalReference, 0 refs, 0.0000073 secs]2.711: [PhantomReference, 0 refs, 0 refs, 0.0000095 secs]2.711: [JNI Weak Reference, 0.0000046 secs]AdaptiveSizePolicy::update_averages:  survived: 1376272  promoted: 401424  overflow: false
AdaptiveSizeStart: 2.712 collection: 12 
  avg_survived_padded_avg: 15558536.000000  avg_promoted_padded_avg: 9719146.000000  avg_pretenured_padded_avg: 0.000000  tenuring_thresh: 1  target_size: 11010048

Desired survivor size 11010048 bytes, new threshold 1 (max 15)
PSAdaptiveSizePolicy::compute_eden_space_size limits: desired_eden_size: 18874368 old_eden_size: 11534336 eden_limit: 11534336 cur_eden: 11534336 max_eden_size: 11534336 avg_young_live: 4757042
PSAdaptiveSizePolicy::compute_eden_space_size: costs minor_time: 0.069542 major_cost: 0.000000 mutator_cost: 0.930458 throughput_goal: 0.990000 live_space: 273192512 free_space: 36700160 old_eden_size: 11534336 desired_eden_size: 11534336
AdaptiveSizeStop: collection: 12 
[PSYoungGen: 11712K->1344K(22016K)] 60233K->50257K(87552K), 0.0040746 secs] [Times: user=0.01 sys=0.00, real=0.00 secs] 
Heap after GC invocations=12 (full 0):
 PSYoungGen      total 22016K, used 1344K [0x00000000fe000000, 0x0000000100000000, 0x0000000100000000)
  eden space 11264K, 0% used [0x00000000fe000000,0x00000000fe000000,0x00000000feb00000)
  from space 10752K, 12% used [0x00000000ff580000,0x00000000ff6d0010,0x0000000100000000)
  to   space 10752K, 0% used [0x00000000feb00000,0x00000000feb00000,0x00000000ff580000)
 ParOldGen       total 65536K, used 48913K [0x00000000fa000000, 0x00000000fe000000, 0x00000000fe000000)
  object space 65536K, 74% used [0x00000000fa000000,0x00000000fcfc4600,0x00000000fe000000)
 Metaspace       used 8389K, capacity 8502K, committed 8832K, reserved 1056768K
  class space    used 741K, capacity 794K, committed 896K, reserved 1048576K
}
2.712: Total time for which application threads were stopped: 0.0043830 seconds, Stopping threads took: 0.0000700 seconds
2.767: Application time: 0.0551731 seconds
{Heap before GC invocations=13 (full 0):
 PSYoungGen      total 22016K, used 12608K [0x00000000fe000000, 0x0000000100000000, 0x0000000100000000)
  eden space 11264K, 100% used [0x00000000fe000000,0x00000000feb00000,0x00000000feb00000)
  from space 10752K, 12% used [0x00000000ff580000,0x00000000ff6d0010,0x0000000100000000)
  to   space 10752K, 0% used [0x00000000feb00000,0x00000000feb00000,0x00000000ff580000)
 ParOldGen       total 65536K, used 48913K [0x00000000fa000000, 0x00000000fe000000, 0x00000000fe000000)
  object space 65536K, 74% used [0x00000000fa000000,0x00000000fcfc4600,0x00000000fe000000)
 Metaspace       used 8389K, capacity 8502K, committed 8832K, reserved 1056768K
  class space    used 741K, capacity 794K, committed 896K, reserved 1048576K
TLAB: gc tlab  thread: 0x0000ffff5c04e800 [id: 2385309] desired_size: 223KB slow allocs: 0  refill waste: 3568B alloc: 0.99084    11161KB refills: 51 waste  0.0% gc: 0B slow: 1728B fast: 192B
TLAB totals: thrds: 1  refills: 51 max: 51 slow allocs: 0 max 0 waste:  0.0% gc: 0B max: 0B slow: 1728B max: 1728B fast: 192B max: 192B
2.767: [GC (Allocation Failure) GCTaskManager::set_active_gang(): all_workers_active()  1  workers 43  active  43  ParallelGCThreads 43 
JT: 1  workers 43  active  43  idle 0  more 0
2.770: [SoftReference, 0 refs, 0.0000241 secs]2.770: [WeakReference, 0 refs, 0.0000074 secs]2.770: [FinalReference, 0 refs, 0.0000070 secs]2.770: [PhantomReference, 0 refs, 0 refs, 0.0000097 secs]2.770: [JNI Weak Reference, 0.0000046 secs]AdaptiveSizePolicy::update_averages:  survived: 163840  promoted: 1351696  overflow: false
AdaptiveSizeStart: 2.771 collection: 13 
  avg_survived_padded_avg: 16030188.000000  avg_promoted_padded_avg: 9633338.000000  avg_pretenured_padded_avg: 0.000000  tenuring_thresh: 1  target_size: 11010048

Desired survivor size 11010048 bytes, new threshold 1 (max 15)
PSAdaptiveSizePolicy::compute_eden_space_size limits: desired_eden_size: 18874368 old_eden_size: 11534336 eden_limit: 11534336 cur_eden: 11534336 max_eden_size: 11534336 avg_young_live: 4297722
PSAdaptiveSizePolicy::compute_eden_space_size: costs minor_time: 0.067248 major_cost: 0.000000 mutator_cost: 0.932752 throughput_goal: 0.990000 live_space: 272733184 free_space: 36700160 old_eden_size: 11534336 desired_eden_size: 11534336
AdaptiveSizeStop: collection: 13 
[PSYoungGen: 12608K->160K(22016K)] 61521K->50393K(87552K), 0.0036605 secs] [Times: user=0.03 sys=0.00, real=0.00 secs] 
Heap after GC invocations=13 (full 0):
 PSYoungGen      total 22016K, used 160K [0x00000000fe000000, 0x0000000100000000, 0x0000000100000000)
  eden space 11264K, 0% used [0x00000000fe000000,0x00000000fe000000,0x00000000feb00000)
  from space 10752K, 1% used [0x00000000feb00000,0x00000000feb28000,0x00000000ff580000)
  to   space 10752K, 0% used [0x00000000ff580000,0x00000000ff580000,0x0000000100000000)
 ParOldGen       total 65536K, used 50233K [0x00000000fa000000, 0x00000000fe000000, 0x00000000fe000000)
  object space 65536K, 76% used [0x00000000fa000000,0x00000000fd10e610,0x00000000fe000000)
 Metaspace       used 8389K, capacity 8502K, committed 8832K, reserved 1056768K
  class space    used 741K, capacity 794K, committed 896K, reserved 1048576K
}
2.771: Total time for which application threads were stopped: 0.0038716 seconds, Stopping threads took: 0.0000245 seconds
2.853: Application time: 0.0820710 seconds
{Heap before GC invocations=14 (full 0):
 PSYoungGen      total 22016K, used 11424K [0x00000000fe000000, 0x0000000100000000, 0x0000000100000000)
  eden space 11264K, 100% used [0x00000000fe000000,0x00000000feb00000,0x00000000feb00000)
  from space 10752K, 1% used [0x00000000feb00000,0x00000000feb28000,0x00000000ff580000)
  to   space 10752K, 0% used [0x00000000ff580000,0x00000000ff580000,0x0000000100000000)
 ParOldGen       total 65536K, used 50233K [0x00000000fa000000, 0x00000000fe000000, 0x00000000fe000000)
  object space 65536K, 76% used [0x00000000fa000000,0x00000000fd10e610,0x00000000fe000000)
 Metaspace       used 8390K, capacity 8502K, committed 8832K, reserved 1056768K
  class space    used 741K, capacity 794K, committed 896K, reserved 1048576K
TLAB: gc tlab  thread: 0x0000ffff5c04e800 [id: 2385309] desired_size: 223KB slow allocs: 1  refill waste: 3576B alloc: 0.99405    11197KB refills: 51 waste  0.0% gc: 0B slow: 1688B fast: 48B
TLAB totals: thrds: 1  refills: 51 max: 51 slow allocs: 1 max 1 waste:  0.0% gc: 0B max: 0B slow: 1688B max: 1688B fast: 48B max: 48B
2.853: [GC (Allocation Failure) GCTaskManager::set_active_gang(): all_workers_active()  1  workers 43  active  43  ParallelGCThreads 43 
JT: 1  workers 43  active  43  idle 0  more 0
2.856: [SoftReference, 0 refs, 0.0000241 secs]2.856: [WeakReference, 0 refs, 0.0000144 secs]2.856: [FinalReference, 0 refs, 0.0000071 secs]2.856: [PhantomReference, 0 refs, 0 refs, 0.0000097 secs]2.856: [JNI Weak Reference, 0.0000045 secs]AdaptiveSizePolicy::update_averages:  survived: 786448  promoted: 8192  overflow: false
AdaptiveSizeStart: 2.856 collection: 14 
  avg_survived_padded_avg: 16147719.000000  avg_promoted_padded_avg: 9709414.000000  avg_pretenured_padded_avg: 0.000000  tenuring_thresh: 1  target_size: 11010048

Desired survivor size 11010048 bytes, new threshold 1 (max 15)
PSAdaptiveSizePolicy::compute_eden_space_size limits: desired_eden_size: 18874368 old_eden_size: 11534336 eden_limit: 11534336 cur_eden: 11534336 max_eden_size: 11534336 avg_young_live: 3946594
PSAdaptiveSizePolicy::compute_eden_space_size: costs minor_time: 0.059092 major_cost: 0.000000 mutator_cost: 0.940908 throughput_goal: 0.990000 live_space: 272382048 free_space: 36700160 old_eden_size: 11534336 desired_eden_size: 11534336
AdaptiveSizeStop: collection: 14 
[PSYoungGen: 11424K->768K(22016K)] 61657K->51009K(87552K), 0.0030463 secs] [Times: user=0.08 sys=0.01, real=0.01 secs] 
Heap after GC invocations=14 (full 0):
 PSYoungGen      total 22016K, used 768K [0x00000000fe000000, 0x0000000100000000, 0x0000000100000000)
  eden space 11264K, 0% used [0x00000000fe000000,0x00000000fe000000,0x00000000feb00000)
  from space 10752K, 7% used [0x00000000ff580000,0x00000000ff640010,0x0000000100000000)
  to   space 10752K, 0% used [0x00000000feb00000,0x00000000feb00000,0x00000000ff580000)
 ParOldGen       total 65536K, used 50241K [0x00000000fa000000, 0x00000000fe000000, 0x00000000fe000000)
  object space 65536K, 76% used [0x00000000fa000000,0x00000000fd110610,0x00000000fe000000)
 Metaspace       used 8390K, capacity 8502K, committed 8832K, reserved 1056768K
  class space    used 741K, capacity 794K, committed 896K, reserved 1048576K
}
2.857: Total time for which application threads were stopped: 0.0033053 seconds, Stopping threads took: 0.0000271 seconds
2.959: Application time: 0.1026073 seconds
{Heap before GC invocations=15 (full 0):
 PSYoungGen      total 22016K, used 12032K [0x00000000fe000000, 0x0000000100000000, 0x0000000100000000)
  eden space 11264K, 100% used [0x00000000fe000000,0x00000000feb00000,0x00000000feb00000)
  from space 10752K, 7% used [0x00000000ff580000,0x00000000ff640010,0x0000000100000000)
  to   space 10752K, 0% used [0x00000000feb00000,0x00000000feb00000,0x00000000ff580000)
 ParOldGen       total 65536K, used 50241K [0x00000000fa000000, 0x00000000fe000000, 0x00000000fe000000)
  object space 65536K, 76% used [0x00000000fa000000,0x00000000fd110610,0x00000000fe000000)
 Metaspace       used 8393K, capacity 8566K, committed 8832K, reserved 1056768K
  class space    used 741K, capacity 794K, committed 896K, reserved 1048576K
TLAB: gc tlab  thread: 0x0000ffff5c749800 [id: 2385372] desired_size: 112KB slow allocs: 0  refill waste: 1800B alloc: 0.50000     5632KB refills: 1 waste 99.9% gc: 115176B slow: 0B fast: 0B
TLAB: gc tlab  thread: 0x0000ffff5c04e800 [id: 2385309] desired_size: 224KB slow allocs: 0  refill waste: 3584B alloc: 0.99607    11220KB refills: 51 waste  0.0% gc: 0B slow: 1296B fast: 192B
TLAB totals: thrds: 2  refills: 52 max: 51 slow allocs: 0 max 0 waste:  1.0% gc: 115176B max: 115176B slow: 1296B max: 1296B fast: 192B max: 192B
2.959: [GC (Allocation Failure) GCTaskManager::set_active_gang(): all_workers_active()  1  workers 43  active  43  ParallelGCThreads 43 
JT: 1  workers 43  active  43  idle 0  more 0
2.962: [SoftReference, 0 refs, 0.0000232 secs]2.962: [WeakReference, 0 refs, 0.0000080 secs]2.962: [FinalReference, 0 refs, 0.0000072 secs]2.962: [PhantomReference, 0 refs, 0 refs, 0.0000097 secs]2.962: [JNI Weak Reference, 0.0000048 secs]AdaptiveSizePolicy::update_averages:  survived: 1081360  promoted: 344064  overflow: false
AdaptiveSizeStart: 2.962 collection: 15 
  avg_survived_padded_avg: 16039172.000000  avg_promoted_padded_avg: 9616924.000000  avg_pretenured_padded_avg: 0.000000  tenuring_thresh: 1  target_size: 11010048

Desired survivor size 11010048 bytes, new threshold 1 (max 15)
PSAdaptiveSizePolicy::compute_eden_space_size limits: desired_eden_size: 18874368 old_eden_size: 11534336 eden_limit: 11534336 cur_eden: 11534336 max_eden_size: 11534336 avg_young_live: 3660071
PSAdaptiveSizePolicy::compute_eden_space_size: costs minor_time: 0.051513 major_cost: 0.000000 mutator_cost: 0.948487 throughput_goal: 0.990000 live_space: 272095520 free_space: 36700160 old_eden_size: 11534336 desired_eden_size: 11534336
AdaptiveSizeStop: collection: 15 
[PSYoungGen: 12032K->1056K(22016K)] 62273K->51633K(87552K), 0.0031401 secs] [Times: user=0.02 sys=0.00, real=0.00 secs] 
Heap after GC invocations=15 (full 0):
 PSYoungGen      total 22016K, used 1056K [0x00000000fe000000, 0x0000000100000000, 0x0000000100000000)
  eden space 11264K, 0% used [0x00000000fe000000,0x00000000fe000000,0x00000000feb00000)
  from space 10752K, 9% used [0x00000000feb00000,0x00000000fec08010,0x00000000ff580000)
  to   space 10752K, 0% used [0x00000000ff580000,0x00000000ff580000,0x0000000100000000)
 ParOldGen       total 65536K, used 50577K [0x00000000fa000000, 0x00000000fe000000, 0x00000000fe000000)
  object space 65536K, 77% used [0x00000000fa000000,0x00000000fd164610,0x00000000fe000000)
 Metaspace       used 8393K, capacity 8566K, committed 8832K, reserved 1056768K
  class space    used 741K, capacity 794K, committed 896K, reserved 1048576K
}
2.963: Total time for which application threads were stopped: 0.0034018 seconds, Stopping threads took: 0.0000569 seconds
3.060: Application time: 0.0971706 seconds
{Heap before GC invocations=16 (full 0):
 PSYoungGen      total 22016K, used 12320K [0x00000000fe000000, 0x0000000100000000, 0x0000000100000000)
  eden space 11264K, 100% used [0x00000000fe000000,0x00000000feb00000,0x00000000feb00000)
  from space 10752K, 9% used [0x00000000feb00000,0x00000000fec08010,0x00000000ff580000)
  to   space 10752K, 0% used [0x00000000ff580000,0x00000000ff580000,0x0000000100000000)
 ParOldGen       total 65536K, used 50577K [0x00000000fa000000, 0x00000000fe000000, 0x00000000fe000000)
  object space 65536K, 77% used [0x00000000fa000000,0x00000000fd164610,0x00000000fe000000)
 Metaspace       used 8395K, capacity 8566K, committed 8832K, reserved 1056768K
  class space    used 741K, capacity 794K, committed 896K, reserved 1048576K
TLAB: gc tlab  thread: 0x0000ffff5c04e800 [id: 2385309] desired_size: 224KB slow allocs: 2  refill waste: 3592B alloc: 0.99745    11235KB refills: 49 waste  0.0% gc: 0B slow: 1744B fast: 72B
TLAB totals: thrds: 1  refills: 49 max: 49 slow allocs: 2 max 2 waste:  0.0% gc: 0B max: 0B slow: 1744B max: 1744B fast: 72B max: 72B
3.060: [GC (Allocation Failure) GCTaskManager::set_active_gang(): all_workers_active()  1  workers 43  active  43  ParallelGCThreads 43 
JT: 1  workers 43  active  43  idle 0  more 0
3.064: [SoftReference, 0 refs, 0.0000231 secs]3.064: [WeakReference, 0 refs, 0.0000077 secs]3.064: [FinalReference, 0 refs, 0.0000072 secs]3.064: [PhantomReference, 0 refs, 0 refs, 0.0000095 secs]3.064: [JNI Weak Reference, 0.0000052 secs]AdaptiveSizePolicy::update_averages:  survived: 1736720  promoted: 606208  overflow: false
AdaptiveSizeStart: 3.064 collection: 16 
  avg_survived_padded_avg: 15690258.000000  avg_promoted_padded_avg: 9404715.000000  avg_pretenured_padded_avg: 0.000000  tenuring_thresh: 1  target_size: 11010048

Desired survivor size 11010048 bytes, new threshold 1 (max 15)
PSAdaptiveSizePolicy::compute_eden_space_size limits: desired_eden_size: 18874368 old_eden_size: 11534336 eden_limit: 11534336 cur_eden: 11534336 max_eden_size: 11534336 avg_young_live: 3467736
PSAdaptiveSizePolicy::compute_eden_space_size: costs minor_time: 0.049570 major_cost: 0.000000 mutator_cost: 0.950430 throughput_goal: 0.990000 live_space: 271903200 free_space: 36700160 old_eden_size: 11534336 desired_eden_size: 11534336
AdaptiveSizeStop: collection: 16 
[PSYoungGen: 12320K->1696K(22016K)] 62897K->52865K(87552K), 0.0045525 secs] [Times: user=0.04 sys=0.00, real=0.00 secs] 
Heap after GC invocations=16 (full 0):
 PSYoungGen      total 22016K, used 1696K [0x00000000fe000000, 0x0000000100000000, 0x0000000100000000)
  eden space 11264K, 0% used [0x00000000fe000000,0x00000000fe000000,0x00000000feb00000)
  from space 10752K, 15% used [0x00000000ff580000,0x00000000ff728010,0x0000000100000000)
  to   space 10752K, 0% used [0x00000000feb00000,0x00000000feb00000,0x00000000ff580000)
 ParOldGen       total 65536K, used 51169K [0x00000000fa000000, 0x00000000fe000000, 0x00000000fe000000)
  object space 65536K, 78% used [0x00000000fa000000,0x00000000fd1f8610,0x00000000fe000000)
 Metaspace       used 8395K, capacity 8566K, committed 8832K, reserved 1056768K
  class space    used 741K, capacity 794K, committed 896K, reserved 1048576K
}
3.065: Total time for which application threads were stopped: 0.0048066 seconds, Stopping threads took: 0.0000246 seconds
3.137: Application time: 0.0722062 seconds
{Heap before GC invocations=17 (full 0):
 PSYoungGen      total 22016K, used 12960K [0x00000000fe000000, 0x0000000100000000, 0x0000000100000000)
  eden space 11264K, 100% used [0x00000000fe000000,0x00000000feb00000,0x00000000feb00000)
  from space 10752K, 15% used [0x00000000ff580000,0x00000000ff728010,0x0000000100000000)
  to   space 10752K, 0% used [0x00000000feb00000,0x00000000feb00000,0x00000000ff580000)
 ParOldGen       total 65536K, used 51169K [0x00000000fa000000, 0x00000000fe000000, 0x00000000fe000000)
  object space 65536K, 78% used [0x00000000fa000000,0x00000000fd1f8610,0x00000000fe000000)
 Metaspace       used 8395K, capacity 8566K, committed 8832K, reserved 1056768K
  class space    used 741K, capacity 794K, committed 896K, reserved 1048576K
TLAB: gc tlab  thread: 0x0000ffff5c04e800 [id: 2385309] desired_size: 224KB slow allocs: 1  refill waste: 3592B alloc: 0.99828    11245KB refills: 49 waste  0.0% gc: 0B slow: 472B fast: 4712B
TLAB totals: thrds: 1  refills: 49 max: 49 slow allocs: 1 max 1 waste:  0.0% gc: 0B max: 0B slow: 472B max: 472B fast: 4712B max: 4712B
3.137: [GC (Allocation Failure) GCTaskManager::set_active_gang(): all_workers_active()  1  workers 43  active  43  ParallelGCThreads 43 
JT: 1  workers 43  active  43  idle 0  more 0
3.143: [SoftReference, 0 refs, 0.0000251 secs]3.143: [WeakReference, 0 refs, 0.0000077 secs]3.143: [FinalReference, 0 refs, 0.0000070 secs]3.143: [PhantomReference, 0 refs, 0 refs, 0.0000096 secs]3.143: [JNI Weak Reference, 0.0000045 secs]AdaptiveSizePolicy::update_averages:  survived: 2621456  promoted: 1327104  overflow: false
AdaptiveSizeStart: 3.143 collection: 17 
  avg_survived_padded_avg: 15117698.000000  avg_promoted_padded_avg: 9022288.000000  avg_pretenured_padded_avg: 0.000000  tenuring_thresh: 1  target_size: 11010048

Desired survivor size 11010048 bytes, new threshold 1 (max 15)
PSAdaptiveSizePolicy::compute_eden_space_size limits: desired_eden_size: 16252928 old_eden_size: 11534336 eden_limit: 11534336 cur_eden: 11534336 max_eden_size: 11534336 avg_young_live: 3383108
PSAdaptiveSizePolicy::compute_eden_space_size: costs minor_time: 0.057424 major_cost: 0.000000 mutator_cost: 0.942576 throughput_goal: 0.990000 live_space: 271818560 free_space: 36700160 old_eden_size: 11534336 desired_eden_size: 11534336
AdaptiveSizeStop: collection: 17 
[PSYoungGen: 12960K->2560K(22016K)] 64129K->55025K(87552K), 0.0064832 secs] [Times: user=0.11 sys=0.00, real=0.00 secs] 
Heap after GC invocations=17 (full 0):
 PSYoungGen      total 22016K, used 2560K [0x00000000fe000000, 0x0000000100000000, 0x0000000100000000)
  eden space 11264K, 0% used [0x00000000fe000000,0x00000000fe000000,0x00000000feb00000)
  from space 10752K, 23% used [0x00000000feb00000,0x00000000fed80010,0x00000000ff580000)
  to   space 10752K, 0% used [0x00000000ff580000,0x00000000ff580000,0x0000000100000000)
 ParOldGen       total 65536K, used 52465K [0x00000000fa000000, 0x00000000fe000000, 0x00000000fe000000)
  object space 65536K, 80% used [0x00000000fa000000,0x00000000fd33c610,0x00000000fe000000)
 Metaspace       used 8395K, capacity 8566K, committed 8832K, reserved 1056768K
  class space    used 741K, capacity 794K, committed 896K, reserved 1048576K
}
3.143: Total time for which application threads were stopped: 0.0067059 seconds, Stopping threads took: 0.0000307 seconds
3.190: Application time: 0.0466626 seconds
{Heap before GC invocations=18 (full 0):
 PSYoungGen      total 22016K, used 13824K [0x00000000fe000000, 0x0000000100000000, 0x0000000100000000)
  eden space 11264K, 100% used [0x00000000fe000000,0x00000000feb00000,0x00000000feb00000)
  from space 10752K, 23% used [0x00000000feb00000,0x00000000fed80010,0x00000000ff580000)
  to   space 10752K, 0% used [0x00000000ff580000,0x00000000ff580000,0x0000000100000000)
 ParOldGen       total 65536K, used 52465K [0x00000000fa000000, 0x00000000fe000000, 0x00000000fe000000)
  object space 65536K, 80% used [0x00000000fa000000,0x00000000fd33c610,0x00000000fe000000)
 Metaspace       used 8395K, capacity 8566K, committed 8832K, reserved 1056768K
  class space    used 741K, capacity 794K, committed 896K, reserved 1048576K
TLAB: gc tlab  thread: 0x0000ffff5c04e800 [id: 2385309] desired_size: 225KB slow allocs: 0  refill waste: 3600B alloc: 0.99888    11251KB refills: 52 waste  0.0% gc: 0B slow: 1864B fast: 384B
TLAB totals: thrds: 1  refills: 52 max: 52 slow allocs: 0 max 0 waste:  0.0% gc: 0B max: 0B slow: 1864B max: 1864B fast: 384B max: 384B
3.190: [GC (Allocation Failure) GCTaskManager::set_active_gang(): all_workers_active()  1  workers 43  active  43  ParallelGCThreads 43 
JT: 1  workers 43  active  43  idle 0  more 0
3.195: [SoftReference, 0 refs, 0.0000257 secs]3.195: [WeakReference, 0 refs, 0.0000078 secs]3.195: [FinalReference, 0 refs, 0.0000070 secs]3.195: [PhantomReference, 0 refs, 0 refs, 0.0000095 secs]3.195: [JNI Weak Reference, 0.0000046 secs]AdaptiveSizePolicy::update_averages:  survived: 65536  promoted: 2039824  overflow: false
AdaptiveSizeStart: 3.196 collection: 18 
  avg_survived_padded_avg: 14963468.000000  avg_promoted_padded_avg: 8514408.000000  avg_pretenured_padded_avg: 0.000000  tenuring_thresh: 1  target_size: 11010048

Desired survivor size 11010048 bytes, new threshold 1 (max 15)
PSAdaptiveSizePolicy::compute_eden_space_size limits: desired_eden_size: 16252928 old_eden_size: 11534336 eden_limit: 11534336 cur_eden: 11534336 max_eden_size: 11534336 avg_young_live: 3051350
PSAdaptiveSizePolicy::compute_eden_space_size: costs minor_time: 0.069226 major_cost: 0.000000 mutator_cost: 0.930774 throughput_goal: 0.990000 live_space: 271486816 free_space: 36700160 old_eden_size: 11534336 desired_eden_size: 11534336
AdaptiveSizeStop: collection: 18 
[PSYoungGen: 13824K->64K(22016K)] 66289K->54521K(87552K), 0.0055903 secs] [Times: user=0.06 sys=0.00, real=0.00 secs] 
Heap after GC invocations=18 (full 0):
 PSYoungGen      total 22016K, used 64K [0x00000000fe000000, 0x0000000100000000, 0x0000000100000000)
  eden space 11264K, 0% used [0x00000000fe000000,0x00000000fe000000,0x00000000feb00000)
  from space 10752K, 0% used [0x00000000ff580000,0x00000000ff590000,0x0000000100000000)
  to   space 10752K, 0% used [0x00000000feb00000,0x00000000feb00000,0x00000000ff580000)
 ParOldGen       total 65536K, used 54457K [0x00000000fa000000, 0x00000000fe000000, 0x00000000fe000000)
  object space 65536K, 83% used [0x00000000fa000000,0x00000000fd52e620,0x00000000fe000000)
 Metaspace       used 8395K, capacity 8566K, committed 8832K, reserved 1056768K
  class space    used 741K, capacity 794K, committed 896K, reserved 1048576K
}
3.196: Total time for which application threads were stopped: 0.0058177 seconds, Stopping threads took: 0.0000292 seconds
3.243: Application time: 0.0468775 seconds
{Heap before GC invocations=19 (full 0):
 PSYoungGen      total 22016K, used 11328K [0x00000000fe000000, 0x0000000100000000, 0x0000000100000000)
  eden space 11264K, 100% used [0x00000000fe000000,0x00000000feb00000,0x00000000feb00000)
  from space 10752K, 0% used [0x00000000ff580000,0x00000000ff590000,0x0000000100000000)
  to   space 10752K, 0% used [0x00000000feb00000,0x00000000feb00000,0x00000000ff580000)
 ParOldGen       total 65536K, used 54457K [0x00000000fa000000, 0x00000000fe000000, 0x00000000fe000000)
  object space 65536K, 83% used [0x00000000fa000000,0x00000000fd52e620,0x00000000fe000000)
 Metaspace       used 8395K, capacity 8566K, committed 8832K, reserved 1056768K
  class space    used 741K, capacity 794K, committed 896K, reserved 1048576K
TLAB: gc tlab  thread: 0x0000ffff5c04e800 [id: 2385309] desired_size: 225KB slow allocs: 0  refill waste: 3600B alloc: 0.99927    11256KB refills: 51 waste  0.0% gc: 0B slow: 2336B fast: 256B
TLAB totals: thrds: 1  refills: 51 max: 51 slow allocs: 0 max 0 waste:  0.0% gc: 0B max: 0B slow: 2336B max: 2336B fast: 256B max: 256B
3.243: [GC (Allocation Failure) GCTaskManager::set_active_gang(): all_workers_active()  1  workers 43  active  43  ParallelGCThreads 43 
JT: 1  workers 43  active  43  idle 0  more 0
3.245: [SoftReference, 0 refs, 0.0000242 secs]3.245: [WeakReference, 0 refs, 0.0000081 secs]3.245: [FinalReference, 0 refs, 0.0000071 secs]3.245: [PhantomReference, 0 refs, 0 refs, 0.0000097 secs]3.245: [JNI Weak Reference, 0.0000048 secs]AdaptiveSizePolicy::update_averages:  survived: 65536  promoted: 0  overflow: false
AdaptiveSizeStart: 3.245 collection: 19 
  avg_survived_padded_avg: 14689563.000000  avg_promoted_padded_avg: 8246970.000000  avg_pretenured_padded_avg: 0.000000  tenuring_thresh: 1  target_size: 11010048

Desired survivor size 11010048 bytes, new threshold 1 (max 15)
PSAdaptiveSizePolicy::compute_eden_space_size limits: desired_eden_size: 16252928 old_eden_size: 11534336 eden_limit: 11534336 cur_eden: 11534336 max_eden_size: 11534336 avg_young_live: 2752768
PSAdaptiveSizePolicy::compute_eden_space_size: costs minor_time: 0.063990 major_cost: 0.000000 mutator_cost: 0.936010 throughput_goal: 0.990000 live_space: 271188224 free_space: 36700160 old_eden_size: 11534336 desired_eden_size: 11534336
AdaptiveSizeStop: collection: 19 
[PSYoungGen: 11328K->64K(22016K)] 65785K->54521K(87552K), 0.0025054 secs] [Times: user=0.00 sys=0.00, real=0.00 secs] 
Heap after GC invocations=19 (full 0):
 PSYoungGen      total 22016K, used 64K [0x00000000fe000000, 0x0000000100000000, 0x0000000100000000)
  eden space 11264K, 0% used [0x00000000fe000000,0x00000000fe000000,0x00000000feb00000)
  from space 10752K, 0% used [0x00000000feb00000,0x00000000feb10000,0x00000000ff580000)
  to   space 10752K, 0% used [0x00000000ff580000,0x00000000ff580000,0x0000000100000000)
 ParOldGen       total 65536K, used 54457K [0x00000000fa000000, 0x00000000fe000000, 0x00000000fe000000)
  object space 65536K, 83% used [0x00000000fa000000,0x00000000fd52e620,0x00000000fe000000)
 Metaspace       used 8395K, capacity 8566K, committed 8832K, reserved 1056768K
  class space    used 741K, capacity 794K, committed 896K, reserved 1048576K
}
3.246: Total time for which application threads were stopped: 0.0027199 seconds, Stopping threads took: 0.0000294 seconds
3.293: Application time: 0.0471283 seconds
{Heap before GC invocations=20 (full 0):
 PSYoungGen      total 22016K, used 11328K [0x00000000fe000000, 0x0000000100000000, 0x0000000100000000)
  eden space 11264K, 100% used [0x00000000fe000000,0x00000000feb00000,0x00000000feb00000)
  from space 10752K, 0% used [0x00000000feb00000,0x00000000feb10000,0x00000000ff580000)
  to   space 10752K, 0% used [0x00000000ff580000,0x00000000ff580000,0x0000000100000000)
 ParOldGen       total 65536K, used 54457K [0x00000000fa000000, 0x00000000fe000000, 0x00000000fe000000)
  object space 65536K, 83% used [0x00000000fa000000,0x00000000fd52e620,0x00000000fe000000)
 Metaspace       used 8395K, capacity 8566K, committed 8832K, reserved 1056768K
  class space    used 741K, capacity 794K, committed 896K, reserved 1048576K
TLAB: gc tlab  thread: 0x0000ffff5c04e800 [id: 2385309] desired_size: 225KB slow allocs: 0  refill waste: 3600B alloc: 0.99944    11258KB refills: 51 waste  0.0% gc: 0B slow: 2040B fast: 0B
TLAB totals: thrds: 1  refills: 51 max: 51 slow allocs: 0 max 0 waste:  0.0% gc: 0B max: 0B slow: 2040B max: 2040B fast: 0B max: 0B
3.293: [GC (Allocation Failure) GCTaskManager::set_active_gang(): all_workers_active()  1  workers 43  active  43  ParallelGCThreads 43 
JT: 1  workers 43  active  43  idle 0  more 0
3.295: [SoftReference, 0 refs, 0.0000205 secs]3.295: [WeakReference, 0 refs, 0.0000082 secs]3.295: [FinalReference, 0 refs, 0.0000071 secs]3.295: [PhantomReference, 0 refs, 0 refs, 0.0000095 secs]3.295: [JNI Weak Reference, 0.0000050 secs]AdaptiveSizePolicy::update_averages:  survived: 131072  promoted: 0  overflow: false
AdaptiveSizeStart: 3.295 collection: 20 
  avg_survived_padded_avg: 14310318.000000  avg_promoted_padded_avg: 8006276.000000  avg_pretenured_padded_avg: 0.000000  tenuring_thresh: 1  target_size: 11010048

Desired survivor size 11010048 bytes, new threshold 1 (max 15)
PSAdaptiveSizePolicy::compute_eden_space_size limits: desired_eden_size: 16252928 old_eden_size: 11534336 eden_limit: 11534336 cur_eden: 11534336 max_eden_size: 11534336 avg_young_live: 2490599
PSAdaptiveSizePolicy::compute_eden_space_size: costs minor_time: 0.059882 major_cost: 0.000000 mutator_cost: 0.940118 throughput_goal: 0.990000 live_space: 270926048 free_space: 36700160 old_eden_size: 11534336 desired_eden_size: 11534336
AdaptiveSizeStop: collection: 20 
[PSYoungGen: 11328K->128K(22016K)] 65785K->54585K(87552K), 0.0024549 secs] [Times: user=0.01 sys=0.00, real=0.00 secs] 
Heap after GC invocations=20 (full 0):
 PSYoungGen      total 22016K, used 128K [0x00000000fe000000, 0x0000000100000000, 0x0000000100000000)
  eden space 11264K, 0% used [0x00000000fe000000,0x00000000fe000000,0x00000000feb00000)
  from space 10752K, 1% used [0x00000000ff580000,0x00000000ff5a0000,0x0000000100000000)
  to   space 10752K, 0% used [0x00000000feb00000,0x00000000feb00000,0x00000000ff580000)
 ParOldGen       total 65536K, used 54457K [0x00000000fa000000, 0x00000000fe000000, 0x00000000fe000000)
  object space 65536K, 83% used [0x00000000fa000000,0x00000000fd52e620,0x00000000fe000000)
 Metaspace       used 8395K, capacity 8566K, committed 8832K, reserved 1056768K
  class space    used 741K, capacity 794K, committed 896K, reserved 1048576K
}
3.295: Total time for which application threads were stopped: 0.0026747 seconds, Stopping threads took: 0.0000288 seconds
3.338: Application time: 0.0427781 seconds
{Heap before GC invocations=21 (full 0):
 PSYoungGen      total 22016K, used 11392K [0x00000000fe000000, 0x0000000100000000, 0x0000000100000000)
  eden space 11264K, 100% used [0x00000000fe000000,0x00000000feb00000,0x00000000feb00000)
  from space 10752K, 1% used [0x00000000ff580000,0x00000000ff5a0000,0x0000000100000000)
  to   space 10752K, 0% used [0x00000000feb00000,0x00000000feb00000,0x00000000ff580000)
 ParOldGen       total 65536K, used 54457K [0x00000000fa000000, 0x00000000fe000000, 0x00000000fe000000)
  object space 65536K, 83% used [0x00000000fa000000,0x00000000fd52e620,0x00000000fe000000)
 Metaspace       used 8395K, capacity 8566K, committed 8832K, reserved 1056768K
  class space    used 741K, capacity 794K, committed 896K, reserved 1048576K
TLAB: gc tlab  thread: 0x0000ffff5c04e800 [id: 2385309] desired_size: 225KB slow allocs: 0  refill waste: 3600B alloc: 0.99958    11259KB refills: 51 waste  0.0% gc: 0B slow: 1728B fast: 0B
TLAB totals: thrds: 1  refills: 51 max: 51 slow allocs: 0 max 0 waste:  0.0% gc: 0B max: 0B slow: 1728B max: 1728B fast: 0B max: 0B
3.339: [GC (Allocation Failure) GCTaskManager::set_active_gang(): all_workers_active()  1  workers 43  active  43  ParallelGCThreads 43 
JT: 1  workers 43  active  43  idle 0  more 0
3.341: [SoftReference, 0 refs, 0.0000222 secs]3.341: [WeakReference, 0 refs, 0.0000075 secs]3.341: [FinalReference, 0 refs, 0.0000070 secs]3.341: [PhantomReference, 0 refs, 0 refs, 0.0000096 secs]3.341: [JNI Weak Reference, 0.0000052 secs]AdaptiveSizePolicy::update_averages:  survived: 98304  promoted: 0  overflow: false
AdaptiveSizeStart: 3.341 collection: 21 
  avg_survived_padded_avg: 13866908.000000  avg_promoted_padded_avg: 7789651.000000  avg_pretenured_padded_avg: 0.000000  tenuring_thresh: 1  target_size: 11010048

Desired survivor size 11010048 bytes, new threshold 1 (max 15)
PSAdaptiveSizePolicy::compute_eden_space_size limits: desired_eden_size: 16252928 old_eden_size: 11534336 eden_limit: 11534336 cur_eden: 11534336 max_eden_size: 11534336 avg_young_live: 2251369
PSAdaptiveSizePolicy::compute_eden_space_size: costs minor_time: 0.057136 major_cost: 0.000000 mutator_cost: 0.942864 throughput_goal: 0.990000 live_space: 270686816 free_space: 36700160 old_eden_size: 11534336 desired_eden_size: 11534336
AdaptiveSizeStop: collection: 21 
[PSYoungGen: 11392K->96K(22016K)] 65849K->54553K(87552K), 0.0023342 secs] [Times: user=0.00 sys=0.00, real=0.00 secs] 
Heap after GC invocations=21 (full 0):
 PSYoungGen      total 22016K, used 96K [0x00000000fe000000, 0x0000000100000000, 0x0000000100000000)
  eden space 11264K, 0% used [0x00000000fe000000,0x00000000fe000000,0x00000000feb00000)
  from space 10752K, 0% used [0x00000000feb00000,0x00000000feb18000,0x00000000ff580000)
  to   space 10752K, 0% used [0x00000000ff580000,0x00000000ff580000,0x0000000100000000)
 ParOldGen       total 65536K, used 54457K [0x00000000fa000000, 0x00000000fe000000, 0x00000000fe000000)
  object space 65536K, 83% used [0x00000000fa000000,0x00000000fd52e620,0x00000000fe000000)
 Metaspace       used 8395K, capacity 8566K, committed 8832K, reserved 1056768K
  class space    used 741K, capacity 794K, committed 896K, reserved 1048576K
}
3.341: Total time for which application threads were stopped: 0.0031684 seconds, Stopping threads took: 0.0006531 seconds
3.384: Application time: 0.0429831 seconds
{Heap before GC invocations=22 (full 0):
 PSYoungGen      total 22016K, used 11360K [0x00000000fe000000, 0x0000000100000000, 0x0000000100000000)
  eden space 11264K, 100% used [0x00000000fe000000,0x00000000feb00000,0x00000000feb00000)
  from space 10752K, 0% used [0x00000000feb00000,0x00000000feb18000,0x00000000ff580000)
  to   space 10752K, 0% used [0x00000000ff580000,0x00000000ff580000,0x0000000100000000)
 ParOldGen       total 65536K, used 54457K [0x00000000fa000000, 0x00000000fe000000, 0x00000000fe000000)
  object space 65536K, 83% used [0x00000000fa000000,0x00000000fd52e620,0x00000000fe000000)
 Metaspace       used 8395K, capacity 8566K, committed 8832K, reserved 1056768K
  class space    used 741K, capacity 794K, committed 896K, reserved 1048576K
TLAB: gc tlab  thread: 0x0000ffff5c04e800 [id: 2385309] desired_size: 225KB slow allocs: 0  refill waste: 3600B alloc: 0.99967    11260KB refills: 50 waste  0.0% gc: 0B slow: 2208B fast: 0B
TLAB totals: thrds: 1  refills: 50 max: 50 slow allocs: 0 max 0 waste:  0.0% gc: 0B max: 0B slow: 2208B max: 2208B fast: 0B max: 0B
3.384: [GC (Allocation Failure) GCTaskManager::set_active_gang(): all_workers_active()  1  workers 43  active  43  ParallelGCThreads 43 
JT: 1  workers 43  active  43  idle 0  more 0
3.387: [SoftReference, 0 refs, 0.0000218 secs]3.387: [WeakReference, 0 refs, 0.0000076 secs]3.387: [FinalReference, 0 refs, 0.0000071 secs]3.387: [PhantomReference, 0 refs, 0 refs, 0.0000096 secs]3.387: [JNI Weak Reference, 0.0000046 secs]AdaptiveSizePolicy::update_averages:  survived: 98304  promoted: 0  overflow: false
AdaptiveSizeStart: 3.388 collection: 22 
  avg_survived_padded_avg: 13370060.000000  avg_promoted_padded_avg: 7594689.000000  avg_pretenured_padded_avg: 0.000000  tenuring_thresh: 1  target_size: 11010048

Desired survivor size 11010048 bytes, new threshold 1 (max 15)
PSAdaptiveSizePolicy::compute_eden_space_size limits: desired_eden_size: 16252928 old_eden_size: 11534336 eden_limit: 11534336 cur_eden: 11534336 max_eden_size: 11534336 avg_young_live: 2036062
PSAdaptiveSizePolicy::compute_eden_space_size: costs minor_time: 0.059474 major_cost: 0.000000 mutator_cost: 0.940526 throughput_goal: 0.990000 live_space: 270471520 free_space: 36700160 old_eden_size: 11534336 desired_eden_size: 11534336
AdaptiveSizeStop: collection: 22 
[PSYoungGen: 11360K->96K(22016K)] 65817K->54553K(87552K), 0.0031635 secs] [Times: user=0.02 sys=0.01, real=0.01 secs] 
Heap after GC invocations=22 (full 0):
 PSYoungGen      total 22016K, used 96K [0x00000000fe000000, 0x0000000100000000, 0x0000000100000000)
  eden space 11264K, 0% used [0x00000000fe000000,0x00000000fe000000,0x00000000feb00000)
  from space 10752K, 0% used [0x00000000ff580000,0x00000000ff598000,0x0000000100000000)
  to   space 10752K, 0% used [0x00000000feb00000,0x00000000feb00000,0x00000000ff580000)
 ParOldGen       total 65536K, used 54457K [0x00000000fa000000, 0x00000000fe000000, 0x00000000fe000000)
  object space 65536K, 83% used [0x00000000fa000000,0x00000000fd52e620,0x00000000fe000000)
 Metaspace       used 8395K, capacity 8566K, committed 8832K, reserved 1056768K
  class space    used 741K, capacity 794K, committed 896K, reserved 1048576K
}
3.388: Total time for which application threads were stopped: 0.0033629 seconds, Stopping threads took: 0.0000227 seconds
3.725: Application time: 0.3369094 seconds
{Heap before GC invocations=23 (full 0):
 PSYoungGen      total 22016K, used 11360K [0x00000000fe000000, 0x0000000100000000, 0x0000000100000000)
  eden space 11264K, 100% used [0x00000000fe000000,0x00000000feb00000,0x00000000feb00000)
  from space 10752K, 0% used [0x00000000ff580000,0x00000000ff598000,0x0000000100000000)
  to   space 10752K, 0% used [0x00000000feb00000,0x00000000feb00000,0x00000000ff580000)
 ParOldGen       total 65536K, used 54457K [0x00000000fa000000, 0x00000000fe000000, 0x00000000fe000000)
  object space 65536K, 83% used [0x00000000fa000000,0x00000000fd52e620,0x00000000fe000000)
 Metaspace       used 8395K, capacity 8566K, committed 8832K, reserved 1056768K
  class space    used 741K, capacity 794K, committed 896K, reserved 1048576K
TLAB: gc tlab  thread: 0x0000ffff5c04e800 [id: 2385309] desired_size: 225KB slow allocs: 12  refill waste: 3600B alloc: 0.99972    11261KB refills: 44 waste  0.0% gc: 0B slow: 1152B fast: 1144B
TLAB totals: thrds: 1  refills: 44 max: 44 slow allocs: 12 max 12 waste:  0.0% gc: 0B max: 0B slow: 1152B max: 1152B fast: 1144B max: 1144B
3.725: [GC (Allocation Failure) GCTaskManager::set_active_gang(): all_workers_active()  1  workers 43  active  43  ParallelGCThreads 43 
JT: 1  workers 43  active  43  idle 0  more 0
3.731: [SoftReference, 0 refs, 0.0000314 secs]3.731: [WeakReference, 0 refs, 0.0000077 secs]3.731: [FinalReference, 0 refs, 0.0000074 secs]3.731: [PhantomReference, 0 refs, 0 refs, 0.0000096 secs]3.731: [JNI Weak Reference, 0.0000044 secs]AdaptiveSizePolicy::update_averages:  survived: 5439504  promoted: 0  overflow: false
AdaptiveSizeStart: 3.731 collection: 23 
  avg_survived_padded_avg: 13227117.000000  avg_promoted_padded_avg: 7419223.000000  avg_pretenured_padded_avg: 0.000000  tenuring_thresh: 1  target_size: 11010048

Desired survivor size 11010048 bytes, new threshold 1 (max 15)
PSAdaptiveSizePolicy::compute_eden_space_size limits: desired_eden_size: 16252928 old_eden_size: 11534336 eden_limit: 11534336 cur_eden: 11534336 max_eden_size: 11534336 avg_young_live: 2376407
PSAdaptiveSizePolicy::compute_eden_space_size: costs minor_time: 0.049531 major_cost: 0.000000 mutator_cost: 0.950469 throughput_goal: 0.990000 live_space: 270811872 free_space: 36700160 old_eden_size: 11534336 desired_eden_size: 11534336
AdaptiveSizeStop: collection: 23 
[PSYoungGen: 11360K->5312K(22016K)] 65817K->59769K(87552K), 0.0068558 secs] [Times: user=0.16 sys=0.00, real=0.01 secs] 
Heap after GC invocations=23 (full 0):
 PSYoungGen      total 22016K, used 5312K [0x00000000fe000000, 0x0000000100000000, 0x0000000100000000)
  eden space 11264K, 0% used [0x00000000fe000000,0x00000000fe000000,0x00000000feb00000)
  from space 10752K, 49% used [0x00000000feb00000,0x00000000ff030010,0x00000000ff580000)
  to   space 10752K, 0% used [0x00000000ff580000,0x00000000ff580000,0x0000000100000000)
 ParOldGen       total 65536K, used 54457K [0x00000000fa000000, 0x00000000fe000000, 0x00000000fe000000)
  object space 65536K, 83% used [0x00000000fa000000,0x00000000fd52e620,0x00000000fe000000)
 Metaspace       used 8395K, capacity 8566K, committed 8832K, reserved 1056768K
  class space    used 741K, capacity 794K, committed 896K, reserved 1048576K
}
3.732: Total time for which application threads were stopped: 0.0070587 seconds, Stopping threads took: 0.0000178 seconds
3.773: Application time: 0.0411226 seconds
{Heap before GC invocations=24 (full 0):
 PSYoungGen      total 22016K, used 16576K [0x00000000fe000000, 0x0000000100000000, 0x0000000100000000)
  eden space 11264K, 100% used [0x00000000fe000000,0x00000000feb00000,0x00000000feb00000)
  from space 10752K, 49% used [0x00000000feb00000,0x00000000ff030010,0x00000000ff580000)
  to   space 10752K, 0% used [0x00000000ff580000,0x00000000ff580000,0x0000000100000000)
 ParOldGen       total 65536K, used 54457K [0x00000000fa000000, 0x00000000fe000000, 0x00000000fe000000)
  object space 65536K, 83% used [0x00000000fa000000,0x00000000fd52e620,0x00000000fe000000)
 Metaspace       used 8395K, capacity 8566K, committed 8832K, reserved 1056768K
  class space    used 741K, capacity 794K, committed 896K, reserved 1048576K
TLAB: gc tlab  thread: 0x0000ffff5c04e800 [id: 2385309] desired_size: 225KB slow allocs: 0  refill waste: 3600B alloc: 0.99975    11261KB refills: 51 waste  0.0% gc: 0B slow: 1848B fast: 0B
TLAB totals: thrds: 1  refills: 51 max: 51 slow allocs: 0 max 0 waste:  0.0% gc: 0B max: 0B slow: 1848B max: 1848B fast: 0B max: 0B
3.773: [GC (Allocation Failure) GCTaskManager::set_active_gang(): all_workers_active()  1  workers 43  active  43  ParallelGCThreads 43 
JT: 1  workers 43  active  43  idle 0  more 0
3.779: [SoftReference, 0 refs, 0.0000263 secs]3.779: [WeakReference, 0 refs, 0.0000078 secs]3.779: [FinalReference, 0 refs, 0.0000069 secs]3.779: [PhantomReference, 0 refs, 0 refs, 0.0000095 secs]3.779: [JNI Weak Reference, 0.0000046 secs]AdaptiveSizePolicy::update_averages:  survived: 163840  promoted: 5160976  overflow: false
AdaptiveSizeStart: 3.779 collection: 24 
  avg_survived_padded_avg: 12760117.000000  avg_promoted_padded_avg: 8160479.000000  avg_pretenured_padded_avg: 0.000000  tenuring_thresh: 1  target_size: 11010048

Desired survivor size 11010048 bytes, new threshold 1 (max 15)
PSAdaptiveSizePolicy::compute_eden_space_size limits: desired_eden_size: 16252928 old_eden_size: 11534336 eden_limit: 11534336 cur_eden: 11534336 max_eden_size: 11534336 avg_young_live: 2155150
PSAdaptiveSizePolicy::compute_eden_space_size: costs minor_time: 0.070649 major_cost: 0.000000 mutator_cost: 0.929351 throughput_goal: 0.990000 live_space: 270590592 free_space: 36700160 old_eden_size: 11534336 desired_eden_size: 11534336
AdaptiveSizeStop: collection: 24 
[PSYoungGen: 16576K->160K(22016K)] 71033K->59657K(87552K), 0.0064736 secs] [Times: user=0.17 sys=0.00, real=0.01 secs] 
Heap after GC invocations=24 (full 0):
 PSYoungGen      total 22016K, used 160K [0x00000000fe000000, 0x0000000100000000, 0x0000000100000000)
  eden space 11264K, 0% used [0x00000000fe000000,0x00000000fe000000,0x00000000feb00000)
  from space 10752K, 1% used [0x00000000ff580000,0x00000000ff5a8000,0x0000000100000000)
  to   space 10752K, 0% used [0x00000000feb00000,0x00000000feb00000,0x00000000ff580000)
 ParOldGen       total 65536K, used 59497K [0x00000000fa000000, 0x00000000fe000000, 0x00000000fe000000)
  object space 65536K, 90% used [0x00000000fa000000,0x00000000fda1a630,0x00000000fe000000)
 Metaspace       used 8395K, capacity 8566K, committed 8832K, reserved 1056768K
  class space    used 741K, capacity 794K, committed 896K, reserved 1048576K
}
3.779: [Class Histogram (before full gc): 
 num     #instances         #bytes  class name
----------------------------------------------
   1:        335659       14518032  [Lorg.h2.value.Value;
   2:        136202       10896160  org.h2.result.Row
   3:        259909        8317088  org.h2.index.TreeNode
   4:         67128        4386136  [C
   5:        239753        3836048  org.h2.value.ValueStringFixed
   6:         72920        2916800  java.math.BigDecimal
   7:          1576        2834272  [B
   8:          7746        2552712  [I
   9:          1031        2472144  [Ljava.lang.Object;
  10:        136137        2178192  org.h2.value.ValueInt
  11:         72894        1749456  org.h2.value.ValueDecimal
  12:         67104        1610496  java.lang.String
  13:         40627         650032  org.h2.value.ValueString
  14:         16640         532480  java.util.HashMap$Node
  15:         32337         517392  org.h2.value.ValueShort
  16:         13346         427072  org.h2.log.UndoLogRecord
  17:          1177         136680  java.lang.Class
  18:           179         134920  [Ljava.util.HashMap$Node;
  19:          1181          37792  java.sql.Timestamp
  20:           357          37128  org.h2.table.Column
  21:           658          21056  java.util.concurrent.ConcurrentHashMap$Node
  22:           353          19768  java.util.zip.ZipFile$ZipFileInflaterInputStream
  23:           353          19768  java.util.zip.ZipFile$ZipFileInputStream
  24:          1181          18896  org.h2.value.ValueTimestamp
  25:           246          17144  [Ljava.lang.String;
  26:           500          16000  java.util.Hashtable$Entry
  27:           341          10912  sun.misc.FDBigInteger
  28:           210          10080  java.util.HashMap
  29:           125           9000  java.lang.reflect.Field
  30:           556           8896  java.lang.Object
  31:           200           8000  java.util.LinkedHashMap$Entry
  32:            21           7896  java.lang.Thread
  33:            33           6256  [Ljava.util.concurrent.ConcurrentHashMap$Node;
  34:            71           6248  org.h2.value.DataType
  35:           129           5160  java.lang.ref.SoftReference
  36:            19           4848  [Ljava.util.Hashtable$Entry;
  37:           151           4832  org.h2.expression.FunctionInfo
  38:           111           4440  java.math.BigInteger
  39:           113           4352  [Lorg.h2.table.Column;
  40:           173           4152  org.h2.table.IndexColumn
  41:           257           4112  java.lang.Integer
  42:           160           3840  org.h2.util.ObjectArray
  43:            44           3520  java.lang.reflect.Constructor
  44:            82           3280  java.lang.ref.Finalizer
  45:            36           3168  org.h2.index.TreeIndex
  46:            49           3136  java.net.URL
  47:            28           2912  org.h2.table.MetaTable
  48:            16           2816  org.h2.command.dml.Select
  49:            53           2544  java.util.zip.Inflater
  50:            62           2512  [Lorg.h2.table.IndexColumn;
  51:            28           2464  java.lang.reflect.Method
  52:           100           2400  org.h2.value.ValueLong
  53:            36           2304  java.util.concurrent.ConcurrentHashMap
  54:            35           2256  [J
  55:            38           2128  java.lang.Class$ReflectionData
  56:            43           2064  org.h2.expression.ExpressionColumn
  57:           128           2048  java.lang.Character
  58:            41           1968  sun.util.locale.LocaleObjectCache$CacheEntry
  59:            13           1768  org.h2.table.TableData
  60:            30           1680  java.security.Provider$Service
  61:            69           1656  java.security.Provider$ServiceKey
  62:            69           1656  java.util.ArrayList
  63:            66           1584  org.h2.index.IndexType
  64:            18           1584  org.h2.table.TableFilter
  65:             2           1568  [Lorg.h2.value.ValueInt;
  66:             1           1568  [[B
  67:            27           1512  java.lang.Package
  68:            13           1456  org.h2.index.ScanIndex
  69:            35           1400  java.io.ObjectStreamField
  70:            15           1392  [Ljava.util.WeakHashMap$Entry;
  71:             1           1376  [Lsun.misc.FDBigInteger;
  72:            39           1280  [Ljava.math.BigInteger;
  73:            16           1280  [S
  74:            53           1272  java.util.zip.ZStreamRef
  75:            59           1264  [Ljava.lang.Class;
  76:            26           1248  org.apache.commons.cli.Option
  77:            49           1176  java.util.jar.Attributes$Name
  78:            18           1152  org.h2.index.IndexCursor
  79:            28           1120  java.security.AccessControlContext
  80:             2           1064  [Ljava.lang.invoke.MethodHandle;
  81:            19           1064  sun.misc.URLClassPath$JarLoader
  82:            11           1056  org.h2.constraint.ConstraintReferential
  83:             1           1040  [Ljava.lang.Integer;
  84:            30            960  java.security.Provider$EngineDescription
  85:            13            936  org.h2.result.LocalResult
  86:             8            896  org.h2.index.ViewIndex
  87:            14            896  org.h2.util.SmallLRUCache
  88:            16            896  sun.nio.cs.UTF_8$Encoder
  89:            21            840  org.h2.expression.Comparison
  90:            20            800  sun.util.locale.BaseLocale$Key
  91:            24            768  java.lang.ref.ReferenceQueue
  92:             8            768  java.util.jar.JarFile$JarFileEntry
  93:            13            744  [Ljava.lang.reflect.Field;
  94:             5            720  java.text.DecimalFormat
  95:            15            720  java.util.WeakHashMap
  96:             9            720  org.h2.index.MetaIndex
  97:            22            704  java.io.File
  98:            44            704  java.util.HashSet
  99:            21            672  java.io.FileDescriptor
 100:            28            672  java.security.Provider$UString
 101:            21            672  java.util.Locale
 102:            20            640  sun.util.locale.BaseLocale
 103:             4            608  org.h2.table.TableView
 104:            12            576  java.util.Hashtable
 105:             9            576  org.h2.constraint.ConstraintUnique
 106:            18            576  org.h2.index.MultiVersionIndex
 107:            10            560  sun.util.calendar.ZoneInfo
 108:             1            528  [Ljava.lang.Character;
 109:            22            528  [Ljava.lang.reflect.Constructor;
 110:            22            528  sun.reflect.NativeConstructorAccessorImpl
 111:             2            512  [D
 112:            20            480  java.util.Locale$LocaleKey
 113:             4            480  org.h2.command.ddl.AlterTableAddConstraint
 114:            12            480  sun.nio.cs.UTF_8$Decoder
 115:             5            480  sun.util.calendar.Gregorian$Date
 116:            18            464  [Lorg.h2.expression.Expression;
 117:             7            448  java.util.jar.JarFile
 118:            18            432  java.text.DateFormat$Field
 119:            18            432  org.h2.expression.ValueExpression
 120:             9            432  sun.util.locale.provider.LocaleResources$ResourceReference
 121:             1            416  [Lorg.h2.value.ValueLong;
 122:            13            416  java.io.FileInputStream
 123:            26            416  java.lang.ref.ReferenceQueue$Lock
 124:             2            416  org.h2.engine.Session
 125:            10            400  java.security.ProtectionDomain
 126:             7            392  java.util.ResourceBundle$CacheKey
 127:             1            392  org.h2.engine.DatabaseCloser
 128:             7            392  org.h2.engine.Setting
 129:             1            384  java.lang.ref.Finalizer$FinalizerThread
 130:             6            384  java.nio.DirectByteBuffer
 131:            12            384  java.util.Vector
 132:            12            384  org.h2.expression.Parameter
 133:            12            384  org.h2.message.Trace
 134:             1            376  java.lang.ref.Reference$ReferenceHandler
 135:            12            360  [Ljava.io.ObjectStreamField;
 136:             9            360  java.util.WeakHashMap$Entry
 137:             9            360  org.h2.command.CommandContainer
 138:            22            352  sun.reflect.DelegatingConstructorAccessorImpl
 139:             6            336  java.nio.DirectLongBufferU
 140:             3            336  java.util.GregorianCalendar
 141:             6            336  java.util.LinkedHashMap
 142:             7            336  java.util.ResourceBundle$BundleReference
 143:            14            336  sun.misc.MetaIndex
 144:            10            320  java.lang.OutOfMemoryError
 145:            10            320  java.security.CodeSource
 146:             5            320  java.text.DateFormatSymbols
 147:             5            320  java.text.DecimalFormatSymbols
 148:             8            320  java.util.TreeMap$Entry
 149:            10            320  java.util.zip.ZipCoder
 150:             8            320  org.dacapo.parser.Config$OutputFile
 151:            10            320  org.h2.index.TreeCursor
 152:             1            312  org.h2.engine.Database
 153:             9            288  org.h2.expression.ConditionAndOr
 154:            12            288  org.h2.util.IntArray
 155:             9            288  sun.security.jca.ProviderConfig
 156:             1            272  [Ljava.sql.Connection;
 157:             1            272  [Lorg.apache.derbyTesting.system.oe.client.Submitter;
 158:             1            272  [Lorg.apache.derbyTesting.system.oe.util.OERandom;
 159:             8            256  java.io.FileOutputStream
 160:             8            256  org.h2.engine.Mode
 161:             8            256  org.h2.index.ViewIndex$CostElement
 162:             8            256  org.h2.result.SortOrder
 163:             5            240  java.nio.HeapByteBuffer
 164:            10            240  java.util.ArrayDeque
 165:             5            240  java.util.Properties
 166:             5            240  sun.misc.URLClassPath
 167:             3            240  sun.net.www.protocol.jar.URLJarFile
 168:            14            224  java.util.HashMap$KeySet
 169:             7            224  java.util.ResourceBundle$LoaderReference
 170:             7            224  org.h2.index.IndexCondition
 171:             3            216  sun.security.provider.NativePRNG$RandomIO
 172:             2            208  sun.net.www.protocol.file.FileURLConnection
 173:             2            208  sun.util.calendar.ImmutableGregorianDate
 174:             2            200  [Ljava.text.DateFormat$Field;
 175:             5            200  java.text.DigitList
 176:             8            192  java.math.RoundingMode
 177:             3            192  java.text.SimpleDateFormat
 178:             6            192  java.util.Stack
 179:             8            192  java.util.concurrent.atomic.AtomicLong
 180:             4            192  org.h2.index.MultiVersionCursor
 181:             2            192  sun.net.www.protocol.jar.URLJarFile$URLJarFileEntry
 182:             4            192  sun.nio.cs.StreamEncoder
 183:             2            176  java.util.jar.JarVerifier
 184:             2            176  sun.net.www.protocol.jar.JarURLConnection
 185:             1            168  [[Ljava.math.BigInteger;
 186:             3            168  org.h2.expression.Function
 187:            10            160  [Ljava.security.Principal;
 188:             4            160  java.io.BufferedWriter
 189:             5            160  java.io.FilePermission
 190:             5            160  java.security.Permissions
 191:            10            160  java.security.ProtectionDomain$Key
 192:             4            160  org.dacapo.parser.Config$Size
 193:             2            160  org.h2.schema.Schema
 194:             5            160  sun.util.locale.provider.LocaleProviderAdapter$Type
 195:             3            144  [Ljava.lang.reflect.Method;
 196:             2            144  [Ljava.math.BigDecimal;
 197:             2            144  org.h2.command.dml.TransactionCommand
 198:             6            144  sun.misc.PerfCounter
 199:             2            128  java.io.ExpiringCache$1
 200:             4            128  java.lang.ThreadLocal$ThreadLocalMap$Entry
 201:             2            128  org.h2.command.dml.Call
 202:             2            128  org.h2.engine.User
 203:             1            120  [Lorg.apache.commons.cli.Option;
 204:             3            120  [Z
 205:             1            120  [[Ljava.lang.String;
 206:             5            120  java.io.FilePermissionCollection
 207:             5            120  java.lang.StringBuilder
 208:             5            120  java.util.Collections$UnmodifiableRandomAccessList
 209:             1            120  org.dacapo.h2.TPCC
 210:             3            120  sun.misc.FloatingDecimal$BinaryToASCIIBuffer
 211:             5            120  sun.misc.FloatingDecimal$PreparedASCIIToBinaryBuffer
 212:             1            112  org.h2.jdbc.JdbcConnection
 213:             1             96  [[J
 214:             4             96  java.io.ExpiringCache$Entry
 215:             4             96  java.io.OutputStreamWriter
 216:             3             96  java.lang.Exception
 217:             2             96  java.lang.ThreadGroup
 218:             3             96  java.lang.ref.WeakReference
 219:             4             96  java.math.MathContext
 220:             4             96  java.util.LinkedList$Node
 221:             3             96  java.util.Random
 222:             2             96  java.util.TreeMap
 223:             4             96  java.util.jar.Manifest
 224:             4             96  org.h2.expression.ConditionExists
 225:             4             96  org.h2.expression.ConditionNot
 226:             4             96  org.h2.util.StatementBuilder
 227:             1             96  sun.misc.Launcher$AppClassLoader
 228:             4             96  sun.reflect.NativeMethodAccessorImpl
 229:             1             96  sun.security.jca.ProviderList$1
 230:             1             96  sun.security.provider.Sun
 231:             1             88  java.net.FactoryURLClassLoader
 232:             1             88  org.dacapo.harness.DacapoClassLoader
 233:             1             88  org.h2.schema.Sequence
 234:             1             88  sun.misc.Launcher$ExtClassLoader
 235:             1             80  [Ljava.lang.ThreadLocal$ThreadLocalMap$Entry;
 236:             3             80  [Ljava.security.ProtectionDomain;
 237:             2             80  java.io.ExpiringCache
 238:             2             80  java.lang.ClassLoader$NativeLibrary
 239:             5             80  java.util.HashMap$Values
 240:             2             80  java.util.Locale$Category
 241:             1             80  org.h2.command.dml.Insert
 242:             1             80  org.h2.log.LogSystem
 243:             2             80  sun.util.calendar.Era
 244:             2             72  [Lsun.security.jca.ProviderConfig;
 245:             3             72  java.lang.RuntimePermission
 246:             3             72  java.util.Arrays$ArrayList
 247:             3             72  java.util.Date
 248:             1             72  java.util.ResourceBundle$RBClassLoader
 249:             3             72  java.util.concurrent.ConcurrentHashMap$KeySetView
 250:             3             72  java.util.concurrent.atomic.AtomicMarkableReference$Pair
 251:             3             72  org.dacapo.parser.Config$ThreadModel
 252:             1             72  org.h2.command.dml.Set
 253:             3             72  org.h2.index.ViewCursor
 254:             1             72  org.h2.jdbc.JdbcStatement
 255:             3             72  sun.misc.FloatingDecimal$ExceptionalBinaryToASCIIBuffer
 256:             3             72  sun.misc.Signal
 257:             3             72  sun.security.provider.NativePRNG$Variant
 258:             1             72  sun.util.locale.provider.JRELocaleProviderAdapter
 259:             3             72  sun.util.resources.ParallelListResourceBundle$KeySet
 260:             1             64  [F
 261:             2             64  [Ljava.lang.Thread;
 262:             2             64  java.io.PrintStream
 263:             2             64  java.lang.ClassValue$Entry
 264:             4             64  java.lang.ThreadLocal
 265:             2             64  java.lang.VirtualMachineError
 266:             2             64  java.lang.ref.ReferenceQueue$Null
 267:             1             64  java.security.SecureRandom
 268:             2             64  java.util.LinkedList
 269:             2             64  java.util.concurrent.atomic.AtomicReferenceFieldUpdater$AtomicReferenceFieldUpdaterImpl
 270:             4             64  java.util.jar.Attributes
 271:             2             64  org.apache.commons.cli.Options
 272:             1             64  org.dacapo.harness.H2
 273:             2             64  org.dacapo.harness.TeeOutputStream
 274:             2             64  org.dacapo.harness.TeePrintStream
 275:             2             64  org.h2.log.UndoLog
 276:             1             64  org.h2.message.TraceSystem
 277:             4             64  sun.net.www.protocol.jar.Handler
 278:             4             64  sun.reflect.DelegatingMethodAccessorImpl
 279:             2             64  sun.util.locale.provider.LocaleResources
 280:             2             64  sun.util.locale.provider.LocaleServiceProviderPool
 281:             1             56  [Ljava.lang.Runnable;
 282:             1             56  org.apache.derbyTesting.system.oe.load.ThreadInsert
 283:             1             56  org.h2.engine.Role
 284:             1             56  sun.security.provider.SHA
 285:             1             48  [Ljava.math.RoundingMode;
 286:             2             48  java.io.BufferedOutputStream
 287:             2             48  java.io.ByteArrayOutputStream
 288:             2             48  java.io.File$PathStatus
 289:             2             48  java.nio.charset.CoderResult
 290:             3             48  java.nio.charset.CodingErrorAction
 291:             2             48  java.sql.SQLPermission
 292:             3             48  java.text.AttributedCharacterIterator$Attribute
 293:             2             48  java.util.Collections$SynchronizedSet
 294:             2             48  java.util.Currency
 295:             3             48  java.util.concurrent.atomic.AtomicMarkableReference
 296:             2             48  org.dacapo.harness.Callback$Mode
 297:             2             48  org.dacapo.harness.CommandLineArgs$Methodology
 298:             2             48  sun.misc.NativeSignalHandler
 299:             2             48  sun.net.www.MessageHeader
 300:             2             48  sun.net.www.protocol.jar.JarURLConnection$JarURLInputStream
 301:             1             48  sun.nio.cs.StreamDecoder
 302:             2             48  sun.security.jca.ProviderList
 303:             2             48  sun.security.jca.ProviderList$3
 304:             1             48  sun.text.resources.FormatData
 305:             1             48  sun.text.resources.en.FormatData_en
 306:             1             48  sun.text.resources.en.FormatData_en_AU
 307:             1             48  sun.util.resources.CalendarData
 308:             1             48  sun.util.resources.CurrencyNames
 309:             1             48  sun.util.resources.en.CalendarData_en
 310:             1             48  sun.util.resources.en.CurrencyNames_en_AU
 311:             1             40  [Lsun.util.locale.provider.LocaleProviderAdapter$Type;
 312:             1             40  java.io.BufferedInputStream
 313:             1             40  java.io.PrintWriter
 314:             1             40  java.util.IdentityHashMap
 315:             1             40  java.util.ResourceBundle$1
 316:             1             40  org.apache.commons.cli.PosixParser
 317:             1             40  org.apache.derbyTesting.system.oe.util.OERandom
 318:             1             40  org.dacapo.harness.Callback
 319:             1             40  org.dacapo.parser.Config
 320:             1             40  org.h2.expression.ConditionIn
 321:             1             40  org.h2.util.ScriptReader
 322:             1             40  sun.nio.cs.StandardCharsets$Aliases
 323:             1             40  sun.nio.cs.StandardCharsets$Cache
 324:             1             40  sun.nio.cs.StandardCharsets$Classes
 325:             1             32  [Ljava.lang.OutOfMemoryError;
 326:             2             32  [Ljava.lang.StackTraceElement;
 327:             1             32  [Ljava.lang.ThreadGroup;
 328:             2             32  [Ljava.security.CodeSigner;
 329:             1             32  [Lorg.dacapo.parser.Config$ThreadModel;
 330:             1             32  [Lsun.security.provider.NativePRNG$Variant;
 331:             1             32  java.io.UnixFileSystem
 332:             1             32  java.lang.ArithmeticException
 333:             2             32  java.lang.Boolean
 334:             1             32  java.lang.ClassCastException
 335:             1             32  java.lang.NullPointerException
 336:             2             32  java.lang.Shutdown$Lock
 337:             1             32  java.lang.StringCoding$StringDecoder
 338:             1             32  java.lang.StringCoding$StringEncoder
 339:             2             32  java.nio.ByteOrder
 340:             1             32  java.security.BasicPermissionCollection
 341:             1             32  java.security.MessageDigest$Delegate
 342:             1             32  java.util.ArrayList$Itr
 343:             2             32  java.util.LinkedHashMap$LinkedEntrySet
 344:             2             32  java.util.concurrent.atomic.AtomicInteger
 345:             1             32  java.util.concurrent.locks.ReentrantLock$NonfairSync
 346:             2             32  java.util.jar.JarVerifier$3
 347:             1             32  org.dacapo.h2.TPCCDataSource
 348:             1             32  org.h2.value.CompareMode
 349:             2             32  org.h2.value.ValueBoolean
 350:             2             32  org.h2.value.ValueNull
 351:             1             32  sun.nio.cs.StandardCharsets
 352:             1             32  sun.nio.fs.LinuxFileSystem
 353:             1             32  sun.nio.fs.UnixPath
 354:             1             32  sun.security.provider.SecureRandom
 355:             1             24  [Ljava.io.File$PathStatus;
 356:             1             24  [Ljava.lang.ClassValue$Entry;
 357:             1             24  [Ljava.util.Locale$Category;
 358:             1             24  [Lorg.dacapo.harness.Callback$Mode;
 359:             1             24  [Lorg.dacapo.harness.CommandLineArgs$Methodology;
 360:             1             24  [Lsun.launcher.LauncherHelper;
 361:             1             24  [Lsun.util.calendar.Era;
 362:             1             24  java.io.InputStreamReader
 363:             1             24  java.lang.ClassValue$Version
 364:             1             24  java.lang.StringBuffer
 365:             1             24  java.lang.ThreadLocal$ThreadLocalMap
 366:             1             24  java.lang.invoke.MethodHandleImpl$4
 367:             1             24  java.lang.reflect.ReflectPermission
 368:             1             24  java.math.MutableBigInteger
 369:             1             24  java.sql.DriverInfo
 370:             1             24  java.util.BitSet
 371:             1             24  java.util.Collections$EmptyMap
 372:             1             24  java.util.Collections$SetFromMap
 373:             1             24  java.util.Locale$Cache
 374:             1             24  java.util.ResourceBundle$Control$CandidateListCache
 375:             1             24  java.util.concurrent.CopyOnWriteArrayList
 376:             1             24  org.apache.commons.cli.CommandLine
 377:             1             24  org.dacapo.h2.TPCCDataSource$NullWriter
 378:             1             24  org.dacapo.harness.CommandLineArgs
 379:             1             24  org.h2.expression.SequenceValue
 380:             1             24  org.h2.table.SingleColumnResolver
 381:             1             24  org.h2.tools.RunScript
 382:             1             24  org.h2.util.TempFileDeleter
 383:             1             24  sun.launcher.LauncherHelper
 384:             1             24  sun.misc.URLClassPath$Loader
 385:             1             24  sun.nio.cs.ISO_8859_1
 386:             1             24  sun.nio.cs.US_ASCII
 387:             1             24  sun.nio.cs.UTF_16
 388:             1             24  sun.nio.cs.UTF_16BE
 389:             1             24  sun.nio.cs.UTF_16LE
 390:             1             24  sun.nio.cs.UTF_8
 391:             1             24  sun.security.provider.NativeSeedGenerator
 392:             1             24  sun.util.locale.BaseLocale$Cache
 393:             1             24  sun.util.locale.provider.CalendarDataProviderImpl
 394:             1             24  sun.util.locale.provider.CalendarProviderImpl
 395:             1             24  sun.util.locale.provider.CurrencyNameProviderImpl
 396:             1             24  sun.util.locale.provider.DateFormatSymbolsProviderImpl
 397:             1             24  sun.util.locale.provider.DecimalFormatSymbolsProviderImpl
 398:             1             24  sun.util.locale.provider.NumberFormatProviderImpl
 399:             1             16  [Ljava.lang.Throwable;
 400:             1             16  [Ljava.security.Provider;
 401:             1             16  [Ljava.security.cert.Certificate;
 402:             1             16  [Ljava.text.FieldPosition;
 403:             1             16  java.io.FileDescriptor$1
 404:             1             16  java.lang.ApplicationShutdownHooks$1
 405:             1             16  java.lang.CharacterDataLatin1
 406:             1             16  java.lang.ClassValue$Identity
 407:             1             16  java.lang.InheritableThreadLocal
 408:             1             16  java.lang.Runtime
 409:             1             16  java.lang.String$CaseInsensitiveComparator
 410:             1             16  java.lang.System$2
 411:             1             16  java.lang.Terminator$1
 412:             1             16  java.lang.invoke.MemberName$Factory
 413:             1             16  java.lang.invoke.MethodHandleImpl$2
 414:             1             16  java.lang.invoke.MethodHandleImpl$3
 415:             1             16  java.lang.ref.Reference$1
 416:             1             16  java.lang.ref.Reference$Lock
 417:             1             16  java.lang.reflect.ReflectAccess
 418:             1             16  java.math.BigDecimal$1
 419:             1             16  java.net.URLClassLoader$7
 420:             1             16  java.nio.Bits$1
 421:             1             16  java.nio.charset.CoderResult$1
 422:             1             16  java.nio.charset.CoderResult$2
 423:             1             16  java.security.ProtectionDomain$2
 424:             1             16  java.security.ProtectionDomain$JavaSecurityAccessImpl
 425:             1             16  java.text.MessageFormat$Field
 426:             1             16  java.util.Collections$EmptyIterator
 427:             1             16  java.util.Collections$EmptyList
 428:             1             16  java.util.Collections$EmptySet
 429:             1             16  java.util.Currency$CurrencyNameGetter
 430:             1             16  java.util.Hashtable$EntrySet
 431:             1             16  java.util.ResourceBundle$Control
 432:             1             16  java.util.WeakHashMap$KeySet
 433:             1             16  java.util.concurrent.locks.ReentrantLock
 434:             1             16  java.util.jar.JavaUtilJarAccessImpl
 435:             1             16  java.util.regex.Pattern$4
 436:             1             16  java.util.regex.Pattern$LastNode
 437:             1             16  java.util.regex.Pattern$Node
 438:             1             16  java.util.zip.ZipFile$1
 439:             1             16  org.dacapo.h2.TPCCReporter
 440:             1             16  org.dacapo.harness.TestHarness
 441:             1             16  org.h2.Driver
 442:             1             16  org.h2.engine.Engine
 443:             1             16  org.h2.util.BitField
 444:             1             16  sun.misc.ASCIICaseInsensitiveComparator
 445:             1             16  sun.misc.FloatingDecimal$1
 446:             1             16  sun.misc.Launcher
 447:             1             16  sun.misc.Launcher$Factory
 448:             1             16  sun.misc.Perf
 449:             1             16  sun.misc.Unsafe
 450:             1             16  sun.net.www.protocol.file.Handler
 451:             1             16  sun.net.www.protocol.jar.JarFileFactory
 452:             1             16  sun.nio.fs.LinuxFileSystemProvider
 453:             1             16  sun.reflect.ReflectionFactory
 454:             1             16  sun.util.calendar.Gregorian
 455:             1             16  sun.util.calendar.JulianCalendar
 456:             1             16  sun.util.locale.provider.AuxLocaleProviderAdapter$NullProvider
 457:             1             16  sun.util.locale.provider.CalendarDataUtility$CalendarWeekParameterGetter
 458:             1             16  sun.util.locale.provider.SPILocaleProviderAdapter
 459:             1             16  sun.util.resources.LocaleData
 460:             1             16  sun.util.resources.LocaleData$LocaleDataResourceBundleControl
Total       1512839       61089328
, 0.0523495 secs]
3.832: [pre compact{Heap before GC invocations=25 (full 1):
 PSYoungGen      total 22016K, used 160K [0x00000000fe000000, 0x0000000100000000, 0x0000000100000000)
  eden space 11264K, 0% used [0x00000000fe000000,0x00000000fe000000,0x00000000feb00000)
  from space 10752K, 1% used [0x00000000ff580000,0x00000000ff5a8000,0x0000000100000000)
  to   space 10752K, 0% used [0x00000000feb00000,0x00000000feb00000,0x00000000ff580000)
 ParOldGen       total 65536K, used 59497K [0x00000000fa000000, 0x00000000fe000000, 0x00000000fe000000)
  object space 65536K, 90% used [0x00000000fa000000,0x00000000fda1a630,0x00000000fe000000)
 Metaspace       used 8395K, capacity 8566K, committed 8832K, reserved 1056768K
  class space    used 741K, capacity 794K, committed 896K, reserved 1048576K
, 0.0000496 secs]
GCTaskManager::set_active_gang(): all_workers_active()  1  workers 43  active  43  ParallelGCThreads 43 
JT: 1  workers 43  active  43  idle 0  more 0
3.832: [Full GC (Ergonomics) 3.832: [marking phase3.832: [par mark, 0.0371310 secs]
3.869: [reference processing3.869: [SoftReference, 0 refs, 0.0000189 secs]3.869: [WeakReference, 5 refs, 0.0000092 secs]3.869: [FinalReference, 61 refs, 0.0000400 secs]3.869: [PhantomReference, 0 refs, 0 refs, 0.0000094 secs]3.869: [JNI Weak Reference, 0.0000085 secs], 0.0001176 secs]
3.869: [class unloading, 0.0080893 secs]
, 0.0454154 secs]
3.877: [summary phase, 0.0000116 secs]
3.877: [adjust roots, 0.0087741 secs]
3.886: [compaction phase3.886: [drain task setup, 0.0000190 secs]
3.886: [dense prefix task setup, 0.0000047 secs]
3.886: [steal task setup, 0.0000052 secs]
3.886: [par compactDrainStacksCompactionTask::do_it which = 33 which_stack_index = 33/empty(1) use all workers 1
DrainStacksCompactionTask::do_it which = 33 which_stack_index = 33/empty(1) use all workers 1
DrainStacksCompactionTask::do_it which = 33 which_stack_index = 33/empty(1) use all workers 1
DrainStacksCompactionTask::do_it which = 33 which_stack_index = 33/empty(1) use all workers 1
DrainStacksCompactionTask::do_it which = 33 which_stack_index = 33/empty(1) use all workers 1
DrainStacksCompactionTask::do_it which = 33 which_stack_index = 33/empty(1) use all workers 1
DrainStacksCompactionTask::do_it which = 33 which_stack_index = 33/empty(1) use all workers 1
DrainStacksCompactionTask::do_it which = 33 which_stack_index = 33/empty(1) use all workers 1
DrainStacksCompactionTask::do_it which = 33 which_stack_index = 33/empty(1) use all workers 1
DrainStacksCompactionTask::do_it which = 33 which_stack_index = 33/empty(1) use all workers 1
DrainStacksCompactionTask::do_it which = 33 which_stack_index = 33/empty(1) use all workers 1
DrainStacksCompactionTask::do_it which = 9 which_stack_index = 9/empty(1) use all workers 1
DrainStacksCompactionTask::do_it which = 33 which_stack_index = 33/empty(1) use all workers 1
DrainStacksCompactionTask::do_it which = 9 which_stack_index = 9/empty(1) use all workers 1
DrainStacksCompactionTask::do_it which = 33 which_stack_index = 33/empty(1) use all workers 1
DrainStacksCompactionTask::do_it which = 9 which_stack_index = 9/empty(1) use all workers 1
DrainStacksCompactionTask::do_it which = 33 which_stack_index = 33/empty(1) use all workers 1
DrainStacksCompactionTask::do_it which = 33 which_stack_index = 33/empty(1) use all workers 1
DrainStacksCompactionTask::do_it which = 33 which_stack_index = 33/empty(1) use all workers 1
DrainStacksCompactionTask::do_it which = 33 which_stack_index = 33/empty(1) use all workers 1
DrainStacksCompactionTask::do_it which = 19 which_stack_index = 19/empty(1) use all workers 1
DrainStacksCompactionTask::do_it which = 9 which_stack_index = 9/empty(1) use all workers 1
DrainStacksCompactionTask::do_it which = 33 which_stack_index = 33/empty(1) use all workers 1
DrainStacksCompactionTask::do_it which = 19 which_stack_index = 19/empty(1) use all workers 1
DrainStacksCompactionTask::do_it which = 33 which_stack_index = 33/empty(1) use all workers 1
DrainStacksCompactionTask::do_it which = 9 which_stack_index = 9/empty(1) use all workers 1
DrainStacksCompactionTask::do_it which = 19 which_stack_index = 19/empty(1) use all workers 1
DrainStacksCompactionTask::do_it which = 33 which_stack_index = 33/empty(1) use all workers 1
DrainStacksCompactionTask::do_it which = 9 which_stack_index = 9/empty(1) use all workers 1
DrainStacksCompactionTask::do_it which = 9 which_stack_index = 9/empty(1) use all workers 1
DrainStacksCompactionTask::do_it which = 9 which_stack_index = 9/empty(1) use all workers 1
DrainStacksCompactionTask::do_it which = 18 which_stack_index = 18/empty(1) use all workers 1
DrainStacksCompactionTask::do_it which = 9 which_stack_index = 9/empty(1) use all workers 1
DrainStacksCompactionTask::do_it which = 18 which_stack_index = 18/empty(1) use all workers 1
DrainStacksCompactionTask::do_it which = 9 which_stack_index = 9/empty(1) use all workers 1
DrainStacksCompactionTask::do_it which = 18 which_stack_index = 18/empty(1) use all workers 1
DrainStacksCompactionTask::do_it which = 9 which_stack_index = 9/empty(1) use all workers 1
DrainStacksCompactionTask::do_it which = 18 which_stack_index = 18/empty(1) use all workers 1
DrainStacksCompactionTask::do_it which = 18 which_stack_index = 18/empty(1) use all workers 1
DrainStacksCompactionTask::do_it which = 18 which_stack_index = 18/empty(1) use all workers 1
DrainStacksCompactionTask::do_it which = 18 which_stack_index = 18/empty(1) use all workers 1
DrainStacksCompactionTask::do_it which = 18 which_stack_index = 18/empty(1) use all workers 1
DrainStacksCompactionTask::do_it which = 5 which_stack_index = 5/empty(1) use all workers 1
StealRegionCompactionTask::do_it region_stack_index 18 region_stack = 0x5c145f90  empty (1) use all workers 1
StealRegionCompactionTask::do_it region_stack_index 5 region_stack = 0x5c144f50  empty (1) use all workers 1
StealRegionCompactionTask::do_it region_stack_index 0 region_stack = 0x5c12be60  empty (0) use all workers 1
StealRegionCompactionTask::do_it region_stack_index 28 region_stack = 0x5c146c10  empty (1) use all workers 1
StealRegionCompactionTask::do_it region_stack_index 4 region_stack = 0x5c144e10  empty (1) use all workers 1
StealRegionCompactionTask::do_it region_stack_index 39 region_stack = 0x5c1479d0  empty (1) use all workers 1
StealRegionCompactionTask::do_it region_stack_index 38 region_stack = 0x5c147890  empty (1) use all workers 1
StealRegionCompactionTask::do_it region_stack_index 7 region_stack = 0x5c1451d0  empty (1) use all workers 1
StealRegionCompactionTask::do_it region_stack_index 1 region_stack = 0x5c12bfa0  empty (1) use all workers 1
StealRegionCompactionTask::do_it region_stack_index 34 region_stack = 0x5c147390  empty (1) use all workers 1
StealRegionCompactionTask::do_it region_stack_index 2 region_stack = 0x5c12c0e0  empty (1) use all workers 1
StealRegionCompactionTask::do_it region_stack_index 13 region_stack = 0x5c145950  empty (1) use all workers 1
StealRegionCompactionTask::do_it region_stack_index 25 region_stack = 0x5c146850  empty (1) use all workers 1
StealRegionCompactionTask::do_it region_stack_index 27 region_stack = 0x5c146ad0  empty (1) use all workers 1
StealRegionCompactionTask::do_it region_stack_index 6 region_stack = 0x5c145090  empty (1) use all workers 1
StealRegionCompactionTask::do_it region_stack_index 37 region_stack = 0x5c147750  empty (1) use all workers 1
StealRegionCompactionTask::do_it region_stack_index 36 region_stack = 0x5c147610  empty (1) use all workers 1
StealRegionCompactionTask::do_it region_stack_index 17 region_stack = 0x5c145e50  empty (1) use all workers 1
StealRegionCompactionTask::do_it region_stack_index 30 region_stack = 0x5c146e90  empty (1) use all workers 1
StealRegionCompactionTask::do_it region_stack_index 23 region_stack = 0x5c1465d0  empty (1) use all workers 1
StealRegionCompactionTask::do_it region_stack_index 29 region_stack = 0x5c146d50  empty (1) use all workers 1
StealRegionCompactionTask::do_it region_stack_index 40 region_stack = 0x5c147b10  empty (1) use all workers 1
StealRegionCompactionTask::do_it region_stack_index 32 region_stack = 0x5c147110  empty (1) use all workers 1
StealRegionCompactionTask::do_it region_stack_index 21 region_stack = 0x5c146350  empty (1) use all workers 1
StealRegionCompactionTask::do_it region_stack_index 22 region_stack = 0x5c146490  empty (1) use all workers 1
StealRegionCompactionTask::do_it region_stack_index 10 region_stack = 0x5c145590  empty (1) use all workers 1
StealRegionCompactionTask::do_it region_stack_index 12 region_stack = 0x5c145810  empty (1) use all workers 1
StealRegionCompactionTask::do_it region_stack_index 3 region_stack = 0x5c144cd0  empty (1) use all workers 1
StealRegionCompactionTask::do_it region_stack_index 14 region_stack = 0x5c145a90  empty (1) use all workers 1
StealRegionCompactionTask::do_it region_stack_index 42 region_stack = 0x5c147d90  empty (1) use all workers 1
StealRegionCompactionTask::do_it region_stack_index 41 region_stack = 0x5c147c50  empty (1) use all workers 1
StealRegionCompactionTask::do_it region_stack_index 35 region_stack = 0x5c1474d0  empty (1) use all workers 1
StealRegionCompactionTask::do_it region_stack_index 26 region_stack = 0x5c146990  empty (1) use all workers 1
StealRegionCompactionTask::do_it region_stack_index 15 region_stack = 0x5c145bd0  empty (1) use all workers 1
StealRegionCompactionTask::do_it region_stack_index 11 region_stack = 0x5c1456d0  empty (1) use all workers 1
StealRegionCompactionTask::do_it region_stack_index 8 region_stack = 0x5c145310  empty (1) use all workers 1
StealRegionCompactionTask::do_it region_stack_index 31 region_stack = 0x5c146fd0  empty (1) use all workers 1
StealRegionCompactionTask::do_it region_stack_index 20 region_stack = 0x5c146210  empty (1) use all workers 1
StealRegionCompactionTask::do_it region_stack_index 16 region_stack = 0x5c145d10  empty (1) use all workers 1
StealRegionCompactionTask::do_it region_stack_index 9 region_stack = 0x5c145450  empty (1) use all workers 1
StealRegionCompactionTask::do_it region_stack_index 24 region_stack = 0x5c146710  empty (1) use all workers 1
StealRegionCompactionTask::do_it region_stack_index 19 region_stack = 0x5c1460d0  empty (1) use all workers 1
StealRegionCompactionTask::do_it region_stack_index 33 region_stack = 0x5c147250  empty (1) use all workers 1
, 0.1176887 secs]
4.004: [deferred updates, 0.0642270 secs]
, 0.1820337 secs]
4.068: [post compact, 0.0003485 secs]
AdaptiveSizeStart: 4.069 collection: 25 
PSAdaptiveSizePolicy::compute_eden_space_size limits: desired_eden_size: 13546181 old_eden_size: 11534336 eden_limit: 11534336 cur_eden: 11534336 max_eden_size: 11534336 avg_young_live: 1939635
PSAdaptiveSizePolicy::compute_eden_space_size: costs minor_time: 0.070649 major_cost: 0.058229 mutator_cost: 0.871121 throughput_goal: 0.990000 live_space: 270375104 free_space: 36700160 old_eden_size: 11534336 desired_eden_size: 11534336
PSAdaptiveSizePolicy::compute_old_gen_free_space limits: desired_promo_size: 36536134 promo_limit: 25165824 free_in_old_gen: 15799028 max_old_gen_size: 67108864 avg_old_live: 51309836
PSAdaptiveSizePolicy::compute_old_gen_free_space: costs minor_time: 0.070649 major_cost: 0.058229 mutator_cost: 0.871121 throughput_goal: 0.990000 live_space: 321684928 free_space: 36700160 old_promo_size: 25165824 desired_promo_size: 25165824
AdaptiveSizeStop: collection: 25 
[PSYoungGen: 160K->0K(22016K)] [ParOldGen: 59497K->50107K(65536K)] 59657K->50107K(87552K), [Metaspace: 8395K->8395K(1056768K)], 0.2367307 secs] [Times: user=1.93 sys=0.02, real=0.24 secs] 
Heap after GC invocations=25 (full 1):
 PSYoungGen      total 22016K, used 0K [0x00000000fe000000, 0x0000000100000000, 0x0000000100000000)
  eden space 11264K, 0% used [0x00000000fe000000,0x00000000fe000000,0x00000000feb00000)
  from space 10752K, 0% used [0x00000000ff580000,0x00000000ff580000,0x0000000100000000)
  to   space 10752K, 0% used [0x00000000feb00000,0x00000000feb00000,0x00000000ff580000)
 ParOldGen       total 65536K, used 50107K [0x00000000fa000000, 0x00000000fe000000, 0x00000000fe000000)
  object space 65536K, 76% used [0x00000000fa000000,0x00000000fd0eed08,0x00000000fe000000)
 Metaspace       used 8395K, capacity 8566K, committed 8832K, reserved 1056768K
  class space    used 741K, capacity 794K, committed 896K, reserved 1048576K
}
4.069: [Class Histogram (after full gc): 
 num     #instances         #bytes  class name
----------------------------------------------
   1:        215918       11006392  [Lorg.h2.value.Value;
   2:        136193       10895440  org.h2.result.Row
   3:        259908        8317056  org.h2.index.TreeNode
   4:         66941        4371872  [C
   5:        239753        3836048  org.h2.value.ValueStringFixed
   6:         72920        2916800  java.math.BigDecimal
   7:        136137        2178192  org.h2.value.ValueInt
   8:         72894        1749456  org.h2.value.ValueDecimal
   9:         66922        1606128  java.lang.String
  10:           944        1420648  [Ljava.lang.Object;
  11:           523        1110456  [B
  12:         40506         648096  org.h2.value.ValueString
  13:         32337         517392  org.h2.value.ValueShort
  14:          1177         136680  java.lang.Class
  15:           163         131912  [Ljava.util.HashMap$Node;
  16:          1771          56672  java.util.HashMap$Node
  17:           841          47200  [I
  18:          1181          37792  java.sql.Timestamp
  19:           352          36608  org.h2.table.Column
  20:           658          21056  java.util.concurrent.ConcurrentHashMap$Node
  21:          1181          18896  org.h2.value.ValueTimestamp
  22:           245          17088  [Ljava.lang.String;
  23:           500          16000  java.util.Hashtable$Entry
  24:           341          10912  sun.misc.FDBigInteger
  25:           190           9120  java.util.HashMap
  26:           125           9000  java.lang.reflect.Field
  27:           545           8720  java.lang.Object
  28:            21           7896  java.lang.Thread
  29:           191           7640  java.util.LinkedHashMap$Entry
  30:            33           6256  [Ljava.util.concurrent.ConcurrentHashMap$Node;
  31:            71           6248  org.h2.value.DataType
  32:           127           5080  java.lang.ref.SoftReference
  33:           151           4832  org.h2.expression.FunctionInfo
  34:            13           4464  [Ljava.util.Hashtable$Entry;
  35:           111           4440  java.math.BigInteger
  36:           173           4152  org.h2.table.IndexColumn
  37:           256           4096  java.lang.Integer
  38:           102           4080  [Lorg.h2.table.Column;
  39:            44           3520  java.lang.reflect.Constructor
  40:            82           3280  java.lang.ref.Finalizer
  41:            36           3168  org.h2.index.TreeIndex
  42:            49           3136  java.net.URL
  43:            28           2912  org.h2.table.MetaTable
  44:            28           2464  java.lang.reflect.Method
  45:            50           2400  java.util.zip.Inflater
  46:           100           2400  org.h2.value.ValueLong
  47:            36           2304  java.util.concurrent.ConcurrentHashMap
  48:            35           2256  [J
  49:            38           2128  java.lang.Class$ReflectionData
  50:           128           2048  java.lang.Character
  51:            41           1968  sun.util.locale.LocaleObjectCache$CacheEntry
  52:            77           1848  org.h2.util.ObjectArray
  53:            50           1800  [Lorg.h2.table.IndexColumn;
  54:            13           1768  org.h2.table.TableData
  55:            30           1680  java.security.Provider$Service
  56:            69           1656  java.security.Provider$ServiceKey
  57:             2           1568  [Lorg.h2.value.ValueInt;
  58:             1           1568  [[B
  59:            65           1560  java.util.ArrayList
  60:            27           1512  java.lang.Package
  61:            13           1456  org.h2.index.ScanIndex
  62:            60           1440  org.h2.index.IndexType
  63:            35           1400  java.io.ObjectStreamField
  64:             1           1376  [Lsun.misc.FDBigInteger;
  65:            39           1280  [Ljava.math.BigInteger;
  66:            16           1280  [S
  67:            59           1264  [Ljava.lang.Class;
  68:            26           1248  org.apache.commons.cli.Option
  69:            13           1232  [Ljava.util.WeakHashMap$Entry;
  70:            50           1200  java.util.zip.ZStreamRef
  71:            28           1120  java.security.AccessControlContext
  72:             2           1064  [Ljava.lang.invoke.MethodHandle;
  73:            19           1064  sun.misc.URLClassPath$JarLoader
  74:            11           1056  org.h2.constraint.ConstraintReferential
  75:             1           1040  [Ljava.lang.Integer;
  76:            30            960  java.security.Provider$EngineDescription
  77:            35            840  java.util.jar.Attributes$Name
  78:            20            800  sun.util.locale.BaseLocale$Key
  79:            14            784  sun.nio.cs.UTF_8$Encoder
  80:            13            744  [Ljava.lang.reflect.Field;
  81:             5            720  java.text.DecimalFormat
  82:             9            720  org.h2.index.MetaIndex
  83:            22            704  java.io.File
  84:            22            704  java.lang.ref.ReferenceQueue
  85:             4            704  org.h2.command.dml.Select
  86:            28            672  java.security.Provider$UString
  87:            21            672  java.util.Locale
  88:            20            640  sun.util.locale.BaseLocale
  89:            13            624  java.util.WeakHashMap
  90:            13            624  org.h2.expression.ExpressionColumn
  91:             6            576  java.util.jar.JarFile$JarFileEntry
  92:             9            576  org.h2.constraint.ConstraintUnique
  93:            18            576  org.h2.index.MultiVersionIndex
  94:            35            560  java.util.HashSet
  95:            10            560  sun.util.calendar.ZoneInfo
  96:             1            528  [Ljava.lang.Character;
  97:            22            528  [Ljava.lang.reflect.Constructor;
  98:             6            528  org.h2.table.TableFilter
  99:            22            528  sun.reflect.NativeConstructorAccessorImpl
 100:             2            512  [D
 101:            20            480  java.util.Locale$LocaleKey
 102:             5            480  sun.util.calendar.Gregorian$Date
 103:            18            432  java.text.DateFormat$Field
 104:             9            432  sun.util.locale.provider.LocaleResources$ResourceReference
 105:             1            416  [Lorg.h2.value.ValueLong;
 106:             2            416  org.h2.engine.Session
 107:            10            400  java.security.ProtectionDomain
 108:            10            400  sun.nio.cs.UTF_8$Decoder
 109:             7            392  java.util.ResourceBundle$CacheKey
 110:             1            392  org.h2.engine.DatabaseCloser
 111:             7            392  org.h2.engine.Setting
 112:            12            384  java.io.FileDescriptor
 113:             1            384  java.lang.ref.Finalizer$FinalizerThread
 114:            24            384  java.lang.ref.ReferenceQueue$Lock
 115:             6            384  java.nio.DirectByteBuffer
 116:            12            384  java.util.Vector
 117:             6            384  org.h2.index.IndexCursor
 118:            12            384  org.h2.message.Trace
 119:             1            376  java.lang.ref.Reference$ReferenceHandler
 120:            12            360  [Ljava.io.ObjectStreamField;
 121:             9            360  java.util.WeakHashMap$Entry
 122:            22            352  sun.reflect.DelegatingConstructorAccessorImpl
 123:             6            336  java.nio.DirectLongBufferU
 124:             3            336  java.util.GregorianCalendar
 125:             6            336  java.util.LinkedHashMap
 126:             7            336  java.util.ResourceBundle$BundleReference
 127:            14            336  sun.misc.MetaIndex
 128:            10            320  java.lang.OutOfMemoryError
 129:            10            320  java.security.CodeSource
 130:             5            320  java.text.DateFormatSymbols
 131:             5            320  java.text.DecimalFormatSymbols
 132:             8            320  java.util.TreeMap$Entry
 133:             5            320  java.util.jar.JarFile
 134:             8            320  org.dacapo.parser.Config$OutputFile
 135:             5            320  org.h2.util.SmallLRUCache
 136:             1            312  org.h2.engine.Database
 137:             6            288  java.util.Hashtable
 138:             4            288  org.h2.result.LocalResult
 139:             9            288  sun.security.jca.ProviderConfig
 140:             1            272  [Ljava.sql.Connection;
 141:             1            272  [Lorg.apache.derbyTesting.system.oe.client.Submitter;
 142:             1            272  [Lorg.apache.derbyTesting.system.oe.util.OERandom;
 143:             8            256  java.io.FileInputStream
 144:             8            256  java.util.zip.ZipCoder
 145:             8            256  org.h2.engine.Mode
 146:             5            240  java.nio.HeapByteBuffer
 147:             5            240  java.util.Properties
 148:             6            240  org.h2.expression.Comparison
 149:             5            240  sun.misc.URLClassPath
 150:             3            240  sun.net.www.protocol.jar.URLJarFile
 151:            14            224  java.util.HashMap$KeySet
 152:             7            224  java.util.ResourceBundle$LoaderReference
 153:             2            224  org.h2.index.ViewIndex
 154:             3            216  sun.security.provider.NativePRNG$RandomIO
 155:             2            208  sun.net.www.protocol.file.FileURLConnection
 156:             2            208  sun.util.calendar.ImmutableGregorianDate
 157:             2            200  [Ljava.text.DateFormat$Field;
 158:             5            200  java.text.DigitList
 159:             5            200  org.h2.command.CommandContainer
 160:             8            192  java.math.RoundingMode
 161:             3            192  java.text.SimpleDateFormat
 162:             8            192  java.util.ArrayDeque
 163:             6            192  java.util.Stack
 164:             8            192  org.h2.expression.ValueExpression
 165:             2            192  sun.net.www.protocol.jar.URLJarFile$URLJarFileEntry
 166:             4            192  sun.nio.cs.StreamEncoder
 167:             2            176  sun.net.www.protocol.jar.JarURLConnection
 168:             1            168  [[Ljava.math.BigInteger;
 169:             7            168  java.util.concurrent.atomic.AtomicLong
 170:            10            160  [Ljava.security.Principal;
 171:             4            160  java.io.BufferedWriter
 172:             5            160  java.io.FilePermission
 173:             5            160  java.security.Permissions
 174:            10            160  java.security.ProtectionDomain$Key
 175:             4            160  org.dacapo.parser.Config$Size
 176:             2            160  org.h2.schema.Schema
 177:             5            160  sun.util.locale.provider.LocaleProviderAdapter$Type
 178:             1            152  org.h2.table.TableView
 179:             3            144  [Ljava.lang.reflect.Method;
 180:             2            144  [Ljava.math.BigDecimal;
 181:             2            144  org.h2.command.dml.TransactionCommand
 182:             6            144  sun.misc.PerfCounter
 183:             6            128  [Lorg.h2.expression.Expression;
 184:             2            128  java.io.ExpiringCache$1
 185:             4            128  java.io.FileOutputStream
 186:             4            128  java.lang.ThreadLocal$ThreadLocalMap$Entry
 187:             2            128  org.h2.engine.User
 188:             4            128  org.h2.index.TreeCursor
 189:             1            120  [Lorg.apache.commons.cli.Option;
 190:             3            120  [Z
 191:             1            120  [[Ljava.lang.String;
 192:             5            120  java.io.FilePermissionCollection
 193:             5            120  java.util.Collections$UnmodifiableRandomAccessList
 194:             1            120  org.dacapo.h2.TPCC
 195:             1            120  org.h2.command.ddl.AlterTableAddConstraint
 196:             3            120  sun.misc.FloatingDecimal$BinaryToASCIIBuffer
 197:             5            120  sun.misc.FloatingDecimal$PreparedASCIIToBinaryBuffer
 198:             2            112  java.util.zip.ZipFile$ZipFileInflaterInputStream
 199:             2            112  java.util.zip.ZipFile$ZipFileInputStream
 200:             2            112  org.h2.expression.Function
 201:             1            112  org.h2.jdbc.JdbcConnection
 202:             1             96  [[J
 203:             4             96  java.io.ExpiringCache$Entry
 204:             4             96  java.io.OutputStreamWriter
 205:             3             96  java.lang.Exception
 206:             2             96  java.lang.ThreadGroup
 207:             3             96  java.lang.ref.WeakReference
 208:             4             96  java.math.MathContext
 209:             4             96  java.util.LinkedList$Node
 210:             2             96  java.util.TreeMap
 211:             3             96  org.h2.expression.ConditionAndOr
 212:             1             96  sun.misc.Launcher$AppClassLoader
 213:             4             96  sun.reflect.NativeMethodAccessorImpl
 214:             1             96  sun.security.jca.ProviderList$1
 215:             1             96  sun.security.provider.Sun
 216:             1             88  java.net.FactoryURLClassLoader
 217:             1             88  org.dacapo.harness.DacapoClassLoader
 218:             1             88  org.h2.schema.Sequence
 219:             1             88  sun.misc.Launcher$ExtClassLoader
 220:             1             80  [Ljava.lang.ThreadLocal$ThreadLocalMap$Entry;
 221:             3             80  [Ljava.security.ProtectionDomain;
 222:             2             80  java.io.ExpiringCache
 223:             2             80  java.lang.ClassLoader$NativeLibrary
 224:             5             80  java.util.HashMap$Values
 225:             2             80  java.util.Locale$Category
 226:             1             80  org.h2.log.LogSystem
 227:             2             80  sun.util.calendar.Era
 228:             2             72  [Lsun.security.jca.ProviderConfig;
 229:             3             72  java.lang.RuntimePermission
 230:             3             72  java.util.Arrays$ArrayList
 231:             3             72  java.util.Date
 232:             1             72  java.util.ResourceBundle$RBClassLoader
 233:             3             72  java.util.concurrent.ConcurrentHashMap$KeySetView
 234:             3             72  java.util.concurrent.atomic.AtomicMarkableReference$Pair
 235:             3             72  org.dacapo.parser.Config$ThreadModel
 236:             1             72  org.h2.command.dml.Set
 237:             1             72  org.h2.jdbc.JdbcStatement
 238:             3             72  org.h2.util.IntArray
 239:             3             72  sun.misc.FloatingDecimal$ExceptionalBinaryToASCIIBuffer
 240:             3             72  sun.misc.Signal
 241:             3             72  sun.security.provider.NativePRNG$Variant
 242:             1             72  sun.util.locale.provider.JRELocaleProviderAdapter
 243:             3             72  sun.util.resources.ParallelListResourceBundle$KeySet
 244:             1             64  [F
 245:             2             64  [Ljava.lang.Thread;
 246:             2             64  java.io.PrintStream
 247:             2             64  java.lang.ClassValue$Entry
 248:             4             64  java.lang.ThreadLocal
 249:             2             64  java.lang.VirtualMachineError
 250:             2             64  java.lang.ref.ReferenceQueue$Null
 251:             1             64  java.security.SecureRandom
 252:             2             64  java.util.LinkedList
 253:             2             64  java.util.Random
 254:             2             64  java.util.concurrent.atomic.AtomicReferenceFieldUpdater$AtomicReferenceFieldUpdaterImpl
 255:             2             64  org.apache.commons.cli.Options
 256:             1             64  org.dacapo.harness.H2
 257:             2             64  org.dacapo.harness.TeeOutputStream
 258:             2             64  org.dacapo.harness.TeePrintStream
 259:             1             64  org.h2.command.dml.Call
 260:             2             64  org.h2.index.IndexCondition
 261:             2             64  org.h2.index.ViewIndex$CostElement
 262:             2             64  org.h2.log.UndoLog
 263:             1             64  org.h2.message.TraceSystem
 264:             2             64  org.h2.result.SortOrder
 265:             4             64  sun.net.www.protocol.jar.Handler
 266:             4             64  sun.reflect.DelegatingMethodAccessorImpl
 267:             2             64  sun.util.locale.provider.LocaleResources
 268:             2             64  sun.util.locale.provider.LocaleServiceProviderPool
 269:             1             56  [Ljava.lang.Runnable;
 270:             1             56  org.h2.engine.Role
 271:             1             56  sun.security.provider.SHA
 272:             1             48  [Ljava.math.RoundingMode;
 273:             2             48  java.io.BufferedOutputStream
 274:             2             48  java.io.File$PathStatus
 275:             2             48  java.lang.StringBuilder
 276:             2             48  java.nio.charset.CoderResult
 277:             3             48  java.nio.charset.CodingErrorAction
 278:             2             48  java.sql.SQLPermission
 279:             3             48  java.text.AttributedCharacterIterator$Attribute
 280:             2             48  java.util.Collections$SynchronizedSet
 281:             2             48  java.util.Currency
 282:             3             48  java.util.concurrent.atomic.AtomicMarkableReference
 283:             2             48  java.util.jar.Manifest
 284:             2             48  org.dacapo.harness.Callback$Mode
 285:             2             48  org.dacapo.harness.CommandLineArgs$Methodology
 286:             1             48  org.h2.index.MultiVersionCursor
 287:             2             48  sun.misc.NativeSignalHandler
 288:             2             48  sun.net.www.MessageHeader
 289:             2             48  sun.net.www.protocol.jar.JarURLConnection$JarURLInputStream
 290:             1             48  sun.nio.cs.StreamDecoder
 291:             2             48  sun.security.jca.ProviderList
 292:             2             48  sun.security.jca.ProviderList$3
 293:             1             48  sun.text.resources.FormatData
 294:             1             48  sun.text.resources.en.FormatData_en
 295:             1             48  sun.text.resources.en.FormatData_en_AU
 296:             1             48  sun.util.resources.CalendarData
 297:             1             48  sun.util.resources.CurrencyNames
 298:             1             48  sun.util.resources.en.CalendarData_en
 299:             1             48  sun.util.resources.en.CurrencyNames_en_AU
 300:             1             40  [Lsun.util.locale.provider.LocaleProviderAdapter$Type;
 301:             1             40  java.io.BufferedInputStream
 302:             1             40  java.util.IdentityHashMap
 303:             1             40  java.util.ResourceBundle$1
 304:             1             40  org.apache.commons.cli.PosixParser
 305:             1             40  org.dacapo.harness.Callback
 306:             1             40  org.dacapo.parser.Config
 307:             1             40  org.h2.expression.ConditionIn
 308:             1             40  org.h2.util.ScriptReader
 309:             1             40  sun.nio.cs.StandardCharsets$Aliases
 310:             1             40  sun.nio.cs.StandardCharsets$Cache
 311:             1             40  sun.nio.cs.StandardCharsets$Classes
 312:             1             32  [Ljava.lang.OutOfMemoryError;
 313:             2             32  [Ljava.lang.StackTraceElement;
 314:             1             32  [Ljava.lang.ThreadGroup;
 315:             1             32  [Lorg.dacapo.parser.Config$ThreadModel;
 316:             1             32  [Lsun.security.provider.NativePRNG$Variant;
 317:             1             32  java.io.UnixFileSystem
 318:             1             32  java.lang.ArithmeticException
 319:             2             32  java.lang.Boolean
 320:             1             32  java.lang.ClassCastException
 321:             1             32  java.lang.NullPointerException
 322:             2             32  java.lang.Shutdown$Lock
 323:             1             32  java.lang.StringCoding$StringDecoder
 324:             1             32  java.lang.StringCoding$StringEncoder
 325:             2             32  java.nio.ByteOrder
 326:             1             32  java.security.BasicPermissionCollection
 327:             1             32  java.security.MessageDigest$Delegate
 328:             1             32  java.util.ArrayList$Itr
 329:             2             32  java.util.LinkedHashMap$LinkedEntrySet
 330:             2             32  java.util.concurrent.atomic.AtomicInteger
 331:             1             32  java.util.concurrent.locks.ReentrantLock$NonfairSync
 332:             2             32  java.util.jar.Attributes
 333:             1             32  org.h2.expression.Parameter
 334:             1             32  org.h2.log.UndoLogRecord
 335:             1             32  org.h2.value.CompareMode
 336:             2             32  org.h2.value.ValueBoolean
 337:             2             32  org.h2.value.ValueNull
 338:             1             32  sun.nio.cs.StandardCharsets
 339:             1             32  sun.nio.fs.LinuxFileSystem
 340:             1             32  sun.nio.fs.UnixPath
 341:             1             32  sun.security.provider.SecureRandom
 342:             1             24  [Ljava.io.File$PathStatus;
 343:             1             24  [Ljava.lang.ClassValue$Entry;
 344:             1             24  [Ljava.util.Locale$Category;
 345:             1             24  [Lorg.dacapo.harness.Callback$Mode;
 346:             1             24  [Lorg.dacapo.harness.CommandLineArgs$Methodology;
 347:             1             24  [Lsun.launcher.LauncherHelper;
 348:             1             24  [Lsun.util.calendar.Era;
 349:             1             24  java.io.InputStreamReader
 350:             1             24  java.lang.ClassValue$Version
 351:             1             24  java.lang.ThreadLocal$ThreadLocalMap
 352:             1             24  java.lang.invoke.MethodHandleImpl$4
 353:             1             24  java.lang.reflect.ReflectPermission
 354:             1             24  java.math.MutableBigInteger
 355:             1             24  java.sql.DriverInfo
 356:             1             24  java.util.BitSet
 357:             1             24  java.util.Collections$EmptyMap
 358:             1             24  java.util.Collections$SetFromMap
 359:             1             24  java.util.Locale$Cache
 360:             1             24  java.util.ResourceBundle$Control$CandidateListCache
 361:             1             24  java.util.concurrent.CopyOnWriteArrayList
 362:             1             24  org.apache.commons.cli.CommandLine
 363:             1             24  org.dacapo.harness.CommandLineArgs
 364:             1             24  org.h2.expression.ConditionExists
 365:             1             24  org.h2.expression.ConditionNot
 366:             1             24  org.h2.expression.SequenceValue
 367:             1             24  org.h2.index.ViewCursor
 368:             1             24  org.h2.table.SingleColumnResolver
 369:             1             24  org.h2.tools.RunScript
 370:             1             24  org.h2.util.StatementBuilder
 371:             1             24  org.h2.util.TempFileDeleter
 372:             1             24  sun.launcher.LauncherHelper
 373:             1             24  sun.misc.URLClassPath$Loader
 374:             1             24  sun.nio.cs.ISO_8859_1
 375:             1             24  sun.nio.cs.US_ASCII
 376:             1             24  sun.nio.cs.UTF_16
 377:             1             24  sun.nio.cs.UTF_16BE
 378:             1             24  sun.nio.cs.UTF_16LE
 379:             1             24  sun.nio.cs.UTF_8
 380:             1             24  sun.security.provider.NativeSeedGenerator
 381:             1             24  sun.util.locale.BaseLocale$Cache
 382:             1             24  sun.util.locale.provider.CalendarDataProviderImpl
 383:             1             24  sun.util.locale.provider.CalendarProviderImpl
 384:             1             24  sun.util.locale.provider.CurrencyNameProviderImpl
 385:             1             24  sun.util.locale.provider.DateFormatSymbolsProviderImpl
 386:             1             24  sun.util.locale.provider.DecimalFormatSymbolsProviderImpl
 387:             1             24  sun.util.locale.provider.NumberFormatProviderImpl
 388:             1             16  [Ljava.lang.Throwable;
 389:             1             16  [Ljava.security.Provider;
 390:             1             16  [Ljava.security.cert.Certificate;
 391:             1             16  [Ljava.text.FieldPosition;
 392:             1             16  java.io.FileDescriptor$1
 393:             1             16  java.lang.ApplicationShutdownHooks$1
 394:             1             16  java.lang.CharacterDataLatin1
 395:             1             16  java.lang.ClassValue$Identity
 396:             1             16  java.lang.InheritableThreadLocal
 397:             1             16  java.lang.Runtime
 398:             1             16  java.lang.String$CaseInsensitiveComparator
 399:             1             16  java.lang.System$2
 400:             1             16  java.lang.Terminator$1
 401:             1             16  java.lang.invoke.MemberName$Factory
 402:             1             16  java.lang.invoke.MethodHandleImpl$2
 403:             1             16  java.lang.invoke.MethodHandleImpl$3
 404:             1             16  java.lang.ref.Reference$1
 405:             1             16  java.lang.ref.Reference$Lock
 406:             1             16  java.lang.reflect.ReflectAccess
 407:             1             16  java.math.BigDecimal$1
 408:             1             16  java.net.URLClassLoader$7
 409:             1             16  java.nio.Bits$1
 410:             1             16  java.nio.charset.CoderResult$1
 411:             1             16  java.nio.charset.CoderResult$2
 412:             1             16  java.security.ProtectionDomain$2
 413:             1             16  java.security.ProtectionDomain$JavaSecurityAccessImpl
 414:             1             16  java.text.MessageFormat$Field
 415:             1             16  java.util.Collections$EmptyIterator
 416:             1             16  java.util.Collections$EmptyList
 417:             1             16  java.util.Collections$EmptySet
 418:             1             16  java.util.Currency$CurrencyNameGetter
 419:             1             16  java.util.Hashtable$EntrySet
 420:             1             16  java.util.ResourceBundle$Control
 421:             1             16  java.util.WeakHashMap$KeySet
 422:             1             16  java.util.concurrent.locks.ReentrantLock
 423:             1             16  java.util.jar.JavaUtilJarAccessImpl
 424:             1             16  java.util.regex.Pattern$4
 425:             1             16  java.util.regex.Pattern$LastNode
 426:             1             16  java.util.regex.Pattern$Node
 427:             1             16  java.util.zip.ZipFile$1
 428:             1             16  org.dacapo.h2.TPCCReporter
 429:             1             16  org.dacapo.harness.TestHarness
 430:             1             16  org.h2.Driver
 431:             1             16  org.h2.engine.Engine
 432:             1             16  org.h2.util.BitField
 433:             1             16  sun.misc.ASCIICaseInsensitiveComparator
 434:             1             16  sun.misc.FloatingDecimal$1
 435:             1             16  sun.misc.Launcher
 436:             1             16  sun.misc.Launcher$Factory
 437:             1             16  sun.misc.Perf
 438:             1             16  sun.misc.Unsafe
 439:             1             16  sun.net.www.protocol.file.Handler
 440:             1             16  sun.net.www.protocol.jar.JarFileFactory
 441:             1             16  sun.nio.fs.LinuxFileSystemProvider
 442:             1             16  sun.reflect.ReflectionFactory
 443:             1             16  sun.util.calendar.Gregorian
 444:             1             16  sun.util.calendar.JulianCalendar
 445:             1             16  sun.util.locale.provider.AuxLocaleProviderAdapter$NullProvider
 446:             1             16  sun.util.locale.provider.CalendarDataUtility$CalendarWeekParameterGetter
 447:             1             16  sun.util.locale.provider.SPILocaleProviderAdapter
 448:             1             16  sun.util.resources.LocaleData
 449:             1             16  sun.util.resources.LocaleData$LocaleDataResourceBundleControl
Total       1355151       51309832
, 0.0465889 secs]
4.115: Total time for which application threads were stopped: 0.3427077 seconds, Stopping threads took: 0.0000148 seconds
4.155: Application time: 0.0397299 seconds
{Heap before GC invocations=26 (full 1):
 PSYoungGen      total 22016K, used 11264K [0x00000000fe000000, 0x0000000100000000, 0x0000000100000000)
  eden space 11264K, 100% used [0x00000000fe000000,0x00000000feb00000,0x00000000feb00000)
  from space 10752K, 0% used [0x00000000ff580000,0x00000000ff580000,0x0000000100000000)
  to   space 10752K, 0% used [0x00000000feb00000,0x00000000feb00000,0x00000000ff580000)
 ParOldGen       total 65536K, used 50107K [0x00000000fa000000, 0x00000000fe000000, 0x00000000fe000000)
  object space 65536K, 76% used [0x00000000fa000000,0x00000000fd0eed08,0x00000000fe000000)
 Metaspace       used 8395K, capacity 8566K, committed 8832K, reserved 1056768K
  class space    used 741K, capacity 794K, committed 896K, reserved 1048576K
TLAB: gc tlab  thread: 0x0000ffff5c04e800 [id: 2385309] desired_size: 225KB slow allocs: 0  refill waste: 3600B alloc: 0.99978    11262KB refills: 50 waste  0.0% gc: 0B slow: 1888B fast: 0B
TLAB totals: thrds: 1  refills: 50 max: 50 slow allocs: 0 max 0 waste:  0.0% gc: 0B max: 0B slow: 1888B max: 1888B fast: 0B max: 0B
4.155: [GC (Allocation Failure) GCTaskManager::set_active_gang(): all_workers_active()  1  workers 43  active  43  ParallelGCThreads 43 
JT: 1  workers 43  active  43  idle 0  more 0
4.157: [SoftReference, 0 refs, 0.0000195 secs]4.157: [WeakReference, 0 refs, 0.0000075 secs]4.157: [FinalReference, 0 refs, 0.0000070 secs]4.157: [PhantomReference, 0 refs, 0 refs, 0.0000097 secs]4.157: [JNI Weak Reference, 0.0000046 secs]AdaptiveSizePolicy::update_averages:  survived: 98304  promoted: 0  overflow: false
AdaptiveSizeStart: 4.158 collection: 26 
  avg_survived_padded_avg: 12267026.000000  avg_promoted_padded_avg: 7966742.000000  avg_pretenured_padded_avg: 0.000000  tenuring_thresh: 1  target_size: 11010048

Desired survivor size 11010048 bytes, new threshold 1 (max 15)
PSAdaptiveSizePolicy::compute_eden_space_size limits: desired_eden_size: 13307929 old_eden_size: 11534336 eden_limit: 11534336 cur_eden: 11534336 max_eden_size: 11534336 avg_young_live: 1755502
PSAdaptiveSizePolicy::compute_eden_space_size: costs minor_time: 0.054458 major_cost: 0.058229 mutator_cost: 0.887313 throughput_goal: 0.990000 live_space: 321500768 free_space: 36700160 old_eden_size: 11534336 desired_eden_size: 11534336
AdaptiveSizeStop: collection: 26 
[PSYoungGen: 11264K->96K(22016K)] 61371K->50203K(87552K), 0.0023014 secs] [Times: user=0.00 sys=0.01, real=0.01 secs] 
Heap after GC invocations=26 (full 1):
 PSYoungGen      total 22016K, used 96K [0x00000000fe000000, 0x0000000100000000, 0x0000000100000000)
  eden space 11264K, 0% used [0x00000000fe000000,0x00000000fe000000,0x00000000feb00000)
  from space 10752K, 0% used [0x00000000feb00000,0x00000000feb18000,0x00000000ff580000)
  to   space 10752K, 0% used [0x00000000ff580000,0x00000000ff580000,0x0000000100000000)
 ParOldGen       total 65536K, used 50107K [0x00000000fa000000, 0x00000000fe000000, 0x00000000fe000000)
  object space 65536K, 76% used [0x00000000fa000000,0x00000000fd0eed08,0x00000000fe000000)
 Metaspace       used 8395K, capacity 8566K, committed 8832K, reserved 1056768K
  class space    used 741K, capacity 794K, committed 896K, reserved 1048576K
}
4.158: Total time for which application threads were stopped: 0.0024865 seconds, Stopping threads took: 0.0000151 seconds
4.197: Application time: 0.0397592 seconds
{Heap before GC invocations=27 (full 1):
 PSYoungGen      total 22016K, used 11360K [0x00000000fe000000, 0x0000000100000000, 0x0000000100000000)
  eden space 11264K, 100% used [0x00000000fe000000,0x00000000feb00000,0x00000000feb00000)
  from space 10752K, 0% used [0x00000000feb00000,0x00000000feb18000,0x00000000ff580000)
  to   space 10752K, 0% used [0x00000000ff580000,0x00000000ff580000,0x0000000100000000)
 ParOldGen       total 65536K, used 50107K [0x00000000fa000000, 0x00000000fe000000, 0x00000000fe000000)
  object space 65536K, 76% used [0x00000000fa000000,0x00000000fd0eed08,0x00000000fe000000)
 Metaspace       used 8395K, capacity 8566K, committed 8832K, reserved 1056768K
  class space    used 741K, capacity 794K, committed 896K, reserved 1048576K
TLAB: gc tlab  thread: 0x0000ffff5c04e800 [id: 2385309] desired_size: 225KB slow allocs: 0  refill waste: 3600B alloc: 0.99980    11262KB refills: 50 waste  0.0% gc: 0B slow: 1792B fast: 0B
TLAB totals: thrds: 1  refills: 50 max: 50 slow allocs: 0 max 0 waste:  0.0% gc: 0B max: 0B slow: 1792B max: 1792B fast: 0B max: 0B
4.198: [GC (Allocation Failure) GCTaskManager::set_active_gang(): all_workers_active()  1  workers 43  active  43  ParallelGCThreads 43 
JT: 1  workers 43  active  43  idle 0  more 0
4.199: [SoftReference, 0 refs, 0.0000138 secs]4.199: [WeakReference, 0 refs, 0.0000073 secs]4.199: [FinalReference, 0 refs, 0.0000069 secs]4.199: [PhantomReference, 0 refs, 0 refs, 0.0000094 secs]4.199: [JNI Weak Reference, 0.0000043 secs]AdaptiveSizePolicy::update_averages:  survived: 98304  promoted: 8192  overflow: false
AdaptiveSizeStart: 4.200 collection: 27 
  avg_survived_padded_avg: 11745934.000000  avg_promoted_padded_avg: 7639456.500000  avg_pretenured_padded_avg: 0.000000  tenuring_thresh: 1  target_size: 11010048

Desired survivor size 11010048 bytes, new threshold 1 (max 15)
PSAdaptiveSizePolicy::compute_eden_space_size limits: desired_eden_size: 13287663 old_eden_size: 11534336 eden_limit: 11534336 cur_eden: 11534336 max_eden_size: 11534336 avg_young_live: 1589782
PSAdaptiveSizePolicy::compute_eden_space_size: costs minor_time: 0.053266 major_cost: 0.058229 mutator_cost: 0.888504 throughput_goal: 0.990000 live_space: 321335072 free_space: 36700160 old_eden_size: 11534336 desired_eden_size: 11534336
AdaptiveSizeStop: collection: 27 
[PSYoungGen: 11360K->96K(22016K)] 61467K->50211K(87552K), 0.0021582 secs] [Times: user=0.01 sys=0.00, real=0.00 secs] 
Heap after GC invocations=27 (full 1):
 PSYoungGen      total 22016K, used 96K [0x00000000fe000000, 0x0000000100000000, 0x0000000100000000)
  eden space 11264K, 0% used [0x00000000fe000000,0x00000000fe000000,0x00000000feb00000)
  from space 10752K, 0% used [0x00000000ff580000,0x00000000ff598000,0x0000000100000000)
  to   space 10752K, 0% used [0x00000000feb00000,0x00000000feb00000,0x00000000ff580000)
 ParOldGen       total 65536K, used 50115K [0x00000000fa000000, 0x00000000fe000000, 0x00000000fe000000)
  object space 65536K, 76% used [0x00000000fa000000,0x00000000fd0f0d08,0x00000000fe000000)
 Metaspace       used 8395K, capacity 8566K, committed 8832K, reserved 1056768K
  class space    used 741K, capacity 794K, committed 896K, reserved 1048576K
}
4.200: Total time for which application threads were stopped: 0.0023138 seconds, Stopping threads took: 0.0000139 seconds
4.240: Application time: 0.0403077 seconds
{Heap before GC invocations=28 (full 1):
 PSYoungGen      total 22016K, used 11360K [0x00000000fe000000, 0x0000000100000000, 0x0000000100000000)
  eden space 11264K, 100% used [0x00000000fe000000,0x00000000feb00000,0x00000000feb00000)
  from space 10752K, 0% used [0x00000000ff580000,0x00000000ff598000,0x0000000100000000)
  to   space 10752K, 0% used [0x00000000feb00000,0x00000000feb00000,0x00000000ff580000)
 ParOldGen       total 65536K, used 50115K [0x00000000fa000000, 0x00000000fe000000, 0x00000000fe000000)
  object space 65536K, 76% used [0x00000000fa000000,0x00000000fd0f0d08,0x00000000fe000000)
 Metaspace       used 8395K, capacity 8566K, committed 8832K, reserved 1056768K
  class space    used 741K, capacity 794K, committed 896K, reserved 1048576K
TLAB: gc tlab  thread: 0x0000ffff5c04e800 [id: 2385309] desired_size: 225KB slow allocs: 0  refill waste: 3600B alloc: 0.99982    11262KB refills: 50 waste  0.0% gc: 0B slow: 1864B fast: 0B
TLAB totals: thrds: 1  refills: 50 max: 50 slow allocs: 0 max 0 waste:  0.0% gc: 0B max: 0B slow: 1864B max: 1864B fast: 0B max: 0B
4.240: [GC (Allocation Failure) GCTaskManager::set_active_gang(): all_workers_active()  1  workers 43  active  43  ParallelGCThreads 43 
JT: 1  workers 43  active  43  idle 0  more 0
4.241: [SoftReference, 0 refs, 0.0000128 secs]4.241: [WeakReference, 0 refs, 0.0000070 secs]4.241: [FinalReference, 0 refs, 0.0000069 secs]4.241: [PhantomReference, 0 refs, 0 refs, 0.0000094 secs]4.241: [JNI Weak Reference, 0.0000044 secs]AdaptiveSizePolicy::update_averages:  survived: 98304  promoted: 0  overflow: false
AdaptiveSizeStart: 4.242 collection: 28 
  avg_survived_padded_avg: 11207374.000000  avg_promoted_padded_avg: 7482447.500000  avg_pretenured_padded_avg: 0.000000  tenuring_thresh: 1  target_size: 11010048

Desired survivor size 11010048 bytes, new threshold 1 (max 15)
PSAdaptiveSizePolicy::compute_eden_space_size limits: desired_eden_size: 13236759 old_eden_size: 11534336 eden_limit: 11534336 cur_eden: 11534336 max_eden_size: 11534336 avg_young_live: 1440634
PSAdaptiveSizePolicy::compute_eden_space_size: costs minor_time: 0.050382 major_cost: 0.058229 mutator_cost: 0.891389 throughput_goal: 0.990000 live_space: 321185920 free_space: 36700160 old_eden_size: 11534336 desired_eden_size: 11534336
AdaptiveSizeStop: collection: 28 
[PSYoungGen: 11360K->96K(22016K)] 61475K->50211K(87552K), 0.0018269 secs] [Times: user=0.00 sys=0.00, real=0.00 secs] 
Heap after GC invocations=28 (full 1):
 PSYoungGen      total 22016K, used 96K [0x00000000fe000000, 0x0000000100000000, 0x0000000100000000)
  eden space 11264K, 0% used [0x00000000fe000000,0x00000000fe000000,0x00000000feb00000)
  from space 10752K, 0% used [0x00000000feb00000,0x00000000feb18000,0x00000000ff580000)
  to   space 10752K, 0% used [0x00000000ff580000,0x00000000ff580000,0x0000000100000000)
 ParOldGen       total 65536K, used 50115K [0x00000000fa000000, 0x00000000fe000000, 0x00000000fe000000)
  object space 65536K, 76% used [0x00000000fa000000,0x00000000fd0f0d08,0x00000000fe000000)
 Metaspace       used 8395K, capacity 8566K, committed 8832K, reserved 1056768K
  class space    used 741K, capacity 794K, committed 896K, reserved 1048576K
}
4.242: Total time for which application threads were stopped: 0.0019670 seconds, Stopping threads took: 0.0000130 seconds
4.283: Application time: 0.0406590 seconds
{Heap before GC invocations=29 (full 1):
 PSYoungGen      total 22016K, used 11360K [0x00000000fe000000, 0x0000000100000000, 0x0000000100000000)
  eden space 11264K, 100% used [0x00000000fe000000,0x00000000feb00000,0x00000000feb00000)
  from space 10752K, 0% used [0x00000000feb00000,0x00000000feb18000,0x00000000ff580000)
  to   space 10752K, 0% used [0x00000000ff580000,0x00000000ff580000,0x0000000100000000)
 ParOldGen       total 65536K, used 50115K [0x00000000fa000000, 0x00000000fe000000, 0x00000000fe000000)
  object space 65536K, 76% used [0x00000000fa000000,0x00000000fd0f0d08,0x00000000fe000000)
 Metaspace       used 8395K, capacity 8566K, committed 8832K, reserved 1056768K
  class space    used 741K, capacity 794K, committed 896K, reserved 1048576K
TLAB: gc tlab  thread: 0x0000ffff5c04e800 [id: 2385309] desired_size: 225KB slow allocs: 0  refill waste: 3600B alloc: 0.99982    11262KB refills: 50 waste  0.0% gc: 0B slow: 1696B fast: 0B
TLAB totals: thrds: 1  refills: 50 max: 50 slow allocs: 0 max 0 waste:  0.0% gc: 0B max: 0B slow: 1696B max: 1696B fast: 0B max: 0B
4.283: [GC (Allocation Failure) GCTaskManager::set_active_gang(): all_workers_active()  1  workers 43  active  43  ParallelGCThreads 43 
JT: 1  workers 43  active  43  idle 0  more 0
4.284: [SoftReference, 0 refs, 0.0000127 secs]4.284: [WeakReference, 0 refs, 0.0000071 secs]4.284: [FinalReference, 0 refs, 0.0000069 secs]4.284: [PhantomReference, 0 refs, 0 refs, 0.0000094 secs]4.284: [JNI Weak Reference, 0.0000042 secs]AdaptiveSizePolicy::update_averages:  survived: 131072  promoted: 0  overflow: false
AdaptiveSizeStart: 4.285 collection: 29 
  avg_survived_padded_avg: 10654480.000000  avg_promoted_padded_avg: 7341139.500000  avg_pretenured_padded_avg: 0.000000  tenuring_thresh: 2  target_size: 11010048

Desired survivor size 11010048 bytes, new threshold 2 (max 15)
PSAdaptiveSizePolicy::compute_eden_space_size limits: desired_eden_size: 13220884 old_eden_size: 11534336 eden_limit: 11534336 cur_eden: 11534336 max_eden_size: 11534336 avg_young_live: 1309678
PSAdaptiveSizePolicy::compute_eden_space_size: costs minor_time: 0.049513 major_cost: 0.058229 mutator_cost: 0.892258 throughput_goal: 0.990000 live_space: 321054944 free_space: 36700160 old_eden_size: 11534336 desired_eden_size: 11534336
AdaptiveSizeStop: collection: 29 
[PSYoungGen: 11360K->128K(22016K)] 61475K->50243K(87552K), 0.0020674 secs] [Times: user=0.00 sys=0.00, real=0.00 secs] 
Heap after GC invocations=29 (full 1):
 PSYoungGen      total 22016K, used 128K [0x00000000fe000000, 0x0000000100000000, 0x0000000100000000)
  eden space 11264K, 0% used [0x00000000fe000000,0x00000000fe000000,0x00000000feb00000)
  from space 10752K, 1% used [0x00000000ff580000,0x00000000ff5a0000,0x0000000100000000)
  to   space 10752K, 0% used [0x00000000feb00000,0x00000000feb00000,0x00000000ff580000)
 ParOldGen       total 65536K, used 50115K [0x00000000fa000000, 0x00000000fe000000, 0x00000000fe000000)
  object space 65536K, 76% used [0x00000000fa000000,0x00000000fd0f0d08,0x00000000fe000000)
 Metaspace       used 8395K, capacity 8566K, committed 8832K, reserved 1056768K
  class space    used 741K, capacity 794K, committed 896K, reserved 1048576K
}
4.285: Total time for which application threads were stopped: 0.0022009 seconds, Stopping threads took: 0.0000112 seconds
4.325: Application time: 0.0400044 seconds
{Heap before GC invocations=30 (full 1):
 PSYoungGen      total 22016K, used 11392K [0x00000000fe000000, 0x0000000100000000, 0x0000000100000000)
  eden space 11264K, 100% used [0x00000000fe000000,0x00000000feb00000,0x00000000feb00000)
  from space 10752K, 1% used [0x00000000ff580000,0x00000000ff5a0000,0x0000000100000000)
  to   space 10752K, 0% used [0x00000000feb00000,0x00000000feb00000,0x00000000ff580000)
 ParOldGen       total 65536K, used 50115K [0x00000000fa000000, 0x00000000fe000000, 0x00000000fe000000)
  object space 65536K, 76% used [0x00000000fa000000,0x00000000fd0f0d08,0x00000000fe000000)
 Metaspace       used 8395K, capacity 8566K, committed 8832K, reserved 1056768K
  class space    used 741K, capacity 794K, committed 896K, reserved 1048576K
TLAB: gc tlab  thread: 0x0000ffff5c04e800 [id: 2385309] desired_size: 225KB slow allocs: 0  refill waste: 3600B alloc: 0.99983    11262KB refills: 50 waste  0.0% gc: 0B slow: 2232B fast: 0B
TLAB totals: thrds: 1  refills: 50 max: 50 slow allocs: 0 max 0 waste:  0.0% gc: 0B max: 0B slow: 2232B max: 2232B fast: 0B max: 0B
4.325: [GC (Allocation Failure) GCTaskManager::set_active_gang(): all_workers_active()  1  workers 43  active  43  ParallelGCThreads 43 
JT: 1  workers 43  active  43  idle 0  more 0
4.327: [SoftReference, 0 refs, 0.0000158 secs]4.327: [WeakReference, 0 refs, 0.0000073 secs]4.327: [FinalReference, 0 refs, 0.0000068 secs]4.327: [PhantomReference, 0 refs, 0 refs, 0.0000095 secs]4.327: [JNI Weak Reference, 0.0000042 secs]AdaptiveSizePolicy::update_averages:  survived: 131072  promoted: 0  overflow: false
AdaptiveSizeStart: 4.327 collection: 30 
  avg_survived_padded_avg: 10101400.000000  avg_promoted_padded_avg: 7213962.000000  avg_pretenured_padded_avg: 0.000000  tenuring_thresh: 3  target_size: 10485760

Desired survivor size 10485760 bytes, new threshold 3 (max 15)
PSAdaptiveSizePolicy::compute_eden_space_size limits: desired_eden_size: 13213032 old_eden_size: 11534336 eden_limit: 11534336 cur_eden: 11534336 max_eden_size: 11534336 avg_young_live: 1191817
PSAdaptiveSizePolicy::compute_eden_space_size: costs minor_time: 0.049088 major_cost: 0.058229 mutator_cost: 0.892683 throughput_goal: 0.990000 live_space: 320937088 free_space: 36700160 old_eden_size: 11534336 desired_eden_size: 11534336
AdaptiveSizePolicy::survivor space sizes: collection: 30 (11010048, 11010048) -> (11010048, 10485760) 
AdaptiveSizeStop: collection: 30 
[PSYoungGen: 11392K->128K(22016K)] 61507K->50243K(87552K), 0.0020807 secs] [Times: user=0.00 sys=0.01, real=0.01 secs] 
Heap after GC invocations=30 (full 1):
 PSYoungGen      total 22016K, used 128K [0x00000000fe000000, 0x0000000100000000, 0x0000000100000000)
  eden space 11264K, 0% used [0x00000000fe000000,0x00000000fe000000,0x00000000feb00000)
  from space 10752K, 1% used [0x00000000feb00000,0x00000000feb20000,0x00000000ff580000)
  to   space 10240K, 0% used [0x00000000ff600000,0x00000000ff600000,0x0000000100000000)
 ParOldGen       total 65536K, used 50115K [0x00000000fa000000, 0x00000000fe000000, 0x00000000fe000000)
  object space 65536K, 76% used [0x00000000fa000000,0x00000000fd0f0d08,0x00000000fe000000)
 Metaspace       used 8395K, capacity 8566K, committed 8832K, reserved 1056768K
  class space    used 741K, capacity 794K, committed 896K, reserved 1048576K
}
4.327: Total time for which application threads were stopped: 0.0022225 seconds, Stopping threads took: 0.0000126 seconds
4.422: Application time: 0.0950392 seconds
{Heap before GC invocations=31 (full 1):
 PSYoungGen      total 22016K, used 11392K [0x00000000fe000000, 0x0000000100000000, 0x0000000100000000)
  eden space 11264K, 100% used [0x00000000fe000000,0x00000000feb00000,0x00000000feb00000)
  from space 10752K, 1% used [0x00000000feb00000,0x00000000feb20000,0x00000000ff580000)
  to   space 10240K, 0% used [0x00000000ff600000,0x00000000ff600000,0x0000000100000000)
 ParOldGen       total 65536K, used 50115K [0x00000000fa000000, 0x00000000fe000000, 0x00000000fe000000)
  object space 65536K, 76% used [0x00000000fa000000,0x00000000fd0f0d08,0x00000000fe000000)
 Metaspace       used 8416K, capacity 8566K, committed 8832K, reserved 1056768K
  class space    used 742K, capacity 794K, committed 896K, reserved 1048576K
TLAB: gc tlab  thread: 0x0000ffff5c745000 [id: 2385370] desired_size: 112KB slow allocs: 0  refill waste: 1800B alloc: 0.50000     5632KB refills: 1 waste 100.0% gc: 115296B slow: 0B fast: 0B
TLAB: gc tlab  thread: 0x0000ffff5c04e800 [id: 2385309] desired_size: 225KB slow allocs: 2  refill waste: 3600B alloc: 0.99982    11262KB refills: 50 waste  0.0% gc: 0B slow: 1168B fast: 272B
TLAB totals: thrds: 2  refills: 51 max: 50 slow allocs: 2 max 2 waste:  1.0% gc: 115296B max: 115296B slow: 1168B max: 1168B fast: 272B max: 272B
4.422: [GC (Allocation Failure) GCTaskManager::set_active_gang(): all_workers_active()  1  workers 43  active  43  ParallelGCThreads 43 
JT: 1  workers 43  active  43  idle 0  more 0
4.425: [SoftReference, 0 refs, 0.0000205 secs]4.425: [WeakReference, 0 refs, 0.0000075 secs]4.425: [FinalReference, 0 refs, 0.0000070 secs]4.425: [PhantomReference, 0 refs, 0 refs, 0.0000094 secs]4.425: [JNI Weak Reference, 0.0000046 secs]AdaptiveSizePolicy::update_averages:  survived: 1769488  promoted: 0  overflow: false
AdaptiveSizeStart: 4.425 collection: 31 
  avg_survived_padded_avg: 9275172.000000  avg_promoted_padded_avg: 7099502.500000  avg_pretenured_padded_avg: 0.000000  tenuring_thresh: 4  target_size: 9437184

Desired survivor size 9437184 bytes, new threshold 4 (max 15)
PSAdaptiveSizePolicy::compute_eden_space_size limits: desired_eden_size: 13121863 old_eden_size: 11534336 eden_limit: 12058624 cur_eden: 11534336 max_eden_size: 12058624 avg_young_live: 1249584
PSAdaptiveSizePolicy::compute_eden_space_size: costs minor_time: 0.044390 major_cost: 0.058229 mutator_cost: 0.897381 throughput_goal: 0.990000 live_space: 320994880 free_space: 36700160 old_eden_size: 11534336 desired_eden_size: 12058624
AdaptiveSizePolicy::survivor space sizes: collection: 31 (10485760, 11010048) -> (10485760, 9437184) 
AdaptiveSizeStop: collection: 31 
[PSYoungGen: 11392K->1728K(23552K)] 61507K->51843K(89088K), 0.0030694 secs] [Times: user=0.02 sys=0.00, real=0.00 secs] 
Heap after GC invocations=31 (full 1):
 PSYoungGen      total 23552K, used 1728K [0x00000000fe000000, 0x0000000100000000, 0x0000000100000000)
  eden space 13312K, 0% used [0x00000000fe000000,0x00000000fe000000,0x00000000fed00000)
  from space 10240K, 16% used [0x00000000ff600000,0x00000000ff7b0010,0x0000000100000000)
  to   space 9216K, 0% used [0x00000000fed00000,0x00000000fed00000,0x00000000ff600000)
 ParOldGen       total 65536K, used 50115K [0x00000000fa000000, 0x00000000fe000000, 0x00000000fe000000)
  object space 65536K, 76% used [0x00000000fa000000,0x00000000fd0f0d08,0x00000000fe000000)
 Metaspace       used 8416K, capacity 8566K, committed 8832K, reserved 1056768K
  class space    used 742K, capacity 794K, committed 896K, reserved 1048576K
}
4.426: Total time for which application threads were stopped: 0.0033326 seconds, Stopping threads took: 0.0000580 seconds
4.527: Application time: 0.1012749 seconds
{Heap before GC invocations=32 (full 1):
 PSYoungGen      total 23552K, used 15040K [0x00000000fe000000, 0x0000000100000000, 0x0000000100000000)
  eden space 13312K, 100% used [0x00000000fe000000,0x00000000fed00000,0x00000000fed00000)
  from space 10240K, 16% used [0x00000000ff600000,0x00000000ff7b0010,0x0000000100000000)
  to   space 9216K, 0% used [0x00000000fed00000,0x00000000fed00000,0x00000000ff600000)
 ParOldGen       total 65536K, used 50115K [0x00000000fa000000, 0x00000000fe000000, 0x00000000fe000000)
  object space 65536K, 76% used [0x00000000fa000000,0x00000000fd0f0d08,0x00000000fe000000)
 Metaspace       used 8425K, capacity 8566K, committed 8832K, reserved 1056768K
  class space    used 742K, capacity 794K, committed 896K, reserved 1048576K
TLAB: gc tlab  thread: 0x0000ffff5c04e800 [id: 2385309] desired_size: 265KB slow allocs: 1  refill waste: 4240B alloc: 0.99633    13263KB refills: 52 waste  0.0% gc: 0B slow: 1176B fast: 168B
TLAB totals: thrds: 1  refills: 52 max: 52 slow allocs: 1 max 1 waste:  0.0% gc: 0B max: 0B slow: 1176B max: 1176B fast: 168B max: 168B
4.527: [GC (Allocation Failure) GCTaskManager::set_active_gang(): all_workers_active()  1  workers 43  active  43  ParallelGCThreads 43 
JT: 1  workers 43  active  43  idle 0  more 0
4.530: [SoftReference, 0 refs, 0.0000168 secs]4.530: [WeakReference, 0 refs, 0.0000077 secs]4.530: [FinalReference, 0 refs, 0.0000071 secs]4.530: [PhantomReference, 0 refs, 0 refs, 0.0000095 secs]4.530: [JNI Weak Reference, 0.0000046 secs]AdaptiveSizePolicy::update_averages:  survived: 1736720  promoted: 8192  overflow: false
AdaptiveSizeStart: 4.531 collection: 32 
  avg_survived_padded_avg: 8536441.000000  avg_promoted_padded_avg: 6666296.000000  avg_pretenured_padded_avg: 0.000000  tenuring_thresh: 5  target_size: 8912896

Desired survivor size 8912896 bytes, new threshold 5 (max 15)
PSAdaptiveSizePolicy::compute_eden_space_size limits: desired_eden_size: 15379745 old_eden_size: 12058624 eden_limit: 13631488 cur_eden: 13631488 max_eden_size: 13631488 avg_young_live: 1298298
PSAdaptiveSizePolicy::compute_eden_space_size: costs minor_time: 0.041618 major_cost: 0.058229 mutator_cost: 0.900152 throughput_goal: 0.990000 live_space: 321043584 free_space: 37224448 old_eden_size: 12058624 desired_eden_size: 13631488
AdaptiveSizePolicy::survivor space sizes: collection: 32 (9437184, 10485760) -> (9437184, 8912896) 
AdaptiveSizeStop: collection: 32 
[PSYoungGen: 15040K->1696K(22528K)] 65155K->51819K(88064K), 0.0035962 secs] [Times: user=0.03 sys=0.00, real=0.00 secs] 
Heap after GC invocations=32 (full 1):
 PSYoungGen      total 22528K, used 1696K [0x00000000fe000000, 0x0000000100000000, 0x0000000100000000)
  eden space 13312K, 0% used [0x00000000fe000000,0x00000000fe000000,0x00000000fed00000)
  from space 9216K, 18% used [0x00000000fed00000,0x00000000feea8010,0x00000000ff600000)
  to   space 8704K, 0% used [0x00000000ff780000,0x00000000ff780000,0x0000000100000000)
 ParOldGen       total 65536K, used 50123K [0x00000000fa000000, 0x00000000fe000000, 0x00000000fe000000)
  object space 65536K, 76% used [0x00000000fa000000,0x00000000fd0f2d08,0x00000000fe000000)
 Metaspace       used 8425K, capacity 8566K, committed 8832K, reserved 1056768K
  class space    used 742K, capacity 794K, committed 896K, reserved 1048576K
}
4.531: Total time for which application threads were stopped: 0.0038622 seconds, Stopping threads took: 0.0000234 seconds
4.601: Application time: 0.0708000 seconds
{Heap before GC invocations=33 (full 1):
 PSYoungGen      total 22528K, used 15008K [0x00000000fe000000, 0x0000000100000000, 0x0000000100000000)
  eden space 13312K, 100% used [0x00000000fe000000,0x00000000fed00000,0x00000000fed00000)
  from space 9216K, 18% used [0x00000000fed00000,0x00000000feea8010,0x00000000ff600000)
  to   space 8704K, 0% used [0x00000000ff780000,0x00000000ff780000,0x0000000100000000)
 ParOldGen       total 65536K, used 50123K [0x00000000fa000000, 0x00000000fe000000, 0x00000000fe000000)
  object space 65536K, 76% used [0x00000000fa000000,0x00000000fd0f2d08,0x00000000fe000000)
 Metaspace       used 8425K, capacity 8566K, committed 8832K, reserved 1056768K
  class space    used 742K, capacity 794K, committed 896K, reserved 1048576K
TLAB: gc tlab  thread: 0x0000ffff5c04e800 [id: 2385309] desired_size: 265KB slow allocs: 4  refill waste: 4248B alloc: 0.99762    13280KB refills: 49 waste  0.0% gc: 0B slow: 1000B fast: 272B
TLAB totals: thrds: 1  refills: 49 max: 49 slow allocs: 4 max 4 waste:  0.0% gc: 0B max: 0B slow: 1000B max: 1000B fast: 272B max: 272B
4.602: [GC (Allocation Failure) GCTaskManager::set_active_gang(): all_workers_active()  1  workers 43  active  43  ParallelGCThreads 43 
JT: 1  workers 43  active  43  idle 0  more 0
4.606: [SoftReference, 0 refs, 0.0000183 secs]4.606: [WeakReference, 0 refs, 0.0000139 secs]4.606: [FinalReference, 0 refs, 0.0000074 secs]4.606: [PhantomReference, 0 refs, 0 refs, 0.0000097 secs]4.606: [JNI Weak Reference, 0.0000047 secs]AdaptiveSizePolicy::update_averages:  survived: 4489232  promoted: 8192  overflow: false
AdaptiveSizeStart: 4.606 collection: 33 
  avg_survived_padded_avg: 8861296.000000  avg_promoted_padded_avg: 6248818.000000  avg_pretenured_padded_avg: 0.000000  tenuring_thresh: 6  target_size: 8912896

Desired survivor size 8912896 bytes, new threshold 6 (max 15)
PSAdaptiveSizePolicy::compute_eden_space_size limits: desired_eden_size: 15507391 old_eden_size: 13631488 eden_limit: 15204352 cur_eden: 13631488 max_eden_size: 15204352 avg_young_live: 1617391
PSAdaptiveSizePolicy::compute_eden_space_size: costs minor_time: 0.047116 major_cost: 0.058229 mutator_cost: 0.894655 throughput_goal: 0.990000 live_space: 321362656 free_space: 38797312 old_eden_size: 13631488 desired_eden_size: 15204352
AdaptiveSizePolicy::survivor space sizes: collection: 33 (8912896, 9437184) -> (8912896, 8912896) 
AdaptiveSizeStop: collection: 33 
[PSYoungGen: 15008K->4384K(24064K)] 65131K->54515K(89600K), 0.0049193 secs] [Times: user=0.09 sys=0.01, real=0.01 secs] 
Heap after GC invocations=33 (full 1):
 PSYoungGen      total 24064K, used 4384K [0x00000000fe000000, 0x0000000100000000, 0x0000000100000000)
  eden space 15360K, 0% used [0x00000000fe000000,0x00000000fe000000,0x00000000fef00000)
  from space 8704K, 50% used [0x00000000ff780000,0x00000000ffbc8010,0x0000000100000000)
  to   space 8704K, 0% used [0x00000000fef00000,0x00000000fef00000,0x00000000ff780000)
 ParOldGen       total 65536K, used 50131K [0x00000000fa000000, 0x00000000fe000000, 0x00000000fe000000)
  object space 65536K, 76% used [0x00000000fa000000,0x00000000fd0f4d08,0x00000000fe000000)
 Metaspace       used 8425K, capacity 8566K, committed 8832K, reserved 1056768K
  class space    used 742K, capacity 794K, committed 896K, reserved 1048576K
}
4.607: Total time for which application threads were stopped: 0.0051264 seconds, Stopping threads took: 0.0000233 seconds
4.639: Application time: 0.0324491 seconds
{Heap before GC invocations=34 (full 1):
 PSYoungGen      total 24064K, used 19744K [0x00000000fe000000, 0x0000000100000000, 0x0000000100000000)
  eden space 15360K, 100% used [0x00000000fe000000,0x00000000fef00000,0x00000000fef00000)
  from space 8704K, 50% used [0x00000000ff780000,0x00000000ffbc8010,0x0000000100000000)
  to   space 8704K, 0% used [0x00000000fef00000,0x00000000fef00000,0x00000000ff780000)
 ParOldGen       total 65536K, used 50131K [0x00000000fa000000, 0x00000000fe000000, 0x00000000fe000000)
  object space 65536K, 76% used [0x00000000fa000000,0x00000000fd0f4d08,0x00000000fe000000)
 Metaspace       used 8425K, capacity 8566K, committed 8832K, reserved 1056768K
  class space    used 742K, capacity 794K, committed 896K, reserved 1048576K
TLAB: gc tlab  thread: 0x0000ffff5c04e800 [id: 2385309] desired_size: 306KB slow allocs: 1  refill waste: 4904B alloc: 0.99841    15336KB refills: 50 waste  0.0% gc: 0B slow: 712B fast: 592B
TLAB totals: thrds: 1  refills: 50 max: 50 slow allocs: 1 max 1 waste:  0.0% gc: 0B max: 0B slow: 712B max: 712B fast: 592B max: 592B
4.639: [GC (Allocation Failure) GCTaskManager::set_active_gang(): all_workers_active()  1  workers 43  active  43  ParallelGCThreads 43 
JT: 1  workers 43  active  43  idle 0  more 0
4.645: [SoftReference, 0 refs, 0.0000207 secs]4.645: [WeakReference, 0 refs, 0.0000074 secs]4.645: [FinalReference, 0 refs, 0.0000070 secs]4.645: [PhantomReference, 0 refs, 0 refs, 0.0000094 secs]4.645: [JNI Weak Reference, 0.0000045 secs]AdaptiveSizePolicy::update_averages:  survived: 6881296  promoted: 8192  overflow: false
AdaptiveSizeStart: 4.646 collection: 34 
  avg_survived_padded_avg: 9965771.000000  avg_promoted_padded_avg: 5848255.000000  avg_pretenured_padded_avg: 0.000000  tenuring_thresh: 5  target_size: 10485760

Desired survivor size 10485760 bytes, new threshold 5 (max 15)
PSAdaptiveSizePolicy::compute_eden_space_size limits: desired_eden_size: 18140145 old_eden_size: 15204352 eden_limit: 15728640 cur_eden: 15728640 max_eden_size: 15728640 avg_young_live: 2143782
PSAdaptiveSizePolicy::compute_eden_space_size: costs minor_time: 0.078764 major_cost: 0.058229 mutator_cost: 0.863007 throughput_goal: 0.990000 live_space: 321889056 free_space: 40370176 old_eden_size: 15204352 desired_eden_size: 15728640
AdaptiveSizePolicy::survivor space sizes: collection: 34 (8912896, 8912896) -> (7340032, 10485760) 
AdaptiveSizeStop: collection: 34 
[PSYoungGen: 19744K->6720K(22528K)] 69875K->56859K(88064K), 0.0069796 secs] [Times: user=0.15 sys=0.00, real=0.01 secs] 
Heap after GC invocations=34 (full 1):
 PSYoungGen      total 22528K, used 6720K [0x00000000fe000000, 0x0000000100000000, 0x0000000100000000)
  eden space 15360K, 0% used [0x00000000fe000000,0x00000000fe000000,0x00000000fef00000)
  from space 7168K, 93% used [0x00000000fef00000,0x00000000ff590010,0x00000000ff600000)
  to   space 10240K, 0% used [0x00000000ff600000,0x00000000ff600000,0x0000000100000000)
 ParOldGen       total 65536K, used 50139K [0x00000000fa000000, 0x00000000fe000000, 0x00000000fe000000)
  object space 65536K, 76% used [0x00000000fa000000,0x00000000fd0f6d08,0x00000000fe000000)
 Metaspace       used 8425K, capacity 8566K, committed 8832K, reserved 1056768K
  class space    used 742K, capacity 794K, committed 896K, reserved 1048576K
}
4.646: Total time for which application threads were stopped: 0.0071830 seconds, Stopping threads took: 0.0000205 seconds
4.677: Application time: 0.0305455 seconds
{Heap before GC invocations=35 (full 1):
 PSYoungGen      total 22528K, used 22080K [0x00000000fe000000, 0x0000000100000000, 0x0000000100000000)
  eden space 15360K, 100% used [0x00000000fe000000,0x00000000fef00000,0x00000000fef00000)
  from space 7168K, 93% used [0x00000000fef00000,0x00000000ff590010,0x00000000ff600000)
  to   space 10240K, 0% used [0x00000000ff600000,0x00000000ff600000,0x0000000100000000)
 ParOldGen       total 65536K, used 50139K [0x00000000fa000000, 0x00000000fe000000, 0x00000000fe000000)
  object space 65536K, 76% used [0x00000000fa000000,0x00000000fd0f6d08,0x00000000fe000000)
 Metaspace       used 8425K, capacity 8566K, committed 8832K, reserved 1056768K
  class space    used 742K, capacity 794K, committed 896K, reserved 1048576K
TLAB: gc tlab  thread: 0x0000ffff5c04e800 [id: 2385309] desired_size: 306KB slow allocs: 0  refill waste: 4904B alloc: 0.99897    15344KB refills: 51 waste  0.0% gc: 0B slow: 928B fast: 320B
TLAB totals: thrds: 1  refills: 51 max: 51 slow allocs: 0 max 0 waste:  0.0% gc: 0B max: 0B slow: 928B max: 928B fast: 320B max: 320B
4.677: [GC (Allocation Failure) GCTaskManager::set_active_gang(): all_workers_active()  1  workers 43  active  43  ParallelGCThreads 43 
JT: 1  workers 43  active  43  idle 0  more 0
4.684: [SoftReference, 0 refs, 0.0000261 secs]4.684: [WeakReference, 0 refs, 0.0000075 secs]4.684: [FinalReference, 0 refs, 0.0000069 secs]4.684: [PhantomReference, 0 refs, 0 refs, 0.0000095 secs]4.684: [JNI Weak Reference, 0.0000048 secs]AdaptiveSizePolicy::update_averages:  survived: 7176208  promoted: 0  overflow: false
AdaptiveSizeStart: 4.685 collection: 35 
  avg_survived_padded_avg: 10938669.000000  avg_promoted_padded_avg: 5772936.000000  avg_pretenured_padded_avg: 0.000000  tenuring_thresh: 4  target_size: 11010048

Desired survivor size 11010048 bytes, new threshold 4 (max 15)
PSAdaptiveSizePolicy::compute_eden_space_size limits: desired_eden_size: 18461105 old_eden_size: 15728640 eden_limit: 15728640 cur_eden: 15728640 max_eden_size: 15728640 avg_young_live: 2647024
PSAdaptiveSizePolicy::compute_eden_space_size: costs minor_time: 0.108842 major_cost: 0.058229 mutator_cost: 0.832928 throughput_goal: 0.990000 live_space: 322392320 free_space: 40894464 old_eden_size: 15728640 desired_eden_size: 15728640
AdaptiveSizePolicy::survivor space sizes: collection: 35 (10485760, 7340032) -> (10485760, 11010048) 
AdaptiveSizeStop: collection: 35 
[PSYoungGen: 22080K->7008K(21504K)] 72219K->57147K(87040K), 0.0077660 secs] [Times: user=0.12 sys=0.00, real=0.00 secs] 
Heap after GC invocations=35 (full 1):
 PSYoungGen      total 21504K, used 7008K [0x00000000fe000000, 0x0000000100000000, 0x0000000100000000)
  eden space 11264K, 0% used [0x00000000fe000000,0x00000000fe000000,0x00000000feb00000)
  from space 10240K, 68% used [0x00000000ff600000,0x00000000ffcd8010,0x0000000100000000)
  to   space 10752K, 0% used [0x00000000feb00000,0x00000000feb00000,0x00000000ff580000)
 ParOldGen       total 65536K, used 50139K [0x00000000fa000000, 0x00000000fe000000, 0x00000000fe000000)
  object space 65536K, 76% used [0x00000000fa000000,0x00000000fd0f6d08,0x00000000fe000000)
 Metaspace       used 8425K, capacity 8566K, committed 8832K, reserved 1056768K
  class space    used 742K, capacity 794K, committed 896K, reserved 1048576K
}
4.685: Total time for which application threads were stopped: 0.0079770 seconds, Stopping threads took: 0.0000211 seconds
4.707: Application time: 0.0222001 seconds
{Heap before GC invocations=36 (full 1):
 PSYoungGen      total 21504K, used 18272K [0x00000000fe000000, 0x0000000100000000, 0x0000000100000000)
  eden space 11264K, 100% used [0x00000000fe000000,0x00000000feb00000,0x00000000feb00000)
  from space 10240K, 68% used [0x00000000ff600000,0x00000000ffcd8010,0x0000000100000000)
  to   space 10752K, 0% used [0x00000000feb00000,0x00000000feb00000,0x00000000ff580000)
 ParOldGen       total 65536K, used 50139K [0x00000000fa000000, 0x00000000fe000000, 0x00000000fe000000)
  object space 65536K, 76% used [0x00000000fa000000,0x00000000fd0f6d08,0x00000000fe000000)
 Metaspace       used 8425K, capacity 8566K, committed 8832K, reserved 1056768K
  class space    used 742K, capacity 794K, committed 896K, reserved 1048576K
TLAB: gc tlab  thread: 0x0000ffff5c04e800 [id: 2385309] desired_size: 225KB slow allocs: 0  refill waste: 3600B alloc: 0.99929    11256KB refills: 53 waste  0.0% gc: 0B slow: 712B fast: 344B
TLAB totals: thrds: 1  refills: 53 max: 53 slow allocs: 0 max 0 waste:  0.0% gc: 0B max: 0B slow: 712B max: 712B fast: 344B max: 344B
4.707: [GC (Allocation Failure) GCTaskManager::set_active_gang(): all_workers_active()  1  workers 43  active  43  ParallelGCThreads 43 
JT: 1  workers 43  active  43  idle 0  more 0
4.714: [SoftReference, 0 refs, 0.0000222 secs]4.714: [WeakReference, 0 refs, 0.0000074 secs]4.714: [FinalReference, 0 refs, 0.0000071 secs]4.714: [PhantomReference, 0 refs, 0 refs, 0.0000094 secs]4.714: [JNI Weak Reference, 0.0000046 secs]AdaptiveSizePolicy::update_averages:  survived: 6881296  promoted: 679936  overflow: false
AdaptiveSizeStart: 4.714 collection: 36 
  avg_survived_padded_avg: 11579974.000000  avg_promoted_padded_avg: 5264193.500000  avg_pretenured_padded_avg: 0.000000  tenuring_thresh: 3  target_size: 11010048

Desired survivor size 11010048 bytes, new threshold 3 (max 15)
PSAdaptiveSizePolicy::compute_eden_space_size limits: desired_eden_size: 13762955 old_eden_size: 15728640 eden_limit: 12058624 cur_eden: 11534336 max_eden_size: 12058624 avg_young_live: 3070452
PSAdaptiveSizePolicy::compute_eden_space_size: costs minor_time: 0.141500 major_cost: 0.058229 mutator_cost: 0.800270 throughput_goal: 0.990000 live_space: 322815744 free_space: 40894464 old_eden_size: 15728640 desired_eden_size: 12058624
AdaptiveSizePolicy::survivor space sizes: collection: 36 (11010048, 10485760) -> (11010048, 11010048) 
AdaptiveSizeStop: collection: 36 
[PSYoungGen: 18272K->6720K(22016K)] 68411K->57523K(87552K), 0.0071868 secs] [Times: user=0.14 sys=0.01, real=0.00 secs] 
Heap after GC invocations=36 (full 1):
 PSYoungGen      total 22016K, used 6720K [0x00000000fe000000, 0x0000000100000000, 0x0000000100000000)
  eden space 11264K, 0% used [0x00000000fe000000,0x00000000fe000000,0x00000000feb00000)
  from space 10752K, 62% used [0x00000000feb00000,0x00000000ff190010,0x00000000ff580000)
  to   space 10752K, 0% used [0x00000000ff580000,0x00000000ff580000,0x0000000100000000)
 ParOldGen       total 65536K, used 50803K [0x00000000fa000000, 0x00000000fe000000, 0x00000000fe000000)
  object space 65536K, 77% used [0x00000000fa000000,0x00000000fd19cd08,0x00000000fe000000)
 Metaspace       used 8425K, capacity 8566K, committed 8832K, reserved 1056768K
  class space    used 742K, capacity 794K, committed 896K, reserved 1048576K
}
4.714: Total time for which application threads were stopped: 0.0073805 seconds, Stopping threads took: 0.0000211 seconds
4.736: Application time: 0.0214835 seconds
{Heap before GC invocations=37 (full 1):
 PSYoungGen      total 22016K, used 17984K [0x00000000fe000000, 0x0000000100000000, 0x0000000100000000)
  eden space 11264K, 100% used [0x00000000fe000000,0x00000000feb00000,0x00000000feb00000)
  from space 10752K, 62% used [0x00000000feb00000,0x00000000ff190010,0x00000000ff580000)
  to   space 10752K, 0% used [0x00000000ff580000,0x00000000ff580000,0x0000000100000000)
 ParOldGen       total 65536K, used 50803K [0x00000000fa000000, 0x00000000fe000000, 0x00000000fe000000)
  object space 65536K, 77% used [0x00000000fa000000,0x00000000fd19cd08,0x00000000fe000000)
 Metaspace       used 8425K, capacity 8566K, committed 8832K, reserved 1056768K
  class space    used 742K, capacity 794K, committed 896K, reserved 1048576K
TLAB: gc tlab  thread: 0x0000ffff5c04e800 [id: 2385309] desired_size: 225KB slow allocs: 0  refill waste: 3600B alloc: 0.99954    11259KB refills: 51 waste  0.0% gc: 0B slow: 792B fast: 336B
TLAB totals: thrds: 1  refills: 51 max: 51 slow allocs: 0 max 0 waste:  0.0% gc: 0B max: 0B slow: 792B max: 792B fast: 336B max: 336B
4.736: [GC (Allocation Failure) GCTaskManager::set_active_gang(): all_workers_active()  1  workers 43  active  43  ParallelGCThreads 43 
JT: 1  workers 43  active  43  idle 0  more 0
4.742: [SoftReference, 0 refs, 0.0000263 secs]4.742: [WeakReference, 0 refs, 0.0000074 secs]4.742: [FinalReference, 0 refs, 0.0000068 secs]4.742: [PhantomReference, 0 refs, 0 refs, 0.0000097 secs]4.742: [JNI Weak Reference, 0.0000046 secs]AdaptiveSizePolicy::update_averages:  survived: 851968  promoted: 5898256  overflow: false
AdaptiveSizeStart: 4.743 collection: 37 
  avg_survived_padded_avg: 11192753.000000  avg_promoted_padded_avg: 6737048.000000  avg_pretenured_padded_avg: 0.000000  tenuring_thresh: 2  target_size: 11010048

Desired survivor size 11010048 bytes, new threshold 2 (max 15)
PSAdaptiveSizePolicy::compute_eden_space_size limits: desired_eden_size: 13866107 old_eden_size: 12058624 eden_limit: 11534336 cur_eden: 11534336 max_eden_size: 11534336 avg_young_live: 2848603
PSAdaptiveSizePolicy::compute_eden_space_size: costs minor_time: 0.166812 major_cost: 0.058229 mutator_cost: 0.774959 throughput_goal: 0.990000 live_space: 322593888 free_space: 37224448 old_eden_size: 12058624 desired_eden_size: 11534336
AdaptiveSizeStop: collection: 37 
[PSYoungGen: 17984K->832K(22016K)] 68787K->57395K(87552K), 0.0071205 secs] [Times: user=0.11 sys=0.01, real=0.01 secs] 
Heap after GC invocations=37 (full 1):
 PSYoungGen      total 22016K, used 832K [0x00000000fe000000, 0x0000000100000000, 0x0000000100000000)
  eden space 11264K, 0% used [0x00000000fe000000,0x00000000fe000000,0x00000000feb00000)
  from space 10752K, 7% used [0x00000000ff580000,0x00000000ff650000,0x0000000100000000)
  to   space 10752K, 0% used [0x00000000feb00000,0x00000000feb00000,0x00000000ff580000)
 ParOldGen       total 65536K, used 56563K [0x00000000fa000000, 0x00000000fe000000, 0x00000000fe000000)
  object space 65536K, 86% used [0x00000000fa000000,0x00000000fd73cd18,0x00000000fe000000)
 Metaspace       used 8425K, capacity 8566K, committed 8832K, reserved 1056768K
  class space    used 742K, capacity 794K, committed 896K, reserved 1048576K
}
4.743: Total time for which application threads were stopped: 0.0073046 seconds, Stopping threads took: 0.0000202 seconds
4.765: Application time: 0.0223800 seconds
{Heap before GC invocations=38 (full 1):
 PSYoungGen      total 22016K, used 12096K [0x00000000fe000000, 0x0000000100000000, 0x0000000100000000)
  eden space 11264K, 100% used [0x00000000fe000000,0x00000000feb00000,0x00000000feb00000)
  from space 10752K, 7% used [0x00000000ff580000,0x00000000ff650000,0x0000000100000000)
  to   space 10752K, 0% used [0x00000000feb00000,0x00000000feb00000,0x00000000ff580000)
 ParOldGen       total 65536K, used 56563K [0x00000000fa000000, 0x00000000fe000000, 0x00000000fe000000)
  object space 65536K, 86% used [0x00000000fa000000,0x00000000fd73cd18,0x00000000fe000000)
 Metaspace       used 8425K, capacity 8566K, committed 8832K, reserved 1056768K
  class space    used 742K, capacity 794K, committed 896K, reserved 1048576K
TLAB: gc tlab  thread: 0x0000ffff5c04e800 [id: 2385309] desired_size: 225KB slow allocs: 0  refill waste: 3600B alloc: 0.99966    11260KB refills: 51 waste  0.0% gc: 0B slow: 736B fast: 512B
TLAB totals: thrds: 1  refills: 51 max: 51 slow allocs: 0 max 0 waste:  0.0% gc: 0B max: 0B slow: 736B max: 736B fast: 512B max: 512B
4.766: [GC (Allocation Failure) GCTaskManager::set_active_gang(): all_workers_active()  1  workers 43  active  43  ParallelGCThreads 43 
JT: 1  workers 43  active  43  idle 0  more 0
4.768: [SoftReference, 0 refs, 0.0000325 secs]4.768: [WeakReference, 0 refs, 0.0000077 secs]4.768: [FinalReference, 0 refs, 0.0000071 secs]4.768: [PhantomReference, 0 refs, 0 refs, 0.0000097 secs]4.768: [JNI Weak Reference, 0.0000058 secs]AdaptiveSizePolicy::update_averages:  survived: 851968  promoted: 565248  overflow: false
AdaptiveSizeStart: 4.769 collection: 38 
  avg_survived_padded_avg: 10775696.000000  avg_promoted_padded_avg: 6291276.500000  avg_pretenured_padded_avg: 0.000000  tenuring_thresh: 1  target_size: 11010048

Desired survivor size 11010048 bytes, new threshold 1 (max 15)
PSAdaptiveSizePolicy::compute_eden_space_size limits: desired_eden_size: 13815764 old_eden_size: 11534336 eden_limit: 11534336 cur_eden: 11534336 max_eden_size: 11534336 avg_young_live: 2648940
PSAdaptiveSizePolicy::compute_eden_space_size: costs minor_time: 0.153704 major_cost: 0.058229 mutator_cost: 0.788067 throughput_goal: 0.990000 live_space: 322394208 free_space: 36700160 old_eden_size: 11534336 desired_eden_size: 11534336
AdaptiveSizeStop: collection: 38 
[PSYoungGen: 12096K->832K(22016K)] 68659K->57947K(87552K), 0.0030240 secs] [Times: user=0.05 sys=0.00, real=0.01 secs] 
Heap after GC invocations=38 (full 1):
 PSYoungGen      total 22016K, used 832K [0x00000000fe000000, 0x0000000100000000, 0x0000000100000000)
  eden space 11264K, 0% used [0x00000000fe000000,0x00000000fe000000,0x00000000feb00000)
  from space 10752K, 7% used [0x00000000feb00000,0x00000000febd0000,0x00000000ff580000)
  to   space 10752K, 0% used [0x00000000ff580000,0x00000000ff580000,0x0000000100000000)
 ParOldGen       total 65536K, used 57115K [0x00000000fa000000, 0x00000000fe000000, 0x00000000fe000000)
  object space 65536K, 87% used [0x00000000fa000000,0x00000000fd7c6d18,0x00000000fe000000)
 Metaspace       used 8425K, capacity 8566K, committed 8832K, reserved 1056768K
  class space    used 742K, capacity 794K, committed 896K, reserved 1048576K
}
4.769: Total time for which application threads were stopped: 0.0032269 seconds, Stopping threads took: 0.0000230 seconds
4.791: Application time: 0.0226908 seconds
{Heap before GC invocations=39 (full 1):
 PSYoungGen      total 22016K, used 12096K [0x00000000fe000000, 0x0000000100000000, 0x0000000100000000)
  eden space 11264K, 100% used [0x00000000fe000000,0x00000000feb00000,0x00000000feb00000)
  from space 10752K, 7% used [0x00000000feb00000,0x00000000febd0000,0x00000000ff580000)
  to   space 10752K, 0% used [0x00000000ff580000,0x00000000ff580000,0x0000000100000000)
 ParOldGen       total 65536K, used 57115K [0x00000000fa000000, 0x00000000fe000000, 0x00000000fe000000)
  object space 65536K, 87% used [0x00000000fa000000,0x00000000fd7c6d18,0x00000000fe000000)
 Metaspace       used 8425K, capacity 8566K, committed 8832K, reserved 1056768K
  class space    used 742K, capacity 794K, committed 896K, reserved 1048576K
TLAB: gc tlab  thread: 0x0000ffff5c04e800 [id: 2385309] desired_size: 225KB slow allocs: 0  refill waste: 3600B alloc: 0.99973    11261KB refills: 51 waste  0.0% gc: 0B slow: 992B fast: 128B
TLAB totals: thrds: 1  refills: 51 max: 51 slow allocs: 0 max 0 waste:  0.0% gc: 0B max: 0B slow: 992B max: 992B fast: 128B max: 128B
4.792: [GC (Allocation Failure) GCTaskManager::set_active_gang(): all_workers_active()  1  workers 43  active  43  ParallelGCThreads 43 
JT: 1  workers 43  active  43  idle 0  more 0
4.793: [SoftReference, 0 refs, 0.0000167 secs]4.793: [WeakReference, 0 refs, 0.0000074 secs]4.793: [FinalReference, 0 refs, 0.0000070 secs]4.793: [PhantomReference, 0 refs, 0 refs, 0.0000095 secs]4.793: [JNI Weak Reference, 0.0000044 secs]AdaptiveSizePolicy::update_averages:  survived: 786432  promoted: 335872  overflow: false
AdaptiveSizeStart: 4.794 collection: 39 
  avg_survived_padded_avg: 10349785.000000  avg_promoted_padded_avg: 5911935.000000  avg_pretenured_padded_avg: 0.000000  tenuring_thresh: 1  target_size: 10485760

Desired survivor size 10485760 bytes, new threshold 1 (max 15)
PSAdaptiveSizePolicy::compute_eden_space_size limits: desired_eden_size: 13746289 old_eden_size: 11534336 eden_limit: 11534336 cur_eden: 11534336 max_eden_size: 11534336 avg_young_live: 2462689
PSAdaptiveSizePolicy::compute_eden_space_size: costs minor_time: 0.137936 major_cost: 0.058229 mutator_cost: 0.803835 throughput_goal: 0.990000 live_space: 322207968 free_space: 36700160 old_eden_size: 11534336 desired_eden_size: 11534336
AdaptiveSizePolicy::survivor space sizes: collection: 39 (11010048, 11010048) -> (11010048, 10485760) 
AdaptiveSizeStop: collection: 39 
[PSYoungGen: 12096K->768K(22528K)] 69211K->58211K(88064K), 0.0023791 secs] [Times: user=0.01 sys=0.00, real=0.00 secs] 
Heap after GC invocations=39 (full 1):
 PSYoungGen      total 22528K, used 768K [0x00000000fe000000, 0x0000000100000000, 0x0000000100000000)
  eden space 11776K, 0% used [0x00000000fe000000,0x00000000fe000000,0x00000000feb80000)
  from space 10752K, 7% used [0x00000000ff580000,0x00000000ff640000,0x0000000100000000)
  to   space 10240K, 0% used [0x00000000feb80000,0x00000000feb80000,0x00000000ff580000)
 ParOldGen       total 65536K, used 57443K [0x00000000fa000000, 0x00000000fe000000, 0x00000000fe000000)
  object space 65536K, 87% used [0x00000000fa000000,0x00000000fd818d18,0x00000000fe000000)
 Metaspace       used 8425K, capacity 8566K, committed 8832K, reserved 1056768K
  class space    used 742K, capacity 794K, committed 896K, reserved 1048576K
}
4.794: Total time for which application threads were stopped: 0.0025619 seconds, Stopping threads took: 0.0000212 seconds
4.817: Application time: 0.0230545 seconds
{Heap before GC invocations=40 (full 1):
 PSYoungGen      total 22528K, used 12544K [0x00000000fe000000, 0x0000000100000000, 0x0000000100000000)
  eden space 11776K, 100% used [0x00000000fe000000,0x00000000feb80000,0x00000000feb80000)
  from space 10752K, 7% used [0x00000000ff580000,0x00000000ff640000,0x0000000100000000)
  to   space 10240K, 0% used [0x00000000feb80000,0x00000000feb80000,0x00000000ff580000)
 ParOldGen       total 65536K, used 57443K [0x00000000fa000000, 0x00000000fe000000, 0x00000000fe000000)
  object space 65536K, 87% used [0x00000000fa000000,0x00000000fd818d18,0x00000000fe000000)
 Metaspace       used 8425K, capacity 8566K, committed 8832K, reserved 1056768K
  class space    used 742K, capacity 794K, committed 896K, reserved 1048576K
TLAB: gc tlab  thread: 0x0000ffff5c04e800 [id: 2385309] desired_size: 235KB slow allocs: 0  refill waste: 3760B alloc: 0.99978    11773KB refills: 51 waste  0.0% gc: 0B slow: 1656B fast: 64B
TLAB totals: thrds: 1  refills: 51 max: 51 slow allocs: 0 max 0 waste:  0.0% gc: 0B max: 0B slow: 1656B max: 1656B fast: 64B max: 64B
4.817: [GC (Allocation Failure) GCTaskManager::set_active_gang(): all_workers_active()  1  workers 43  active  43  ParallelGCThreads 43 
JT: 1  workers 43  active  43  idle 0  more 0
4.819: [SoftReference, 0 refs, 0.0000192 secs]4.819: [WeakReference, 0 refs, 0.0000074 secs]4.819: [FinalReference, 0 refs, 0.0000069 secs]4.819: [PhantomReference, 0 refs, 0 refs, 0.0000095 secs]4.819: [JNI Weak Reference, 0.0000048 secs]AdaptiveSizePolicy::update_averages:  survived: 950272  promoted: 376832  overflow: false
AdaptiveSizeStart: 4.820 collection: 40 
  avg_survived_padded_avg: 9881310.000000  avg_promoted_padded_avg: 5541945.000000  avg_pretenured_padded_avg: 0.000000  tenuring_thresh: 1  target_size: 9961472

Desired survivor size 9961472 bytes, new threshold 1 (max 15)
PSAdaptiveSizePolicy::compute_eden_space_size limits: desired_eden_size: 14218774 old_eden_size: 11534336 eden_limit: 12058624 cur_eden: 12058624 max_eden_size: 12058624 avg_young_live: 2311447
PSAdaptiveSizePolicy::compute_eden_space_size: costs minor_time: 0.127625 major_cost: 0.058229 mutator_cost: 0.814146 throughput_goal: 0.990000 live_space: 322056736 free_space: 36700160 old_eden_size: 11534336 desired_eden_size: 12058624
AdaptiveSizePolicy::survivor space sizes: collection: 40 (10485760, 11010048) -> (10485760, 9961472) 
AdaptiveSizeStop: collection: 40 
[PSYoungGen: 12544K->928K(22016K)] 69987K->58739K(87552K), 0.0025847 secs] [Times: user=0.02 sys=0.00, real=0.00 secs] 
Heap after GC invocations=40 (full 1):
 PSYoungGen      total 22016K, used 928K [0x00000000fe000000, 0x0000000100000000, 0x0000000100000000)
  eden space 11776K, 0% used [0x00000000fe000000,0x00000000fe000000,0x00000000feb80000)
  from space 10240K, 9% used [0x00000000feb80000,0x00000000fec68000,0x00000000ff580000)
  to   space 9728K, 0% used [0x00000000ff680000,0x00000000ff680000,0x0000000100000000)
 ParOldGen       total 65536K, used 57811K [0x00000000fa000000, 0x00000000fe000000, 0x00000000fe000000)
  object space 65536K, 88% used [0x00000000fa000000,0x00000000fd874d18,0x00000000fe000000)
 Metaspace       used 8425K, capacity 8566K, committed 8832K, reserved 1056768K
  class space    used 742K, capacity 794K, committed 896K, reserved 1048576K
}
4.820: Total time for which application threads were stopped: 0.0027656 seconds, Stopping threads took: 0.0000210 seconds
4.843: Application time: 0.0234333 seconds
{Heap before GC invocations=41 (full 1):
 PSYoungGen      total 22016K, used 12704K [0x00000000fe000000, 0x0000000100000000, 0x0000000100000000)
  eden space 11776K, 100% used [0x00000000fe000000,0x00000000feb80000,0x00000000feb80000)
  from space 10240K, 9% used [0x00000000feb80000,0x00000000fec68000,0x00000000ff580000)
  to   space 9728K, 0% used [0x00000000ff680000,0x00000000ff680000,0x0000000100000000)
 ParOldGen       total 65536K, used 57811K [0x00000000fa000000, 0x00000000fe000000, 0x00000000fe000000)
  object space 65536K, 88% used [0x00000000fa000000,0x00000000fd874d18,0x00000000fe000000)
 Metaspace       used 8425K, capacity 8566K, committed 8832K, reserved 1056768K
  class space    used 742K, capacity 794K, committed 896K, reserved 1048576K
TLAB: gc tlab  thread: 0x0000ffff5c04e800 [id: 2385309] desired_size: 235KB slow allocs: 0  refill waste: 3760B alloc: 0.99980    11774KB refills: 53 waste  0.0% gc: 0B slow: 520B fast: 312B
TLAB totals: thrds: 1  refills: 53 max: 53 slow allocs: 0 max 0 waste:  0.0% gc: 0B max: 0B slow: 520B max: 520B fast: 312B max: 312B
4.843: [GC (Allocation Failure) GCTaskManager::set_active_gang(): all_workers_active()  1  workers 43  active  43  ParallelGCThreads 43 
JT: 1  workers 43  active  43  idle 0  more 0
4.846: [SoftReference, 0 refs, 0.0000171 secs]4.846: [WeakReference, 0 refs, 0.0000073 secs]4.846: [FinalReference, 0 refs, 0.0000071 secs]4.846: [PhantomReference, 0 refs, 0 refs, 0.0000095 secs]4.846: [JNI Weak Reference, 0.0000047 secs]AdaptiveSizePolicy::update_averages:  survived: 819200  promoted: 417792  overflow: false
AdaptiveSizeStart: 4.846 collection: 41 
  avg_survived_padded_avg: 9434818.000000  avg_promoted_padded_avg: 5183638.500000  avg_pretenured_padded_avg: 0.000000  tenuring_thresh: 1  target_size: 9437184

Desired survivor size 9437184 bytes, new threshold 1 (max 15)
PSAdaptiveSizePolicy::compute_eden_space_size limits: desired_eden_size: 14189416 old_eden_size: 12058624 eden_limit: 13107200 cur_eden: 12058624 max_eden_size: 13107200 avg_young_live: 2162222
PSAdaptiveSizePolicy::compute_eden_space_size: costs minor_time: 0.122249 major_cost: 0.058229 mutator_cost: 0.819522 throughput_goal: 0.990000 live_space: 321907488 free_space: 37224448 old_eden_size: 12058624 desired_eden_size: 13107200
AdaptiveSizePolicy::survivor space sizes: collection: 41 (9961472, 10485760) -> (9961472, 9437184) 
AdaptiveSizeStop: collection: 41 
[PSYoungGen: 12704K->800K(23552K)] 70515K->59019K(89088K), 0.0029020 secs] [Times: user=0.04 sys=0.01, real=0.01 secs] 
Heap after GC invocations=41 (full 1):
 PSYoungGen      total 23552K, used 800K [0x00000000fe000000, 0x0000000100000000, 0x0000000100000000)
  eden space 13824K, 0% used [0x00000000fe000000,0x00000000fe000000,0x00000000fed80000)
  from space 9728K, 8% used [0x00000000ff680000,0x00000000ff748000,0x0000000100000000)
  to   space 9216K, 0% used [0x00000000fed80000,0x00000000fed80000,0x00000000ff680000)
 ParOldGen       total 65536K, used 58219K [0x00000000fa000000, 0x00000000fe000000, 0x00000000fe000000)
  object space 65536K, 88% used [0x00000000fa000000,0x00000000fd8dad18,0x00000000fe000000)
 Metaspace       used 8425K, capacity 8566K, committed 8832K, reserved 1056768K
  class space    used 742K, capacity 794K, committed 896K, reserved 1048576K
}
4.846: Total time for which application threads were stopped: 0.0030939 seconds, Stopping threads took: 0.0000196 seconds
4.874: Application time: 0.0274876 seconds
{Heap before GC invocations=42 (full 1):
 PSYoungGen      total 23552K, used 14624K [0x00000000fe000000, 0x0000000100000000, 0x0000000100000000)
  eden space 13824K, 100% used [0x00000000fe000000,0x00000000fed80000,0x00000000fed80000)
  from space 9728K, 8% used [0x00000000ff680000,0x00000000ff748000,0x0000000100000000)
  to   space 9216K, 0% used [0x00000000fed80000,0x00000000fed80000,0x00000000ff680000)
 ParOldGen       total 65536K, used 58219K [0x00000000fa000000, 0x00000000fe000000, 0x00000000fe000000)
  object space 65536K, 88% used [0x00000000fa000000,0x00000000fd8dad18,0x00000000fe000000)
 Metaspace       used 8425K, capacity 8566K, committed 8832K, reserved 1056768K
  class space    used 742K, capacity 794K, committed 896K, reserved 1048576K
TLAB: gc tlab  thread: 0x0000ffff5c04e800 [id: 2385309] desired_size: 276KB slow allocs: 0  refill waste: 4416B alloc: 0.99987    13822KB refills: 52 waste  0.0% gc: 0B slow: 840B fast: 304B
TLAB totals: thrds: 1  refills: 52 max: 52 slow allocs: 0 max 0 waste:  0.0% gc: 0B max: 0B slow: 840B max: 840B fast: 304B max: 304B
4.874: [GC (Allocation Failure) GCTaskManager::set_active_gang(): all_workers_active()  1  workers 43  active  43  ParallelGCThreads 43 
JT: 1  workers 43  active  43  idle 0  more 0
4.876: [SoftReference, 0 refs, 0.0000245 secs]4.876: [WeakReference, 0 refs, 0.0000074 secs]4.876: [FinalReference, 0 refs, 0.0000072 secs]4.876: [PhantomReference, 0 refs, 0 refs, 0.0000095 secs]4.876: [JNI Weak Reference, 0.0000045 secs]AdaptiveSizePolicy::update_averages:  survived: 917504  promoted: 425984  overflow: false
AdaptiveSizeStart: 4.877 collection: 42 
  avg_survived_padded_avg: 8970291.000000  avg_promoted_padded_avg: 4844359.000000  avg_pretenured_padded_avg: 0.000000  tenuring_thresh: 1  target_size: 9437184

Desired survivor size 9437184 bytes, new threshold 1 (max 15)
PSAdaptiveSizePolicy::compute_eden_space_size limits: desired_eden_size: 16245078 old_eden_size: 13107200 eden_limit: 14155776 cur_eden: 14155776 max_eden_size: 14155776 avg_young_live: 2037750
PSAdaptiveSizePolicy::compute_eden_space_size: costs minor_time: 0.115161 major_cost: 0.058229 mutator_cost: 0.826610 throughput_goal: 0.990000 live_space: 321783040 free_space: 38273024 old_eden_size: 13107200 desired_eden_size: 14155776
AdaptiveSizePolicy::survivor space sizes: collection: 42 (9437184, 9961472) -> (9437184, 9437184) 
AdaptiveSizeStop: collection: 42 
[PSYoungGen: 14624K->896K(23040K)] 72843K->59531K(88576K), 0.0029626 secs] [Times: user=0.04 sys=0.01, real=0.01 secs] 
Heap after GC invocations=42 (full 1):
 PSYoungGen      total 23040K, used 896K [0x00000000fe000000, 0x0000000100000000, 0x0000000100000000)
  eden space 13824K, 0% used [0x00000000fe000000,0x00000000fe000000,0x00000000fed80000)
  from space 9216K, 9% used [0x00000000fed80000,0x00000000fee60000,0x00000000ff680000)
  to   space 9216K, 0% used [0x00000000ff700000,0x00000000ff700000,0x0000000100000000)
 ParOldGen       total 65536K, used 58635K [0x00000000fa000000, 0x00000000fe000000, 0x00000000fe000000)
  object space 65536K, 89% used [0x00000000fa000000,0x00000000fd942d18,0x00000000fe000000)
 Metaspace       used 8425K, capacity 8566K, committed 8832K, reserved 1056768K
  class space    used 742K, capacity 794K, committed 896K, reserved 1048576K
}
4.877: Total time for which application threads were stopped: 0.0031505 seconds, Stopping threads took: 0.0000215 seconds
4.905: Application time: 0.0277089 seconds
{Heap before GC invocations=43 (full 1):
 PSYoungGen      total 23040K, used 14720K [0x00000000fe000000, 0x0000000100000000, 0x0000000100000000)
  eden space 13824K, 100% used [0x00000000fe000000,0x00000000fed80000,0x00000000fed80000)
  from space 9216K, 9% used [0x00000000fed80000,0x00000000fee60000,0x00000000ff680000)
  to   space 9216K, 0% used [0x00000000ff700000,0x00000000ff700000,0x0000000100000000)
 ParOldGen       total 65536K, used 58635K [0x00000000fa000000, 0x00000000fe000000, 0x00000000fe000000)
  object space 65536K, 89% used [0x00000000fa000000,0x00000000fd942d18,0x00000000fe000000)
 Metaspace       used 8425K, capacity 8566K, committed 8832K, reserved 1056768K
  class space    used 742K, capacity 794K, committed 896K, reserved 1048576K
TLAB: gc tlab  thread: 0x0000ffff5c04e800 [id: 2385309] desired_size: 276KB slow allocs: 0  refill waste: 4416B alloc: 0.99991    13823KB refills: 51 waste  0.0% gc: 0B slow: 752B fast: 152B
TLAB totals: thrds: 1  refills: 51 max: 51 slow allocs: 0 max 0 waste:  0.0% gc: 0B max: 0B slow: 752B max: 752B fast: 152B max: 152B
4.905: [GC (Allocation Failure) GCTaskManager::set_active_gang(): all_workers_active()  1  workers 43  active  43  ParallelGCThreads 43 
JT: 1  workers 43  active  43  idle 0  more 0
4.907: [SoftReference, 0 refs, 0.0000244 secs]4.907: [WeakReference, 0 refs, 0.0000073 secs]4.907: [FinalReference, 0 refs, 0.0000069 secs]4.907: [PhantomReference, 0 refs, 0 refs, 0.0000094 secs]4.907: [JNI Weak Reference, 0.0000043 secs]AdaptiveSizePolicy::update_averages:  survived: 655360  promoted: 516096  overflow: false
AdaptiveSizeStart: 4.908 collection: 43 
  avg_survived_padded_avg: 8558061.000000  avg_promoted_padded_avg: 4510040.000000  avg_pretenured_padded_avg: 0.000000  tenuring_thresh: 1  target_size: 8912896

Desired survivor size 8912896 bytes, new threshold 1 (max 15)
PSAdaptiveSizePolicy::compute_eden_space_size limits: desired_eden_size: 16218311 old_eden_size: 14155776 eden_limit: 14680064 cur_eden: 14155776 max_eden_size: 14680064 avg_young_live: 1899511
PSAdaptiveSizePolicy::compute_eden_space_size: costs minor_time: 0.110876 major_cost: 0.058229 mutator_cost: 0.830895 throughput_goal: 0.990000 live_space: 321644800 free_space: 39321600 old_eden_size: 14155776 desired_eden_size: 14680064
AdaptiveSizePolicy::survivor space sizes: collection: 43 (9437184, 9437184) -> (9437184, 8912896) 
AdaptiveSizeStop: collection: 43 
[PSYoungGen: 14720K->640K(24064K)] 73355K->59779K(89600K), 0.0031268 secs] [Times: user=0.05 sys=0.00, real=0.01 secs] 
Heap after GC invocations=43 (full 1):
 PSYoungGen      total 24064K, used 640K [0x00000000fe000000, 0x0000000100000000, 0x0000000100000000)
  eden space 14848K, 0% used [0x00000000fe000000,0x00000000fe000000,0x00000000fee80000)
  from space 9216K, 6% used [0x00000000ff700000,0x00000000ff7a0000,0x0000000100000000)
  to   space 8704K, 0% used [0x00000000fee80000,0x00000000fee80000,0x00000000ff700000)
 ParOldGen       total 65536K, used 59139K [0x00000000fa000000, 0x00000000fe000000, 0x00000000fe000000)
  object space 65536K, 90% used [0x00000000fa000000,0x00000000fd9c0d18,0x00000000fe000000)
 Metaspace       used 8425K, capacity 8566K, committed 8832K, reserved 1056768K
  class space    used 742K, capacity 794K, committed 896K, reserved 1048576K
}
4.908: Total time for which application threads were stopped: 0.0033136 seconds, Stopping threads took: 0.0000197 seconds
4.941: Application time: 0.0329633 seconds
{Heap before GC invocations=44 (full 1):
 PSYoungGen      total 24064K, used 15488K [0x00000000fe000000, 0x0000000100000000, 0x0000000100000000)
  eden space 14848K, 100% used [0x00000000fe000000,0x00000000fee80000,0x00000000fee80000)
  from space 9216K, 6% used [0x00000000ff700000,0x00000000ff7a0000,0x0000000100000000)
  to   space 8704K, 0% used [0x00000000fee80000,0x00000000fee80000,0x00000000ff700000)
 ParOldGen       total 65536K, used 59139K [0x00000000fa000000, 0x00000000fe000000, 0x00000000fe000000)
  object space 65536K, 90% used [0x00000000fa000000,0x00000000fd9c0d18,0x00000000fe000000)
 Metaspace       used 8425K, capacity 8566K, committed 8832K, reserved 1056768K
  class space    used 742K, capacity 794K, committed 896K, reserved 1048576K
TLAB: gc tlab  thread: 0x0000ffff5c04e800 [id: 2385309] desired_size: 296KB slow allocs: 0  refill waste: 4744B alloc: 0.99991    14847KB refills: 52 waste  0.0% gc: 0B slow: 1112B fast: 256B
TLAB totals: thrds: 1  refills: 52 max: 52 slow allocs: 0 max 0 waste:  0.0% gc: 0B max: 0B slow: 1112B max: 1112B fast: 256B max: 256B
4.941: [GC (Allocation Failure) GCTaskManager::set_active_gang(): all_workers_active()  1  workers 43  active  43  ParallelGCThreads 43 
JT: 1  workers 43  active  43  idle 0  more 0
4.944: [SoftReference, 0 refs, 0.0000195 secs]4.944: [WeakReference, 0 refs, 0.0000074 secs]4.944: [FinalReference, 0 refs, 0.0000070 secs]4.944: [PhantomReference, 0 refs, 0 refs, 0.0000112 secs]4.944: [JNI Weak Reference, 0.0000045 secs]AdaptiveSizePolicy::update_averages:  survived: 1081360  promoted: 491520  overflow: false
AdaptiveSizeStart: 4.945 collection: 44 
  avg_survived_padded_avg: 8072707.500000  avg_promoted_padded_avg: 4203480.000000  avg_pretenured_padded_avg: 0.000000  tenuring_thresh: 1  target_size: 8388608

Desired survivor size 8388608 bytes, new threshold 1 (max 15)
PSAdaptiveSizePolicy::compute_eden_space_size limits: desired_eden_size: 17582857 old_eden_size: 14680064 eden_limit: 15204352 cur_eden: 15204352 max_eden_size: 15204352 avg_young_live: 1817696
PSAdaptiveSizePolicy::compute_eden_space_size: costs minor_time: 0.107238 major_cost: 0.058229 mutator_cost: 0.834533 throughput_goal: 0.990000 live_space: 321562976 free_space: 39845888 old_eden_size: 14680064 desired_eden_size: 15204352
AdaptiveSizePolicy::survivor space sizes: collection: 44 (8912896, 9437184) -> (8912896, 8388608) 
AdaptiveSizeStop: collection: 44 
[PSYoungGen: 15488K->1056K(23552K)] 74627K->60675K(89088K), 0.0036279 secs] [Times: user=0.02 sys=0.00, real=0.00 secs] 
Heap after GC invocations=44 (full 1):
 PSYoungGen      total 23552K, used 1056K [0x00000000fe000000, 0x0000000100000000, 0x0000000100000000)
  eden space 14848K, 0% used [0x00000000fe000000,0x00000000fe000000,0x00000000fee80000)
  from space 8704K, 12% used [0x00000000fee80000,0x00000000fef88010,0x00000000ff700000)
  to   space 8192K, 0% used [0x00000000ff800000,0x00000000ff800000,0x0000000100000000)
 ParOldGen       total 65536K, used 59619K [0x00000000fa000000, 0x00000000fe000000, 0x00000000fe000000)
  object space 65536K, 90% used [0x00000000fa000000,0x00000000fda38d18,0x00000000fe000000)
 Metaspace       used 8425K, capacity 8566K, committed 8832K, reserved 1056768K
  class space    used 742K, capacity 794K, committed 896K, reserved 1048576K
}
4.945: Total time for which application threads were stopped: 0.0038222 seconds, Stopping threads took: 0.0000218 seconds
5.009: Application time: 0.0646356 seconds
{Heap before GC invocations=45 (full 1):
 PSYoungGen      total 23552K, used 12785K [0x00000000fe000000, 0x0000000100000000, 0x0000000100000000)
  eden space 14848K, 78% used [0x00000000fe000000,0x00000000feb745c0,0x00000000fee80000)
  from space 8704K, 12% used [0x00000000fee80000,0x00000000fef88010,0x00000000ff700000)
  to   space 8192K, 0% used [0x00000000ff800000,0x00000000ff800000,0x0000000100000000)
 ParOldGen       total 65536K, used 59619K [0x00000000fa000000, 0x00000000fe000000, 0x00000000fe000000)
  object space 65536K, 90% used [0x00000000fa000000,0x00000000fda38d18,0x00000000fe000000)
 Metaspace       used 8615K, capacity 8700K, committed 8832K, reserved 1056768K
  class space    used 754K, capacity 795K, committed 896K, reserved 1048576K
TLAB: gc tlab  thread: 0x0000ffff5c74b800 [id: 2385373] desired_size: 148KB slow allocs: 0  refill waste: 2368B alloc: 0.50000     5865KB refills: 1 waste 99.9% gc: 151824B slow: 0B fast: 0B
TLAB: gc tlab  thread: 0x0000ffff5c04e800 [id: 2385309] desired_size: 296KB slow allocs: 0  refill waste: 4744B alloc: 0.99991    11728KB refills: 39 waste  0.8% gc: 94432B slow: 520B fast: 256B
TLAB totals: thrds: 2  refills: 40 max: 39 slow allocs: 0 max 0 waste:  2.1% gc: 246256B max: 151824B slow: 520B max: 520B fast: 256B max: 256B
5.010: [GC (System.gc()) GCTaskManager::set_active_gang(): all_workers_active()  1  workers 43  active  43  ParallelGCThreads 43 
JT: 1  workers 43  active  43  idle 0  more 0
5.012: [SoftReference, 0 refs, 0.0000165 secs]5.012: [WeakReference, 0 refs, 0.0000072 secs]5.012: [FinalReference, 140 refs, 0.0000512 secs]5.012: [PhantomReference, 0 refs, 0 refs, 0.0000097 secs]5.012: [JNI Weak Reference, 0.0000046 secs]AdaptiveSizePolicy::update_averages:  survived: 1212416  promoted: 499712  overflow: false
AdaptiveSizeStart: 5.013 collection: 45 
  avg_survived_padded_avg: 7587378.000000  avg_promoted_padded_avg: 3916654.500000  avg_pretenured_padded_avg: 0.000000  tenuring_thresh: 1  target_size: 7864320

Desired survivor size 7864320 bytes, new threshold 1 (max 15)
AdaptiveSizePolicy::survivor space sizes: collection: 45 (8388608, 8912896) -> (8388608, 7864320) 
AdaptiveSizeStop: collection: 45 
[PSYoungGen: 12785K->1184K(25088K)] 72404K->61291K(90624K), 0.0029950 secs] [Times: user=0.03 sys=0.00, real=0.00 secs] 
Heap after GC invocations=45 (full 1):
 PSYoungGen      total 25088K, used 1184K [0x00000000fe000000, 0x0000000100000000, 0x0000000100000000)
  eden space 16896K, 0% used [0x00000000fe000000,0x00000000fe000000,0x00000000ff080000)
  from space 8192K, 14% used [0x00000000ff800000,0x00000000ff928000,0x0000000100000000)
  to   space 7680K, 0% used [0x00000000ff080000,0x00000000ff080000,0x00000000ff800000)
 ParOldGen       total 65536K, used 60107K [0x00000000fa000000, 0x00000000fe000000, 0x00000000fe000000)
  object space 65536K, 91% used [0x00000000fa000000,0x00000000fdab2d18,0x00000000fe000000)
 Metaspace       used 8615K, capacity 8700K, committed 8832K, reserved 1056768K
  class space    used 754K, capacity 795K, committed 896K, reserved 1048576K
}
5.013: [Class Histogram (before full gc): 
 num     #instances         #bytes  class name
----------------------------------------------
   1:        295646       16108784  [Lorg.h2.value.Value;
   2:        136197       10895760  org.h2.result.Row
   3:        259909        8317088  org.h2.index.TreeNode
   4:        140349        6475360  [C
   5:        239753        3836048  org.h2.value.ValueStringFixed
   6:        140263        3366312  java.lang.String
   7:         72920        2916800  java.math.BigDecimal
   8:        136137        2178192  org.h2.value.ValueInt
   9:          1603        1997472  [Ljava.lang.Object;
  10:         72894        1749456  org.h2.value.ValueDecimal
  11:          2258        1675832  [I
  12:           541        1146952  [B
  13:         40507         648112  org.h2.value.ValueString
  14:         32337         517392  org.h2.value.ValueShort
  15:          1199         139128  java.lang.Class
  16:           165         132712  [Ljava.util.HashMap$Node;
  17:          1186         113856  sun.util.calendar.Gregorian$Date
  18:          1838          58816  java.util.HashMap$Node
  19:          1181          37792  java.sql.Timestamp
  20:           352          36608  org.h2.table.Column
  21:           272          21760  [S
  22:           662          21184  java.util.concurrent.ConcurrentHashMap$Node
  23:           310          20728  [Ljava.lang.String;
  24:          1181          18896  org.h2.value.ValueTimestamp
  25:           502          16064  java.util.Hashtable$Entry
  26:            66          13728  org.h2.engine.Session
  27:           341          10912  sun.misc.FDBigInteger
  28:           255          10200  java.util.LinkedHashMap$Entry
  29:           406           9744  org.h2.util.ObjectArray
  30:           130           9360  org.h2.command.dml.TransactionCommand
  31:           193           9264  java.util.HashMap
  32:           125           9000  java.lang.reflect.Field
  33:           222           8880  java.lang.ref.Finalizer
  34:           549           8784  java.lang.Object
  35:           198           7920  org.h2.command.CommandContainer
  36:            21           7896  java.lang.Thread
  37:            65           7280  org.h2.jdbc.JdbcConnection
  38:            33           6256  [Ljava.util.concurrent.ConcurrentHashMap$Node;
  39:            71           6248  org.h2.value.DataType
  40:           128           5120  java.lang.ref.SoftReference
  41:            64           5120  org.apache.derbyTesting.system.oe.model.Customer
  42:           151           4832  org.h2.expression.FunctionInfo
  43:            65           4680  org.h2.command.dml.Set
  44:            14           4528  [Ljava.util.Hashtable$Entry;
  45:           111           4440  java.math.BigInteger
  46:           131           4192  java.lang.Exception
  47:           173           4152  org.h2.table.IndexColumn
  48:           256           4096  java.lang.Integer
  49:           102           4080  [Lorg.h2.table.Column;
  50:            46           3680  java.lang.reflect.Constructor
  51:            36           3168  org.h2.index.TreeIndex
  52:            49           3136  java.net.URL
  53:           129           3096  java.util.ArrayList
  54:            28           2912  org.h2.table.MetaTable
  55:            65           2600  java.util.IdentityHashMap
  56:            64           2560  org.apache.derbyTesting.system.oe.direct.Standard
  57:            64           2560  org.apache.derbyTesting.system.oe.model.District
  58:            64           2560  org.apache.derbyTesting.system.oe.model.Order
  59:            64           2560  org.apache.derbyTesting.system.oe.util.OERandom
  60:            64           2560  org.dacapo.h2.TPCCSubmitter
  61:            28           2464  java.lang.reflect.Method
  62:            76           2432  org.h2.message.Trace
  63:            50           2400  java.util.zip.Inflater
  64:           100           2400  org.h2.value.ValueLong
  65:            36           2304  java.util.concurrent.ConcurrentHashMap
  66:            35           2256  [J
  67:            39           2184  java.lang.Class$ReflectionData
  68:            66           2112  java.util.Random
  69:            66           2112  org.h2.log.UndoLog
  70:            65           2080  org.h2.expression.Parameter
  71:           128           2048  java.lang.Character
  72:            64           2048  org.apache.derbyTesting.system.oe.model.Warehouse
  73:            41           1968  sun.util.locale.LocaleObjectCache$CacheEntry
  74:            51           1864  [Lorg.h2.table.IndexColumn;
  75:            13           1768  org.h2.table.TableData
  76:            71           1704  java.util.concurrent.atomic.AtomicLong
  77:            30           1680  java.security.Provider$Service
  78:            69           1656  java.security.Provider$ServiceKey
  79:            29           1624  java.lang.Package
  80:             2           1568  [Lorg.h2.value.ValueInt;
  81:             1           1568  [[B
  82:            64           1536  java.lang.StringBuffer
  83:            13           1456  org.h2.index.ScanIndex
  84:            60           1440  org.h2.index.IndexType
  85:            35           1400  java.io.ObjectStreamField
  86:             1           1376  [Lsun.misc.FDBigInteger;
  87:            61           1328  [Ljava.lang.Class;
  88:            39           1280  [Ljava.math.BigInteger;
  89:            26           1248  org.apache.commons.cli.Option
  90:            13           1232  [Ljava.util.WeakHashMap$Entry;
  91:            50           1200  java.util.zip.ZStreamRef
  92:            25           1200  org.h2.expression.ExpressionColumn
  93:            28           1120  java.security.AccessControlContext
  94:             2           1064  [Ljava.lang.invoke.MethodHandle;
  95:            19           1064  sun.misc.URLClassPath$JarLoader
  96:            11           1056  org.h2.constraint.ConstraintReferential
  97:             1           1040  [Ljava.lang.Integer;
  98:            30            960  java.security.Provider$EngineDescription
  99:             5            880  org.h2.command.dml.Select
 100:            35            840  java.util.jar.Attributes$Name
 101:            20            800  sun.util.locale.BaseLocale$Key
 102:            14            784  sun.nio.cs.UTF_8$Encoder
 103:            13            744  [Ljava.lang.reflect.Field;
 104:             5            720  java.text.DecimalFormat
 105:             9            720  org.h2.index.MetaIndex
 106:            22            704  java.io.File
 107:            22            704  java.lang.ref.ReferenceQueue
 108:            28            672  java.security.Provider$UString
 109:            21            672  java.util.Locale
 110:            20            640  sun.util.locale.BaseLocale
 111:            13            624  java.util.WeakHashMap
 112:             7            616  org.h2.table.TableFilter
 113:            37            592  java.util.HashSet
 114:             6            576  java.util.jar.JarFile$JarFileEntry
 115:             9            576  org.h2.constraint.ConstraintUnique
 116:            18            576  org.h2.index.MultiVersionIndex
 117:            10            560  sun.util.calendar.ZoneInfo
 118:            23            552  [Ljava.lang.reflect.Constructor;
 119:             1            528  [Ljava.lang.Character;
 120:            22            528  sun.reflect.NativeConstructorAccessorImpl
 121:             2            512  [D
 122:            20            480  java.util.Locale$LocaleKey
 123:            14            448  java.util.Vector
 124:             8            448  java.util.zip.ZipFile$ZipFileInflaterInputStream
 125:             8            448  java.util.zip.ZipFile$ZipFileInputStream
 126:             7            448  org.h2.index.IndexCursor
 127:            11            440  java.security.ProtectionDomain
 128:            18            432  java.text.DateFormat$Field
 129:             6            432  org.h2.result.LocalResult
 130:             9            432  sun.util.locale.provider.LocaleResources$ResourceReference
 131:             1            416  [Lorg.h2.value.ValueLong;
 132:            10            400  sun.nio.cs.UTF_8$Decoder
 133:             7            392  java.util.ResourceBundle$CacheKey
 134:             1            392  org.h2.engine.DatabaseCloser
 135:             7            392  org.h2.engine.Setting
 136:            12            384  java.io.FileDescriptor
 137:             1            384  java.lang.ref.Finalizer$FinalizerThread
 138:            24            384  java.lang.ref.ReferenceQueue$Lock
 139:             6            384  java.nio.DirectByteBuffer
 140:             1            376  java.lang.ref.Reference$ReferenceHandler
 141:            12            360  [Ljava.io.ObjectStreamField;
 142:             9            360  java.util.WeakHashMap$Entry
 143:            11            352  java.security.CodeSource
 144:            22            352  sun.reflect.DelegatingConstructorAccessorImpl
 145:             6            336  java.nio.DirectLongBufferU
 146:             3            336  java.util.GregorianCalendar
 147:             7            336  java.util.Hashtable
 148:             6            336  java.util.LinkedHashMap
 149:             7            336  java.util.ResourceBundle$BundleReference
 150:            14            336  sun.misc.MetaIndex
 151:            10            320  java.lang.OutOfMemoryError
 152:             5            320  java.text.DateFormatSymbols
 153:             5            320  java.text.DecimalFormatSymbols
 154:             8            320  java.util.TreeMap$Entry
 155:             5            320  java.util.jar.JarFile
 156:             8            320  org.dacapo.parser.Config$OutputFile
 157:             5            320  org.h2.util.SmallLRUCache
 158:             1            312  org.h2.engine.Database
 159:             9            288  sun.security.jca.ProviderConfig
 160:             1            272  [Ljava.sql.Connection;
 161:             1            272  [Lorg.apache.derbyTesting.system.oe.client.Submitter;
 162:             1            272  [Lorg.apache.derbyTesting.system.oe.util.OERandom;
 163:             8            256  java.io.FileInputStream
 164:             8            256  java.util.zip.ZipCoder
 165:             8            256  org.h2.engine.Mode
 166:             5            240  java.nio.HeapByteBuffer
 167:             5            240  java.util.Properties
 168:             6            240  org.h2.expression.Comparison
 169:             5            240  sun.misc.URLClassPath
 170:             3            240  sun.net.www.protocol.jar.URLJarFile
 171:             9            232  [Lorg.h2.expression.Expression;
 172:            14            224  java.util.HashMap$KeySet
 173:             7            224  java.util.ResourceBundle$LoaderReference
 174:             2            224  org.h2.index.ViewIndex
 175:             3            216  sun.security.provider.NativePRNG$RandomIO
 176:             2            208  sun.net.www.protocol.file.FileURLConnection
 177:             2            208  sun.util.calendar.ImmutableGregorianDate
 178:             2            200  [Ljava.text.DateFormat$Field;
 179:             5            200  java.text.DigitList
 180:             8            192  java.math.RoundingMode
 181:             3            192  java.text.SimpleDateFormat
 182:             8            192  java.util.ArrayDeque
 183:             6            192  java.util.Stack
 184:             8            192  org.h2.expression.ValueExpression
 185:             6            192  org.h2.index.TreeCursor
 186:             2            192  sun.net.www.protocol.jar.URLJarFile$URLJarFileEntry
 187:             4            192  sun.nio.cs.StreamEncoder
 188:            11            176  [Ljava.security.Principal;
 189:            11            176  java.security.ProtectionDomain$Key
 190:             2            176  sun.net.www.protocol.jar.JarURLConnection
 191:             1            168  [[Ljava.math.BigInteger;
 192:             3            168  org.h2.expression.Function
 193:             4            160  java.io.BufferedWriter
 194:             5            160  java.io.FilePermission
 195:             5            160  java.lang.ThreadLocal$ThreadLocalMap$Entry
 196:             5            160  java.security.Permissions
 197:             4            160  org.dacapo.parser.Config$Size
 198:             2            160  org.h2.schema.Schema
 199:             5            160  sun.util.locale.provider.LocaleProviderAdapter$Type
 200:             1            152  org.h2.table.TableView
 201:             3            144  [Ljava.lang.reflect.Method;
 202:             2            144  [Ljava.math.BigDecimal;
 203:             6            144  sun.misc.PerfCounter
 204:             2            128  java.io.ExpiringCache$1
 205:             4            128  java.io.FileOutputStream
 206:             2            128  org.h2.command.dml.Call
 207:             2            128  org.h2.engine.User
 208:             1            120  [Lorg.apache.commons.cli.Option;
 209:             3            120  [Z
 210:             1            120  [[Ljava.lang.String;
 211:             5            120  java.io.FilePermissionCollection
 212:             5            120  java.util.Collections$UnmodifiableRandomAccessList
 213:             1            120  org.dacapo.h2.TPCC
 214:             1            120  org.h2.command.ddl.AlterTableAddConstraint
 215:             3            120  sun.misc.FloatingDecimal$BinaryToASCIIBuffer
 216:             5            120  sun.misc.FloatingDecimal$PreparedASCIIToBinaryBuffer
 217:             1             96  [[J
 218:             4             96  java.io.ExpiringCache$Entry
 219:             4             96  java.io.OutputStreamWriter
 220:             2             96  java.lang.ThreadGroup
 221:             3             96  java.lang.ref.WeakReference
 222:             4             96  java.math.MathContext
 223:             4             96  java.util.LinkedList$Node
 224:             2             96  java.util.TreeMap
 225:             3             96  org.h2.expression.ConditionAndOr
 226:             2             96  org.h2.index.MultiVersionCursor
 227:             1             96  sun.misc.Launcher$AppClassLoader
 228:             4             96  sun.reflect.NativeMethodAccessorImpl
 229:             1             96  sun.security.jca.ProviderList$1
 230:             1             96  sun.security.provider.Sun
 231:             1             88  java.net.FactoryURLClassLoader
 232:             1             88  org.dacapo.harness.DacapoClassLoader
 233:             1             88  org.h2.schema.Sequence
 234:             1             88  sun.misc.Launcher$ExtClassLoader
 235:             1             80  [Ljava.lang.ThreadLocal$ThreadLocalMap$Entry;
 236:             3             80  [Ljava.security.ProtectionDomain;
 237:             2             80  java.io.ExpiringCache
 238:             2             80  java.lang.ClassLoader$NativeLibrary
 239:             5             80  java.util.HashMap$Values
 240:             2             80  java.util.Locale$Category
 241:             1             80  org.h2.jdbc.JdbcPreparedStatement
 242:             1             80  org.h2.log.LogSystem
 243:             2             80  sun.util.calendar.Era
 244:             2             72  [Lsun.security.jca.ProviderConfig;
 245:             3             72  java.lang.RuntimePermission
 246:             3             72  java.lang.StringBuilder
 247:             3             72  java.util.Arrays$ArrayList
 248:             3             72  java.util.Collections$SynchronizedSet
 249:             3             72  java.util.Date
 250:             1             72  java.util.ResourceBundle$RBClassLoader
 251:             3             72  java.util.concurrent.ConcurrentHashMap$KeySetView
 252:             3             72  java.util.concurrent.atomic.AtomicMarkableReference$Pair
 253:             3             72  org.dacapo.parser.Config$ThreadModel
 254:             1             72  org.h2.jdbc.JdbcStatement
 255:             3             72  org.h2.util.IntArray
 256:             3             72  sun.misc.FloatingDecimal$ExceptionalBinaryToASCIIBuffer
 257:             3             72  sun.misc.Signal
 258:             1             72  sun.reflect.DelegatingClassLoader
 259:             3             72  sun.security.provider.NativePRNG$Variant
 260:             1             72  sun.util.locale.provider.JRELocaleProviderAdapter
 261:             3             72  sun.util.resources.ParallelListResourceBundle$KeySet
 262:             1             64  [F
 263:             2             64  [Ljava.lang.Thread;
 264:             2             64  java.io.PrintStream
 265:             2             64  java.lang.ClassValue$Entry
 266:             4             64  java.lang.ThreadLocal
 267:             2             64  java.lang.VirtualMachineError
 268:             2             64  java.lang.ref.ReferenceQueue$Null
 269:             1             64  java.security.SecureRandom
 270:             2             64  java.util.LinkedList
 271:             2             64  java.util.concurrent.atomic.AtomicReferenceFieldUpdater$AtomicReferenceFieldUpdaterImpl
 272:             2             64  org.apache.commons.cli.Options
 273:             1             64  org.dacapo.harness.H2
 274:             2             64  org.dacapo.harness.TeeOutputStream
 275:             2             64  org.dacapo.harness.TeePrintStream
 276:             2             64  org.h2.index.IndexCondition
 277:             2             64  org.h2.index.ViewIndex$CostElement
 278:             1             64  org.h2.jdbc.JdbcResultSet
 279:             1             64  org.h2.message.TraceSystem
 280:             2             64  org.h2.result.SortOrder
 281:             4             64  sun.net.www.protocol.jar.Handler
 282:             4             64  sun.reflect.DelegatingMethodAccessorImpl
 283:             2             64  sun.util.locale.provider.LocaleResources
 284:             2             64  sun.util.locale.provider.LocaleServiceProviderPool
 285:             1             56  [Ljava.lang.Runnable;
 286:             1             56  org.h2.engine.Role
 287:             1             56  sun.security.provider.SHA
 288:             1             48  [Ljava.math.RoundingMode;
 289:             2             48  java.io.BufferedOutputStream
 290:             2             48  java.io.File$PathStatus
 291:             2             48  java.nio.charset.CoderResult
 292:             3             48  java.nio.charset.CodingErrorAction
 293:             2             48  java.sql.SQLPermission
 294:             3             48  java.text.AttributedCharacterIterator$Attribute
 295:             2             48  java.util.Currency
 296:             3             48  java.util.concurrent.atomic.AtomicMarkableReference
 297:             2             48  java.util.jar.Manifest
 298:             2             48  org.dacapo.harness.Callback$Mode
 299:             2             48  org.dacapo.harness.CommandLineArgs$Methodology
 300:             2             48  sun.misc.NativeSignalHandler
 301:             2             48  sun.net.www.MessageHeader
 302:             2             48  sun.net.www.protocol.jar.JarURLConnection$JarURLInputStream
 303:             1             48  sun.nio.cs.StreamDecoder
 304:             2             48  sun.security.jca.ProviderList
 305:             2             48  sun.security.jca.ProviderList$3
 306:             1             48  sun.text.resources.FormatData
 307:             1             48  sun.text.resources.en.FormatData_en
 308:             1             48  sun.text.resources.en.FormatData_en_AU
 309:             1             48  sun.util.resources.CalendarData
 310:             1             48  sun.util.resources.CurrencyNames
 311:             1             48  sun.util.resources.en.CalendarData_en
 312:             1             48  sun.util.resources.en.CurrencyNames_en_AU
 313:             1             40  [Lsun.util.locale.provider.LocaleProviderAdapter$Type;
 314:             1             40  java.io.BufferedInputStream
 315:             1             40  java.util.ResourceBundle$1
 316:             1             40  org.apache.commons.cli.PosixParser
 317:             1             40  org.dacapo.harness.Callback
 318:             1             40  org.dacapo.parser.Config
 319:             1             40  org.h2.expression.ConditionIn
 320:             1             40  org.h2.util.ScriptReader
 321:             1             40  sun.nio.cs.StandardCharsets$Aliases
 322:             1             40  sun.nio.cs.StandardCharsets$Cache
 323:             1             40  sun.nio.cs.StandardCharsets$Classes
 324:             1             32  [Ljava.lang.OutOfMemoryError;
 325:             2             32  [Ljava.lang.StackTraceElement;
 326:             1             32  [Ljava.lang.ThreadGroup;
 327:             1             32  [Lorg.dacapo.parser.Config$ThreadModel;
 328:             1             32  [Lsun.security.provider.NativePRNG$Variant;
 329:             1             32  java.io.UnixFileSystem
 330:             1             32  java.lang.ArithmeticException
 331:             2             32  java.lang.Boolean
 332:             1             32  java.lang.ClassCastException
 333:             1             32  java.lang.NullPointerException
 334:             2             32  java.lang.Shutdown$Lock
 335:             1             32  java.lang.StringCoding$StringDecoder
 336:             1             32  java.lang.StringCoding$StringEncoder
 337:             2             32  java.nio.ByteOrder
 338:             1             32  java.security.BasicPermissionCollection
 339:             1             32  java.security.MessageDigest$Delegate
 340:             1             32  java.util.ArrayList$Itr
 341:             2             32  java.util.LinkedHashMap$LinkedEntrySet
 342:             2             32  java.util.concurrent.atomic.AtomicInteger
 343:             1             32  java.util.concurrent.locks.ReentrantLock$NonfairSync
 344:             2             32  java.util.jar.Attributes
 345:             1             32  org.h2.log.UndoLogRecord
 346:             1             32  org.h2.value.CompareMode
 347:             2             32  org.h2.value.ValueBoolean
 348:             2             32  org.h2.value.ValueNull
 349:             1             32  sun.nio.cs.StandardCharsets
 350:             1             32  sun.nio.fs.LinuxFileSystem
 351:             1             32  sun.nio.fs.UnixPath
 352:             1             32  sun.security.provider.SecureRandom
 353:             1             24  [Ljava.io.File$PathStatus;
 354:             1             24  [Ljava.lang.ClassValue$Entry;
 355:             1             24  [Ljava.util.Locale$Category;
 356:             1             24  [Lorg.dacapo.harness.Callback$Mode;
 357:             1             24  [Lorg.dacapo.harness.CommandLineArgs$Methodology;
 358:             1             24  [Lsun.launcher.LauncherHelper;
 359:             1             24  [Lsun.util.calendar.Era;
 360:             1             24  java.io.InputStreamReader
 361:             1             24  java.lang.ClassValue$Version
 362:             1             24  java.lang.ThreadLocal$ThreadLocalMap
 363:             1             24  java.lang.invoke.MethodHandleImpl$4
 364:             1             24  java.lang.reflect.ReflectPermission
 365:             1             24  java.math.BigDecimal$StringBuilderHelper
 366:             1             24  java.math.MutableBigInteger
 367:             1             24  java.sql.DriverInfo
 368:             1             24  java.util.BitSet
 369:             1             24  java.util.Collections$EmptyMap
 370:             1             24  java.util.Collections$SetFromMap
 371:             1             24  java.util.Locale$Cache
 372:             1             24  java.util.ResourceBundle$Control$CandidateListCache
 373:             1             24  java.util.concurrent.CopyOnWriteArrayList
 374:             1             24  org.apache.commons.cli.CommandLine
 375:             1             24  org.dacapo.harness.CommandLineArgs
 376:             1             24  org.h2.expression.ConditionExists
 377:             1             24  org.h2.expression.ConditionNot
 378:             1             24  org.h2.expression.SequenceValue
 379:             1             24  org.h2.index.ViewCursor
 380:             1             24  org.h2.table.SingleColumnResolver
 381:             1             24  org.h2.tools.RunScript
 382:             1             24  org.h2.util.StatementBuilder
 383:             1             24  org.h2.util.TempFileDeleter
 384:             1             24  sun.launcher.LauncherHelper
 385:             1             24  sun.misc.URLClassPath$Loader
 386:             1             24  sun.nio.cs.ISO_8859_1
 387:             1             24  sun.nio.cs.US_ASCII
 388:             1             24  sun.nio.cs.UTF_16
 389:             1             24  sun.nio.cs.UTF_16BE
 390:             1             24  sun.nio.cs.UTF_16LE
 391:             1             24  sun.nio.cs.UTF_8
 392:             1             24  sun.security.provider.NativeSeedGenerator
 393:             1             24  sun.util.locale.BaseLocale$Cache
 394:             1             24  sun.util.locale.provider.CalendarDataProviderImpl
 395:             1             24  sun.util.locale.provider.CalendarProviderImpl
 396:             1             24  sun.util.locale.provider.CurrencyNameProviderImpl
 397:             1             24  sun.util.locale.provider.DateFormatSymbolsProviderImpl
 398:             1             24  sun.util.locale.provider.DecimalFormatSymbolsProviderImpl
 399:             1             24  sun.util.locale.provider.NumberFormatProviderImpl
 400:             1             16  [Ljava.lang.Throwable;
 401:             1             16  [Ljava.security.Provider;
 402:             1             16  [Ljava.security.cert.Certificate;
 403:             1             16  [Ljava.text.FieldPosition;
 404:             1             16  java.io.FileDescriptor$1
 405:             1             16  java.lang.ApplicationShutdownHooks$1
 406:             1             16  java.lang.CharacterDataLatin1
 407:             1             16  java.lang.ClassValue$Identity
 408:             1             16  java.lang.InheritableThreadLocal
 409:             1             16  java.lang.Runtime
 410:             1             16  java.lang.String$CaseInsensitiveComparator
 411:             1             16  java.lang.System$2
 412:             1             16  java.lang.Terminator$1
 413:             1             16  java.lang.invoke.MemberName$Factory
 414:             1             16  java.lang.invoke.MethodHandleImpl$2
 415:             1             16  java.lang.invoke.MethodHandleImpl$3
 416:             1             16  java.lang.ref.Reference$1
 417:             1             16  java.lang.ref.Reference$Lock
 418:             1             16  java.lang.reflect.ReflectAccess
 419:             1             16  java.math.BigDecimal$1
 420:             1             16  java.net.URLClassLoader$7
 421:             1             16  java.nio.Bits$1
 422:             1             16  java.nio.charset.CoderResult$1
 423:             1             16  java.nio.charset.CoderResult$2
 424:             1             16  java.security.ProtectionDomain$2
 425:             1             16  java.security.ProtectionDomain$JavaSecurityAccessImpl
 426:             1             16  java.text.MessageFormat$Field
 427:             1             16  java.util.Collections$EmptyIterator
 428:             1             16  java.util.Collections$EmptyList
 429:             1             16  java.util.Collections$EmptySet
 430:             1             16  java.util.Currency$CurrencyNameGetter
 431:             1             16  java.util.Hashtable$EntrySet
 432:             1             16  java.util.Hashtable$KeySet
 433:             1             16  java.util.ResourceBundle$Control
 434:             1             16  java.util.WeakHashMap$KeySet
 435:             1             16  java.util.concurrent.locks.ReentrantLock
 436:             1             16  java.util.jar.JavaUtilJarAccessImpl
 437:             1             16  java.util.regex.Pattern$4
 438:             1             16  java.util.regex.Pattern$LastNode
 439:             1             16  java.util.regex.Pattern$Node
 440:             1             16  java.util.zip.ZipFile$1
 441:             1             16  org.dacapo.h2.TPCCReporter
 442:             1             16  org.dacapo.harness.TestHarness
 443:             1             16  org.h2.Driver
 444:             1             16  org.h2.engine.Engine
 445:             1             16  org.h2.util.BitField
 446:             1             16  sun.misc.ASCIICaseInsensitiveComparator
 447:             1             16  sun.misc.FloatingDecimal$1
 448:             1             16  sun.misc.Launcher
 449:             1             16  sun.misc.Launcher$Factory
 450:             1             16  sun.misc.Perf
 451:             1             16  sun.misc.Unsafe
 452:             1             16  sun.net.www.protocol.file.Handler
 453:             1             16  sun.net.www.protocol.jar.JarFileFactory
 454:             1             16  sun.nio.fs.LinuxFileSystemProvider
 455:             1             16  sun.reflect.BootstrapConstructorAccessorImpl
 456:             1             16  sun.reflect.GeneratedConstructorAccessor1
 457:             1             16  sun.reflect.ReflectionFactory
 458:             1             16  sun.util.calendar.Gregorian
 459:             1             16  sun.util.calendar.JulianCalendar
 460:             1             16  sun.util.locale.provider.AuxLocaleProviderAdapter$NullProvider
 461:             1             16  sun.util.locale.provider.CalendarDataUtility$CalendarWeekParameterGetter
 462:             1             16  sun.util.locale.provider.SPILocaleProviderAdapter
 463:             1             16  sun.util.resources.LocaleData
 464:             1             16  sun.util.resources.LocaleData$LocaleDataResourceBundleControl
Total       1587535       62762264
, 0.0548888 secs]
5.068: [pre compact{Heap before GC invocations=46 (full 2):
 PSYoungGen      total 25088K, used 1184K [0x00000000fe000000, 0x0000000100000000, 0x0000000100000000)
  eden space 16896K, 0% used [0x00000000fe000000,0x00000000fe000000,0x00000000ff080000)
  from space 8192K, 14% used [0x00000000ff800000,0x00000000ff928000,0x0000000100000000)
  to   space 7680K, 0% used [0x00000000ff080000,0x00000000ff080000,0x00000000ff800000)
 ParOldGen       total 65536K, used 60107K [0x00000000fa000000, 0x00000000fe000000, 0x00000000fe000000)
  object space 65536K, 91% used [0x00000000fa000000,0x00000000fdab2d18,0x00000000fe000000)
 Metaspace       used 8615K, capacity 8700K, committed 8832K, reserved 1056768K
  class space    used 754K, capacity 795K, committed 896K, reserved 1048576K
, 0.0000500 secs]
GCTaskManager::set_active_gang(): all_workers_active()  1  workers 43  active  43  ParallelGCThreads 43 
JT: 1  workers 43  active  43  idle 0  more 0
5.068: [Full GC (System.gc()) 5.068: [marking phase5.068: [par mark, 0.0269956 secs]
5.095: [reference processing5.095: [SoftReference, 0 refs, 0.0000123 secs]5.095: [WeakReference, 7 refs, 0.0000105 secs]5.095: [FinalReference, 46 refs, 0.0000174 secs]5.095: [PhantomReference, 0 refs, 0 refs, 0.0000101 secs]5.095: [JNI Weak Reference, 0.0000048 secs], 0.0000849 secs]
5.095: [class unloading, 0.0081030 secs]
, 0.0352606 secs]
5.103: [summary phase, 0.0000096 secs]
5.103: [adjust roots, 0.0074033 secs]
5.110: [compaction phase5.110: [drain task setup, 0.0000095 secs]
5.110: [dense prefix task setup, 0.0000046 secs]
5.110: [steal task setup, 0.0000048 secs]
5.110: [par compactDrainStacksCompactionTask::do_it which = 8 which_stack_index = 8/empty(1) use all workers 1
DrainStacksCompactionTask::do_it which = 8 which_stack_index = 8/empty(1) use all workers 1
DrainStacksCompactionTask::do_it which = 8 which_stack_index = 8/empty(1) use all workers 1
DrainStacksCompactionTask::do_it which = 8 which_stack_index = 8/empty(1) use all workers 1
DrainStacksCompactionTask::do_it which = 8 which_stack_index = 8/empty(1) use all workers 1
DrainStacksCompactionTask::do_it which = 8 which_stack_index = 8/empty(1) use all workers 1
DrainStacksCompactionTask::do_it which = 8 which_stack_index = 8/empty(1) use all workers 1
DrainStacksCompactionTask::do_it which = 8 which_stack_index = 8/empty(1) use all workers 1
DrainStacksCompactionTask::do_it which = 8 which_stack_index = 8/empty(1) use all workers 1
DrainStacksCompactionTask::do_it which = 8 which_stack_index = 8/empty(1) use all workers 1
DrainStacksCompactionTask::do_it which = 8 which_stack_index = 8/empty(1) use all workers 1
DrainStacksCompactionTask::do_it which = 8 which_stack_index = 8/empty(1) use all workers 1
DrainStacksCompactionTask::do_it which = 8 which_stack_index = 8/empty(1) use all workers 1
DrainStacksCompactionTask::do_it which = 8 which_stack_index = 8/empty(1) use all workers 1
DrainStacksCompactionTask::do_it which = 8 which_stack_index = 8/empty(1) use all workers 1
DrainStacksCompactionTask::do_it which = 28 which_stack_index = 28/empty(1) use all workers 1
DrainStacksCompactionTask::do_it which = 8 which_stack_index = 8/empty(1) use all workers 1
DrainStacksCompactionTask::do_it which = 28 which_stack_index = 28/empty(1) use all workers 1
DrainStacksCompactionTask::do_it which = 28 which_stack_index = 28/empty(1) use all workers 1
DrainStacksCompactionTask::do_it which = 28 which_stack_index = 28/empty(1) use all workers 1
DrainStacksCompactionTask::do_it which = 3 which_stack_index = 3/empty(0) use all workers 1
DrainStacksCompactionTask::do_it which = 8 which_stack_index = 8/empty(1) use all workers 1
DrainStacksCompactionTask::do_it which = 28 which_stack_index = 28/empty(1) use all workers 1
DrainStacksCompactionTask::do_it which = 28 which_stack_index = 28/empty(1) use all workers 1
DrainStacksCompactionTask::do_it which = 8 which_stack_index = 8/empty(1) use all workers 1
DrainStacksCompactionTask::do_it which = 28 which_stack_index = 28/empty(1) use all workers 1
DrainStacksCompactionTask::do_it which = 8 which_stack_index = 8/empty(1) use all workers 1
DrainStacksCompactionTask::do_it which = 28 which_stack_index = 28/empty(1) use all workers 1
DrainStacksCompactionTask::do_it which = 28 which_stack_index = 28/empty(1) use all workers 1
DrainStacksCompactionTask::do_it which = 28 which_stack_index = 28/empty(1) use all workers 1
DrainStacksCompactionTask::do_it which = 28 which_stack_index = 28/empty(1) use all workers 1
DrainStacksCompactionTask::do_it which = 8 which_stack_index = 8/empty(1) use all workers 1
DrainStacksCompactionTask::do_it which = 28 which_stack_index = 28/empty(1) use all workers 1
DrainStacksCompactionTask::do_it which = 29 which_stack_index = 29/empty(1) use all workers 1
DrainStacksCompactionTask::do_it which = 8 which_stack_index = 8/empty(1) use all workers 1
DrainStacksCompactionTask::do_it which = 8 which_stack_index = 8/empty(1) use all workers 1
DrainStacksCompactionTask::do_it which = 29 which_stack_index = 29/empty(1) use all workers 1
DrainStacksCompactionTask::do_it which = 29 which_stack_index = 29/empty(1) use all workers 1
DrainStacksCompactionTask::do_it which = 29 which_stack_index = 29/empty(1) use all workers 1
DrainStacksCompactionTask::do_it which = 29 which_stack_index = 29/empty(1) use all workers 1
DrainStacksCompactionTask::do_it which = 29 which_stack_index = 29/empty(1) use all workers 1
DrainStacksCompactionTask::do_it which = 29 which_stack_index = 29/empty(1) use all workers 1
DrainStacksCompactionTask::do_it which = 42 which_stack_index = 42/empty(1) use all workers 1
StealRegionCompactionTask::do_it region_stack_index 0 region_stack = 0x5c12be60  empty (0) use all workers 1
StealRegionCompactionTask::do_it region_stack_index 41 region_stack = 0x5c147c50  empty (1) use all workers 1
StealRegionCompactionTask::do_it region_stack_index 15 region_stack = 0x5c145bd0  empty (1) use all workers 1
StealRegionCompactionTask::do_it region_stack_index 9 region_stack = 0x5c145450  empty (1) use all workers 1
StealRegionCompactionTask::do_it region_stack_index 4 region_stack = 0x5c144e10  empty (1) use all workers 1
StealRegionCompactionTask::do_it region_stack_index 21 region_stack = 0x5c146350  empty (1) use all workers 1
StealRegionCompactionTask::do_it region_stack_index 13 region_stack = 0x5c145950  empty (1) use all workers 1
StealRegionCompactionTask::do_it region_stack_index 33 region_stack = 0x5c147250  empty (1) use all workers 1
StealRegionCompactionTask::do_it region_stack_index 14 region_stack = 0x5c145a90  empty (1) use all workers 1
StealRegionCompactionTask::do_it region_stack_index 35 region_stack = 0x5c1474d0  empty (1) use all workers 1
StealRegionCompactionTask::do_it region_stack_index 5 region_stack = 0x5c144f50  empty (1) use all workers 1
StealRegionCompactionTask::do_it region_stack_index 40 region_stack = 0x5c147b10  empty (1) use all workers 1
StealRegionCompactionTask::do_it region_stack_index 27 region_stack = 0x5c146ad0  empty (1) use all workers 1
StealRegionCompactionTask::do_it region_stack_index 32 region_stack = 0x5c147110  empty (1) use all workers 1
StealRegionCompactionTask::do_it region_stack_index 18 region_stack = 0x5c145f90  empty (1) use all workers 1
StealRegionCompactionTask::do_it region_stack_index 25 region_stack = 0x5c146850  empty (1) use all workers 1
StealRegionCompactionTask::do_it region_stack_index 2 region_stack = 0x5c12c0e0  empty (1) use all workers 1
StealRegionCompactionTask::do_it region_stack_index 11 region_stack = 0x5c1456d0  empty (1) use all workers 1
StealRegionCompactionTask::do_it region_stack_index 19 region_stack = 0x5c1460d0  empty (1) use all workers 1
StealRegionCompactionTask::do_it region_stack_index 34 region_stack = 0x5c147390  empty (1) use all workers 1
StealRegionCompactionTask::do_it region_stack_index 23 region_stack = 0x5c1465d0  empty (1) use all workers 1
StealRegionCompactionTask::do_it region_stack_index 36 region_stack = 0x5c147610  empty (1) use all workers 1
StealRegionCompactionTask::do_it region_stack_index 6 region_stack = 0x5c145090  empty (1) use all workers 1
StealRegionCompactionTask::do_it region_stack_index 20 region_stack = 0x5c146210  empty (1) use all workers 1
StealRegionCompactionTask::do_it region_stack_index 31 region_stack = 0x5c146fd0  empty (1) use all workers 1
StealRegionCompactionTask::do_it region_stack_index 12 region_stack = 0x5c145810  empty (1) use all workers 1
StealRegionCompactionTask::do_it region_stack_index 26 region_stack = 0x5c146990  empty (1) use all workers 1
StealRegionCompactionTask::do_it region_stack_index 1 region_stack = 0x5c12bfa0  empty (1) use all workers 1
StealRegionCompactionTask::do_it region_stack_index 7 region_stack = 0x5c1451d0  empty (1) use all workers 1
StealRegionCompactionTask::do_it region_stack_index 38 region_stack = 0x5c147890  empty (1) use all workers 1
StealRegionCompactionTask::do_it region_stack_index 10 region_stack = 0x5c145590  empty (1) use all workers 1
StealRegionCompactionTask::do_it region_stack_index 39 region_stack = 0x5c1479d0  empty (1) use all workers 1
StealRegionCompactionTask::do_it region_stack_index 17 region_stack = 0x5c145e50  empty (1) use all workers 1
StealRegionCompactionTask::do_it region_stack_index 22 region_stack = 0x5c146490  empty (1) use all workers 1
StealRegionCompactionTask::do_it region_stack_index 24 region_stack = 0x5c146710  empty (1) use all workers 1
StealRegionCompactionTask::do_it region_stack_index 8 region_stack = 0x5c145310  empty (1) use all workers 1
StealRegionCompactionTask::do_it region_stack_index 28 region_stack = 0x5c146c10  empty (1) use all workers 1
StealRegionCompactionTask::do_it region_stack_index 29 region_stack = 0x5c146d50  empty (1) use all workers 1
StealRegionCompactionTask::do_it region_stack_index 42 region_stack = 0x5c147d90  empty (1) use all workers 1
StealRegionCompactionTask::do_it region_stack_index 30 region_stack = 0x5c146e90  empty (1) use all workers 1
StealRegionCompactionTask::do_it region_stack_index 37 region_stack = 0x5c147750  empty (1) use all workers 1
StealRegionCompactionTask::do_it region_stack_index 16 region_stack = 0x5c145d10  empty (1) use all workers 1
StealRegionCompactionTask::do_it region_stack_index 3 region_stack = 0x5c144cd0  empty (1) use all workers 1
, 0.3463683 secs]
5.457: [deferred updates, 0.0026553 secs]
, 0.3491320 secs]
5.460: [post compact, 0.0002620 secs]
AdaptiveSizeStart: 5.460 collection: 46 
AdaptiveSizeStop: collection: 46 
[PSYoungGen: 1184K->0K(25088K)] [ParOldGen: 60107K->51761K(65536K)] 61291K->51761K(90624K), [Metaspace: 8615K->8615K(1056768K)], 0.3921882 secs] [Times: user=1.63 sys=0.12, real=0.39 secs] 
Heap after GC invocations=46 (full 2):
 PSYoungGen      total 25088K, used 0K [0x00000000fe000000, 0x0000000100000000, 0x0000000100000000)
  eden space 16896K, 0% used [0x00000000fe000000,0x00000000fe000000,0x00000000ff080000)
  from space 8192K, 0% used [0x00000000ff800000,0x00000000ff800000,0x0000000100000000)
  to   space 7680K, 0% used [0x00000000ff080000,0x00000000ff080000,0x00000000ff800000)
 ParOldGen       total 65536K, used 51761K [0x00000000fa000000, 0x00000000fe000000, 0x00000000fe000000)
  object space 65536K, 78% used [0x00000000fa000000,0x00000000fd28c408,0x00000000fe000000)
 Metaspace       used 8615K, capacity 8700K, committed 8832K, reserved 1056768K
  class space    used 754K, capacity 795K, committed 896K, reserved 1048576K
}
5.460: [Class Histogram (after full gc): 
 num     #instances         #bytes  class name
----------------------------------------------
   1:        136189       10895120  org.h2.result.Row
   2:        136190        9092696  [Lorg.h2.value.Value;
   3:        259908        8317056  org.h2.index.TreeNode
   4:        140329        6455192  [C
   5:        239753        3836048  org.h2.value.ValueStringFixed
   6:        140245        3365880  java.lang.String
   7:         72920        2916800  java.math.BigDecimal
   8:        136137        2178192  org.h2.value.ValueInt
   9:         72894        1749456  org.h2.value.ValueDecimal
  10:           534        1096688  [B
  11:          1566         947712  [Ljava.lang.Object;
  12:         40506         648096  org.h2.value.ValueString
  13:         32337         517392  org.h2.value.ValueShort
  14:          1199         139128  java.lang.Class
  15:           159         131592  [Ljava.util.HashMap$Node;
  16:          1186         113856  sun.util.calendar.Gregorian$Date
  17:          1027          68576  [I
  18:          1835          58720  java.util.HashMap$Node
  19:          1181          37792  java.sql.Timestamp
  20:           350          36400  org.h2.table.Column
  21:           272          21760  [S
  22:           662          21184  java.util.concurrent.ConcurrentHashMap$Node
  23:           308          20664  [Ljava.lang.String;
  24:          1181          18896  org.h2.value.ValueTimestamp
  25:           502          16064  java.util.Hashtable$Entry
  26:            66          13728  org.h2.engine.Session
  27:           341          10912  sun.misc.FDBigInteger
  28:           252          10080  java.util.LinkedHashMap$Entry
  29:           130           9360  org.h2.command.dml.TransactionCommand
  30:           125           9000  java.lang.reflect.Field
  31:           187           8976  java.util.HashMap
  32:           370           8880  org.h2.util.ObjectArray
  33:           549           8784  java.lang.Object
  34:            21           7896  java.lang.Thread
  35:           196           7840  org.h2.command.CommandContainer
  36:            65           7280  org.h2.jdbc.JdbcConnection
  37:           181           7240  java.lang.ref.Finalizer
  38:            33           6256  [Ljava.util.concurrent.ConcurrentHashMap$Node;
  39:            71           6248  org.h2.value.DataType
  40:           128           5120  java.lang.ref.SoftReference
  41:            64           5120  org.apache.derbyTesting.system.oe.model.Customer
  42:           151           4832  org.h2.expression.FunctionInfo
  43:            65           4680  org.h2.command.dml.Set
  44:            14           4528  [Ljava.util.Hashtable$Entry;
  45:           111           4440  java.math.BigInteger
  46:           131           4192  java.lang.Exception
  47:           173           4152  org.h2.table.IndexColumn
  48:           256           4096  java.lang.Integer
  49:            99           4024  [Lorg.h2.table.Column;
  50:            46           3680  java.lang.reflect.Constructor
  51:            36           3168  org.h2.index.TreeIndex
  52:           129           3096  java.util.ArrayList
  53:            47           3008  java.net.URL
  54:            28           2912  org.h2.table.MetaTable
  55:            65           2600  java.util.IdentityHashMap
  56:            64           2560  org.apache.derbyTesting.system.oe.direct.Standard
  57:            64           2560  org.apache.derbyTesting.system.oe.model.District
  58:            64           2560  org.apache.derbyTesting.system.oe.model.Order
  59:            64           2560  org.apache.derbyTesting.system.oe.util.OERandom
  60:            64           2560  org.dacapo.h2.TPCCSubmitter
  61:            28           2464  java.lang.reflect.Method
  62:            76           2432  org.h2.message.Trace
  63:           100           2400  org.h2.value.ValueLong
  64:            36           2304  java.util.concurrent.ConcurrentHashMap
  65:            35           2256  [J
  66:            39           2184  java.lang.Class$ReflectionData
  67:            66           2112  java.util.Random
  68:            66           2112  org.h2.log.UndoLog
  69:            65           2080  org.h2.expression.Parameter
  70:           128           2048  java.lang.Character
  71:            64           2048  org.apache.derbyTesting.system.oe.model.Warehouse
  72:            41           1968  sun.util.locale.LocaleObjectCache$CacheEntry
  73:            13           1768  org.h2.table.TableData
  74:            71           1704  java.util.concurrent.atomic.AtomicLong
  75:            30           1680  java.security.Provider$Service
  76:            69           1656  java.security.Provider$ServiceKey
  77:            29           1624  java.lang.Package
  78:             2           1568  [Lorg.h2.value.ValueInt;
  79:             1           1568  [[B
  80:            46           1560  [Lorg.h2.table.IndexColumn;
  81:            64           1536  java.lang.StringBuffer
  82:            13           1456  org.h2.index.ScanIndex
  83:            35           1400  java.io.ObjectStreamField
  84:            58           1392  org.h2.index.IndexType
  85:             1           1376  [Lsun.misc.FDBigInteger;
  86:            61           1328  [Ljava.lang.Class;
  87:            39           1280  [Ljava.math.BigInteger;
  88:            26           1248  org.apache.commons.cli.Option
  89:            13           1232  [Ljava.util.WeakHashMap$Entry;
  90:            28           1120  java.security.AccessControlContext
  91:             2           1064  [Ljava.lang.invoke.MethodHandle;
  92:            19           1064  sun.misc.URLClassPath$JarLoader
  93:            11           1056  org.h2.constraint.ConstraintReferential
  94:             1           1040  [Ljava.lang.Integer;
  95:            30            960  java.security.Provider$EngineDescription
  96:            35            840  java.util.jar.Attributes$Name
  97:            20            800  sun.util.locale.BaseLocale$Key
  98:            14            784  sun.nio.cs.UTF_8$Encoder
  99:            13            744  [Ljava.lang.reflect.Field;
 100:             5            720  java.text.DecimalFormat
 101:             9            720  org.h2.index.MetaIndex
 102:            22            704  java.lang.ref.ReferenceQueue
 103:            21            672  java.io.File
 104:            28            672  java.security.Provider$UString
 105:            21            672  java.util.Locale
 106:            20            640  sun.util.locale.BaseLocale
 107:            13            624  java.util.WeakHashMap
 108:             9            576  org.h2.constraint.ConstraintUnique
 109:            18            576  org.h2.index.MultiVersionIndex
 110:            10            560  sun.util.calendar.ZoneInfo
 111:            23            552  [Ljava.lang.reflect.Constructor;
 112:             1            528  [Ljava.lang.Character;
 113:             2            512  [D
 114:            32            512  java.util.HashSet
 115:            21            504  sun.reflect.NativeConstructorAccessorImpl
 116:            20            480  java.util.Locale$LocaleKey
 117:             5            480  java.util.jar.JarFile$JarFileEntry
 118:            14            448  java.util.Vector
 119:             8            448  java.util.zip.ZipFile$ZipFileInflaterInputStream
 120:             8            448  java.util.zip.ZipFile$ZipFileInputStream
 121:            11            440  java.security.ProtectionDomain
 122:            18            432  java.text.DateFormat$Field
 123:             9            432  java.util.zip.Inflater
 124:             9            432  sun.util.locale.provider.LocaleResources$ResourceReference
 125:             1            416  [Lorg.h2.value.ValueLong;
 126:             7            392  java.util.ResourceBundle$CacheKey
 127:             1            392  org.h2.engine.DatabaseCloser
 128:             7            392  org.h2.engine.Setting
 129:            12            384  java.io.FileDescriptor
 130:             1            384  java.lang.ref.Finalizer$FinalizerThread
 131:            24            384  java.lang.ref.ReferenceQueue$Lock
 132:             6            384  java.nio.DirectByteBuffer
 133:             1            376  java.lang.ref.Reference$ReferenceHandler
 134:            12            360  [Ljava.io.ObjectStreamField;
 135:             9            360  sun.nio.cs.UTF_8$Decoder
 136:            11            352  java.security.CodeSource
 137:            22            352  sun.reflect.DelegatingConstructorAccessorImpl
 138:             6            336  java.nio.DirectLongBufferU
 139:             3            336  java.util.GregorianCalendar
 140:             7            336  java.util.Hashtable
 141:             6            336  java.util.LinkedHashMap
 142:             7            336  java.util.ResourceBundle$BundleReference
 143:            14            336  sun.misc.MetaIndex
 144:            10            320  java.lang.OutOfMemoryError
 145:             5            320  java.text.DateFormatSymbols
 146:             5            320  java.text.DecimalFormatSymbols
 147:             8            320  java.util.TreeMap$Entry
 148:             8            320  java.util.WeakHashMap$Entry
 149:             5            320  java.util.jar.JarFile
 150:             8            320  org.dacapo.parser.Config$OutputFile
 151:             1            312  org.h2.engine.Database
 152:             9            288  sun.security.jca.ProviderConfig
 153:             1            272  [Ljava.sql.Connection;
 154:             1            272  [Lorg.apache.derbyTesting.system.oe.client.Submitter;
 155:             1            272  [Lorg.apache.derbyTesting.system.oe.util.OERandom;
 156:             8            256  java.io.FileInputStream
 157:             8            256  java.util.zip.ZipCoder
 158:             8            256  org.h2.engine.Mode
 159:             5            240  java.util.Properties
 160:             5            240  sun.misc.URLClassPath
 161:             3            240  sun.net.www.protocol.jar.URLJarFile
 162:            14            224  java.util.HashMap$KeySet
 163:             7            224  java.util.ResourceBundle$LoaderReference
 164:             9            216  java.util.zip.ZStreamRef
 165:             3            216  sun.security.provider.NativePRNG$RandomIO
 166:             2            208  sun.util.calendar.ImmutableGregorianDate
 167:             2            200  [Ljava.text.DateFormat$Field;
 168:             5            200  java.text.DigitList
 169:             8            192  java.math.RoundingMode
 170:             4            192  java.nio.HeapByteBuffer
 171:             3            192  java.text.SimpleDateFormat
 172:             8            192  java.util.ArrayDeque
 173:             6            192  java.util.Stack
 174:             4            192  sun.nio.cs.StreamEncoder
 175:            11            176  [Ljava.security.Principal;
 176:            11            176  java.security.ProtectionDomain$Key
 177:             2            176  org.h2.table.TableFilter
 178:             1            168  [[Ljava.math.BigInteger;
 179:             4            160  java.io.BufferedWriter
 180:             5            160  java.io.FilePermission
 181:             5            160  java.lang.ThreadLocal$ThreadLocalMap$Entry
 182:             5            160  java.security.Permissions
 183:             4            160  org.dacapo.parser.Config$Size
 184:             2            160  org.h2.schema.Schema
 185:             5            160  sun.util.locale.provider.LocaleProviderAdapter$Type
 186:             3            144  [Ljava.lang.reflect.Method;
 187:             2            144  [Ljava.math.BigDecimal;
 188:             6            144  org.h2.expression.ValueExpression
 189:             6            144  sun.misc.PerfCounter
 190:             2            128  java.io.ExpiringCache$1
 191:             4            128  java.io.FileOutputStream
 192:             2            128  org.h2.engine.User
 193:             2            128  org.h2.index.IndexCursor
 194:             2            128  org.h2.util.SmallLRUCache
 195:             1            120  [Lorg.apache.commons.cli.Option;
 196:             3            120  [Z
 197:             1            120  [[Ljava.lang.String;
 198:             5            120  java.io.FilePermissionCollection
 199:             5            120  java.util.Collections$UnmodifiableRandomAccessList
 200:             1            120  org.dacapo.h2.TPCC
 201:             3            120  sun.misc.FloatingDecimal$BinaryToASCIIBuffer
 202:             5            120  sun.misc.FloatingDecimal$PreparedASCIIToBinaryBuffer
 203:             2            112  org.h2.expression.Function
 204:             1            104  sun.net.www.protocol.file.FileURLConnection
 205:             1             96  [[J
 206:             4             96  java.io.ExpiringCache$Entry
 207:             4             96  java.io.OutputStreamWriter
 208:             2             96  java.lang.ThreadGroup
 209:             3             96  java.lang.ref.WeakReference
 210:             4             96  java.math.MathContext
 211:             4             96  java.util.LinkedList$Node
 212:             2             96  java.util.TreeMap
 213:             1             96  sun.misc.Launcher$AppClassLoader
 214:             1             96  sun.net.www.protocol.jar.URLJarFile$URLJarFileEntry
 215:             4             96  sun.reflect.NativeMethodAccessorImpl
 216:             1             96  sun.security.jca.ProviderList$1
 217:             1             96  sun.security.provider.Sun
 218:             1             88  java.net.FactoryURLClassLoader
 219:             1             88  org.dacapo.harness.DacapoClassLoader
 220:             1             88  org.h2.schema.Sequence
 221:             1             88  sun.misc.Launcher$ExtClassLoader
 222:             1             88  sun.net.www.protocol.jar.JarURLConnection
 223:             1             80  [Ljava.lang.ThreadLocal$ThreadLocalMap$Entry;
 224:             3             80  [Ljava.security.ProtectionDomain;
 225:             2             80  java.io.ExpiringCache
 226:             2             80  java.lang.ClassLoader$NativeLibrary
 227:             5             80  java.util.HashMap$Values
 228:             2             80  java.util.Locale$Category
 229:             1             80  org.h2.log.LogSystem
 230:             2             80  sun.util.calendar.Era
 231:             2             72  [Lsun.security.jca.ProviderConfig;
 232:             3             72  java.lang.RuntimePermission
 233:             3             72  java.util.Arrays$ArrayList
 234:             3             72  java.util.Collections$SynchronizedSet
 235:             3             72  java.util.Date
 236:             1             72  java.util.ResourceBundle$RBClassLoader
 237:             3             72  java.util.concurrent.ConcurrentHashMap$KeySetView
 238:             3             72  java.util.concurrent.atomic.AtomicMarkableReference$Pair
 239:             3             72  org.dacapo.parser.Config$ThreadModel
 240:             3             72  sun.misc.FloatingDecimal$ExceptionalBinaryToASCIIBuffer
 241:             3             72  sun.misc.Signal
 242:             1             72  sun.reflect.DelegatingClassLoader
 243:             3             72  sun.security.provider.NativePRNG$Variant
 244:             1             72  sun.util.locale.provider.JRELocaleProviderAdapter
 245:             3             72  sun.util.resources.ParallelListResourceBundle$KeySet
 246:             1             64  [F
 247:             2             64  [Ljava.lang.Thread;
 248:             2             64  java.io.PrintStream
 249:             2             64  java.lang.ClassValue$Entry
 250:             4             64  java.lang.ThreadLocal
 251:             2             64  java.lang.VirtualMachineError
 252:             2             64  java.lang.ref.ReferenceQueue$Null
 253:             1             64  java.security.SecureRandom
 254:             2             64  java.util.LinkedList
 255:             2             64  java.util.concurrent.atomic.AtomicReferenceFieldUpdater$AtomicReferenceFieldUpdaterImpl
 256:             2             64  org.apache.commons.cli.Options
 257:             1             64  org.dacapo.harness.H2
 258:             2             64  org.dacapo.harness.TeeOutputStream
 259:             2             64  org.dacapo.harness.TeePrintStream
 260:             1             64  org.h2.command.dml.Call
 261:             1             64  org.h2.message.TraceSystem
 262:             4             64  sun.net.www.protocol.jar.Handler
 263:             4             64  sun.reflect.DelegatingMethodAccessorImpl
 264:             2             64  sun.util.locale.provider.LocaleResources
 265:             2             64  sun.util.locale.provider.LocaleServiceProviderPool
 266:             1             56  [Ljava.lang.Runnable;
 267:             1             56  org.h2.engine.Role
 268:             1             56  sun.security.provider.SHA
 269:             1             48  [Ljava.math.RoundingMode;
 270:             2             48  java.io.BufferedOutputStream
 271:             2             48  java.io.File$PathStatus
 272:             2             48  java.lang.StringBuilder
 273:             2             48  java.nio.charset.CoderResult
 274:             3             48  java.nio.charset.CodingErrorAction
 275:             2             48  java.sql.SQLPermission
 276:             3             48  java.text.AttributedCharacterIterator$Attribute
 277:             2             48  java.util.Currency
 278:             3             48  java.util.concurrent.atomic.AtomicMarkableReference
 279:             2             48  java.util.jar.Manifest
 280:             2             48  org.dacapo.harness.Callback$Mode
 281:             2             48  org.dacapo.harness.CommandLineArgs$Methodology
 282:             1             48  org.h2.expression.ExpressionColumn
 283:             2             48  sun.misc.NativeSignalHandler
 284:             2             48  sun.security.jca.ProviderList
 285:             2             48  sun.security.jca.ProviderList$3
 286:             1             48  sun.text.resources.FormatData
 287:             1             48  sun.text.resources.en.FormatData_en
 288:             1             48  sun.text.resources.en.FormatData_en_AU
 289:             1             48  sun.util.resources.CalendarData
 290:             1             48  sun.util.resources.CurrencyNames
 291:             1             48  sun.util.resources.en.CalendarData_en
 292:             1             48  sun.util.resources.en.CurrencyNames_en_AU
 293:             1             40  [Lsun.util.locale.provider.LocaleProviderAdapter$Type;
 294:             1             40  java.io.BufferedInputStream
 295:             1             40  java.util.ResourceBundle$1
 296:             1             40  org.apache.commons.cli.PosixParser
 297:             1             40  org.dacapo.harness.Callback
 298:             1             40  org.dacapo.parser.Config
 299:             1             40  org.h2.expression.ConditionIn
 300:             1             40  sun.nio.cs.StandardCharsets$Aliases
 301:             1             40  sun.nio.cs.StandardCharsets$Cache
 302:             1             40  sun.nio.cs.StandardCharsets$Classes
 303:             1             32  [Ljava.lang.OutOfMemoryError;
 304:             2             32  [Ljava.lang.StackTraceElement;
 305:             1             32  [Ljava.lang.ThreadGroup;
 306:             1             32  [Lorg.dacapo.parser.Config$ThreadModel;
 307:             2             32  [Lorg.h2.expression.Expression;
 308:             1             32  [Lsun.security.provider.NativePRNG$Variant;
 309:             1             32  java.io.UnixFileSystem
 310:             1             32  java.lang.ArithmeticException
 311:             2             32  java.lang.Boolean
 312:             1             32  java.lang.ClassCastException
 313:             1             32  java.lang.NullPointerException
 314:             2             32  java.lang.Shutdown$Lock
 315:             1             32  java.lang.StringCoding$StringDecoder
 316:             1             32  java.lang.StringCoding$StringEncoder
 317:             2             32  java.nio.ByteOrder
 318:             1             32  java.security.BasicPermissionCollection
 319:             1             32  java.security.MessageDigest$Delegate
 320:             1             32  java.util.ArrayList$Itr
 321:             2             32  java.util.LinkedHashMap$LinkedEntrySet
 322:             2             32  java.util.concurrent.atomic.AtomicInteger
 323:             1             32  java.util.concurrent.locks.ReentrantLock$NonfairSync
 324:             2             32  java.util.jar.Attributes
 325:             1             32  org.h2.value.CompareMode
 326:             2             32  org.h2.value.ValueBoolean
 327:             2             32  org.h2.value.ValueNull
 328:             1             32  sun.nio.cs.StandardCharsets
 329:             1             32  sun.nio.fs.LinuxFileSystem
 330:             1             32  sun.nio.fs.UnixPath
 331:             1             32  sun.security.provider.SecureRandom
 332:             1             24  [Ljava.io.File$PathStatus;
 333:             1             24  [Ljava.lang.ClassValue$Entry;
 334:             1             24  [Ljava.util.Locale$Category;
 335:             1             24  [Lorg.dacapo.harness.Callback$Mode;
 336:             1             24  [Lorg.dacapo.harness.CommandLineArgs$Methodology;
 337:             1             24  [Lsun.launcher.LauncherHelper;
 338:             1             24  [Lsun.util.calendar.Era;
 339:             1             24  java.lang.ClassValue$Version
 340:             1             24  java.lang.ThreadLocal$ThreadLocalMap
 341:             1             24  java.lang.invoke.MethodHandleImpl$4
 342:             1             24  java.lang.reflect.ReflectPermission
 343:             1             24  java.math.BigDecimal$StringBuilderHelper
 344:             1             24  java.math.MutableBigInteger
 345:             1             24  java.sql.DriverInfo
 346:             1             24  java.util.BitSet
 347:             1             24  java.util.Collections$EmptyMap
 348:             1             24  java.util.Collections$SetFromMap
 349:             1             24  java.util.Locale$Cache
 350:             1             24  java.util.ResourceBundle$Control$CandidateListCache
 351:             1             24  java.util.concurrent.CopyOnWriteArrayList
 352:             1             24  org.apache.commons.cli.CommandLine
 353:             1             24  org.dacapo.harness.CommandLineArgs
 354:             1             24  org.h2.expression.SequenceValue
 355:             1             24  org.h2.table.SingleColumnResolver
 356:             1             24  org.h2.util.TempFileDeleter
 357:             1             24  sun.launcher.LauncherHelper
 358:             1             24  sun.misc.URLClassPath$Loader
 359:             1             24  sun.net.www.MessageHeader
 360:             1             24  sun.net.www.protocol.jar.JarURLConnection$JarURLInputStream
 361:             1             24  sun.nio.cs.ISO_8859_1
 362:             1             24  sun.nio.cs.US_ASCII
 363:             1             24  sun.nio.cs.UTF_16
 364:             1             24  sun.nio.cs.UTF_16BE
 365:             1             24  sun.nio.cs.UTF_16LE
 366:             1             24  sun.nio.cs.UTF_8
 367:             1             24  sun.security.provider.NativeSeedGenerator
 368:             1             24  sun.util.locale.BaseLocale$Cache
 369:             1             24  sun.util.locale.provider.CalendarDataProviderImpl
 370:             1             24  sun.util.locale.provider.CalendarProviderImpl
 371:             1             24  sun.util.locale.provider.CurrencyNameProviderImpl
 372:             1             24  sun.util.locale.provider.DateFormatSymbolsProviderImpl
 373:             1             24  sun.util.locale.provider.DecimalFormatSymbolsProviderImpl
 374:             1             24  sun.util.locale.provider.NumberFormatProviderImpl
 375:             1             16  [Ljava.lang.Throwable;
 376:             1             16  [Ljava.security.Provider;
 377:             1             16  [Ljava.security.cert.Certificate;
 378:             1             16  [Ljava.text.FieldPosition;
 379:             1             16  java.io.FileDescriptor$1
 380:             1             16  java.lang.ApplicationShutdownHooks$1
 381:             1             16  java.lang.CharacterDataLatin1
 382:             1             16  java.lang.ClassValue$Identity
 383:             1             16  java.lang.InheritableThreadLocal
 384:             1             16  java.lang.Runtime
 385:             1             16  java.lang.String$CaseInsensitiveComparator
 386:             1             16  java.lang.System$2
 387:             1             16  java.lang.Terminator$1
 388:             1             16  java.lang.invoke.MemberName$Factory
 389:             1             16  java.lang.invoke.MethodHandleImpl$2
 390:             1             16  java.lang.invoke.MethodHandleImpl$3
 391:             1             16  java.lang.ref.Reference$1
 392:             1             16  java.lang.ref.Reference$Lock
 393:             1             16  java.lang.reflect.ReflectAccess
 394:             1             16  java.math.BigDecimal$1
 395:             1             16  java.net.URLClassLoader$7
 396:             1             16  java.nio.Bits$1
 397:             1             16  java.nio.charset.CoderResult$1
 398:             1             16  java.nio.charset.CoderResult$2
 399:             1             16  java.security.ProtectionDomain$2
 400:             1             16  java.security.ProtectionDomain$JavaSecurityAccessImpl
 401:             1             16  java.text.MessageFormat$Field
 402:             1             16  java.util.Collections$EmptyIterator
 403:             1             16  java.util.Collections$EmptyList
 404:             1             16  java.util.Collections$EmptySet
 405:             1             16  java.util.Currency$CurrencyNameGetter
 406:             1             16  java.util.Hashtable$EntrySet
 407:             1             16  java.util.Hashtable$KeySet
 408:             1             16  java.util.ResourceBundle$Control
 409:             1             16  java.util.WeakHashMap$KeySet
 410:             1             16  java.util.concurrent.locks.ReentrantLock
 411:             1             16  java.util.jar.JavaUtilJarAccessImpl
 412:             1             16  java.util.regex.Pattern$4
 413:             1             16  java.util.regex.Pattern$LastNode
 414:             1             16  java.util.regex.Pattern$Node
 415:             1             16  java.util.zip.ZipFile$1
 416:             1             16  org.dacapo.h2.TPCCReporter
 417:             1             16  org.dacapo.harness.TestHarness
 418:             1             16  org.h2.Driver
 419:             1             16  org.h2.engine.Engine
 420:             1             16  org.h2.util.BitField
 421:             1             16  sun.misc.ASCIICaseInsensitiveComparator
 422:             1             16  sun.misc.FloatingDecimal$1
 423:             1             16  sun.misc.Launcher
 424:             1             16  sun.misc.Launcher$Factory
 425:             1             16  sun.misc.Perf
 426:             1             16  sun.misc.Unsafe
 427:             1             16  sun.net.www.protocol.file.Handler
 428:             1             16  sun.net.www.protocol.jar.JarFileFactory
 429:             1             16  sun.nio.fs.LinuxFileSystemProvider
 430:             1             16  sun.reflect.BootstrapConstructorAccessorImpl
 431:             1             16  sun.reflect.GeneratedConstructorAccessor1
 432:             1             16  sun.reflect.ReflectionFactory
 433:             1             16  sun.util.calendar.Gregorian
 434:             1             16  sun.util.calendar.JulianCalendar
 435:             1             16  sun.util.locale.provider.AuxLocaleProviderAdapter$NullProvider
 436:             1             16  sun.util.locale.provider.CalendarDataUtility$CalendarWeekParameterGetter
 437:             1             16  sun.util.locale.provider.SPILocaleProviderAdapter
 438:             1             16  sun.util.resources.LocaleData
 439:             1             16  sun.util.resources.LocaleData$LocaleDataResourceBundleControl
Total       1426443       53003272
, 0.0485835 secs]
5.509: Total time for which application threads were stopped: 0.4991011 seconds, Stopping threads took: 0.0000233 seconds
5.517: Application time: 0.0085480 seconds
{Heap before GC invocations=47 (full 2):
 PSYoungGen      total 25088K, used 16896K [0x00000000fe000000, 0x0000000100000000, 0x0000000100000000)
  eden space 16896K, 100% used [0x00000000fe000000,0x00000000ff080000,0x00000000ff080000)
  from space 8192K, 0% used [0x00000000ff800000,0x00000000ff800000,0x0000000100000000)
  to   space 7680K, 0% used [0x00000000ff080000,0x00000000ff080000,0x00000000ff800000)
 ParOldGen       total 65536K, used 51761K [0x00000000fa000000, 0x00000000fe000000, 0x00000000fe000000)
  object space 65536K, 78% used [0x00000000fa000000,0x00000000fd28c408,0x00000000fe000000)
 Metaspace       used 8626K, capacity 8764K, committed 9088K, reserved 1056768K
  class space    used 755K, capacity 795K, committed 896K, reserved 1048576K
TLAB: gc tlab  thread: 0x0000ffff5c801800 [id: 2385458] desired_size: 337KB slow allocs: 0  refill waste: 5400B alloc: 0.99998    16896KB refills: 1 waste  0.0% gc: 0B slow: 40B fast: 0B
TLAB: gc tlab  thread: 0x0000ffff5c7ff800 [id: 2385457] desired_size: 337KB slow allocs: 0  refill waste: 5400B alloc: 0.99998    16896KB refills: 1 waste 98.3% gc: 340216B slow: 0B fast: 0B
TLAB: gc tlab  thread: 0x0000ffff5c7fd800 [id: 2385456] desired_size: 337KB slow allocs: 0  refill waste: 5400B alloc: 0.99998    16896KB refills: 1 waste 99.9% gc: 345800B slow: 0B fast: 0B
TLAB: gc tlab  thread: 0x0000ffff5c7fb800 [id: 2385455] desired_size: 337KB slow allocs: 0  refill waste: 5400B alloc: 0.99998    16896KB refills: 1 waste 98.5% gc: 340664B slow: 0B fast: 0B
TLAB: gc tlab  thread: 0x0000ffff5c7f9800 [id: 2385454] desired_size: 337KB slow allocs: 0  refill waste: 5400B alloc: 0.99998    16896KB refills: 1 waste 97.2% gc: 336464B slow: 0B fast: 0B
TLAB: gc tlab  thread: 0x0000ffff5c7f7800 [id: 2385453] desired_size: 337KB slow allocs: 0  refill waste: 5400B alloc: 0.99998    16896KB refills: 1 waste 97.2% gc: 336464B slow: 0B fast: 0B
TLAB: gc tlab  thread: 0x0000ffff5c7f5800 [id: 2385452] desired_size: 337KB slow allocs: 0  refill waste: 5400B alloc: 0.99998    16896KB refills: 1 waste 99.8% gc: 345296B slow: 0B fast: 0B
TLAB: gc tlab  thread: 0x0000ffff5c7f3800 [id: 2385451] desired_size: 337KB slow allocs: 0  refill waste: 5400B alloc: 0.99998    16896KB refills: 1 waste 99.9% gc: 345720B slow: 0B fast: 0B
TLAB: gc tlab  thread: 0x0000ffff5c7f1800 [id: 2385450] desired_size: 337KB slow allocs: 0  refill waste: 5400B alloc: 0.99998    16896KB refills: 1 waste 99.9% gc: 345544B slow: 0B fast: 0B
TLAB: gc tlab  thread: 0x0000ffff5c953800 [id: 2385449] desired_size: 337KB slow allocs: 0  refill waste: 5400B alloc: 0.99998    16896KB refills: 1 waste 97.0% gc: 335744B slow: 0B fast: 0B
TLAB: gc tlab  thread: 0x0000ffff5c951800 [id: 2385448] desired_size: 337KB slow allocs: 0  refill waste: 5400B alloc: 0.99998    16896KB refills: 1 waste 99.9% gc: 345672B slow: 0B fast: 0B
TLAB: gc tlab  thread: 0x0000ffff5c94f800 [id: 2385447] desired_size: 337KB slow allocs: 0  refill waste: 5400B alloc: 0.99998    16896KB refills: 1 waste 99.9% gc: 345648B slow: 0B fast: 0B
TLAB: gc tlab  thread: 0x0000ffff5c94d800 [id: 2385446] desired_size: 337KB slow allocs: 0  refill waste: 5400B alloc: 0.99998    16896KB refills: 1 waste 97.2% gc: 336456B slow: 0B fast: 0B
TLAB: gc tlab  thread: 0x0000ffff5c94b800 [id: 2385445] desired_size: 337KB slow allocs: 0  refill waste: 5400B alloc: 0.99998    16896KB refills: 1 waste 99.9% gc: 345824B slow: 0B fast: 0B
TLAB: gc tlab  thread: 0x0000ffff5c921800 [id: 2385444] desired_size: 337KB slow allocs: 0  refill waste: 5400B alloc: 0.99998    16896KB refills: 1 waste 97.2% gc: 336456B slow: 0B fast: 0B
TLAB: gc tlab  thread: 0x0000ffff5c91f800 [id: 2385443] desired_size: 337KB slow allocs: 0  refill waste: 5400B alloc: 0.99998    16896KB refills: 1 waste 99.9% gc: 345616B slow: 0B fast: 0B
TLAB: gc tlab  thread: 0x0000ffff5c91d800 [id: 2385442] desired_size: 337KB slow allocs: 0  refill waste: 5400B alloc: 0.99998    16896KB refills: 1 waste 90.3% gc: 312496B slow: 0B fast: 0B
TLAB: gc tlab  thread: 0x0000ffff5c91b800 [id: 2385441] desired_size: 337KB slow allocs: 0  refill waste: 5400B alloc: 0.99998    16896KB refills: 1 waste 97.2% gc: 336464B slow: 0B fast: 0B
TLAB: gc tlab  thread: 0x0000ffff5c919800 [id: 2385440] desired_size: 337KB slow allocs: 0  refill waste: 5400B alloc: 0.99998    16896KB refills: 1 waste 99.9% gc: 345648B slow: 0B fast: 0B
TLAB: gc tlab  thread: 0x0000ffff5c7ed800 [id: 2385439] desired_size: 337KB slow allocs: 0  refill waste: 5400B alloc: 0.99998    16896KB refills: 1 waste 99.9% gc: 345744B slow: 0B fast: 0B
TLAB: gc tlab  thread: 0x0000ffff5c7eb800 [id: 2385438] desired_size: 337KB slow allocs: 0  refill waste: 5400B alloc: 0.99998    16896KB refills: 1 waste 99.9% gc: 345648B slow: 0B fast: 0B
TLAB: gc tlab  thread: 0x0000ffff5c7e9800 [id: 2385437] desired_size: 337KB slow allocs: 0  refill waste: 5400B alloc: 0.99998    16896KB refills: 1 waste 97.2% gc: 336464B slow: 0B fast: 0B
TLAB: gc tlab  thread: 0x0000ffff5c7e7800 [id: 2385436] desired_size: 337KB slow allocs: 0  refill waste: 5400B alloc: 0.99998    16896KB refills: 1 waste 99.9% gc: 345744B slow: 0B fast: 0B
TLAB: gc tlab  thread: 0x0000ffff5c7e6000 [id: 2385435] desired_size: 337KB slow allocs: 0  refill waste: 5400B alloc: 0.99998    16896KB refills: 1 waste 99.9% gc: 345672B slow: 0B fast: 0B
TLAB: gc tlab  thread: 0x0000ffff5c89f000 [id: 2385434] desired_size: 337KB slow allocs: 0  refill waste: 5400B alloc: 0.99998    16896KB refills: 1 waste 99.9% gc: 345648B slow: 0B fast: 0B
TLAB: gc tlab  thread: 0x0000ffff5c89d000 [id: 2385433] desired_size: 337KB slow allocs: 0  refill waste: 5400B alloc: 0.99998    16896KB refills: 1 waste 97.2% gc: 336464B slow: 0B fast: 0B
TLAB: gc tlab  thread: 0x0000ffff5c89b000 [id: 2385432] desired_size: 337KB slow allocs: 0  refill waste: 5400B alloc: 0.99998    16896KB refills: 1 waste 98.8% gc: 341768B slow: 0B fast: 0B
TLAB: gc tlab  thread: 0x0000ffff5c899000 [id: 2385431] desired_size: 337KB slow allocs: 0  refill waste: 5400B alloc: 0.99998    16896KB refills: 1 waste 100.0% gc: 345960B slow: 0B fast: 0B
TLAB: gc tlab  thread: 0x0000ffff5c846800 [id: 2385430] desired_size: 337KB slow allocs: 0  refill waste: 5400B alloc: 0.99998    16896KB refills: 1 waste 98.4% gc: 340544B slow: 0B fast: 0B
TLAB: gc tlab  thread: 0x0000ffff5c844800 [id: 2385429] desired_size: 337KB slow allocs: 0  refill waste: 5400B alloc: 0.99998    16896KB refills: 1 waste 99.1% gc: 342792B slow: 0B fast: 0B
TLAB: gc tlab  thread: 0x0000ffff5c842800 [id: 2385428] desired_size: 337KB slow allocs: 0  refill waste: 5400B alloc: 0.99998    16896KB refills: 1 waste 99.9% gc: 345520B slow: 0B fast: 0B
TLAB: gc tlab  thread: 0x0000ffff5c840800 [id: 2385427] desired_size: 337KB slow allocs: 0  refill waste: 5400B alloc: 0.99998    16896KB refills: 1 waste 99.4% gc: 343936B slow: 0B fast: 0B
TLAB: gc tlab  thread: 0x0000ffff5cadc800 [id: 2385426] desired_size: 337KB slow allocs: 0  refill waste: 5400B alloc: 0.99998    16896KB refills: 1 waste 97.2% gc: 336464B slow: 0B fast: 0B
TLAB: gc tlab  thread: 0x0000ffff5cada800 [id: 2385425] desired_size: 337KB slow allocs: 0  refill waste: 5400B alloc: 0.99998    16896KB refills: 1 waste 97.2% gc: 336456B slow: 0B fast: 0B
TLAB: gc tlab  thread: 0x0000ffff5cad9000 [id: 2385424] desired_size: 337KB slow allocs: 0  refill waste: 5400B alloc: 0.99998    16896KB refills: 1 waste 99.9% gc: 345592B slow: 0B fast: 0B
TLAB: gc tlab  thread: 0x0000ffff5cad7000 [id: 2385423] desired_size: 337KB slow allocs: 0  refill waste: 5400B alloc: 0.99998    16896KB refills: 1 waste 99.9% gc: 345744B slow: 0B fast: 0B
TLAB: gc tlab  thread: 0x0000ffff5cad5800 [id: 2385422] desired_size: 337KB slow allocs: 0  refill waste: 5400B alloc: 0.99998    16896KB refills: 1 waste 98.3% gc: 340024B slow: 0B fast: 0B
TLAB: gc tlab  thread: 0x0000ffff5c7c5000 [id: 2385421] desired_size: 337KB slow allocs: 0  refill waste: 5400B alloc: 0.99998    16896KB refills: 1 waste 99.9% gc: 345616B slow: 0B fast: 0B
TLAB: gc tlab  thread: 0x0000ffff5c7c3800 [id: 2385420] desired_size: 337KB slow allocs: 0  refill waste: 5400B alloc: 0.99998    16896KB refills: 1 waste 99.9% gc: 345544B slow: 0B fast: 0B
TLAB: gc tlab  thread: 0x0000ffff5ca83000 [id: 2385419] desired_size: 337KB slow allocs: 0  refill waste: 5400B alloc: 0.99998    16896KB refills: 1 waste 95.7% gc: 331056B slow: 0B fast: 0B
TLAB: gc tlab  thread: 0x0000ffff5c79f800 [id: 2385418] desired_size: 337KB slow allocs: 0  refill waste: 5400B alloc: 0.99998    16896KB refills: 1 waste 96.9% gc: 335440B slow: 0B fast: 0B
TLAB: gc tlab  thread: 0x0000ffff5c847800 [id: 2385417] desired_size: 337KB slow allocs: 0  refill waste: 5400B alloc: 0.99998    16896KB refills: 1 waste 99.9% gc: 345744B slow: 0B fast: 0B
TLAB: gc tlab  thread: 0x0000ffff5c780000 [id: 2385416] desired_size: 337KB slow allocs: 0  refill waste: 5400B alloc: 0.99998    16896KB refills: 1 waste 99.9% gc: 345672B slow: 0B fast: 0B
TLAB: gc tlab  thread: 0x0000ffff5c7c0000 [id: 2385415] desired_size: 337KB slow allocs: 0  refill waste: 5400B alloc: 0.99998    16896KB refills: 1 waste 98.8% gc: 342000B slow: 0B fast: 0B
TLAB: gc tlab  thread: 0x0000ffff5c79e000 [id: 2385414] desired_size: 337KB slow allocs: 0  refill waste: 5400B alloc: 0.99998    16896KB refills: 1 waste 97.2% gc: 336184B slow: 0B fast: 0B
TLAB: gc tlab  thread: 0x0000ffff5c7e3000 [id: 2385413] desired_size: 337KB slow allocs: 0  refill waste: 5400B alloc: 0.99998    16896KB refills: 1 waste 99.9% gc: 345720B slow: 0B fast: 0B
TLAB: gc tlab  thread: 0x0000ffff5c839800 [id: 2385412] desired_size: 337KB slow allocs: 0  refill waste: 5400B alloc: 0.99998    16896KB refills: 1 waste 99.9% gc: 345648B slow: 0B fast: 0B
TLAB: gc tlab  thread: 0x0000ffff5ca84800 [id: 2385411] desired_size: 337KB slow allocs: 0  refill waste: 5400B alloc: 0.99998    16896KB refills: 1 waste 94.3% gc: 326400B slow: 0B fast: 0B
TLAB: gc tlab  thread: 0x0000ffff5ca31000 [id: 2385410] desired_size: 337KB slow allocs: 0  refill waste: 5400B alloc: 0.99998    16896KB refills: 1 waste 99.9% gc: 345520B slow: 0B fast: 0B
TLAB: gc tlab  thread: 0x0000ffff5ca28000 [id: 2385409] desired_size: 337KB slow allocs: 0  refill waste: 5400B alloc: 0.99998    16896KB refills: 1 waste 97.4% gc: 336992B slow: 0B fast: 0B
TLAB: gc tlab  thread: 0x0000ffff5c04e800 [id: 2385309] desired_size: 333KB slow allocs: 0  refill waste: 5328B alloc: 0.98662    16670KB refills: 1 waste 86.6% gc: 295680B slow: 0B fast: 0B
TLAB totals: thrds: 51  refills: 51 max: 1 slow allocs: 0 max 0 waste: 96.4% gc: 17011592B max: 345960B slow: 40B max: 40B fast: 0B max: 0B
5.521: [GC (Allocation Failure) GCTaskManager::set_active_gang(): all_workers_active()  1  workers 43  active  43  ParallelGCThreads 43 
JT: 53  workers 43  active  43  idle 0  more 0
5.523: [SoftReference, 0 refs, 0.0000223 secs]5.523: [WeakReference, 0 refs, 0.0000075 secs]5.523: [FinalReference, 4 refs, 0.0000130 secs]5.523: [PhantomReference, 0 refs, 0 refs, 0.0000096 secs]5.523: [JNI Weak Reference, 0.0000047 secs]AdaptiveSizePolicy::update_averages:  survived: 1441792  promoted: 0  overflow: false
AdaptiveSizeStart: 5.524 collection: 47 
  avg_survived_padded_avg: 7091517.500000  avg_promoted_padded_avg: 3838833.000000  avg_pretenured_padded_avg: 0.000000  tenuring_thresh: 1  target_size: 7340032

Desired survivor size 7340032 bytes, new threshold 1 (max 15)
PSAdaptiveSizePolicy::compute_eden_space_size limits: desired_eden_size: 19753634 old_eden_size: 15204352 eden_limit: 17301504 cur_eden: 17301504 max_eden_size: 17301504 avg_young_live: 1780106
PSAdaptiveSizePolicy::compute_eden_space_size: costs minor_time: 0.081959 major_cost: 0.058229 mutator_cost: 0.859812 throughput_goal: 0.990000 live_space: 321525376 free_space: 40370176 old_eden_size: 15204352 desired_eden_size: 17301504
AdaptiveSizePolicy::survivor space sizes: collection: 47 (7864320, 8388608) -> (7864320, 7340032) 
AdaptiveSizeStop: collection: 47 
[PSYoungGen: 16896K->1408K(24576K)] 68657K->53169K(90112K), 0.0032067 secs] [Times: user=0.02 sys=0.00, real=0.00 secs] 
Heap after GC invocations=47 (full 2):
 PSYoungGen      total 24576K, used 1408K [0x00000000fe000000, 0x0000000100000000, 0x0000000100000000)
  eden space 16896K, 0% used [0x00000000fe000000,0x00000000fe000000,0x00000000ff080000)
  from space 7680K, 18% used [0x00000000ff080000,0x00000000ff1e0000,0x00000000ff800000)
  to   space 7168K, 0% used [0x00000000ff900000,0x00000000ff900000,0x0000000100000000)
 ParOldGen       total 65536K, used 51761K [0x00000000fa000000, 0x00000000fe000000, 0x00000000fe000000)
  object space 65536K, 78% used [0x00000000fa000000,0x00000000fd28c408,0x00000000fe000000)
 Metaspace       used 8626K, capacity 8764K, committed 9088K, reserved 1056768K
  class space    used 755K, capacity 795K, committed 896K, reserved 1048576K
}
5.524: Total time for which application threads were stopped: 0.0070920 seconds, Stopping threads took: 0.0033879 seconds
5.533: Application time: 0.0085718 seconds
5.533: Total time for which application threads were stopped: 0.0003847 seconds, Stopping threads took: 0.0001402 seconds
5.537: Application time: 0.0036175 seconds
5.537: Total time for which application threads were stopped: 0.0003049 seconds, Stopping threads took: 0.0001073 seconds
5.538: Application time: 0.0008317 seconds
5.539: Total time for which application threads were stopped: 0.0009194 seconds, Stopping threads took: 0.0007802 seconds
5.539: Application time: 0.0002421 seconds
5.539: Total time for which application threads were stopped: 0.0001733 seconds, Stopping threads took: 0.0000363 seconds
5.540: Application time: 0.0004264 seconds
5.540: Total time for which application threads were stopped: 0.0002283 seconds, Stopping threads took: 0.0000682 seconds
5.540: Application time: 0.0000851 seconds
5.540: Total time for which application threads were stopped: 0.0001921 seconds, Stopping threads took: 0.0000608 seconds
5.540: Application time: 0.0001597 seconds
5.541: Total time for which application threads were stopped: 0.0001969 seconds, Stopping threads took: 0.0000711 seconds
5.541: Application time: 0.0002252 seconds
5.541: Total time for which application threads were stopped: 0.0001916 seconds, Stopping threads took: 0.0000663 seconds
5.541: Application time: 0.0001752 seconds
5.541: Total time for which application threads were stopped: 0.0001806 seconds, Stopping threads took: 0.0000483 seconds
5.542: Application time: 0.0004471 seconds
5.542: Total time for which application threads were stopped: 0.0001643 seconds, Stopping threads took: 0.0000231 seconds
5.542: Application time: 0.0001753 seconds
5.542: Total time for which application threads were stopped: 0.0001432 seconds, Stopping threads took: 0.0000158 seconds
5.542: Application time: 0.0002226 seconds
5.543: Total time for which application threads were stopped: 0.0001737 seconds, Stopping threads took: 0.0000413 seconds
5.543: Application time: 0.0001396 seconds
5.543: Total time for which application threads were stopped: 0.0001510 seconds, Stopping threads took: 0.0000346 seconds
5.543: Application time: 0.0001384 seconds
5.543: Total time for which application threads were stopped: 0.0001814 seconds, Stopping threads took: 0.0000631 seconds
5.545: Application time: 0.0013000 seconds
5.545: Total time for which application threads were stopped: 0.0002767 seconds, Stopping threads took: 0.0001094 seconds
5.547: Application time: 0.0018300 seconds
5.547: Total time for which application threads were stopped: 0.0002511 seconds, Stopping threads took: 0.0000827 seconds
5.547: Application time: 0.0000791 seconds
5.547: Total time for which application threads were stopped: 0.0002202 seconds, Stopping threads took: 0.0000850 seconds
5.551: Application time: 0.0041982 seconds
5.553: Total time for which application threads were stopped: 0.0011831 seconds, Stopping threads took: 0.0009814 seconds
5.553: Application time: 0.0001384 seconds
5.553: Total time for which application threads were stopped: 0.0002148 seconds, Stopping threads took: 0.0000881 seconds
5.553: Application time: 0.0000871 seconds
5.553: Total time for which application threads were stopped: 0.0003885 seconds, Stopping threads took: 0.0002624 seconds
5.554: Application time: 0.0002140 seconds
5.554: Total time for which application threads were stopped: 0.0002001 seconds, Stopping threads took: 0.0000632 seconds
5.554: Application time: 0.0000587 seconds
5.554: Total time for which application threads were stopped: 0.0001929 seconds, Stopping threads took: 0.0000667 seconds
5.554: Application time: 0.0000909 seconds
5.554: Total time for which application threads were stopped: 0.0001775 seconds, Stopping threads took: 0.0000559 seconds
5.554: Application time: 0.0000606 seconds
5.555: Total time for which application threads were stopped: 0.0001615 seconds, Stopping threads took: 0.0000421 seconds
5.555: Application time: 0.0000866 seconds
5.555: Total time for which application threads were stopped: 0.0001842 seconds, Stopping threads took: 0.0000683 seconds
5.555: Application time: 0.0001389 seconds
5.555: Total time for which application threads were stopped: 0.0001651 seconds, Stopping threads took: 0.0000423 seconds
5.558: Application time: 0.0023144 seconds
5.558: Total time for which application threads were stopped: 0.0001995 seconds, Stopping threads took: 0.0000546 seconds
5.560: Application time: 0.0022421 seconds
5.560: Total time for which application threads were stopped: 0.0002084 seconds, Stopping threads took: 0.0000544 seconds
5.563: Application time: 0.0023816 seconds
5.563: Total time for which application threads were stopped: 0.0002129 seconds, Stopping threads took: 0.0000743 seconds
5.565: Application time: 0.0023167 seconds
5.565: Total time for which application threads were stopped: 0.0002997 seconds, Stopping threads took: 0.0001161 seconds
5.568: Application time: 0.0024693 seconds
5.569: Total time for which application threads were stopped: 0.0007187 seconds, Stopping threads took: 0.0000972 seconds
5.578: Application time: 0.0090374 seconds
5.578: Total time for which application threads were stopped: 0.0005643 seconds, Stopping threads took: 0.0000816 seconds
5.583: Application time: 0.0042965 seconds
5.583: Total time for which application threads were stopped: 0.0003427 seconds, Stopping threads took: 0.0000777 seconds
5.583: Application time: 0.0001522 seconds
5.583: Total time for which application threads were stopped: 0.0002723 seconds, Stopping threads took: 0.0001194 seconds
5.583: Application time: 0.0001427 seconds
5.584: Total time for which application threads were stopped: 0.0002117 seconds, Stopping threads took: 0.0000535 seconds
5.584: Application time: 0.0002866 seconds
5.584: Total time for which application threads were stopped: 0.0001930 seconds, Stopping threads took: 0.0000496 seconds
5.584: Application time: 0.0001481 seconds
5.584: Total time for which application threads were stopped: 0.0002030 seconds, Stopping threads took: 0.0000607 seconds
5.585: Application time: 0.0001241 seconds
5.585: Total time for which application threads were stopped: 0.0001812 seconds, Stopping threads took: 0.0000474 seconds
5.585: Application time: 0.0001267 seconds
5.585: Total time for which application threads were stopped: 0.0002949 seconds, Stopping threads took: 0.0001458 seconds
5.585: Application time: 0.0001293 seconds
5.586: Total time for which application threads were stopped: 0.0007081 seconds, Stopping threads took: 0.0000590 seconds
5.587: Application time: 0.0011956 seconds
5.587: Total time for which application threads were stopped: 0.0002366 seconds, Stopping threads took: 0.0000624 seconds
5.588: Application time: 0.0002852 seconds
5.588: Total time for which application threads were stopped: 0.0002281 seconds, Stopping threads took: 0.0000805 seconds
5.588: Application time: 0.0001408 seconds
5.588: Total time for which application threads were stopped: 0.0001780 seconds, Stopping threads took: 0.0000467 seconds
5.589: Application time: 0.0002392 seconds
5.589: Total time for which application threads were stopped: 0.0001742 seconds, Stopping threads took: 0.0000426 seconds
5.589: Application time: 0.0002882 seconds
5.589: Total time for which application threads were stopped: 0.0002121 seconds, Stopping threads took: 0.0000603 seconds
5.590: Application time: 0.0003743 seconds
5.590: Total time for which application threads were stopped: 0.0002129 seconds, Stopping threads took: 0.0000834 seconds
5.590: Application time: 0.0005680 seconds
5.591: Total time for which application threads were stopped: 0.0001958 seconds, Stopping threads took: 0.0000611 seconds
5.591: Application time: 0.0001647 seconds
5.591: Total time for which application threads were stopped: 0.0001804 seconds, Stopping threads took: 0.0000524 seconds
5.681: Application time: 0.0902474 seconds
5.682: Total time for which application threads were stopped: 0.0005346 seconds, Stopping threads took: 0.0000885 seconds
5.815: Application time: 0.1330769 seconds
5.815: Total time for which application threads were stopped: 0.0004911 seconds, Stopping threads took: 0.0000435 seconds
5.947: Application time: 0.1314075 seconds
5.947: Total time for which application threads were stopped: 0.0004306 seconds, Stopping threads took: 0.0000826 seconds
5.981: Application time: 0.0342391 seconds
5.982: Total time for which application threads were stopped: 0.0003662 seconds, Stopping threads took: 0.0000795 seconds
6.041: Application time: 0.0591617 seconds
{Heap before GC invocations=48 (full 2):
 PSYoungGen      total 24576K, used 18304K [0x00000000fe000000, 0x0000000100000000, 0x0000000100000000)
  eden space 16896K, 100% used [0x00000000fe000000,0x00000000ff080000,0x00000000ff080000)
  from space 7680K, 18% used [0x00000000ff080000,0x00000000ff1e0000,0x00000000ff800000)
  to   space 7168K, 0% used [0x00000000ff900000,0x00000000ff900000,0x0000000100000000)
 ParOldGen       total 65536K, used 51761K [0x00000000fa000000, 0x00000000fe000000, 0x00000000fe000000)
  object space 65536K, 78% used [0x00000000fa000000,0x00000000fd28c408,0x00000000fe000000)
 Metaspace       used 9022K, capacity 9180K, committed 9344K, reserved 1058816K
  class space    used 763K, capacity 827K, committed 896K, reserved 1048576K
TLAB: gc tlab  thread: 0x0000ffff5ca15000 [id: 2385472] desired_size: 17KB slow allocs: 1  refill waste: 280B alloc: 0.05262      889KB refills: 24 waste  0.3% gc: 672B slow: 528B fast: 160B
TLAB: gc tlab  thread: 0x0000ffff5ca13000 [id: 2385471] desired_size: 17KB slow allocs: 0  refill waste: 280B alloc: 0.05262      889KB refills: 2 waste  6.9% gc: 2400B slow: 0B fast: 128B
TLAB: gc tlab  thread: 0x0000ffff5c96b000 [id: 2385470] desired_size: 17KB slow allocs: 0  refill waste: 280B alloc: 0.05262      889KB refills: 8 waste  0.2% gc: 112B slow: 136B fast: 24B
TLAB: gc tlab  thread: 0x0000ffff5c969000 [id: 2385469] desired_size: 17KB slow allocs: 0  refill waste: 280B alloc: 0.05262      889KB refills: 7 waste 12.5% gc: 15664B slow: 96B fast: 224B
TLAB: gc tlab  thread: 0x0000ffff5c967000 [id: 2385468] desired_size: 17KB slow allocs: 0  refill waste: 280B alloc: 0.05262      889KB refills: 9 waste  6.1% gc: 9472B slow: 248B fast: 240B
TLAB: gc tlab  thread: 0x0000ffff5c965000 [id: 2385467] desired_size: 17KB slow allocs: 1  refill waste: 280B alloc: 0.05262      889KB refills: 6 waste  5.5% gc: 5952B slow: 56B fast: 24B
TLAB: gc tlab  thread: 0x0000ffff5c963000 [id: 2385466] desired_size: 17KB slow allocs: 0  refill waste: 280B alloc: 0.05262      889KB refills: 13 waste  2.0% gc: 4248B slow: 504B fast: 72B
TLAB: gc tlab  thread: 0x0000ffff5c961000 [id: 2385465] desired_size: 17KB slow allocs: 0  refill waste: 280B alloc: 0.05262      889KB refills: 9 waste  0.1% gc: 0B slow: 208B fast: 32B
TLAB: gc tlab  thread: 0x0000ffff5c7bc800 [id: 2385464] desired_size: 17KB slow allocs: 0  refill waste: 280B alloc: 0.05262      889KB refills: 16 waste  1.8% gc: 4696B slow: 440B fast: 80B
TLAB: gc tlab  thread: 0x0000ffff5c7ba800 [id: 2385463] desired_size: 17KB slow allocs: 0  refill waste: 280B alloc: 0.05262      889KB refills: 22 waste  2.9% gc: 11088B slow: 696B fast: 8B
TLAB: gc tlab  thread: 0x0000ffff5c7b8800 [id: 2385462] desired_size: 17KB slow allocs: 0  refill waste: 280B alloc: 0.05262      889KB refills: 15 waste  0.9% gc: 1864B slow: 392B fast: 144B
TLAB: gc tlab  thread: 0x0000ffff5c7b5000 [id: 2385460] desired_size: 337KB slow allocs: 0  refill waste: 5400B alloc: 0.99998    16896KB refills: 1 waste 48.2% gc: 166776B slow: 0B fast: 0B
TLAB: gc tlab  thread: 0x0000ffff5c803800 [id: 2385459] desired_size: 337KB slow allocs: 0  refill waste: 5400B alloc: 0.99998    16896KB refills: 1 waste 66.0% gc: 228488B slow: 0B fast: 0B
TLAB: gc tlab  thread: 0x0000ffff5c801800 [id: 2385458] desired_size: 168KB slow allocs: 0  refill waste: 2696B alloc: 0.50007     8449KB refills: 1 waste 27.2% gc: 47024B slow: 0B fast: 0B
TLAB: gc tlab  thread: 0x0000ffff5c7ff800 [id: 2385457] desired_size: 168KB slow allocs: 0  refill waste: 2696B alloc: 0.49999     8448KB refills: 1 waste 32.3% gc: 55872B slow: 0B fast: 0B
TLAB: gc tlab  thread: 0x0000ffff5c7fd800 [id: 2385456] desired_size: 168KB slow allocs: 0  refill waste: 2696B alloc: 0.49999     8448KB refills: 1 waste 33.4% gc: 57720B slow: 0B fast: 0B
TLAB: gc tlab  thread: 0x0000ffff5c7fb800 [id: 2385455] desired_size: 168KB slow allocs: 0  refill waste: 2696B alloc: 0.49999     8448KB refills: 1 waste 28.1% gc: 48552B slow: 0B fast: 0B
TLAB: gc tlab  thread: 0x0000ffff5c7f9800 [id: 2385454] desired_size: 168KB slow allocs: 0  refill waste: 2696B alloc: 0.49999     8448KB refills: 1 waste 39.0% gc: 67416B slow: 0B fast: 0B
TLAB: gc tlab  thread: 0x0000ffff5c7f7800 [id: 2385453] desired_size: 168KB slow allocs: 0  refill waste: 2696B alloc: 0.49999     8448KB refills: 1 waste 35.6% gc: 61584B slow: 0B fast: 0B
TLAB: gc tlab  thread: 0x0000ffff5c7f5800 [id: 2385452] desired_size: 168KB slow allocs: 0  refill waste: 2696B alloc: 0.49999     8448KB refills: 1 waste 41.9% gc: 72536B slow: 0B fast: 0B
TLAB: gc tlab  thread: 0x0000ffff5c7f3800 [id: 2385451] desired_size: 168KB slow allocs: 0  refill waste: 2696B alloc: 0.49999     8448KB refills: 1 waste 39.8% gc: 68864B slow: 0B fast: 0B
TLAB: gc tlab  thread: 0x0000ffff5c7f1800 [id: 2385450] desired_size: 168KB slow allocs: 0  refill waste: 2696B alloc: 0.49999     8448KB refills: 1 waste 20.2% gc: 34920B slow: 0B fast: 0B
TLAB: gc tlab  thread: 0x0000ffff5c953800 [id: 2385449] desired_size: 168KB slow allocs: 0  refill waste: 2696B alloc: 0.49999     8448KB refills: 3 waste 32.0% gc: 165704B slow: 160B fast: 0B
TLAB: gc tlab  thread: 0x0000ffff5c951800 [id: 2385448] desired_size: 168KB slow allocs: 0  refill waste: 2696B alloc: 0.49999     8448KB refills: 1 waste 26.1% gc: 45080B slow: 0B fast: 0B
TLAB: gc tlab  thread: 0x0000ffff5c94f800 [id: 2385447] desired_size: 168KB slow allocs: 0  refill waste: 2696B alloc: 0.49999     8448KB refills: 2 waste 41.4% gc: 143224B slow: 0B fast: 16B
TLAB: gc tlab  thread: 0x0000ffff5c94d800 [id: 2385446] desired_size: 168KB slow allocs: 0  refill waste: 2696B alloc: 0.49999     8448KB refills: 3 waste 13.1% gc: 67984B slow: 136B fast: 0B
TLAB: gc tlab  thread: 0x0000ffff5c94b800 [id: 2385445] desired_size: 168KB slow allocs: 0  refill waste: 2696B alloc: 0.49999     8448KB refills: 2 waste 33.6% gc: 116160B slow: 0B fast: 0B
TLAB: gc tlab  thread: 0x0000ffff5c921800 [id: 2385444] desired_size: 168KB slow allocs: 0  refill waste: 2696B alloc: 0.49999     8448KB refills: 2 waste 46.1% gc: 159352B slow: 0B fast: 40B
TLAB: gc tlab  thread: 0x0000ffff5c91f800 [id: 2385443] desired_size: 168KB slow allocs: 0  refill waste: 2696B alloc: 0.49999     8448KB refills: 1 waste 33.8% gc: 58504B slow: 0B fast: 0B
TLAB: gc tlab  thread: 0x0000ffff5c91d800 [id: 2385442] desired_size: 168KB slow allocs: 0  refill waste: 2696B alloc: 0.49999     8448KB refills: 2 waste  4.5% gc: 15640B slow: 64B fast: 0B
TLAB: gc tlab  thread: 0x0000ffff5c91b800 [id: 2385441] desired_size: 168KB slow allocs: 0  refill waste: 2696B alloc: 0.49999     8448KB refills: 1 waste 33.4% gc: 57808B slow: 0B fast: 0B
TLAB: gc tlab  thread: 0x0000ffff5c919800 [id: 2385440] desired_size: 168KB slow allocs: 0  refill waste: 2696B alloc: 0.49999     8448KB refills: 1 waste 78.2% gc: 135288B slow: 0B fast: 0B
TLAB: gc tlab  thread: 0x0000ffff5c7ed800 [id: 2385439] desired_size: 168KB slow allocs: 0  refill waste: 2696B alloc: 0.49999     8448KB refills: 1 waste 25.7% gc: 44432B slow: 0B fast: 0B
TLAB: gc tlab  thread: 0x0000ffff5c7eb800 [id: 2385438] desired_size: 168KB slow allocs: 0  refill waste: 2696B alloc: 0.49999     8448KB refills: 1 waste 35.6% gc: 61520B slow: 0B fast: 0B
TLAB: gc tlab  thread: 0x0000ffff5c7e9800 [id: 2385437] desired_size: 168KB slow allocs: 0  refill waste: 2696B alloc: 0.49999     8448KB refills: 1 waste 20.4% gc: 35240B slow: 0B fast: 0B
TLAB: gc tlab  thread: 0x0000ffff5c7e7800 [id: 2385436] desired_size: 168KB slow allocs: 0  refill waste: 2696B alloc: 0.49999     8448KB refills: 1 waste 26.1% gc: 45080B slow: 0B fast: 0B
TLAB: gc tlab  thread: 0x0000ffff5c7e6000 [id: 2385435] desired_size: 168KB slow allocs: 0  refill waste: 2696B alloc: 0.49999     8448KB refills: 2 waste 40.5% gc: 139784B slow: 224B fast: 0B
TLAB: gc tlab  thread: 0x0000ffff5c89f000 [id: 2385434] desired_size: 168KB slow allocs: 0  refill waste: 2696B alloc: 0.49999     8448KB refills: 2 waste 48.2% gc: 166920B slow: 0B fast: 8B
TLAB: gc tlab  thread: 0x0000ffff5c89d000 [id: 2385433] desired_size: 168KB slow allocs: 0  refill waste: 2696B alloc: 0.49999     8448KB refills: 1 waste 13.8% gc: 23960B slow: 0B fast: 0B
TLAB: gc tlab  thread: 0x0000ffff5c89b000 [id: 2385432] desired_size: 168KB slow allocs: 0  refill waste: 2696B alloc: 0.49999     8448KB refills: 2 waste 12.5% gc: 43112B slow: 0B fast: 32B
TLAB: gc tlab  thread: 0x0000ffff5c899000 [id: 2385431] desired_size: 168KB slow allocs: 0  refill waste: 2696B alloc: 0.49999     8448KB refills: 2 waste 45.4% gc: 157024B slow: 24B fast: 0B
TLAB: gc tlab  thread: 0x0000ffff5c846800 [id: 2385430] desired_size: 168KB slow allocs: 0  refill waste: 2696B alloc: 0.49999     8448KB refills: 2 waste 28.3% gc: 97984B slow: 16B fast: 0B
TLAB: gc tlab  thread: 0x0000ffff5c844800 [id: 2385429] desired_size: 168KB slow allocs: 0  refill waste: 2696B alloc: 0.49999     8448KB refills: 3 waste 11.4% gc: 59328B slow: 48B fast: 0B
TLAB: gc tlab  thread: 0x0000ffff5c842800 [id: 2385428] desired_size: 168KB slow allocs: 0  refill waste: 2696B alloc: 0.49999     8448KB refills: 3 waste  1.0% gc: 4800B slow: 144B fast: 0B
TLAB: gc tlab  thread: 0x0000ffff5c840800 [id: 2385427] desired_size: 168KB slow allocs: 0  refill waste: 2696B alloc: 0.49999     8448KB refills: 2 waste 40.0% gc: 138256B slow: 64B fast: 0B
TLAB: gc tlab  thread: 0x0000ffff5cadc800 [id: 2385426] desired_size: 168KB slow allocs: 0  refill waste: 2696B alloc: 0.49999     8448KB refills: 1 waste 24.0% gc: 41464B slow: 0B fast: 0B
TLAB: gc tlab  thread: 0x0000ffff5cada800 [id: 2385425] desired_size: 168KB slow allocs: 0  refill waste: 2696B alloc: 0.49999     8448KB refills: 2 waste 33.6% gc: 116272B slow: 16B fast: 0B
TLAB: gc tlab  thread: 0x0000ffff5cad9000 [id: 2385424] desired_size: 168KB slow allocs: 0  refill waste: 2696B alloc: 0.49999     8448KB refills: 1 waste 19.6% gc: 33824B slow: 0B fast: 0B
TLAB: gc tlab  thread: 0x0000ffff5cad7000 [id: 2385423] desired_size: 168KB slow allocs: 0  refill waste: 2696B alloc: 0.49999     8448KB refills: 1 waste 24.3% gc: 42056B slow: 0B fast: 0B
TLAB: gc tlab  thread: 0x0000ffff5cad5800 [id: 2385422] desired_size: 168KB slow allocs: 0  refill waste: 2696B alloc: 0.49999     8448KB refills: 1 waste 19.2% gc: 33160B slow: 0B fast: 0B
TLAB: gc tlab  thread: 0x0000ffff5c7c5000 [id: 2385421] desired_size: 168KB slow allocs: 0  refill waste: 2696B alloc: 0.49999     8448KB refills: 2 waste 14.4% gc: 49816B slow: 112B fast: 0B
TLAB: gc tlab  thread: 0x0000ffff5c7c3800 [id: 2385420] desired_size: 168KB slow allocs: 0  refill waste: 2696B alloc: 0.49999     8448KB refills: 1 waste 75.3% gc: 130344B slow: 0B fast: 0B
TLAB: gc tlab  thread: 0x0000ffff5ca83000 [id: 2385419] desired_size: 168KB slow allocs: 0  refill waste: 2696B alloc: 0.49999     8448KB refills: 1 waste 38.1% gc: 65936B slow: 0B fast: 0B
TLAB: gc tlab  thread: 0x0000ffff5c79f800 [id: 2385418] desired_size: 168KB slow allocs: 0  refill waste: 2696B alloc: 0.49999     8448KB refills: 2 waste 25.9% gc: 89760B slow: 24B fast: 0B
TLAB: gc tlab  thread: 0x0000ffff5c780000 [id: 2385416] desired_size: 168KB slow allocs: 0  refill waste: 2696B alloc: 0.49999     8448KB refills: 2 waste 10.3% gc: 35712B slow: 32B fast: 0B
TLAB: gc tlab  thread: 0x0000ffff5c7c0000 [id: 2385415] desired_size: 168KB slow allocs: 0  refill waste: 2696B alloc: 0.49999     8448KB refills: 1 waste 38.9% gc: 67360B slow: 0B fast: 0B
TLAB: gc tlab  thread: 0x0000ffff5c79e000 [id: 2385414] desired_size: 168KB slow allocs: 0  refill waste: 2696B alloc: 0.49999     8448KB refills: 2 waste  6.9% gc: 23624B slow: 120B fast: 0B
TLAB: gc tlab  thread: 0x0000ffff5c7e3000 [id: 2385413] desired_size: 168KB slow allocs: 0  refill waste: 2696B alloc: 0.49999     8448KB refills: 3 waste  9.4% gc: 48648B slow: 208B fast: 0B
TLAB: gc tlab  thread: 0x0000ffff5c839800 [id: 2385412] desired_size: 168KB slow allocs: 0  refill waste: 2696B alloc: 0.49999     8448KB refills: 1 waste 35.6% gc: 61648B slow: 0B fast: 0B
TLAB: gc tlab  thread: 0x0000ffff5ca84800 [id: 2385411] desired_size: 168KB slow allocs: 0  refill waste: 2696B alloc: 0.49999     8448KB refills: 1 waste 36.3% gc: 62840B slow: 0B fast: 0B
TLAB: gc tlab  thread: 0x0000ffff5ca31000 [id: 2385410] desired_size: 168KB slow allocs: 0  refill waste: 2696B alloc: 0.49999     8448KB refills: 2 waste 28.2% gc: 97488B slow: 24B fast: 0B
TLAB: gc tlab  thread: 0x0000ffff5ca28000 [id: 2385409] desired_size: 168KB slow allocs: 0  refill waste: 2696B alloc: 0.49999     8448KB refills: 1 waste 53.3% gc: 92152B slow: 0B fast: 0B
TLAB: gc tlab  thread: 0x0000ffff5c74d800 [id: 2385374] desired_size: 46KB slow allocs: 0  refill waste: 736B alloc: 0.13732     2320KB refills: 1 waste 99.1% gc: 47104B slow: 0B fast: 0B
TLAB: gc tlab  thread: 0x0000ffff5c74b800 [id: 2385373] desired_size: 109KB slow allocs: 0  refill waste: 1752B alloc: 0.32500     5491KB refills: 1 waste 99.3% gc: 111640B slow: 0B fast: 0B
TLAB: gc tlab  thread: 0x0000ffff5c749800 [id: 2385372] desired_size: 109KB slow allocs: 0  refill waste: 1752B alloc: 0.32500     5491KB refills: 1 waste 99.9% gc: 112352B slow: 0B fast: 0B
TLAB: gc tlab  thread: 0x0000ffff5c745000 [id: 2385370] desired_size: 109KB slow allocs: 0  refill waste: 1752B alloc: 0.32500     5491KB refills: 1 waste 99.9% gc: 112376B slow: 0B fast: 0B
TLAB: gc tlab  thread: 0x0000ffff5c743000 [id: 2385369] desired_size: 109KB slow allocs: 0  refill waste: 1752B alloc: 0.32501     5491KB refills: 1 waste 99.8% gc: 112272B slow: 0B fast: 0B
TLAB: gc tlab  thread: 0x0000ffff5c04e800 [id: 2385309] desired_size: 216KB slow allocs: 0  refill waste: 3464B alloc: 0.64130    10835KB refills: 1 waste 100.0% gc: 221904B slow: 0B fast: 0B
TLAB totals: thrds: 68  refills: 214 max: 24 slow allocs: 2 max 1 waste: 28.4% gc: 4757856B max: 228488B slow: 4720B max: 696B fast: 1232B max: 240B
6.042: [GC (Allocation Failure) GCTaskManager::set_active_gang(): all_workers_active()  1  workers 43  active  43  ParallelGCThreads 43 
JT: 63  workers 43  active  43  idle 0  more 0
6.045: [SoftReference, 0 refs, 0.0000239 secs]6.045: [WeakReference, 0 refs, 0.0000076 secs]6.045: [FinalReference, 18 refs, 0.0000372 secs]6.045: [PhantomReference, 0 refs, 0 refs, 0.0000100 secs]6.045: [JNI Weak Reference, 0.0000047 secs]AdaptiveSizePolicy::update_averages:  survived: 2621440  promoted: 221184  overflow: false
AdaptiveSizeStart: 6.046 collection: 48 
  avg_survived_padded_avg: 6856186.500000  avg_promoted_padded_avg: 3606454.750000  avg_pretenured_padded_avg: 0.000000  tenuring_thresh: 1  target_size: 7340032

Desired survivor size 7340032 bytes, new threshold 1 (max 15)
PSAdaptiveSizePolicy::compute_eden_space_size limits: desired_eden_size: 19486531 old_eden_size: 17301504 eden_limit: 18350080 cur_eden: 17301504 max_eden_size: 18350080 avg_young_live: 1864239
PSAdaptiveSizePolicy::compute_eden_space_size: costs minor_time: 0.063323 major_cost: 0.058229 mutator_cost: 0.878448 throughput_goal: 0.990000 live_space: 321609504 free_space: 42467328 old_eden_size: 17301504 desired_eden_size: 18350080
AdaptiveSizePolicy::survivor space sizes: collection: 48 (7340032, 7864320) -> (7340032, 7340032) 
AdaptiveSizeStop: collection: 48 
[PSYoungGen: 18304K->2560K(25600K)] 70065K->54537K(91136K), 0.0039649 secs] [Times: user=0.04 sys=0.00, real=0.00 secs] 
Heap after GC invocations=48 (full 2):
 PSYoungGen      total 25600K, used 2560K [0x00000000fe000000, 0x0000000100000000, 0x0000000100000000)
  eden space 18432K, 0% used [0x00000000fe000000,0x00000000fe000000,0x00000000ff200000)
  from space 7168K, 35% used [0x00000000ff900000,0x00000000ffb80000,0x0000000100000000)
  to   space 7168K, 0% used [0x00000000ff200000,0x00000000ff200000,0x00000000ff900000)
 ParOldGen       total 65536K, used 51977K [0x00000000fa000000, 0x00000000fe000000, 0x00000000fe000000)
  object space 65536K, 79% used [0x00000000fa000000,0x00000000fd2c2408,0x00000000fe000000)
 Metaspace       used 9022K, capacity 9180K, committed 9344K, reserved 1058816K
  class space    used 763K, capacity 827K, committed 896K, reserved 1048576K
}
6.046: Total time for which application threads were stopped: 0.0047504 seconds, Stopping threads took: 0.0000706 seconds
6.051: Application time: 0.0052530 seconds
6.051: Total time for which application threads were stopped: 0.0003036 seconds, Stopping threads took: 0.0000556 seconds
6.065: Application time: 0.0136594 seconds
6.065: Total time for which application threads were stopped: 0.0003022 seconds, Stopping threads took: 0.0000637 seconds
6.117: Application time: 0.0521775 seconds
6.118: Total time for which application threads were stopped: 0.0003643 seconds, Stopping threads took: 0.0000658 seconds
6.137: Application time: 0.0195673 seconds
6.138: Total time for which application threads were stopped: 0.0003409 seconds, Stopping threads took: 0.0000678 seconds
6.142: Application time: 0.0039185 seconds
6.142: Total time for which application threads were stopped: 0.0003041 seconds, Stopping threads took: 0.0000604 seconds
6.182: Application time: 0.0401412 seconds
6.182: Total time for which application threads were stopped: 0.0003430 seconds, Stopping threads took: 0.0000696 seconds
6.195: Application time: 0.0122976 seconds
6.195: Total time for which application threads were stopped: 0.0002741 seconds, Stopping threads took: 0.0000663 seconds
6.203: Application time: 0.0077705 seconds
6.203: Total time for which application threads were stopped: 0.0002654 seconds, Stopping threads took: 0.0000562 seconds
6.210: Application time: 0.0070073 seconds
6.213: Total time for which application threads were stopped: 0.0031370 seconds, Stopping threads took: 0.0029071 seconds
6.232: Application time: 0.0183795 seconds
6.232: Total time for which application threads were stopped: 0.0003907 seconds, Stopping threads took: 0.0000932 seconds
6.238: Application time: 0.0055618 seconds
6.238: Total time for which application threads were stopped: 0.0003106 seconds, Stopping threads took: 0.0000881 seconds
6.247: Application time: 0.0095231 seconds
6.248: Total time for which application threads were stopped: 0.0002782 seconds, Stopping threads took: 0.0000649 seconds
6.255: Application time: 0.0074768 seconds
6.255: Total time for which application threads were stopped: 0.0002988 seconds, Stopping threads took: 0.0000785 seconds
6.267: Application time: 0.0117943 seconds
6.268: Total time for which application threads were stopped: 0.0003420 seconds, Stopping threads took: 0.0001055 seconds
6.272: Application time: 0.0046182 seconds
6.272: Total time for which application threads were stopped: 0.0002604 seconds, Stopping threads took: 0.0000556 seconds
6.280: Application time: 0.0073189 seconds
6.280: Total time for which application threads were stopped: 0.0002742 seconds, Stopping threads took: 0.0000671 seconds
6.295: Application time: 0.0154230 seconds
6.296: Total time for which application threads were stopped: 0.0008314 seconds, Stopping threads took: 0.0000521 seconds
6.672: Application time: 0.3756894 seconds
{Heap before GC invocations=49 (full 2):
 PSYoungGen      total 25600K, used 20992K [0x00000000fe000000, 0x0000000100000000, 0x0000000100000000)
  eden space 18432K, 100% used [0x00000000fe000000,0x00000000ff200000,0x00000000ff200000)
  from space 7168K, 35% used [0x00000000ff900000,0x00000000ffb80000,0x0000000100000000)
  to   space 7168K, 0% used [0x00000000ff200000,0x00000000ff200000,0x00000000ff900000)
 ParOldGen       total 65536K, used 51977K [0x00000000fa000000, 0x00000000fe000000, 0x00000000fe000000)
  object space 65536K, 79% used [0x00000000fa000000,0x00000000fd2c2408,0x00000000fe000000)
 Metaspace       used 9065K, capacity 9180K, committed 9344K, reserved 1058816K
  class space    used 763K, capacity 827K, committed 896K, reserved 1048576K
TLAB: gc tlab  thread: 0x0000ffff5c803800 [id: 2385459] desired_size: 184KB slow allocs: 0  refill waste: 2944B alloc: 0.49999     9216KB refills: 2 waste  0.0% gc: 0B slow: 88B fast: 0B
TLAB: gc tlab  thread: 0x0000ffff5c801800 [id: 2385458] desired_size: 119KB slow allocs: 0  refill waste: 1912B alloc: 0.32505     5991KB refills: 1 waste 66.3% gc: 81320B slow: 0B fast: 0B
TLAB: gc tlab  thread: 0x0000ffff5c7c0000 [id: 2385415] desired_size: 119KB slow allocs: 0  refill waste: 1912B alloc: 0.32508     5992KB refills: 1 waste 66.1% gc: 81128B slow: 0B fast: 0B
TLAB: gc tlab  thread: 0x0000ffff5c839800 [id: 2385412] desired_size: 119KB slow allocs: 0  refill waste: 1912B alloc: 0.32500     5990KB refills: 4 waste  3.2% gc: 14664B slow: 800B fast: 0B
TLAB: gc tlab  thread: 0x0000ffff5ca28000 [id: 2385409] desired_size: 119KB slow allocs: 0  refill waste: 1912B alloc: 0.32518     5994KB refills: 3 waste 14.8% gc: 54504B slow: 168B fast: 8B
TLAB: gc tlab  thread: 0x0000ffff5c747800 [id: 2385371] desired_size: 119KB slow allocs: 0  refill waste: 1912B alloc: 0.32503     5991KB refills: 1 waste 99.7% gc: 122328B slow: 0B fast: 0B
TLAB: gc tlab  thread: 0x0000ffff5c726000 [id: 2385359] desired_size: 368KB slow allocs: 0  refill waste: 5896B alloc: 0.99999    18432KB refills: 1 waste 100.0% gc: 377432B slow: 0B fast: 0B
TLAB totals: thrds: 7  refills: 13 max: 4 slow allocs: 0 max 0 waste: 37.0% gc: 731376B max: 377432B slow: 1056B max: 800B fast: 8B max: 8B
6.672: [GC (Allocation Failure) GCTaskManager::set_active_gang(): all_workers_active()  1  workers 43  active  43  ParallelGCThreads 43 
JT: 6  workers 43  active  43  idle 0  more 0
6.676: [SoftReference, 0 refs, 0.0000437 secs]6.676: [WeakReference, 0 refs, 0.0000086 secs]6.676: [FinalReference, 0 refs, 0.0000071 secs]6.676: [PhantomReference, 0 refs, 0 refs, 0.0000095 secs]6.676: [JNI Weak Reference, 0.0000049 secs]AdaptiveSizePolicy::update_averages:  survived: 2260992  promoted: 1548288  overflow: false
AdaptiveSizeStart: 6.677 collection: 49 
  avg_survived_padded_avg: 6489855.000000  avg_promoted_padded_avg: 3642508.000000  avg_pretenured_padded_avg: 0.000000  tenuring_thresh: 2  target_size: 6815744

Desired survivor size 6815744 bytes, new threshold 2 (max 15)
PSAdaptiveSizePolicy::compute_eden_space_size limits: desired_eden_size: 20793442 old_eden_size: 18350080 eden_limit: 18874368 cur_eden: 18874368 max_eden_size: 18874368 avg_young_live: 1903914
PSAdaptiveSizePolicy::compute_eden_space_size: costs minor_time: 0.049114 major_cost: 0.058229 mutator_cost: 0.892656 throughput_goal: 0.990000 live_space: 321649184 free_space: 43515904 old_eden_size: 18350080 desired_eden_size: 18874368
AdaptiveSizePolicy::survivor space sizes: collection: 49 (7340032, 7340032) -> (7340032, 6815744) 
AdaptiveSizeStop: collection: 49 
[PSYoungGen: 20992K->2208K(25600K)] 72969K->55697K(91136K), 0.0041907 secs] [Times: user=0.06 sys=0.00, real=0.01 secs] 
Heap after GC invocations=49 (full 2):
 PSYoungGen      total 25600K, used 2208K [0x00000000fe000000, 0x0000000100000000, 0x0000000100000000)
  eden space 18432K, 0% used [0x00000000fe000000,0x00000000fe000000,0x00000000ff200000)
  from space 7168K, 30% used [0x00000000ff200000,0x00000000ff428000,0x00000000ff900000)
  to   space 6656K, 0% used [0x00000000ff980000,0x00000000ff980000,0x0000000100000000)
 ParOldGen       total 65536K, used 53489K [0x00000000fa000000, 0x00000000fe000000, 0x00000000fe000000)
  object space 65536K, 81% used [0x00000000fa000000,0x00000000fd43c408,0x00000000fe000000)
 Metaspace       used 9065K, capacity 9180K, committed 9344K, reserved 1058816K
  class space    used 763K, capacity 827K, committed 896K, reserved 1048576K
}
6.677: Total time for which application threads were stopped: 0.0047433 seconds, Stopping threads took: 0.0000575 seconds
7.102: Application time: 0.4257084 seconds
{Heap before GC invocations=50 (full 2):
 PSYoungGen      total 25600K, used 20640K [0x00000000fe000000, 0x0000000100000000, 0x0000000100000000)
  eden space 18432K, 100% used [0x00000000fe000000,0x00000000ff200000,0x00000000ff200000)
  from space 7168K, 30% used [0x00000000ff200000,0x00000000ff428000,0x00000000ff900000)
  to   space 6656K, 0% used [0x00000000ff980000,0x00000000ff980000,0x0000000100000000)
 ParOldGen       total 65536K, used 53489K [0x00000000fa000000, 0x00000000fe000000, 0x00000000fe000000)
  object space 65536K, 81% used [0x00000000fa000000,0x00000000fd43c408,0x00000000fe000000)
 Metaspace       used 9208K, capacity 9340K, committed 9600K, reserved 1058816K
  class space    used 779K, capacity 859K, committed 896K, reserved 1048576K
TLAB: gc tlab  thread: 0x0000ffff5c04e800 [id: 2385309] desired_size: 154KB slow allocs: 4  refill waste: 2464B alloc: 0.41777     7700KB refills: 112 waste  0.0% gc: 0B slow: 3592B fast: 120B
TLAB totals: thrds: 1  refills: 112 max: 112 slow allocs: 4 max 4 waste:  0.0% gc: 0B max: 0B slow: 3592B max: 3592B fast: 120B max: 120B
7.103: [GC (Allocation Failure) GCTaskManager::set_active_gang(): all_workers_active()  1  workers 43  active  43  ParallelGCThreads 43 
JT: 1  workers 43  active  43  idle 0  more 0
7.106: [SoftReference, 0 refs, 0.0000247 secs]7.106: [WeakReference, 1 refs, 0.0000083 secs]7.106: [FinalReference, 0 refs, 0.0000072 secs]7.106: [PhantomReference, 0 refs, 0 refs, 0.0000094 secs]7.106: [JNI Weak Reference, 0.0000045 secs]AdaptiveSizePolicy::update_averages:  survived: 2555920  promoted: 0  overflow: false
AdaptiveSizeStart: 7.106 collection: 50 
  avg_survived_padded_avg: 6259961.500000  avg_promoted_padded_avg: 3568302.750000  avg_pretenured_padded_avg: 0.000000  tenuring_thresh: 3  target_size: 6291456

Desired survivor size 6291456 bytes, new threshold 3 (max 15)
PSAdaptiveSizePolicy::compute_eden_space_size limits: desired_eden_size: 20553867 old_eden_size: 18874368 eden_limit: 19398656 cur_eden: 18874368 max_eden_size: 19398656 avg_young_live: 1969115
PSAdaptiveSizePolicy::compute_eden_space_size: costs minor_time: 0.038888 major_cost: 0.058229 mutator_cost: 0.902882 throughput_goal: 0.990000 live_space: 321714400 free_space: 44040192 old_eden_size: 18874368 desired_eden_size: 19398656
AdaptiveSizePolicy::survivor space sizes: collection: 50 (6815744, 7340032) -> (6815744, 6291456) 
AdaptiveSizeStop: collection: 50 
[PSYoungGen: 20640K->2496K(26624K)] 74129K->55985K(92160K), 0.0036297 secs] [Times: user=0.04 sys=0.01, real=0.01 secs] 
Heap after GC invocations=50 (full 2):
 PSYoungGen      total 26624K, used 2496K [0x00000000fe000000, 0x0000000100000000, 0x0000000100000000)
  eden space 19968K, 0% used [0x00000000fe000000,0x00000000fe000000,0x00000000ff380000)
  from space 6656K, 37% used [0x00000000ff980000,0x00000000ffbf0010,0x0000000100000000)
  to   space 6144K, 0% used [0x00000000ff380000,0x00000000ff380000,0x00000000ff980000)
 ParOldGen       total 65536K, used 53489K [0x00000000fa000000, 0x00000000fe000000, 0x00000000fe000000)
  object space 65536K, 81% used [0x00000000fa000000,0x00000000fd43c408,0x00000000fe000000)
 Metaspace       used 9208K, capacity 9340K, committed 9600K, reserved 1058816K
  class space    used 779K, capacity 859K, committed 896K, reserved 1048576K
}
7.107: Total time for which application threads were stopped: 0.0041233 seconds, Stopping threads took: 0.0000227 seconds
7.183: Application time: 0.0763919 seconds
{Heap before GC invocations=51 (full 2):
 PSYoungGen      total 26624K, used 22464K [0x00000000fe000000, 0x0000000100000000, 0x0000000100000000)
  eden space 19968K, 100% used [0x00000000fe000000,0x00000000ff380000,0x00000000ff380000)
  from space 6656K, 37% used [0x00000000ff980000,0x00000000ffbf0010,0x0000000100000000)
  to   space 6144K, 0% used [0x00000000ff380000,0x00000000ff380000,0x00000000ff980000)
 ParOldGen       total 65536K, used 53489K [0x00000000fa000000, 0x00000000fe000000, 0x00000000fe000000)
  object space 65536K, 81% used [0x00000000fa000000,0x00000000fd43c408,0x00000000fe000000)
 Metaspace       used 9208K, capacity 9340K, committed 9600K, reserved 1058816K
  class space    used 779K, capacity 859K, committed 896K, reserved 1048576K
TLAB: gc tlab  thread: 0x0000ffff5c04e800 [id: 2385309] desired_size: 240KB slow allocs: 3  refill waste: 3840B alloc: 0.60113    12003KB refills: 82 waste  0.0% gc: 0B slow: 2496B fast: 240B
TLAB totals: thrds: 1  refills: 82 max: 82 slow allocs: 3 max 3 waste:  0.0% gc: 0B max: 0B slow: 2496B max: 2496B fast: 240B max: 240B
7.183: [GC (Allocation Failure) GCTaskManager::set_active_gang(): all_workers_active()  1  workers 43  active  43  ParallelGCThreads 43 
JT: 1  workers 43  active  43  idle 0  more 0
7.190: [SoftReference, 0 refs, 0.0000317 secs]7.190: [WeakReference, 1 refs, 0.0000088 secs]7.190: [FinalReference, 0 refs, 0.0000074 secs]7.190: [PhantomReference, 0 refs, 0 refs, 0.0000097 secs]7.190: [JNI Weak Reference, 0.0000065 secs]AdaptiveSizePolicy::update_averages:  survived: 6258704  promoted: 1646592  overflow: true
AdaptiveSizeStart: 7.190 collection: 51 
  avg_survived_padded_avg: 8015976.000000  avg_promoted_padded_avg: 3640392.250000  avg_pretenured_padded_avg: 0.000000  tenuring_thresh: 2  target_size: 8388608

Desired survivor size 8388608 bytes, new threshold 2 (max 15)
PSAdaptiveSizePolicy::compute_eden_space_size limits: desired_eden_size: 22630539 old_eden_size: 19398656 eden_limit: 20447232 cur_eden: 20447232 max_eden_size: 20447232 avg_young_live: 2398074
PSAdaptiveSizePolicy::compute_eden_space_size: costs minor_time: 0.050145 major_cost: 0.058229 mutator_cost: 0.891625 throughput_goal: 0.990000 live_space: 322143360 free_space: 44564480 old_eden_size: 19398656 desired_eden_size: 20447232
AdaptiveSizePolicy::survivor space sizes: collection: 51 (6291456, 6815744) -> (6291456, 6815744) 
AdaptiveSizeStop: collection: 51 
[PSYoungGen: 22464K->6112K(26112K)] 75953K->61209K(91648K), 0.0071028 secs] [Times: user=0.13 sys=0.00, real=0.01 secs] 
Heap after GC invocations=51 (full 2):
 PSYoungGen      total 26112K, used 6112K [0x00000000fe000000, 0x0000000100000000, 0x0000000100000000)
  eden space 19968K, 0% used [0x00000000fe000000,0x00000000fe000000,0x00000000ff380000)
  from space 6144K, 99% used [0x00000000ff380000,0x00000000ff978010,0x00000000ff980000)
  to   space 6656K, 0% used [0x00000000ff980000,0x00000000ff980000,0x0000000100000000)
 ParOldGen       total 65536K, used 55097K [0x00000000fa000000, 0x00000000fe000000, 0x00000000fe000000)
  object space 65536K, 84% used [0x00000000fa000000,0x00000000fd5ce408,0x00000000fe000000)
 Metaspace       used 9208K, capacity 9340K, committed 9600K, reserved 1058816K
  class space    used 779K, capacity 859K, committed 896K, reserved 1048576K
}
7.190: Total time for which application threads were stopped: 0.0073034 seconds, Stopping threads took: 0.0000143 seconds
7.229: Application time: 0.0387154 seconds
{Heap before GC invocations=52 (full 2):
 PSYoungGen      total 26112K, used 26080K [0x00000000fe000000, 0x0000000100000000, 0x0000000100000000)
  eden space 19968K, 100% used [0x00000000fe000000,0x00000000ff380000,0x00000000ff380000)
  from space 6144K, 99% used [0x00000000ff380000,0x00000000ff978010,0x00000000ff980000)
  to   space 6656K, 0% used [0x00000000ff980000,0x00000000ff980000,0x0000000100000000)
 ParOldGen       total 65536K, used 55097K [0x00000000fa000000, 0x00000000fe000000, 0x00000000fe000000)
  object space 65536K, 84% used [0x00000000fa000000,0x00000000fd5ce408,0x00000000fe000000)
 Metaspace       used 9208K, capacity 9340K, committed 9600K, reserved 1058816K
  class space    used 779K, capacity 859K, committed 896K, reserved 1048576K
TLAB: gc tlab  thread: 0x0000ffff5c04e800 [id: 2385309] desired_size: 295KB slow allocs: 0  refill waste: 4728B alloc: 0.74073    14791KB refills: 70 waste  0.0% gc: 0B slow: 632B fast: 672B
TLAB totals: thrds: 1  refills: 70 max: 70 slow allocs: 0 max 0 waste:  0.0% gc: 0B max: 0B slow: 632B max: 632B fast: 672B max: 672B
7.229: [GC (Allocation Failure) GCTaskManager::set_active_gang(): all_workers_active()  1  workers 43  active  43  ParallelGCThreads 43 
JT: 1  workers 43  active  43  idle 0  more 0
7.235: [SoftReference, 0 refs, 0.0000322 secs]7.235: [WeakReference, 0 refs, 0.0000076 secs]7.235: [FinalReference, 0 refs, 0.0000074 secs]7.235: [PhantomReference, 0 refs, 0 refs, 0.0000094 secs]7.235: [JNI Weak Reference, 0.0000047 secs]AdaptiveSizePolicy::update_averages:  survived: 4784144  promoted: 2105344  overflow: false
AdaptiveSizeStart: 7.236 collection: 52 
  avg_survived_padded_avg: 8282415.000000  avg_promoted_padded_avg: 3848585.000000  avg_pretenured_padded_avg: 0.000000  tenuring_thresh: 1  target_size: 8388608

Desired survivor size 8388608 bytes, new threshold 1 (max 15)
PSAdaptiveSizePolicy::compute_eden_space_size limits: desired_eden_size: 23067398 old_eden_size: 20447232 eden_limit: 20447232 cur_eden: 20447232 max_eden_size: 20447232 avg_young_live: 2636681
PSAdaptiveSizePolicy::compute_eden_space_size: costs minor_time: 0.072707 major_cost: 0.058229 mutator_cost: 0.869063 throughput_goal: 0.990000 live_space: 322381952 free_space: 45613056 old_eden_size: 20447232 desired_eden_size: 20447232
AdaptiveSizePolicy::survivor space sizes: collection: 52 (6815744, 6291456) -> (6815744, 8388608) 
AdaptiveSizeStop: collection: 52 
[PSYoungGen: 26080K->4672K(23040K)] 81177K->61825K(88576K), 0.0064509 secs] [Times: user=0.11 sys=0.00, real=0.00 secs] 
Heap after GC invocations=52 (full 2):
 PSYoungGen      total 23040K, used 4672K [0x00000000fe000000, 0x0000000100000000, 0x0000000100000000)
  eden space 16384K, 0% used [0x00000000fe000000,0x00000000fe000000,0x00000000ff000000)
  from space 6656K, 70% used [0x00000000ff980000,0x00000000ffe10010,0x0000000100000000)
  to   space 8192K, 0% used [0x00000000ff000000,0x00000000ff000000,0x00000000ff800000)
 ParOldGen       total 65536K, used 57153K [0x00000000fa000000, 0x00000000fe000000, 0x00000000fe000000)
  object space 65536K, 87% used [0x00000000fa000000,0x00000000fd7d0408,0x00000000fe000000)
 Metaspace       used 9208K, capacity 9340K, committed 9600K, reserved 1058816K
  class space    used 779K, capacity 859K, committed 896K, reserved 1048576K
}
7.236: Total time for which application threads were stopped: 0.0066577 seconds, Stopping threads took: 0.0000122 seconds
7.268: Application time: 0.0323696 seconds
{Heap before GC invocations=53 (full 2):
 PSYoungGen      total 23040K, used 21056K [0x00000000fe000000, 0x0000000100000000, 0x0000000100000000)
  eden space 16384K, 100% used [0x00000000fe000000,0x00000000ff000000,0x00000000ff000000)
  from space 6656K, 70% used [0x00000000ff980000,0x00000000ffe10010,0x0000000100000000)
  to   space 8192K, 0% used [0x00000000ff000000,0x00000000ff000000,0x00000000ff800000)
 ParOldGen       total 65536K, used 57153K [0x00000000fa000000, 0x00000000fe000000, 0x00000000fe000000)
  object space 65536K, 87% used [0x00000000fa000000,0x00000000fd7d0408,0x00000000fe000000)
 Metaspace       used 9208K, capacity 9340K, committed 9600K, reserved 1058816K
  class space    used 779K, capacity 859K, committed 896K, reserved 1048576K
TLAB: gc tlab  thread: 0x0000ffff5c04e800 [id: 2385309] desired_size: 272KB slow allocs: 0  refill waste: 4352B alloc: 0.83148    13623KB refills: 62 waste  0.0% gc: 0B slow: 800B fast: 400B
TLAB totals: thrds: 1  refills: 62 max: 62 slow allocs: 0 max 0 waste:  0.0% gc: 0B max: 0B slow: 800B max: 800B fast: 400B max: 400B
7.268: [GC (Allocation Failure) GCTaskManager::set_active_gang(): all_workers_active()  1  workers 43  active  43  ParallelGCThreads 43 
JT: 1  workers 43  active  43  idle 0  more 0
7.273: [SoftReference, 0 refs, 0.0000312 secs]7.273: [WeakReference, 0 refs, 0.0000074 secs]7.273: [FinalReference, 0 refs, 0.0000069 secs]7.273: [PhantomReference, 0 refs, 0 refs, 0.0000096 secs]7.273: [JNI Weak Reference, 0.0000047 secs]AdaptiveSizePolicy::update_averages:  survived: 65536  promoted: 4317200  overflow: false
AdaptiveSizeStart: 7.274 collection: 53 
  avg_survived_padded_avg: 8204091.500000  avg_promoted_padded_avg: 4818175.500000  avg_pretenured_padded_avg: 0.000000  tenuring_thresh: 1  target_size: 8388608

Desired survivor size 8388608 bytes, new threshold 1 (max 15)
PSAdaptiveSizePolicy::compute_eden_space_size limits: desired_eden_size: 19002582 old_eden_size: 20447232 eden_limit: 18350080 cur_eden: 16777216 max_eden_size: 18350080 avg_young_live: 2379566
PSAdaptiveSizePolicy::compute_eden_space_size: costs minor_time: 0.089698 major_cost: 0.058229 mutator_cost: 0.852073 throughput_goal: 0.990000 live_space: 322124832 free_space: 45613056 old_eden_size: 20447232 desired_eden_size: 18350080
AdaptiveSizePolicy::survivor space sizes: collection: 53 (8388608, 6815744) -> (8388608, 8388608) 
AdaptiveSizeStop: collection: 53 
[PSYoungGen: 21056K->64K(24576K)] 78209K->61433K(90112K), 0.0054334 secs] [Times: user=0.09 sys=0.00, real=0.00 secs] 
Heap after GC invocations=53 (full 2):
 PSYoungGen      total 24576K, used 64K [0x00000000fe000000, 0x0000000100000000, 0x0000000100000000)
  eden space 16384K, 0% used [0x00000000fe000000,0x00000000fe000000,0x00000000ff000000)
  from space 8192K, 0% used [0x00000000ff000000,0x00000000ff010000,0x00000000ff800000)
  to   space 8192K, 0% used [0x00000000ff800000,0x00000000ff800000,0x0000000100000000)
 ParOldGen       total 65536K, used 61369K [0x00000000fa000000, 0x00000000fe000000, 0x00000000fe000000)
  object space 65536K, 93% used [0x00000000fa000000,0x00000000fdbee418,0x00000000fe000000)
 Metaspace       used 9208K, capacity 9340K, committed 9600K, reserved 1058816K
  class space    used 779K, capacity 859K, committed 896K, reserved 1048576K
}
7.274: [Class Histogram (before full gc): 
 num     #instances         #bytes  class name
----------------------------------------------
   1:        221736       14578280  [Lorg.h2.value.Value;
   2:        141583       11326640  org.h2.result.Row
   3:        263722        8439104  org.h2.index.TreeNode
   4:        143655        6649016  [C
   5:        240189        3843024  org.h2.value.ValueStringFixed
   6:        143561        3445464  java.lang.String
   7:         74617        2984680  java.math.BigDecimal
   8:        136971        2191536  org.h2.value.ValueInt
   9:         74711        1793064  org.h2.value.ValueDecimal
  10:          7361        1696072  [Ljava.lang.Object;
  11:           534        1096688  [B
  12:          2626         833272  [I
  13:         40748         651968  org.h2.value.ValueString
  14:         32442         519072  org.h2.value.ValueShort
  15:          5820         279360  org.h2.expression.ExpressionColumn
  16:          6193         198176  java.util.HashMap$Node
  17:           475         173416  [Ljava.util.HashMap$Node;
  18:          1247         144424  java.lang.Class
  19:          5940         142560  org.h2.util.ObjectArray
  20:          4387         140384  org.h2.expression.Parameter
  21:           727         127952  org.h2.command.dml.Select
  22:          1203         115488  sun.util.calendar.Gregorian$Date
  23:          1298         103840  org.h2.jdbc.JdbcPreparedStatement
  24:          2457          98280  org.h2.expression.Comparison
  25:          1103          97064  org.h2.table.TableFilter
  26:          1147          86984  [Lorg.h2.table.IndexColumn;
  27:          2364          75648  org.h2.index.IndexCondition
  28:          1537          73776  java.util.HashMap
  29:          1103          70592  org.h2.index.IndexCursor
  30:          1489          69728  [Lorg.h2.expression.Expression;
  31:          1568          62720  org.h2.command.CommandContainer
  32:           699          50328  org.h2.result.LocalResult
  33:           699          44736  org.h2.jdbc.JdbcResultSet
  34:          1397          44704  org.h2.expression.ConditionAndOr
  35:          1329          42528  java.sql.Timestamp
  36:           350          36400  org.h2.table.Column
  37:           364          26208  org.h2.command.dml.Update
  38:            64          24576  org.dacapo.h2.TPCC$3
  39:           694          22208  java.util.concurrent.ConcurrentHashMap$Node
  40:           274          21840  [S
  41:          1312          20992  org.h2.value.ValueTimestamp
  42:           308          20664  [Ljava.lang.String;
  43:           635          20320  org.h2.expression.Operation
  44:           558          17856  java.util.Hashtable$Entry
  45:          1073          17168  java.util.HashSet
  46:           429          17160  java.math.BigInteger
  47:           207          16560  org.h2.command.dml.Insert
  48:           626          15024  org.h2.expression.ValueExpression
  49:           194          13968  org.h2.command.dml.TransactionCommand
  50:            66          13728  org.h2.engine.Session
  51:           219          12264  org.h2.expression.Function
  52:           341          10912  sun.misc.FDBigInteger
  53:           210          10624  [Lorg.h2.table.Column;
  54:           252          10080  java.util.LinkedHashMap$Entry
  55:           620           9920  java.lang.Object
  56:           125           9000  java.lang.reflect.Field
  57:            34           8320  [Ljava.util.concurrent.ConcurrentHashMap$Node;
  58:           260           8320  org.h2.log.UndoLogRecord
  59:            21           7896  java.lang.Thread
  60:           183           7320  java.lang.ref.Finalizer
  61:            65           7280  org.h2.jdbc.JdbcConnection
  62:            71           6248  org.h2.value.DataType
  63:            66           5280  org.apache.derbyTesting.system.oe.model.Customer
  64:            72           5184  org.h2.expression.Aggregate
  65:           128           5120  java.lang.ref.SoftReference
  66:            15           4928  [Ljava.util.Hashtable$Entry;
  67:           306           4896  java.lang.Integer
  68:           151           4832  org.h2.expression.FunctionInfo
  69:            65           4680  org.h2.command.dml.Set
  70:           131           4192  java.lang.Exception
  71:           173           4152  org.h2.table.IndexColumn
  72:           256           4096  java.lang.Short
  73:           128           4096  org.apache.derbyTesting.system.oe.model.Address
  74:            66           3696  org.h2.expression.AggregateData
  75:            46           3680  java.lang.reflect.Constructor
  76:            90           3600  java.security.AccessControlContext
  77:            36           3168  org.h2.index.TreeIndex
  78:           129           3096  java.util.ArrayList
  79:            47           3008  java.net.URL
  80:            28           2912  org.h2.table.MetaTable
  81:            88           2816  org.h2.expression.Alias
  82:           111           2664  org.h2.value.ValueDouble
  83:            65           2600  java.util.IdentityHashMap
  84:            64           2560  org.apache.derbyTesting.system.oe.direct.Standard
  85:            64           2560  org.apache.derbyTesting.system.oe.model.District
  86:            64           2560  org.apache.derbyTesting.system.oe.model.Order
  87:            64           2560  org.apache.derbyTesting.system.oe.util.OERandom
  88:            64           2560  org.dacapo.h2.TPCCSubmitter
  89:            28           2464  java.lang.reflect.Method
  90:            76           2432  org.h2.message.Trace
  91:           100           2400  org.h2.value.ValueLong
  92:            36           2304  java.util.concurrent.ConcurrentHashMap
  93:            35           2256  [J
  94:            39           2184  java.lang.Class$ReflectionData
  95:            68           2176  org.h2.result.SortOrder
  96:            66           2112  java.util.Random
  97:            66           2112  org.h2.log.UndoLog
  98:            65           2064  [Ljava.security.ProtectionDomain;
  99:           128           2048  java.lang.Character
 100:            64           2048  org.apache.derbyTesting.system.oe.model.Warehouse
 101:            41           1968  sun.util.locale.LocaleObjectCache$CacheEntry
 102:            13           1768  org.h2.table.TableData
 103:            71           1704  java.util.concurrent.atomic.AtomicLong
 104:            30           1680  java.lang.Package
 105:            30           1680  java.security.Provider$Service
 106:            69           1656  java.security.Provider$ServiceKey
 107:            40           1600  [Ljava.math.BigInteger;
 108:             2           1568  [Lorg.h2.value.ValueInt;
 109:             1           1568  [[B
 110:            65           1560  java.lang.StringBuffer
 111:            13           1456  org.h2.index.ScanIndex
 112:            35           1400  java.io.ObjectStreamField
 113:            58           1392  org.h2.index.IndexType
 114:             1           1376  [Lsun.misc.FDBigInteger;
 115:            61           1328  [Ljava.lang.Class;
 116:            26           1248  org.apache.commons.cli.Option
 117:            13           1232  [Ljava.util.WeakHashMap$Entry;
 118:             2           1064  [Ljava.lang.invoke.MethodHandle;
 119:            19           1064  sun.misc.URLClassPath$JarLoader
 120:            11           1056  org.h2.constraint.ConstraintReferential
 121:             1           1040  [Ljava.lang.Integer;
 122:             1           1040  [Ljava.lang.Short;
 123:            30            960  java.security.Provider$EngineDescription
 124:             6            936  [Z
 125:             4            864  [Ljava.lang.Thread;
 126:            35            840  java.util.jar.Attributes$Name
 127:             5            824  [D
 128:            20            800  sun.util.locale.BaseLocale$Key
 129:            14            784  sun.nio.cs.UTF_8$Encoder
 130:            13            744  [Ljava.lang.reflect.Field;
 131:             5            720  java.text.DecimalFormat
 132:             9            720  org.h2.index.MetaIndex
 133:            22            704  java.lang.ref.ReferenceQueue
 134:            11            704  org.h2.command.dml.Call
 135:            21            672  java.io.File
 136:            28            672  java.security.Provider$UString
 137:            21            672  java.util.Locale
 138:            20            640  sun.util.locale.BaseLocale
 139:            13            624  java.util.WeakHashMap
 140:             9            576  org.h2.constraint.ConstraintUnique
 141:            18            576  org.h2.index.MultiVersionIndex
 142:            10            560  sun.util.calendar.ZoneInfo
 143:            23            552  [Ljava.lang.reflect.Constructor;
 144:             1            528  [Ljava.lang.Character;
 145:            21            504  sun.reflect.NativeConstructorAccessorImpl
 146:            20            480  java.util.Locale$LocaleKey
 147:             5            480  java.util.jar.JarFile$JarFileEntry
 148:            14            448  java.io.FileDescriptor
 149:            14            448  java.util.Vector
 150:             8            448  java.util.zip.ZipFile$ZipFileInflaterInputStream
 151:             8            448  java.util.zip.ZipFile$ZipFileInputStream
 152:            11            440  java.security.ProtectionDomain
 153:            18            432  java.text.DateFormat$Field
 154:             9            432  java.util.zip.Inflater
 155:             9            432  sun.util.locale.provider.LocaleResources$ResourceReference
 156:             1            416  [Lorg.h2.value.ValueLong;
 157:             5            400  [Ljava.lang.ThreadLocal$ThreadLocalMap$Entry;
 158:             7            392  java.util.ResourceBundle$CacheKey
 159:             1            392  org.h2.engine.DatabaseCloser
 160:             7            392  org.h2.engine.Setting
 161:             1            384  java.lang.ref.Finalizer$FinalizerThread
 162:            24            384  java.lang.ref.ReferenceQueue$Lock
 163:             6            384  java.nio.DirectByteBuffer
 164:             1            376  java.lang.ref.Reference$ReferenceHandler
 165:            12            360  [Ljava.io.ObjectStreamField;
 166:             9            360  sun.nio.cs.UTF_8$Decoder
 167:            11            352  java.security.CodeSource
 168:            22            352  sun.reflect.DelegatingConstructorAccessorImpl
 169:             6            336  java.nio.DirectLongBufferU
 170:             3            336  java.util.GregorianCalendar
 171:             7            336  java.util.Hashtable
 172:             6            336  java.util.LinkedHashMap
 173:             7            336  java.util.ResourceBundle$BundleReference
 174:            14            336  sun.misc.MetaIndex
 175:            10            320  java.lang.OutOfMemoryError
 176:            10            320  java.lang.ThreadLocal$ThreadLocalMap$Entry
 177:             5            320  java.text.DateFormatSymbols
 178:             5            320  java.text.DecimalFormatSymbols
 179:             8            320  java.util.TreeMap$Entry
 180:             8            320  java.util.WeakHashMap$Entry
 181:             5            320  java.util.jar.JarFile
 182:             8            320  org.dacapo.parser.Config$OutputFile
 183:             1            312  org.h2.engine.Database
 184:             6            288  java.util.Properties
 185:             9            288  sun.security.jca.ProviderConfig
 186:             1            272  [Ljava.sql.Connection;
 187:             1            272  [Lorg.apache.derbyTesting.system.oe.client.Submitter;
 188:             1            272  [Lorg.apache.derbyTesting.system.oe.util.OERandom;
 189:             8            256  java.io.FileInputStream
 190:             8            256  java.util.zip.ZipCoder
 191:             8            256  org.h2.engine.Mode
 192:             4            256  org.h2.util.ValueHashMap
 193:             5            240  sun.misc.URLClassPath
 194:             3            240  sun.net.www.protocol.jar.URLJarFile
 195:            14            224  java.util.HashMap$KeySet
 196:             7            224  java.util.ResourceBundle$LoaderReference
 197:             9            216  java.util.zip.ZStreamRef
 198:             3            216  sun.security.provider.NativePRNG$RandomIO
 199:             2            208  sun.util.calendar.ImmutableGregorianDate
 200:             2            200  [Ljava.text.DateFormat$Field;
 201:             5            200  java.text.DigitList
 202:             6            192  java.io.FileOutputStream
 203:             8            192  java.math.RoundingMode
 204:             4            192  java.nio.HeapByteBuffer
 205:             3            192  java.text.SimpleDateFormat
 206:             8            192  java.util.ArrayDeque
 207:             6            192  java.util.Stack
 208:             4            192  sun.nio.cs.StreamEncoder
 209:            11            176  [Ljava.security.Principal;
 210:            11            176  java.security.ProtectionDomain$Key
 211:             1            168  [[Ljava.math.BigInteger;
 212:             4            160  java.io.BufferedWriter
 213:             5            160  java.io.FilePermission
 214:             5            160  java.security.Permissions
 215:            10            160  java.util.Formatter$Flags
 216:             5            160  java.util.regex.Pattern$Branch
 217:             4            160  org.dacapo.parser.Config$Size
 218:             2            160  org.h2.schema.Schema
 219:             5            160  sun.util.locale.provider.LocaleProviderAdapter$Type
 220:             3            144  [Ljava.lang.reflect.Method;
 221:             2            144  [Ljava.math.BigDecimal;
 222:             6            144  java.lang.StringBuilder
 223:             6            144  java.util.regex.Pattern$GroupHead
 224:             6            144  java.util.regex.Pattern$GroupTail
 225:             6            144  sun.misc.PerfCounter
 226:             2            128  [F
 227:             2            128  java.io.ExpiringCache$1
 228:             4            128  java.util.regex.Pattern$Curly
 229:             2            128  org.h2.engine.User
 230:             2            128  org.h2.util.SmallLRUCache
 231:             5            120  [Ljava.util.regex.Pattern$Node;
 232:             1            120  [Lorg.apache.commons.cli.Option;
 233:             1            120  [[Ljava.lang.String;
 234:             5            120  java.io.FilePermissionCollection
 235:             5            120  java.lang.ThreadLocal$ThreadLocalMap
 236:             5            120  java.math.BigDecimal$StringBuilderHelper
 237:             5            120  java.util.Collections$UnmodifiableRandomAccessList
 238:             1            120  org.dacapo.h2.TPCC
 239:             3            120  sun.misc.FloatingDecimal$BinaryToASCIIBuffer
 240:             5            120  sun.misc.FloatingDecimal$PreparedASCIIToBinaryBuffer
 241:             5            120  sun.reflect.NativeMethodAccessorImpl
 242:             1            104  sun.net.www.protocol.file.FileURLConnection
 243:             1             96  [[J
 244:             4             96  java.io.ExpiringCache$Entry
 245:             4             96  java.io.OutputStreamWriter
 246:             2             96  java.lang.ThreadGroup
 247:             3             96  java.lang.ref.WeakReference
 248:             4             96  java.math.MathContext
 249:             4             96  java.util.LinkedList$Node
 250:             2             96  java.util.TreeMap
 251:             4             96  sun.misc.FormattedFloatingDecimal$Form
 252:             1             96  sun.misc.Launcher$AppClassLoader
 253:             1             96  sun.net.www.protocol.jar.URLJarFile$URLJarFileEntry
 254:             1             96  sun.security.jca.ProviderList$1
 255:             1             96  sun.security.provider.Sun
 256:             1             88  java.net.FactoryURLClassLoader
 257:             1             88  org.dacapo.harness.DacapoClassLoader
 258:             1             88  org.h2.schema.Sequence
 259:             1             88  sun.misc.Launcher$ExtClassLoader
 260:             1             88  sun.net.www.protocol.jar.JarURLConnection
 261:             2             80  java.io.ExpiringCache
 262:             2             80  java.lang.ClassLoader$NativeLibrary
 263:             5             80  java.util.HashMap$Values
 264:             2             80  java.util.Locale$Category
 265:             5             80  java.util.regex.Pattern$BranchConn
 266:             1             80  org.h2.log.LogSystem
 267:             5             80  sun.reflect.DelegatingMethodAccessorImpl
 268:             2             80  sun.util.calendar.Era
 269:             2             72  [Lsun.security.jca.ProviderConfig;
 270:             3             72  java.lang.RuntimePermission
 271:             3             72  java.util.Arrays$ArrayList
 272:             3             72  java.util.Collections$SynchronizedSet
 273:             3             72  java.util.Date
 274:             1             72  java.util.ResourceBundle$RBClassLoader
 275:             3             72  java.util.concurrent.ConcurrentHashMap$KeySetView
 276:             3             72  java.util.concurrent.atomic.AtomicMarkableReference$Pair
 277:             1             72  java.util.regex.Pattern
 278:             3             72  java.util.regex.Pattern$BitClass
 279:             3             72  java.util.regex.Pattern$Ctype
 280:             3             72  java.util.regex.Pattern$Single
 281:             3             72  org.dacapo.parser.Config$ThreadModel
 282:             3             72  sun.misc.FloatingDecimal$ExceptionalBinaryToASCIIBuffer
 283:             3             72  sun.misc.Signal
 284:             1             72  sun.reflect.DelegatingClassLoader
 285:             3             72  sun.security.provider.NativePRNG$Variant
 286:             1             72  sun.util.locale.provider.JRELocaleProviderAdapter
 287:             3             72  sun.util.resources.ParallelListResourceBundle$KeySet
 288:             2             64  java.io.PrintStream
 289:             2             64  java.lang.ClassValue$Entry
 290:             4             64  java.lang.ThreadLocal
 291:             2             64  java.lang.VirtualMachineError
 292:             2             64  java.lang.ref.ReferenceQueue$Null
 293:             1             64  java.security.SecureRandom
 294:             2             64  java.util.LinkedList
 295:             2             64  java.util.concurrent.atomic.AtomicReferenceFieldUpdater$AtomicReferenceFieldUpdaterImpl
 296:             2             64  org.apache.commons.cli.Options
 297:             1             64  org.dacapo.harness.H2
 298:             2             64  org.dacapo.harness.TeeOutputStream
 299:             2             64  org.dacapo.harness.TeePrintStream
 300:             1             64  org.h2.message.TraceSystem
 301:             4             64  sun.net.www.protocol.jar.Handler
 302:             2             64  sun.util.locale.provider.LocaleResources
 303:             2             64  sun.util.locale.provider.LocaleServiceProviderPool
 304:             1             56  [Ljava.lang.Runnable;
 305:             1             56  org.h2.engine.Role
 306:             1             56  sun.security.provider.SHA
 307:             1             48  [Ljava.math.RoundingMode;
 308:             2             48  java.io.BufferedOutputStream
 309:             2             48  java.io.File$PathStatus
 310:             2             48  java.nio.charset.CoderResult
 311:             3             48  java.nio.charset.CodingErrorAction
 312:             2             48  java.sql.SQLPermission
 313:             3             48  java.text.AttributedCharacterIterator$Attribute
 314:             2             48  java.util.Currency
 315:             3             48  java.util.concurrent.atomic.AtomicMarkableReference
 316:             2             48  java.util.jar.Manifest
 317:             2             48  java.util.regex.Pattern$1
 318:             2             48  java.util.regex.Pattern$5
 319:             2             48  org.dacapo.harness.Callback$Mode
 320:             2             48  org.dacapo.harness.CommandLineArgs$Methodology
 321:             2             48  sun.misc.NativeSignalHandler
 322:             2             48  sun.security.jca.ProviderList
 323:             2             48  sun.security.jca.ProviderList$3
 324:             1             48  sun.text.resources.FormatData
 325:             1             48  sun.text.resources.en.FormatData_en
 326:             1             48  sun.text.resources.en.FormatData_en_AU
 327:             1             48  sun.util.resources.CalendarData
 328:             1             48  sun.util.resources.CurrencyNames
 329:             1             48  sun.util.resources.en.CalendarData_en
 330:             1             48  sun.util.resources.en.CurrencyNames_en_AU
 331:             1             40  [Lsun.util.locale.provider.LocaleProviderAdapter$Type;
 332:             1             40  java.io.BufferedInputStream
 333:             1             40  java.util.ResourceBundle$1
 334:             1             40  org.apache.commons.cli.PosixParser
 335:             1             40  org.dacapo.harness.Callback
 336:             1             40  org.dacapo.parser.Config
 337:             1             40  org.h2.expression.ConditionIn
 338:             1             40  sun.nio.cs.StandardCharsets$Aliases
 339:             1             40  sun.nio.cs.StandardCharsets$Cache
 340:             1             40  sun.nio.cs.StandardCharsets$Classes
 341:             1             32  [Ljava.lang.OutOfMemoryError;
 342:             2             32  [Ljava.lang.StackTraceElement;
 343:             1             32  [Ljava.lang.ThreadGroup;
 344:             1             32  [Lorg.dacapo.parser.Config$ThreadModel;
 345:             1             32  [Lsun.misc.FormattedFloatingDecimal$Form;
 346:             1             32  [Lsun.security.provider.NativePRNG$Variant;
 347:             1             32  java.io.UnixFileSystem
 348:             1             32  java.lang.ArithmeticException
 349:             2             32  java.lang.Boolean
 350:             1             32  java.lang.ClassCastException
 351:             1             32  java.lang.NullPointerException
 352:             2             32  java.lang.Shutdown$Lock
 353:             1             32  java.lang.StringCoding$StringDecoder
 354:             1             32  java.lang.StringCoding$StringEncoder
 355:             2             32  java.nio.ByteOrder
 356:             1             32  java.security.BasicPermissionCollection
 357:             1             32  java.security.MessageDigest$Delegate
 358:             1             32  java.util.ArrayList$Itr
 359:             1             32  java.util.Formatter
 360:             2             32  java.util.LinkedHashMap$LinkedEntrySet
 361:             1             32  java.util.concurrent.ConcurrentHashMap$ForwardingNode
 362:             2             32  java.util.concurrent.atomic.AtomicInteger
 363:             1             32  java.util.concurrent.locks.ReentrantLock$NonfairSync
 364:             2             32  java.util.jar.Attributes
 365:             1             32  org.h2.value.CompareMode
 366:             2             32  org.h2.value.ValueBoolean
 367:             2             32  org.h2.value.ValueNull
 368:             1             32  sun.nio.cs.StandardCharsets
 369:             1             32  sun.nio.fs.LinuxFileSystem
 370:             1             32  sun.nio.fs.UnixPath
 371:             1             32  sun.security.provider.SecureRandom
 372:             1             24  [Ljava.io.File$PathStatus;
 373:             1             24  [Ljava.lang.ClassValue$Entry;
 374:             1             24  [Ljava.util.Locale$Category;
 375:             1             24  [Lorg.dacapo.harness.Callback$Mode;
 376:             1             24  [Lorg.dacapo.harness.CommandLineArgs$Methodology;
 377:             1             24  [Lsun.launcher.LauncherHelper;
 378:             1             24  [Lsun.util.calendar.Era;
 379:             1             24  java.lang.ClassValue$Version
 380:             1             24  java.lang.invoke.MethodHandleImpl$4
 381:             1             24  java.lang.reflect.ReflectPermission
 382:             1             24  java.math.MutableBigInteger
 383:             1             24  java.sql.DriverInfo
 384:             1             24  java.util.BitSet
 385:             1             24  java.util.Collections$EmptyMap
 386:             1             24  java.util.Collections$SetFromMap
 387:             1             24  java.util.Locale$Cache
 388:             1             24  java.util.ResourceBundle$Control$CandidateListCache
 389:             1             24  java.util.concurrent.CopyOnWriteArrayList
 390:             1             24  java.util.regex.Pattern$Start
 391:             1             24  org.apache.commons.cli.CommandLine
 392:             1             24  org.dacapo.harness.CommandLineArgs
 393:             1             24  org.h2.expression.SequenceValue
 394:             1             24  org.h2.table.SingleColumnResolver
 395:             1             24  org.h2.util.TempFileDeleter
 396:             1             24  sun.launcher.LauncherHelper
 397:             1             24  sun.misc.URLClassPath$Loader
 398:             1             24  sun.net.www.MessageHeader
 399:             1             24  sun.net.www.protocol.jar.JarURLConnection$JarURLInputStream
 400:             1             24  sun.nio.cs.ISO_8859_1
 401:             1             24  sun.nio.cs.US_ASCII
 402:             1             24  sun.nio.cs.UTF_16
 403:             1             24  sun.nio.cs.UTF_16BE
 404:             1             24  sun.nio.cs.UTF_16LE
 405:             1             24  sun.nio.cs.UTF_8
 406:             1             24  sun.security.provider.NativeSeedGenerator
 407:             1             24  sun.util.locale.BaseLocale$Cache
 408:             1             24  sun.util.locale.provider.CalendarDataProviderImpl
 409:             1             24  sun.util.locale.provider.CalendarProviderImpl
 410:             1             24  sun.util.locale.provider.CurrencyNameProviderImpl
 411:             1             24  sun.util.locale.provider.DateFormatSymbolsProviderImpl
 412:             1             24  sun.util.locale.provider.DecimalFormatSymbolsProviderImpl
 413:             1             24  sun.util.locale.provider.NumberFormatProviderImpl
 414:             1             16  [Ljava.lang.Throwable;
 415:             1             16  [Ljava.security.Provider;
 416:             1             16  [Ljava.security.cert.Certificate;
 417:             1             16  [Ljava.text.FieldPosition;
 418:             1             16  java.io.FileDescriptor$1
 419:             1             16  java.lang.ApplicationShutdownHooks$1
 420:             1             16  java.lang.CharacterDataLatin1
 421:             1             16  java.lang.ClassValue$Identity
 422:             1             16  java.lang.InheritableThreadLocal
 423:             1             16  java.lang.Runtime
 424:             1             16  java.lang.String$CaseInsensitiveComparator
 425:             1             16  java.lang.System$2
 426:             1             16  java.lang.Terminator$1
 427:             1             16  java.lang.invoke.MemberName$Factory
 428:             1             16  java.lang.invoke.MethodHandleImpl$2
 429:             1             16  java.lang.invoke.MethodHandleImpl$3
 430:             1             16  java.lang.ref.Reference$1
 431:             1             16  java.lang.ref.Reference$Lock
 432:             1             16  java.lang.reflect.ReflectAccess
 433:             1             16  java.math.BigDecimal$1
 434:             1             16  java.net.URLClassLoader$7
 435:             1             16  java.nio.Bits$1
 436:             1             16  java.nio.charset.CoderResult$1
 437:             1             16  java.nio.charset.CoderResult$2
 438:             1             16  java.security.ProtectionDomain$2
 439:             1             16  java.security.ProtectionDomain$JavaSecurityAccessImpl
 440:             1             16  java.text.MessageFormat$Field
 441:             1             16  java.util.Collections$EmptyIterator
 442:             1             16  java.util.Collections$EmptyList
 443:             1             16  java.util.Collections$EmptySet
 444:             1             16  java.util.Currency$CurrencyNameGetter
 445:             1             16  java.util.Hashtable$EntrySet
 446:             1             16  java.util.Hashtable$KeySet
 447:             1             16  java.util.ResourceBundle$Control
 448:             1             16  java.util.WeakHashMap$KeySet
 449:             1             16  java.util.concurrent.locks.ReentrantLock
 450:             1             16  java.util.jar.JavaUtilJarAccessImpl
 451:             1             16  java.util.regex.Pattern$4
 452:             1             16  java.util.regex.Pattern$LastNode
 453:             1             16  java.util.regex.Pattern$Node
 454:             1             16  java.util.zip.ZipFile$1
 455:             1             16  org.dacapo.h2.TPCCReporter
 456:             1             16  org.dacapo.harness.TestHarness
 457:             1             16  org.h2.Driver
 458:             1             16  org.h2.engine.Engine
 459:             1             16  org.h2.util.BitField
 460:             1             16  sun.misc.ASCIICaseInsensitiveComparator
 461:             1             16  sun.misc.FloatingDecimal$1
 462:             1             16  sun.misc.FormattedFloatingDecimal$1
 463:             1             16  sun.misc.Launcher
 464:             1             16  sun.misc.Launcher$Factory
 465:             1             16  sun.misc.Perf
 466:             1             16  sun.misc.Unsafe
 467:             1             16  sun.net.www.protocol.file.Handler
 468:             1             16  sun.net.www.protocol.jar.JarFileFactory
 469:             1             16  sun.nio.fs.LinuxFileSystemProvider
 470:             1             16  sun.reflect.BootstrapConstructorAccessorImpl
 471:             1             16  sun.reflect.GeneratedConstructorAccessor1
 472:             1             16  sun.reflect.ReflectionFactory
 473:             1             16  sun.util.calendar.Gregorian
 474:             1             16  sun.util.calendar.JulianCalendar
 475:             1             16  sun.util.locale.provider.AuxLocaleProviderAdapter$NullProvider
 476:             1             16  sun.util.locale.provider.CalendarDataUtility$CalendarWeekParameterGetter
 477:             1             16  sun.util.locale.provider.SPILocaleProviderAdapter
 478:             1             16  sun.util.resources.LocaleData
 479:             1             16  sun.util.resources.LocaleData$LocaleDataResourceBundleControl
Total       1583396       62907416
, 0.0551766 secs]
7.329: [pre compact{Heap before GC invocations=54 (full 3):
 PSYoungGen      total 24576K, used 64K [0x00000000fe000000, 0x0000000100000000, 0x0000000100000000)
  eden space 16384K, 0% used [0x00000000fe000000,0x00000000fe000000,0x00000000ff000000)
  from space 8192K, 0% used [0x00000000ff000000,0x00000000ff010000,0x00000000ff800000)
  to   space 8192K, 0% used [0x00000000ff800000,0x00000000ff800000,0x0000000100000000)
 ParOldGen       total 65536K, used 61369K [0x00000000fa000000, 0x00000000fe000000, 0x00000000fe000000)
  object space 65536K, 93% used [0x00000000fa000000,0x00000000fdbee418,0x00000000fe000000)
 Metaspace       used 9208K, capacity 9340K, committed 9600K, reserved 1058816K
  class space    used 779K, capacity 859K, committed 896K, reserved 1048576K
, 0.0000497 secs]
GCTaskManager::set_active_gang(): all_workers_active()  1  workers 43  active  43  ParallelGCThreads 43 
JT: 1  workers 43  active  43  idle 0  more 0
7.329: [Full GC (Ergonomics) 7.329: [marking phase7.329: [par mark, 0.0455957 secs]
7.375: [reference processing7.375: [SoftReference, 0 refs, 0.0000128 secs]7.375: [WeakReference, 7 refs, 0.0000103 secs]7.375: [FinalReference, 37 refs, 0.0000171 secs]7.375: [PhantomReference, 0 refs, 0 refs, 0.0000091 secs]7.375: [JNI Weak Reference, 0.0000049 secs], 0.0000878 secs]
7.375: [class unloading, 0.0092287 secs]
, 0.0550080 secs]
7.384: [summary phase, 0.0000105 secs]
7.384: [adjust roots, 0.0155635 secs]
7.400: [compaction phase7.400: [drain task setup, 0.0000100 secs]
7.400: [dense prefix task setup, 0.0000045 secs]
7.400: [steal task setup, 0.0000050 secs]
7.400: [par compactDrainStacksCompactionTask::do_it which = 9 which_stack_index = 9/empty(1) use all workers 1
DrainStacksCompactionTask::do_it which = 9 which_stack_index = 9/empty(1) use all workers 1
DrainStacksCompactionTask::do_it which = 9 which_stack_index = 9/empty(1) use all workers 1
DrainStacksCompactionTask::do_it which = 9 which_stack_index = 9/empty(1) use all workers 1
DrainStacksCompactionTask::do_it which = 9 which_stack_index = 9/empty(1) use all workers 1
DrainStacksCompactionTask::do_it which = 9 which_stack_index = 9/empty(1) use all workers 1
DrainStacksCompactionTask::do_it which = 9 which_stack_index = 9/empty(1) use all workers 1
DrainStacksCompactionTask::do_it which = 9 which_stack_index = 9/empty(1) use all workers 1
DrainStacksCompactionTask::do_it which = 9 which_stack_index = 9/empty(1) use all workers 1
DrainStacksCompactionTask::do_it which = 9 which_stack_index = 9/empty(1) use all workers 1
DrainStacksCompactionTask::do_it which = 9 which_stack_index = 9/empty(1) use all workers 1
DrainStacksCompactionTask::do_it which = 9 which_stack_index = 9/empty(1) use all workers 1
DrainStacksCompactionTask::do_it which = 18 which_stack_index = 18/empty(1) use all workers 1
DrainStacksCompactionTask::do_it which = 9 which_stack_index = 9/empty(1) use all workers 1
DrainStacksCompactionTask::do_it which = 18 which_stack_index = 18/empty(1) use all workers 1
DrainStacksCompactionTask::do_it which = 9 which_stack_index = 9/empty(1) use all workers 1
DrainStacksCompactionTask::do_it which = 18 which_stack_index = 18/empty(1) use all workers 1
DrainStacksCompactionTask::do_it which = 9 which_stack_index = 9/empty(1) use all workers 1
DrainStacksCompactionTask::do_it which = 18 which_stack_index = 18/empty(1) use all workers 1
DrainStacksCompactionTask::do_it which = 9 which_stack_index = 9/empty(1) use all workers 1
DrainStacksCompactionTask::do_it which = 18 which_stack_index = 18/empty(1) use all workers 1
DrainStacksCompactionTask::do_it which = 9 which_stack_index = 9/empty(1) use all workers 1
DrainStacksCompactionTask::do_it which = 41 which_stack_index = 41/empty(1) use all workers 1
DrainStacksCompactionTask::do_it which = 9 which_stack_index = 9/empty(1) use all workers 1
DrainStacksCompactionTask::do_it which = 18 which_stack_index = 18/empty(1) use all workers 1
DrainStacksCompactionTask::do_it which = 9 which_stack_index = 9/empty(1) use all workers 1
DrainStacksCompactionTask::do_it which = 41 which_stack_index = 41/empty(1) use all workers 1
DrainStacksCompactionTask::do_it which = 41 which_stack_index = 41/empty(1) use all workers 1
DrainStacksCompactionTask::do_it which = 41 which_stack_index = 41/empty(1) use all workers 1
DrainStacksCompactionTask::do_it which = 18 which_stack_index = 18/empty(1) use all workers 1
DrainStacksCompactionTask::do_it which = 41 which_stack_index = 41/empty(1) use all workers 1
DrainStacksCompactionTask::do_it which = 34 which_stack_index = 34/empty(1) use all workers 1
DrainStacksCompactionTask::do_it which = 18 which_stack_index = 18/empty(1) use all workers 1
DrainStacksCompactionTask::do_it which = 41 which_stack_index = 41/empty(1) use all workers 1
DrainStacksCompactionTask::do_it which = 34 which_stack_index = 34/empty(1) use all workers 1
DrainStacksCompactionTask::do_it which = 18 which_stack_index = 18/empty(1) use all workers 1
DrainStacksCompactionTask::do_it which = 41 which_stack_index = 41/empty(1) use all workers 1
DrainStacksCompactionTask::do_it which = 34 which_stack_index = 34/empty(1) use all workers 1
DrainStacksCompactionTask::do_it which = 18 which_stack_index = 18/empty(1) use all workers 1
DrainStacksCompactionTask::do_it which = 41 which_stack_index = 41/empty(1) use all workers 1
DrainStacksCompactionTask::do_it which = 34 which_stack_index = 34/empty(1) use all workers 1
DrainStacksCompactionTask::do_it which = 41 which_stack_index = 41/empty(1) use all workers 1
StealRegionCompactionTask::do_it region_stack_index 34 region_stack = 0x5c147390  empty (1) use all workers 1
StealRegionCompactionTask::do_it region_stack_index 41 region_stack = 0x5c147c50  empty (1) use all workers 1
DrainStacksCompactionTask::do_it which = 18 which_stack_index = 18/empty(1) use all workers 1
StealRegionCompactionTask::do_it region_stack_index 18 region_stack = 0x5c145f90  empty (1) use all workers 1
StealRegionCompactionTask::do_it region_stack_index 19 region_stack = 0x5c1460d0  empty (1) use all workers 1
StealRegionCompactionTask::do_it region_stack_index 0 region_stack = 0x5c12be60  empty (1) use all workers 1
StealRegionCompactionTask::do_it region_stack_index 5 region_stack = 0x5c144f50  empty (1) use all workers 1
StealRegionCompactionTask::do_it region_stack_index 25 region_stack = 0x5c146850  empty (1) use all workers 1
StealRegionCompactionTask::do_it region_stack_index 40 region_stack = 0x5c147b10  empty (1) use all workers 1
StealRegionCompactionTask::do_it region_stack_index 13 region_stack = 0x5c145950  empty (1) use all workers 1
StealRegionCompactionTask::do_it region_stack_index 16 region_stack = 0x5c145d10  empty (1) use all workers 1
StealRegionCompactionTask::do_it region_stack_index 20 region_stack = 0x5c146210  empty (1) use all workers 1
StealRegionCompactionTask::do_it region_stack_index 7 region_stack = 0x5c1451d0  empty (1) use all workers 1
StealRegionCompactionTask::do_it region_stack_index 4 region_stack = 0x5c144e10  empty (1) use all workers 1
StealRegionCompactionTask::do_it region_stack_index 29 region_stack = 0x5c146d50  empty (1) use all workers 1
StealRegionCompactionTask::do_it region_stack_index 12 region_stack = 0x5c145810  empty (1) use all workers 1
StealRegionCompactionTask::do_it region_stack_index 10 region_stack = 0x5c145590  empty (1) use all workers 1
StealRegionCompactionTask::do_it region_stack_index 39 region_stack = 0x5c1479d0  empty (1) use all workers 1
StealRegionCompactionTask::do_it region_stack_index 17 region_stack = 0x5c145e50  empty (1) use all workers 1
StealRegionCompactionTask::do_it region_stack_index 1 region_stack = 0x5c12bfa0  empty (1) use all workers 1
StealRegionCompactionTask::do_it region_stack_index 11 region_stack = 0x5c1456d0  empty (1) use all workers 1
StealRegionCompactionTask::do_it region_stack_index 38 region_stack = 0x5c147890  empty (1) use all workers 1
StealRegionCompactionTask::do_it region_stack_index 8 region_stack = 0x5c145310  empty (1) use all workers 1
StealRegionCompactionTask::do_it region_stack_index 26 region_stack = 0x5c146990  empty (1) use all workers 1
StealRegionCompactionTask::do_it region_stack_index 33 region_stack = 0x5c147250  empty (1) use all workers 1
StealRegionCompactionTask::do_it region_stack_index 23 region_stack = 0x5c1465d0  empty (1) use all workers 1
StealRegionCompactionTask::do_it region_stack_index 3 region_stack = 0x5c144cd0  empty (1) use all workers 1
StealRegionCompactionTask::do_it region_stack_index 14 region_stack = 0x5c145a90  empty (1) use all workers 1
StealRegionCompactionTask::do_it region_stack_index 24 region_stack = 0x5c146710  empty (1) use all workers 1
StealRegionCompactionTask::do_it region_stack_index 32 region_stack = 0x5c147110  empty (1) use all workers 1
StealRegionCompactionTask::do_it region_stack_index 6 region_stack = 0x5c145090  empty (1) use all workers 1
StealRegionCompactionTask::do_it region_stack_index 28 region_stack = 0x5c146c10  empty (1) use all workers 1
StealRegionCompactionTask::do_it region_stack_index 2 region_stack = 0x5c12c0e0  empty (1) use all workers 1
StealRegionCompactionTask::do_it region_stack_index 36 region_stack = 0x5c147610  empty (1) use all workers 1
StealRegionCompactionTask::do_it region_stack_index 42 region_stack = 0x5c147d90  empty (1) use all workers 1
StealRegionCompactionTask::do_it region_stack_index 15 region_stack = 0x5c145bd0  empty (1) use all workers 1
StealRegionCompactionTask::do_it region_stack_index 35 region_stack = 0x5c1474d0  empty (1) use all workers 1
StealRegionCompactionTask::do_it region_stack_index 22 region_stack = 0x5c146490  empty (1) use all workers 1
StealRegionCompactionTask::do_it region_stack_index 27 region_stack = 0x5c146ad0  empty (1) use all workers 1
StealRegionCompactionTask::do_it region_stack_index 37 region_stack = 0x5c147750  empty (1) use all workers 1
StealRegionCompactionTask::do_it region_stack_index 31 region_stack = 0x5c146fd0  empty (1) use all workers 1
StealRegionCompactionTask::do_it region_stack_index 21 region_stack = 0x5c146350  empty (1) use all workers 1
StealRegionCompactionTask::do_it region_stack_index 9 region_stack = 0x5c145450  empty (1) use all workers 1
StealRegionCompactionTask::do_it region_stack_index 30 region_stack = 0x5c146e90  empty (1) use all workers 1
, 0.7488552 secs]
8.149: [deferred updates, 0.0181569 secs]
, 0.7671325 secs]
8.167: [post compact, 0.0002946 secs]
AdaptiveSizeStart: 8.167 collection: 54 
PSAdaptiveSizePolicy::compute_eden_space_size limits: desired_eden_size: 17980401 old_eden_size: 18350080 eden_limit: 16777216 cur_eden: 16777216 max_eden_size: 16777216 avg_young_live: 2141610
PSAdaptiveSizePolicy::compute_eden_space_size: costs minor_time: 0.089698 major_cost: 0.183903 mutator_cost: 0.726400 throughput_goal: 0.990000 live_space: 321886880 free_space: 43515904 old_eden_size: 18350080 desired_eden_size: 16777216
PSAdaptiveSizePolicy::compute_old_gen_free_space limits: desired_promo_size: 42081231 promo_limit: 25165824 free_in_old_gen: 10654088 max_old_gen_size: 67108864 avg_old_live: 56454776
PSAdaptiveSizePolicy::compute_old_gen_free_space: costs minor_time: 0.089698 major_cost: 0.183903 mutator_cost: 0.726400 throughput_goal: 0.990000 live_space: 327031840 free_space: 41943040 old_promo_size: 25165824 desired_promo_size: 25165824
AdaptiveSizeStop: collection: 54 
[PSYoungGen: 64K->0K(24576K)] [ParOldGen: 61369K->60155K(65536K)] 61433K->60155K(90112K), [Metaspace: 9208K->9208K(1058816K)], 0.8381677 secs] [Times: user=2.97 sys=0.13, real=0.84 secs] 
Heap after GC invocations=54 (full 3):
 PSYoungGen      total 24576K, used 0K [0x00000000fe000000, 0x0000000100000000, 0x0000000100000000)
  eden space 16384K, 0% used [0x00000000fe000000,0x00000000fe000000,0x00000000ff000000)
  from space 8192K, 0% used [0x00000000ff000000,0x00000000ff000000,0x00000000ff800000)
  to   space 8192K, 0% used [0x00000000ff800000,0x00000000ff800000,0x0000000100000000)
 ParOldGen       total 65536K, used 60155K [0x00000000fa000000, 0x00000000fe000000, 0x00000000fe000000)
  object space 65536K, 91% used [0x00000000fa000000,0x00000000fdabefe0,0x00000000fe000000)
 Metaspace       used 9208K, capacity 9340K, committed 9600K, reserved 1058816K
  class space    used 779K, capacity 859K, committed 896K, reserved 1048576K
}
8.167: [Class Histogram (after full gc): 
 num     #instances         #bytes  class name
----------------------------------------------
   1:        220068       14445992  [Lorg.h2.value.Value;
   2:        139922       11193760  org.h2.result.Row
   3:        259908        8317056  org.h2.index.TreeNode
   4:        143045        6628080  [C
   5:        239810        3836960  org.h2.value.ValueStringFixed
   6:        142958        3430992  java.lang.String
   7:         74016        2960640  java.math.BigDecimal
   8:        136603        2185648  org.h2.value.ValueInt
   9:         74093        1778232  org.h2.value.ValueDecimal
  10:          7213        1684136  [Ljava.lang.Object;
  11:           513        1057712  [B
  12:         40290         644640  org.h2.value.ValueString
  13:         32424         518784  org.h2.value.ValueShort
  14:          5820         279360  org.h2.expression.ExpressionColumn
  15:          6113         195616  java.util.HashMap$Node
  16:           461         171912  [Ljava.util.HashMap$Node;
  17:          1247         144424  java.lang.Class
  18:          5936         142464  org.h2.util.ObjectArray
  19:          4387         140384  org.h2.expression.Parameter
  20:           727         127952  org.h2.command.dml.Select
  21:          1201         115296  sun.util.calendar.Gregorian$Date
  22:          1298         103840  org.h2.jdbc.JdbcPreparedStatement
  23:          2457          98280  org.h2.expression.Comparison
  24:          1103          97064  org.h2.table.TableFilter
  25:          1147          86984  [Lorg.h2.table.IndexColumn;
  26:          1472          84728  [I
  27:          2364          75648  org.h2.index.IndexCondition
  28:          1528          73344  java.util.HashMap
  29:          1103          70592  org.h2.index.IndexCursor
  30:          1485          69504  [Lorg.h2.expression.Expression;
  31:          1568          62720  org.h2.command.CommandContainer
  32:           695          50040  org.h2.result.LocalResult
  33:          1397          44704  org.h2.expression.ConditionAndOr
  34:           695          44480  org.h2.jdbc.JdbcResultSet
  35:          1245          39840  java.sql.Timestamp
  36:           350          36400  org.h2.table.Column
  37:           364          26208  org.h2.command.dml.Update
  38:            64          24576  org.dacapo.h2.TPCC$3
  39:           272          21760  [S
  40:           667          21344  java.util.concurrent.ConcurrentHashMap$Node
  41:           308          20664  [Ljava.lang.String;
  42:           635          20320  org.h2.expression.Operation
  43:          1230          19680  org.h2.value.ValueTimestamp
  44:           558          17856  java.util.Hashtable$Entry
  45:          1067          17072  java.util.HashSet
  46:           423          16920  java.math.BigInteger
  47:           207          16560  org.h2.command.dml.Insert
  48:           626          15024  org.h2.expression.ValueExpression
  49:           194          13968  org.h2.command.dml.TransactionCommand
  50:            66          13728  org.h2.engine.Session
  51:           219          12264  org.h2.expression.Function
  52:           341          10912  sun.misc.FDBigInteger
  53:           210          10624  [Lorg.h2.table.Column;
  54:           252          10080  java.util.LinkedHashMap$Entry
  55:           620           9920  java.lang.Object
  56:           125           9000  java.lang.reflect.Field
  57:            21           7896  java.lang.Thread
  58:            33           7280  [Ljava.util.concurrent.ConcurrentHashMap$Node;
  59:            65           7280  org.h2.jdbc.JdbcConnection
  60:           169           6760  java.lang.ref.Finalizer
  61:            71           6248  org.h2.value.DataType
  62:            72           5184  org.h2.expression.Aggregate
  63:           128           5120  java.lang.ref.SoftReference
  64:            64           5120  org.apache.derbyTesting.system.oe.model.Customer
  65:            15           4928  [Ljava.util.Hashtable$Entry;
  66:           305           4880  java.lang.Integer
  67:           151           4832  org.h2.expression.FunctionInfo
  68:            65           4680  org.h2.command.dml.Set
  69:           131           4192  java.lang.Exception
  70:           173           4152  org.h2.table.IndexColumn
  71:           256           4096  java.lang.Short
  72:           126           4032  org.apache.derbyTesting.system.oe.model.Address
  73:            66           3696  org.h2.expression.AggregateData
  74:            46           3680  java.lang.reflect.Constructor
  75:            36           3168  org.h2.index.TreeIndex
  76:           129           3096  java.util.ArrayList
  77:            47           3008  java.net.URL
  78:            28           2912  org.h2.table.MetaTable
  79:            88           2816  org.h2.expression.Alias
  80:           109           2616  org.h2.value.ValueDouble
  81:            65           2600  java.util.IdentityHashMap
  82:            64           2560  org.apache.derbyTesting.system.oe.direct.Standard
  83:            64           2560  org.apache.derbyTesting.system.oe.model.District
  84:            64           2560  org.apache.derbyTesting.system.oe.model.Order
  85:            64           2560  org.apache.derbyTesting.system.oe.util.OERandom
  86:            64           2560  org.dacapo.h2.TPCCSubmitter
  87:            28           2464  java.lang.reflect.Method
  88:            76           2432  org.h2.message.Trace
  89:           100           2400  org.h2.value.ValueLong
  90:            36           2304  java.util.concurrent.ConcurrentHashMap
  91:            35           2256  [J
  92:            39           2184  java.lang.Class$ReflectionData
  93:            68           2176  org.h2.result.SortOrder
  94:            66           2112  java.util.Random
  95:            66           2112  org.h2.log.UndoLog
  96:           128           2048  java.lang.Character
  97:            64           2048  org.apache.derbyTesting.system.oe.model.Warehouse
  98:            41           1968  sun.util.locale.LocaleObjectCache$CacheEntry
  99:            13           1768  org.h2.table.TableData
 100:            71           1704  java.util.concurrent.atomic.AtomicLong
 101:            30           1680  java.lang.Package
 102:            30           1680  java.security.Provider$Service
 103:            69           1656  java.security.Provider$ServiceKey
 104:             2           1568  [Lorg.h2.value.ValueInt;
 105:             1           1568  [[B
 106:            65           1560  java.lang.StringBuffer
 107:            39           1504  [Ljava.math.BigInteger;
 108:            13           1456  org.h2.index.ScanIndex
 109:            35           1400  java.io.ObjectStreamField
 110:            58           1392  org.h2.index.IndexType
 111:             1           1376  [Lsun.misc.FDBigInteger;
 112:            61           1328  [Ljava.lang.Class;
 113:            26           1248  org.apache.commons.cli.Option
 114:            13           1232  [Ljava.util.WeakHashMap$Entry;
 115:            28           1120  java.security.AccessControlContext
 116:             2           1064  [Ljava.lang.invoke.MethodHandle;
 117:            19           1064  sun.misc.URLClassPath$JarLoader
 118:            11           1056  org.h2.constraint.ConstraintReferential
 119:             1           1040  [Ljava.lang.Integer;
 120:             1           1040  [Ljava.lang.Short;
 121:            30            960  java.security.Provider$EngineDescription
 122:             6            936  [Z
 123:            35            840  java.util.jar.Attributes$Name
 124:             3            832  [Ljava.lang.Thread;
 125:             5            824  [D
 126:            20            800  sun.util.locale.BaseLocale$Key
 127:            14            784  sun.nio.cs.UTF_8$Encoder
 128:            13            744  [Ljava.lang.reflect.Field;
 129:             5            720  java.text.DecimalFormat
 130:             9            720  org.h2.index.MetaIndex
 131:            22            704  java.lang.ref.ReferenceQueue
 132:            11            704  org.h2.command.dml.Call
 133:            21            672  java.io.File
 134:            28            672  java.security.Provider$UString
 135:            21            672  java.util.Locale
 136:            20            640  sun.util.locale.BaseLocale
 137:            13            624  java.util.WeakHashMap
 138:             9            576  org.h2.constraint.ConstraintUnique
 139:            18            576  org.h2.index.MultiVersionIndex
 140:            10            560  sun.util.calendar.ZoneInfo
 141:            23            552  [Ljava.lang.reflect.Constructor;
 142:             1            528  [Ljava.lang.Character;
 143:            21            504  sun.reflect.NativeConstructorAccessorImpl
 144:            20            480  java.util.Locale$LocaleKey
 145:             5            480  java.util.jar.JarFile$JarFileEntry
 146:            14            448  java.io.FileDescriptor
 147:            14            448  java.util.Vector
 148:            11            440  java.security.ProtectionDomain
 149:            18            432  java.text.DateFormat$Field
 150:             9            432  java.util.zip.Inflater
 151:             9            432  sun.util.locale.provider.LocaleResources$ResourceReference
 152:             1            416  [Lorg.h2.value.ValueLong;
 153:             7            392  java.util.ResourceBundle$CacheKey
 154:             1            392  org.h2.engine.DatabaseCloser
 155:             7            392  org.h2.engine.Setting
 156:             1            384  java.lang.ref.Finalizer$FinalizerThread
 157:            24            384  java.lang.ref.ReferenceQueue$Lock
 158:             6            384  java.nio.DirectByteBuffer
 159:             1            376  java.lang.ref.Reference$ReferenceHandler
 160:            12            360  [Ljava.io.ObjectStreamField;
 161:             9            360  sun.nio.cs.UTF_8$Decoder
 162:            11            352  java.security.CodeSource
 163:            22            352  sun.reflect.DelegatingConstructorAccessorImpl
 164:             6            336  java.nio.DirectLongBufferU
 165:             3            336  java.util.GregorianCalendar
 166:             7            336  java.util.Hashtable
 167:             6            336  java.util.LinkedHashMap
 168:             7            336  java.util.ResourceBundle$BundleReference
 169:            14            336  sun.misc.MetaIndex
 170:            10            320  java.lang.OutOfMemoryError
 171:             5            320  java.text.DateFormatSymbols
 172:             5            320  java.text.DecimalFormatSymbols
 173:             8            320  java.util.TreeMap$Entry
 174:             8            320  java.util.WeakHashMap$Entry
 175:             5            320  java.util.jar.JarFile
 176:             8            320  org.dacapo.parser.Config$OutputFile
 177:             1            312  org.h2.engine.Database
 178:             6            288  java.util.Properties
 179:             9            288  sun.security.jca.ProviderConfig
 180:             1            272  [Ljava.sql.Connection;
 181:             1            272  [Lorg.apache.derbyTesting.system.oe.client.Submitter;
 182:             1            272  [Lorg.apache.derbyTesting.system.oe.util.OERandom;
 183:             8            256  java.io.FileInputStream
 184:             8            256  java.util.zip.ZipCoder
 185:             8            256  org.h2.engine.Mode
 186:             4            256  org.h2.util.ValueHashMap
 187:             5            240  sun.misc.URLClassPath
 188:             3            240  sun.net.www.protocol.jar.URLJarFile
 189:            14            224  java.util.HashMap$KeySet
 190:             7            224  java.util.ResourceBundle$LoaderReference
 191:             9            216  java.util.zip.ZStreamRef
 192:             3            216  sun.security.provider.NativePRNG$RandomIO
 193:             2            208  sun.util.calendar.ImmutableGregorianDate
 194:             2            200  [Ljava.text.DateFormat$Field;
 195:             5            200  java.text.DigitList
 196:             6            192  java.io.FileOutputStream
 197:             6            192  java.lang.ThreadLocal$ThreadLocalMap$Entry
 198:             8            192  java.math.RoundingMode
 199:             4            192  java.nio.HeapByteBuffer
 200:             3            192  java.text.SimpleDateFormat
 201:             8            192  java.util.ArrayDeque
 202:             6            192  java.util.Stack
 203:             4            192  sun.nio.cs.StreamEncoder
 204:            11            176  [Ljava.security.Principal;
 205:            11            176  java.security.ProtectionDomain$Key
 206:             1            168  [[Ljava.math.BigInteger;
 207:             4            160  java.io.BufferedWriter
 208:             5            160  java.io.FilePermission
 209:             5            160  java.security.Permissions
 210:            10            160  java.util.Formatter$Flags
 211:             5            160  java.util.regex.Pattern$Branch
 212:             4            160  org.dacapo.parser.Config$Size
 213:             2            160  org.h2.schema.Schema
 214:             5            160  sun.util.locale.provider.LocaleProviderAdapter$Type
 215:             3            144  [Ljava.lang.reflect.Method;
 216:             2            144  [Ljava.math.BigDecimal;
 217:             6            144  java.util.regex.Pattern$GroupHead
 218:             6            144  java.util.regex.Pattern$GroupTail
 219:             6            144  sun.misc.PerfCounter
 220:             2            128  [F
 221:             2            128  java.io.ExpiringCache$1
 222:             4            128  java.util.regex.Pattern$Curly
 223:             2            128  org.h2.engine.User
 224:             2            128  org.h2.util.SmallLRUCache
 225:             5            120  [Ljava.util.regex.Pattern$Node;
 226:             1            120  [Lorg.apache.commons.cli.Option;
 227:             1            120  [[Ljava.lang.String;
 228:             5            120  java.io.FilePermissionCollection
 229:             5            120  java.util.Collections$UnmodifiableRandomAccessList
 230:             1            120  org.dacapo.h2.TPCC
 231:             3            120  sun.misc.FloatingDecimal$BinaryToASCIIBuffer
 232:             5            120  sun.misc.FloatingDecimal$PreparedASCIIToBinaryBuffer
 233:             5            120  sun.reflect.NativeMethodAccessorImpl
 234:             1            104  sun.net.www.protocol.file.FileURLConnection
 235:             1             96  [[J
 236:             4             96  java.io.ExpiringCache$Entry
 237:             4             96  java.io.OutputStreamWriter
 238:             2             96  java.lang.ThreadGroup
 239:             3             96  java.lang.ref.WeakReference
 240:             4             96  java.math.MathContext
 241:             4             96  java.util.LinkedList$Node
 242:             2             96  java.util.TreeMap
 243:             4             96  sun.misc.FormattedFloatingDecimal$Form
 244:             1             96  sun.misc.Launcher$AppClassLoader
 245:             1             96  sun.net.www.protocol.jar.URLJarFile$URLJarFileEntry
 246:             1             96  sun.security.jca.ProviderList$1
 247:             1             96  sun.security.provider.Sun
 248:             1             88  java.net.FactoryURLClassLoader
 249:             1             88  org.dacapo.harness.DacapoClassLoader
 250:             1             88  org.h2.schema.Sequence
 251:             1             88  sun.misc.Launcher$ExtClassLoader
 252:             1             88  sun.net.www.protocol.jar.JarURLConnection
 253:             1             80  [Ljava.lang.ThreadLocal$ThreadLocalMap$Entry;
 254:             3             80  [Ljava.security.ProtectionDomain;
 255:             2             80  java.io.ExpiringCache
 256:             2             80  java.lang.ClassLoader$NativeLibrary
 257:             5             80  java.util.HashMap$Values
 258:             2             80  java.util.Locale$Category
 259:             5             80  java.util.regex.Pattern$BranchConn
 260:             1             80  org.h2.log.LogSystem
 261:             5             80  sun.reflect.DelegatingMethodAccessorImpl
 262:             2             80  sun.util.calendar.Era
 263:             2             72  [Lsun.security.jca.ProviderConfig;
 264:             3             72  java.lang.RuntimePermission
 265:             3             72  java.util.Arrays$ArrayList
 266:             3             72  java.util.Collections$SynchronizedSet
 267:             3             72  java.util.Date
 268:             1             72  java.util.ResourceBundle$RBClassLoader
 269:             3             72  java.util.concurrent.ConcurrentHashMap$KeySetView
 270:             3             72  java.util.concurrent.atomic.AtomicMarkableReference$Pair
 271:             1             72  java.util.regex.Pattern
 272:             3             72  java.util.regex.Pattern$BitClass
 273:             3             72  java.util.regex.Pattern$Ctype
 274:             3             72  java.util.regex.Pattern$Single
 275:             3             72  org.dacapo.parser.Config$ThreadModel
 276:             3             72  sun.misc.FloatingDecimal$ExceptionalBinaryToASCIIBuffer
 277:             3             72  sun.misc.Signal
 278:             1             72  sun.reflect.DelegatingClassLoader
 279:             3             72  sun.security.provider.NativePRNG$Variant
 280:             1             72  sun.util.locale.provider.JRELocaleProviderAdapter
 281:             3             72  sun.util.resources.ParallelListResourceBundle$KeySet
 282:             2             64  java.io.PrintStream
 283:             2             64  java.lang.ClassValue$Entry
 284:             4             64  java.lang.ThreadLocal
 285:             2             64  java.lang.VirtualMachineError
 286:             2             64  java.lang.ref.ReferenceQueue$Null
 287:             1             64  java.security.SecureRandom
 288:             2             64  java.util.LinkedList
 289:             2             64  java.util.concurrent.atomic.AtomicReferenceFieldUpdater$AtomicReferenceFieldUpdaterImpl
 290:             2             64  org.apache.commons.cli.Options
 291:             1             64  org.dacapo.harness.H2
 292:             2             64  org.dacapo.harness.TeeOutputStream
 293:             2             64  org.dacapo.harness.TeePrintStream
 294:             1             64  org.h2.message.TraceSystem
 295:             4             64  sun.net.www.protocol.jar.Handler
 296:             2             64  sun.util.locale.provider.LocaleResources
 297:             2             64  sun.util.locale.provider.LocaleServiceProviderPool
 298:             1             56  [Ljava.lang.Runnable;
 299:             1             56  java.util.zip.ZipFile$ZipFileInflaterInputStream
 300:             1             56  java.util.zip.ZipFile$ZipFileInputStream
 301:             1             56  org.h2.engine.Role
 302:             1             56  sun.security.provider.SHA
 303:             1             48  [Ljava.math.RoundingMode;
 304:             2             48  java.io.BufferedOutputStream
 305:             2             48  java.io.File$PathStatus
 306:             2             48  java.lang.StringBuilder
 307:             2             48  java.nio.charset.CoderResult
 308:             3             48  java.nio.charset.CodingErrorAction
 309:             2             48  java.sql.SQLPermission
 310:             3             48  java.text.AttributedCharacterIterator$Attribute
 311:             2             48  java.util.Currency
 312:             3             48  java.util.concurrent.atomic.AtomicMarkableReference
 313:             2             48  java.util.jar.Manifest
 314:             2             48  java.util.regex.Pattern$1
 315:             2             48  java.util.regex.Pattern$5
 316:             2             48  org.dacapo.harness.Callback$Mode
 317:             2             48  org.dacapo.harness.CommandLineArgs$Methodology
 318:             2             48  sun.misc.NativeSignalHandler
 319:             2             48  sun.security.jca.ProviderList
 320:             2             48  sun.security.jca.ProviderList$3
 321:             1             48  sun.text.resources.FormatData
 322:             1             48  sun.text.resources.en.FormatData_en
 323:             1             48  sun.text.resources.en.FormatData_en_AU
 324:             1             48  sun.util.resources.CalendarData
 325:             1             48  sun.util.resources.CurrencyNames
 326:             1             48  sun.util.resources.en.CalendarData_en
 327:             1             48  sun.util.resources.en.CurrencyNames_en_AU
 328:             1             40  [Lsun.util.locale.provider.LocaleProviderAdapter$Type;
 329:             1             40  java.io.BufferedInputStream
 330:             1             40  java.util.ResourceBundle$1
 331:             1             40  org.apache.commons.cli.PosixParser
 332:             1             40  org.dacapo.harness.Callback
 333:             1             40  org.dacapo.parser.Config
 334:             1             40  org.h2.expression.ConditionIn
 335:             1             40  sun.nio.cs.StandardCharsets$Aliases
 336:             1             40  sun.nio.cs.StandardCharsets$Cache
 337:             1             40  sun.nio.cs.StandardCharsets$Classes
 338:             1             32  [Ljava.lang.OutOfMemoryError;
 339:             2             32  [Ljava.lang.StackTraceElement;
 340:             1             32  [Ljava.lang.ThreadGroup;
 341:             1             32  [Lorg.dacapo.parser.Config$ThreadModel;
 342:             1             32  [Lsun.misc.FormattedFloatingDecimal$Form;
 343:             1             32  [Lsun.security.provider.NativePRNG$Variant;
 344:             1             32  java.io.UnixFileSystem
 345:             1             32  java.lang.ArithmeticException
 346:             2             32  java.lang.Boolean
 347:             1             32  java.lang.ClassCastException
 348:             1             32  java.lang.NullPointerException
 349:             2             32  java.lang.Shutdown$Lock
 350:             1             32  java.lang.StringCoding$StringDecoder
 351:             1             32  java.lang.StringCoding$StringEncoder
 352:             2             32  java.nio.ByteOrder
 353:             1             32  java.security.BasicPermissionCollection
 354:             1             32  java.security.MessageDigest$Delegate
 355:             1             32  java.util.ArrayList$Itr
 356:             1             32  java.util.Formatter
 357:             2             32  java.util.LinkedHashMap$LinkedEntrySet
 358:             2             32  java.util.concurrent.atomic.AtomicInteger
 359:             1             32  java.util.concurrent.locks.ReentrantLock$NonfairSync
 360:             2             32  java.util.jar.Attributes
 361:             1             32  org.h2.value.CompareMode
 362:             2             32  org.h2.value.ValueBoolean
 363:             2             32  org.h2.value.ValueNull
 364:             1             32  sun.nio.cs.StandardCharsets
 365:             1             32  sun.nio.fs.LinuxFileSystem
 366:             1             32  sun.nio.fs.UnixPath
 367:             1             32  sun.security.provider.SecureRandom
 368:             1             24  [Ljava.io.File$PathStatus;
 369:             1             24  [Ljava.lang.ClassValue$Entry;
 370:             1             24  [Ljava.util.Locale$Category;
 371:             1             24  [Lorg.dacapo.harness.Callback$Mode;
 372:             1             24  [Lorg.dacapo.harness.CommandLineArgs$Methodology;
 373:             1             24  [Lsun.launcher.LauncherHelper;
 374:             1             24  [Lsun.util.calendar.Era;
 375:             1             24  java.lang.ClassValue$Version
 376:             1             24  java.lang.ThreadLocal$ThreadLocalMap
 377:             1             24  java.lang.invoke.MethodHandleImpl$4
 378:             1             24  java.lang.reflect.ReflectPermission
 379:             1             24  java.math.BigDecimal$StringBuilderHelper
 380:             1             24  java.math.MutableBigInteger
 381:             1             24  java.sql.DriverInfo
 382:             1             24  java.util.BitSet
 383:             1             24  java.util.Collections$EmptyMap
 384:             1             24  java.util.Collections$SetFromMap
 385:             1             24  java.util.Locale$Cache
 386:             1             24  java.util.ResourceBundle$Control$CandidateListCache
 387:             1             24  java.util.concurrent.CopyOnWriteArrayList
 388:             1             24  java.util.regex.Pattern$Start
 389:             1             24  org.apache.commons.cli.CommandLine
 390:             1             24  org.dacapo.harness.CommandLineArgs
 391:             1             24  org.h2.expression.SequenceValue
 392:             1             24  org.h2.table.SingleColumnResolver
 393:             1             24  org.h2.util.TempFileDeleter
 394:             1             24  sun.launcher.LauncherHelper
 395:             1             24  sun.misc.URLClassPath$Loader
 396:             1             24  sun.net.www.MessageHeader
 397:             1             24  sun.net.www.protocol.jar.JarURLConnection$JarURLInputStream
 398:             1             24  sun.nio.cs.ISO_8859_1
 399:             1             24  sun.nio.cs.US_ASCII
 400:             1             24  sun.nio.cs.UTF_16
 401:             1             24  sun.nio.cs.UTF_16BE
 402:             1             24  sun.nio.cs.UTF_16LE
 403:             1             24  sun.nio.cs.UTF_8
 404:             1             24  sun.security.provider.NativeSeedGenerator
 405:             1             24  sun.util.locale.BaseLocale$Cache
 406:             1             24  sun.util.locale.provider.CalendarDataProviderImpl
 407:             1             24  sun.util.locale.provider.CalendarProviderImpl
 408:             1             24  sun.util.locale.provider.CurrencyNameProviderImpl
 409:             1             24  sun.util.locale.provider.DateFormatSymbolsProviderImpl
 410:             1             24  sun.util.locale.provider.DecimalFormatSymbolsProviderImpl
 411:             1             24  sun.util.locale.provider.NumberFormatProviderImpl
 412:             1             16  [Ljava.lang.Throwable;
 413:             1             16  [Ljava.security.Provider;
 414:             1             16  [Ljava.security.cert.Certificate;
 415:             1             16  [Ljava.text.FieldPosition;
 416:             1             16  java.io.FileDescriptor$1
 417:             1             16  java.lang.ApplicationShutdownHooks$1
 418:             1             16  java.lang.CharacterDataLatin1
 419:             1             16  java.lang.ClassValue$Identity
 420:             1             16  java.lang.InheritableThreadLocal
 421:             1             16  java.lang.Runtime
 422:             1             16  java.lang.String$CaseInsensitiveComparator
 423:             1             16  java.lang.System$2
 424:             1             16  java.lang.Terminator$1
 425:             1             16  java.lang.invoke.MemberName$Factory
 426:             1             16  java.lang.invoke.MethodHandleImpl$2
 427:             1             16  java.lang.invoke.MethodHandleImpl$3
 428:             1             16  java.lang.ref.Reference$1
 429:             1             16  java.lang.ref.Reference$Lock
 430:             1             16  java.lang.reflect.ReflectAccess
 431:             1             16  java.math.BigDecimal$1
 432:             1             16  java.net.URLClassLoader$7
 433:             1             16  java.nio.Bits$1
 434:             1             16  java.nio.charset.CoderResult$1
 435:             1             16  java.nio.charset.CoderResult$2
 436:             1             16  java.security.ProtectionDomain$2
 437:             1             16  java.security.ProtectionDomain$JavaSecurityAccessImpl
 438:             1             16  java.text.MessageFormat$Field
 439:             1             16  java.util.Collections$EmptyIterator
 440:             1             16  java.util.Collections$EmptyList
 441:             1             16  java.util.Collections$EmptySet
 442:             1             16  java.util.Currency$CurrencyNameGetter
 443:             1             16  java.util.Hashtable$EntrySet
 444:             1             16  java.util.Hashtable$KeySet
 445:             1             16  java.util.ResourceBundle$Control
 446:             1             16  java.util.WeakHashMap$KeySet
 447:             1             16  java.util.concurrent.locks.ReentrantLock
 448:             1             16  java.util.jar.JavaUtilJarAccessImpl
 449:             1             16  java.util.regex.Pattern$4
 450:             1             16  java.util.regex.Pattern$LastNode
 451:             1             16  java.util.regex.Pattern$Node
 452:             1             16  java.util.zip.ZipFile$1
 453:             1             16  org.dacapo.h2.TPCCReporter
 454:             1             16  org.dacapo.harness.TestHarness
 455:             1             16  org.h2.Driver
 456:             1             16  org.h2.engine.Engine
 457:             1             16  org.h2.util.BitField
 458:             1             16  sun.misc.ASCIICaseInsensitiveComparator
 459:             1             16  sun.misc.FloatingDecimal$1
 460:             1             16  sun.misc.FormattedFloatingDecimal$1
 461:             1             16  sun.misc.Launcher
 462:             1             16  sun.misc.Launcher$Factory
 463:             1             16  sun.misc.Perf
 464:             1             16  sun.misc.Unsafe
 465:             1             16  sun.net.www.protocol.file.Handler
 466:             1             16  sun.net.www.protocol.jar.JarFileFactory
 467:             1             16  sun.nio.fs.LinuxFileSystemProvider
 468:             1             16  sun.reflect.BootstrapConstructorAccessorImpl
 469:             1             16  sun.reflect.GeneratedConstructorAccessor1
 470:             1             16  sun.reflect.ReflectionFactory
 471:             1             16  sun.util.calendar.Gregorian
 472:             1             16  sun.util.calendar.JulianCalendar
 473:             1             16  sun.util.locale.provider.AuxLocaleProviderAdapter$NullProvider
 474:             1             16  sun.util.locale.provider.CalendarDataUtility$CalendarWeekParameterGetter
 475:             1             16  sun.util.locale.provider.SPILocaleProviderAdapter
 476:             1             16  sun.util.resources.LocaleData
 477:             1             16  sun.util.resources.LocaleData$LocaleDataResourceBundleControl
Total       1570504       61599712
, 0.0577981 secs]
8.225: Total time for which application threads were stopped: 0.9569831 seconds, Stopping threads took: 0.0000134 seconds
8.261: Application time: 0.0361605 seconds
{Heap before GC invocations=55 (full 3):
 PSYoungGen      total 24576K, used 16384K [0x00000000fe000000, 0x0000000100000000, 0x0000000100000000)
  eden space 16384K, 100% used [0x00000000fe000000,0x00000000ff000000,0x00000000ff000000)
  from space 8192K, 0% used [0x00000000ff000000,0x00000000ff000000,0x00000000ff800000)
  to   space 8192K, 0% used [0x00000000ff800000,0x00000000ff800000,0x0000000100000000)
 ParOldGen       total 65536K, used 60155K [0x00000000fa000000, 0x00000000fe000000, 0x00000000fe000000)
  object space 65536K, 91% used [0x00000000fa000000,0x00000000fdabefe0,0x00000000fe000000)
 Metaspace       used 9208K, capacity 9340K, committed 9600K, reserved 1058816K
  class space    used 779K, capacity 859K, committed 896K, reserved 1048576K
TLAB: gc tlab  thread: 0x0000ffff5c04e800 [id: 2385309] desired_size: 291KB slow allocs: 0  refill waste: 4664B alloc: 0.89046    14589KB refills: 58 waste  0.0% gc: 0B slow: 824B fast: 640B
TLAB totals: thrds: 1  refills: 58 max: 58 slow allocs: 0 max 0 waste:  0.0% gc: 0B max: 0B slow: 824B max: 824B fast: 640B max: 640B
8.261: [GC (Allocation Failure) GCTaskManager::set_active_gang(): all_workers_active()  1  workers 43  active  43  ParallelGCThreads 43 
JT: 1  workers 43  active  43  idle 0  more 0
8.266: [SoftReference, 0 refs, 0.0000309 secs]8.266: [WeakReference, 0 refs, 0.0000078 secs]8.266: [FinalReference, 0 refs, 0.0000076 secs]8.266: [PhantomReference, 0 refs, 0 refs, 0.0000371 secs]8.266: [JNI Weak Reference, 0.0000054 secs]AdaptiveSizePolicy::update_averages:  survived: 65536  promoted: 0  overflow: false
AdaptiveSizeStart: 8.267 collection: 55 
  avg_survived_padded_avg: 8059263.500000  avg_promoted_padded_avg: 4694031.500000  avg_pretenured_padded_avg: 0.000000  tenuring_thresh: 2  target_size: 8388608

Desired survivor size 8388608 bytes, new threshold 2 (max 15)
PSAdaptiveSizePolicy::compute_eden_space_size limits: desired_eden_size: 17773890 old_eden_size: 16777216 eden_limit: 16777216 cur_eden: 16777216 max_eden_size: 16777216 avg_young_live: 1934002
PSAdaptiveSizePolicy::compute_eden_space_size: costs minor_time: 0.068562 major_cost: 0.183903 mutator_cost: 0.747535 throughput_goal: 0.990000 live_space: 326824256 free_space: 41943040 old_eden_size: 16777216 desired_eden_size: 16777216
AdaptiveSizeStop: collection: 55 
[PSYoungGen: 16384K->64K(24576K)] 76539K->60219K(90112K), 0.0052141 secs] [Times: user=0.06 sys=0.02, real=0.01 secs] 
Heap after GC invocations=55 (full 3):
 PSYoungGen      total 24576K, used 64K [0x00000000fe000000, 0x0000000100000000, 0x0000000100000000)
  eden space 16384K, 0% used [0x00000000fe000000,0x00000000fe000000,0x00000000ff000000)
  from space 8192K, 0% used [0x00000000ff800000,0x00000000ff810000,0x0000000100000000)
  to   space 8192K, 0% used [0x00000000ff000000,0x00000000ff000000,0x00000000ff800000)
 ParOldGen       total 65536K, used 60155K [0x00000000fa000000, 0x00000000fe000000, 0x00000000fe000000)
  object space 65536K, 91% used [0x00000000fa000000,0x00000000fdabefe0,0x00000000fe000000)
 Metaspace       used 9208K, capacity 9340K, committed 9600K, reserved 1058816K
  class space    used 779K, capacity 859K, committed 896K, reserved 1048576K
}
8.267: Total time for which application threads were stopped: 0.0055370 seconds, Stopping threads took: 0.0000246 seconds
8.301: Application time: 0.0341627 seconds
{Heap before GC invocations=56 (full 3):
 PSYoungGen      total 24576K, used 16448K [0x00000000fe000000, 0x0000000100000000, 0x0000000100000000)
  eden space 16384K, 100% used [0x00000000fe000000,0x00000000ff000000,0x00000000ff000000)
  from space 8192K, 0% used [0x00000000ff800000,0x00000000ff810000,0x0000000100000000)
  to   space 8192K, 0% used [0x00000000ff000000,0x00000000ff000000,0x00000000ff800000)
 ParOldGen       total 65536K, used 60155K [0x00000000fa000000, 0x00000000fe000000, 0x00000000fe000000)
  object space 65536K, 91% used [0x00000000fa000000,0x00000000fdabefe0,0x00000000fe000000)
 Metaspace       used 9208K, capacity 9340K, committed 9600K, reserved 1058816K
  class space    used 779K, capacity 859K, committed 896K, reserved 1048576K
TLAB: gc tlab  thread: 0x0000ffff5c04e800 [id: 2385309] desired_size: 304KB slow allocs: 0  refill waste: 4864B alloc: 0.92880    15217KB refills: 54 waste  0.0% gc: 0B slow: 1104B fast: 32B
TLAB totals: thrds: 1  refills: 54 max: 54 slow allocs: 0 max 0 waste:  0.0% gc: 0B max: 0B slow: 1104B max: 1104B fast: 32B max: 32B
8.301: [GC (Allocation Failure) GCTaskManager::set_active_gang(): all_workers_active()  1  workers 43  active  43  ParallelGCThreads 43 
JT: 1  workers 43  active  43  idle 0  more 0
8.302: [SoftReference, 0 refs, 0.0000193 secs]8.302: [WeakReference, 0 refs, 0.0000074 secs]8.302: [FinalReference, 0 refs, 0.0000073 secs]8.302: [PhantomReference, 0 refs, 0 refs, 0.0000097 secs]8.302: [JNI Weak Reference, 0.0000046 secs]AdaptiveSizePolicy::update_averages:  survived: 32768  promoted: 0  overflow: false
AdaptiveSizeStart: 8.303 collection: 56 
  avg_survived_padded_avg: 7867586.000000  avg_promoted_padded_avg: 4582302.500000  avg_pretenured_padded_avg: 0.000000  tenuring_thresh: 3  target_size: 8388608

Desired survivor size 8388608 bytes, new threshold 3 (max 15)
PSAdaptiveSizePolicy::compute_eden_space_size limits: desired_eden_size: 17737730 old_eden_size: 16777216 eden_limit: 16777216 cur_eden: 16777216 max_eden_size: 16777216 avg_young_live: 1743879
PSAdaptiveSizePolicy::compute_eden_space_size: costs minor_time: 0.065193 major_cost: 0.183903 mutator_cost: 0.750904 throughput_goal: 0.990000 live_space: 326634112 free_space: 41943040 old_eden_size: 16777216 desired_eden_size: 16777216
AdaptiveSizeStop: collection: 56 
[PSYoungGen: 16448K->32K(24576K)] 76603K->60187K(90112K), 0.0021016 secs] [Times: user=0.00 sys=0.00, real=0.00 secs] 
Heap after GC invocations=56 (full 3):
 PSYoungGen      total 24576K, used 32K [0x00000000fe000000, 0x0000000100000000, 0x0000000100000000)
  eden space 16384K, 0% used [0x00000000fe000000,0x00000000fe000000,0x00000000ff000000)
  from space 8192K, 0% used [0x00000000ff000000,0x00000000ff008000,0x00000000ff800000)
  to   space 8192K, 0% used [0x00000000ff800000,0x00000000ff800000,0x0000000100000000)
 ParOldGen       total 65536K, used 60155K [0x00000000fa000000, 0x00000000fe000000, 0x00000000fe000000)
  object space 65536K, 91% used [0x00000000fa000000,0x00000000fdabefe0,0x00000000fe000000)
 Metaspace       used 9208K, capacity 9340K, committed 9600K, reserved 1058816K
  class space    used 779K, capacity 859K, committed 896K, reserved 1048576K
}
8.303: Total time for which application threads were stopped: 0.0023307 seconds, Stopping threads took: 0.0000211 seconds
8.338: Application time: 0.0349051 seconds
{Heap before GC invocations=57 (full 3):
 PSYoungGen      total 24576K, used 16416K [0x00000000fe000000, 0x0000000100000000, 0x0000000100000000)
  eden space 16384K, 100% used [0x00000000fe000000,0x00000000ff000000,0x00000000ff000000)
  from space 8192K, 0% used [0x00000000ff000000,0x00000000ff008000,0x00000000ff800000)
  to   space 8192K, 0% used [0x00000000ff800000,0x00000000ff800000,0x0000000100000000)
 ParOldGen       total 65536K, used 60155K [0x00000000fa000000, 0x00000000fe000000, 0x00000000fe000000)
  object space 65536K, 91% used [0x00000000fa000000,0x00000000fdabefe0,0x00000000fe000000)
 Metaspace       used 9208K, capacity 9340K, committed 9600K, reserved 1058816K
  class space    used 779K, capacity 859K, committed 896K, reserved 1048576K
TLAB: gc tlab  thread: 0x0000ffff5c04e800 [id: 2385309] desired_size: 312KB slow allocs: 0  refill waste: 5000B alloc: 0.95369    15625KB refills: 53 waste  0.0% gc: 0B slow: 1008B fast: 160B
TLAB totals: thrds: 1  refills: 53 max: 53 slow allocs: 0 max 0 waste:  0.0% gc: 0B max: 0B slow: 1008B max: 1008B fast: 160B max: 160B
8.338: [GC (Allocation Failure) GCTaskManager::set_active_gang(): all_workers_active()  1  workers 43  active  43  ParallelGCThreads 43 
JT: 1  workers 43  active  43  idle 0  more 0
8.340: [SoftReference, 0 refs, 0.0000197 secs]8.340: [WeakReference, 0 refs, 0.0000076 secs]8.340: [FinalReference, 0 refs, 0.0000071 secs]8.340: [PhantomReference, 0 refs, 0 refs, 0.0000101 secs]8.340: [JNI Weak Reference, 0.0000047 secs]AdaptiveSizePolicy::update_averages:  survived: 65536  promoted: 0  overflow: false
AdaptiveSizeStart: 8.341 collection: 57 
  avg_survived_padded_avg: 7628409.000000  avg_promoted_padded_avg: 4481746.000000  avg_pretenured_padded_avg: 0.000000  tenuring_thresh: 4  target_size: 7864320

Desired survivor size 7864320 bytes, new threshold 4 (max 15)
PSAdaptiveSizePolicy::compute_eden_space_size limits: desired_eden_size: 17720035 old_eden_size: 16777216 eden_limit: 16777216 cur_eden: 16777216 max_eden_size: 16777216 avg_young_live: 1576044
PSAdaptiveSizePolicy::compute_eden_space_size: costs minor_time: 0.063577 major_cost: 0.183903 mutator_cost: 0.752521 throughput_goal: 0.990000 live_space: 326466272 free_space: 41943040 old_eden_size: 16777216 desired_eden_size: 16777216
AdaptiveSizePolicy::survivor space sizes: collection: 57 (8388608, 8388608) -> (8388608, 7864320) 
AdaptiveSizeStop: collection: 57 
[PSYoungGen: 16416K->64K(25088K)] 76571K->60219K(90624K), 0.0022886 secs] [Times: user=0.00 sys=0.00, real=0.00 secs] 
Heap after GC invocations=57 (full 3):
 PSYoungGen      total 25088K, used 64K [0x00000000fe000000, 0x0000000100000000, 0x0000000100000000)
  eden space 16896K, 0% used [0x00000000fe000000,0x00000000fe000000,0x00000000ff080000)
  from space 8192K, 0% used [0x00000000ff800000,0x00000000ff810000,0x0000000100000000)
  to   space 7680K, 0% used [0x00000000ff080000,0x00000000ff080000,0x00000000ff800000)
 ParOldGen       total 65536K, used 60155K [0x00000000fa000000, 0x00000000fe000000, 0x00000000fe000000)
  object space 65536K, 91% used [0x00000000fa000000,0x00000000fdabefe0,0x00000000fe000000)
 Metaspace       used 9208K, capacity 9340K, committed 9600K, reserved 1058816K
  class space    used 779K, capacity 859K, committed 896K, reserved 1048576K
}
8.341: Total time for which application threads were stopped: 0.0025164 seconds, Stopping threads took: 0.0000218 seconds
8.377: Application time: 0.0361183 seconds
{Heap before GC invocations=58 (full 3):
 PSYoungGen      total 25088K, used 16960K [0x00000000fe000000, 0x0000000100000000, 0x0000000100000000)
  eden space 16896K, 100% used [0x00000000fe000000,0x00000000ff080000,0x00000000ff080000)
  from space 8192K, 0% used [0x00000000ff800000,0x00000000ff810000,0x0000000100000000)
  to   space 7680K, 0% used [0x00000000ff080000,0x00000000ff080000,0x00000000ff800000)
 ParOldGen       total 65536K, used 60155K [0x00000000fa000000, 0x00000000fe000000, 0x00000000fe000000)
  object space 65536K, 91% used [0x00000000fa000000,0x00000000fdabefe0,0x00000000fe000000)
 Metaspace       used 9208K, capacity 9340K, committed 9600K, reserved 1058816K
  class space    used 779K, capacity 859K, committed 896K, reserved 1048576K
TLAB: gc tlab  thread: 0x0000ffff5c04e800 [id: 2385309] desired_size: 327KB slow allocs: 0  refill waste: 5240B alloc: 0.96987    16387KB refills: 53 waste  0.0% gc: 0B slow: 816B fast: 304B
TLAB totals: thrds: 1  refills: 53 max: 53 slow allocs: 0 max 0 waste:  0.0% gc: 0B max: 0B slow: 816B max: 816B fast: 304B max: 304B
8.377: [GC (Allocation Failure) GCTaskManager::set_active_gang(): all_workers_active()  1  workers 43  active  43  ParallelGCThreads 43 
JT: 1  workers 43  active  43  idle 0  more 0
8.379: [SoftReference, 0 refs, 0.0000200 secs]8.379: [WeakReference, 0 refs, 0.0000078 secs]8.379: [FinalReference, 0 refs, 0.0000071 secs]8.379: [PhantomReference, 0 refs, 0 refs, 0.0000097 secs]8.379: [JNI Weak Reference, 0.0000045 secs]AdaptiveSizePolicy::update_averages:  survived: 65536  promoted: 0  overflow: false
AdaptiveSizeStart: 8.379 collection: 58 
  avg_survived_padded_avg: 7359047.000000  avg_promoted_padded_avg: 4391245.000000  avg_pretenured_padded_avg: 0.000000  tenuring_thresh: 5  target_size: 7864320

Desired survivor size 7864320 bytes, new threshold 5 (max 15)
PSAdaptiveSizePolicy::compute_eden_space_size limits: desired_eden_size: 18224623 old_eden_size: 16777216 eden_limit: 17301504 cur_eden: 17301504 max_eden_size: 17301504 avg_young_live: 1424994
PSAdaptiveSizePolicy::compute_eden_space_size: costs minor_time: 0.061802 major_cost: 0.183903 mutator_cost: 0.754295 throughput_goal: 0.990000 live_space: 326315232 free_space: 41943040 old_eden_size: 16777216 desired_eden_size: 17301504
AdaptiveSizePolicy::survivor space sizes: collection: 58 (7864320, 8388608) -> (7864320, 7864320) 
AdaptiveSizeStop: collection: 58 
[PSYoungGen: 16960K->64K(24576K)] 77115K->60219K(90112K), 0.0022752 secs] [Times: user=0.01 sys=0.00, real=0.00 secs] 
Heap after GC invocations=58 (full 3):
 PSYoungGen      total 24576K, used 64K [0x00000000fe000000, 0x0000000100000000, 0x0000000100000000)
  eden space 16896K, 0% used [0x00000000fe000000,0x00000000fe000000,0x00000000ff080000)
  from space 7680K, 0% used [0x00000000ff080000,0x00000000ff090000,0x00000000ff800000)
  to   space 7680K, 0% used [0x00000000ff880000,0x00000000ff880000,0x0000000100000000)
 ParOldGen       total 65536K, used 60155K [0x00000000fa000000, 0x00000000fe000000, 0x00000000fe000000)
  object space 65536K, 91% used [0x00000000fa000000,0x00000000fdabefe0,0x00000000fe000000)
 Metaspace       used 9208K, capacity 9340K, committed 9600K, reserved 1058816K
  class space    used 779K, capacity 859K, committed 896K, reserved 1048576K
}
8.379: Total time for which application threads were stopped: 0.0025087 seconds, Stopping threads took: 0.0000226 seconds
8.415: Application time: 0.0360159 seconds
{Heap before GC invocations=59 (full 3):
 PSYoungGen      total 24576K, used 16960K [0x00000000fe000000, 0x0000000100000000, 0x0000000100000000)
  eden space 16896K, 100% used [0x00000000fe000000,0x00000000ff080000,0x00000000ff080000)
  from space 7680K, 0% used [0x00000000ff080000,0x00000000ff090000,0x00000000ff800000)
  to   space 7680K, 0% used [0x00000000ff880000,0x00000000ff880000,0x0000000100000000)
 ParOldGen       total 65536K, used 60155K [0x00000000fa000000, 0x00000000fe000000, 0x00000000fe000000)
  object space 65536K, 91% used [0x00000000fa000000,0x00000000fdabefe0,0x00000000fe000000)
 Metaspace       used 9208K, capacity 9340K, committed 9600K, reserved 1058816K
  class space    used 779K, capacity 859K, committed 896K, reserved 1048576K
TLAB: gc tlab  thread: 0x0000ffff5c04e800 [id: 2385309] desired_size: 331KB slow allocs: 0  refill waste: 5296B alloc: 0.98042    16565KB refills: 51 waste  0.0% gc: 0B slow: 960B fast: 248B
TLAB totals: thrds: 1  refills: 51 max: 51 slow allocs: 0 max 0 waste:  0.0% gc: 0B max: 0B slow: 960B max: 960B fast: 248B max: 248B
8.415: [GC (Allocation Failure) GCTaskManager::set_active_gang(): all_workers_active()  1  workers 43  active  43  ParallelGCThreads 43 
JT: 1  workers 43  active  43  idle 0  more 0
8.417: [SoftReference, 0 refs, 0.0000231 secs]8.417: [WeakReference, 0 refs, 0.0000078 secs]8.417: [FinalReference, 0 refs, 0.0000070 secs]8.417: [PhantomReference, 0 refs, 0 refs, 0.0000096 secs]8.417: [JNI Weak Reference, 0.0000047 secs]AdaptiveSizePolicy::update_averages:  survived: 32768  promoted: 0  overflow: false
AdaptiveSizeStart: 8.418 collection: 59 
  avg_survived_padded_avg: 7073499.000000  avg_promoted_padded_avg: 4309794.500000  avg_pretenured_padded_avg: 0.000000  tenuring_thresh: 6  target_size: 7340032

Desired survivor size 7340032 bytes, new threshold 6 (max 15)
PSAdaptiveSizePolicy::compute_eden_space_size limits: desired_eden_size: 18212337 old_eden_size: 17301504 eden_limit: 17825792 cur_eden: 17301504 max_eden_size: 17825792 avg_young_live: 1285771
PSAdaptiveSizePolicy::compute_eden_space_size: costs minor_time: 0.060708 major_cost: 0.183903 mutator_cost: 0.755389 throughput_goal: 0.990000 live_space: 326176000 free_space: 42467328 old_eden_size: 17301504 desired_eden_size: 17825792
AdaptiveSizePolicy::survivor space sizes: collection: 59 (7864320, 7864320) -> (7864320, 7340032) 
AdaptiveSizeStop: collection: 59 
[PSYoungGen: 16960K->32K(25600K)] 77115K->60187K(91136K), 0.0023063 secs] [Times: user=0.03 sys=0.00, real=0.01 secs] 
Heap after GC invocations=59 (full 3):
 PSYoungGen      total 25600K, used 32K [0x00000000fe000000, 0x0000000100000000, 0x0000000100000000)
  eden space 17920K, 0% used [0x00000000fe000000,0x00000000fe000000,0x00000000ff180000)
  from space 7680K, 0% used [0x00000000ff880000,0x00000000ff888000,0x0000000100000000)
  to   space 7168K, 0% used [0x00000000ff180000,0x00000000ff180000,0x00000000ff880000)
 ParOldGen       total 65536K, used 60155K [0x00000000fa000000, 0x00000000fe000000, 0x00000000fe000000)
  object space 65536K, 91% used [0x00000000fa000000,0x00000000fdabefe0,0x00000000fe000000)
 Metaspace       used 9208K, capacity 9340K, committed 9600K, reserved 1058816K
  class space    used 779K, capacity 859K, committed 896K, reserved 1048576K
}
8.418: Total time for which application threads were stopped: 0.0025345 seconds, Stopping threads took: 0.0000216 seconds
8.461: Application time: 0.0431315 seconds
{Heap before GC invocations=60 (full 3):
 PSYoungGen      total 25600K, used 17952K [0x00000000fe000000, 0x0000000100000000, 0x0000000100000000)
  eden space 17920K, 100% used [0x00000000fe000000,0x00000000ff180000,0x00000000ff180000)
  from space 7680K, 0% used [0x00000000ff880000,0x00000000ff888000,0x0000000100000000)
  to   space 7168K, 0% used [0x00000000ff180000,0x00000000ff180000,0x00000000ff880000)
 ParOldGen       total 65536K, used 60155K [0x00000000fa000000, 0x00000000fe000000, 0x00000000fe000000)
  object space 65536K, 91% used [0x00000000fa000000,0x00000000fdabefe0,0x00000000fe000000)
 Metaspace       used 9208K, capacity 9340K, committed 9600K, reserved 1058816K
  class space    used 779K, capacity 859K, committed 896K, reserved 1048576K
TLAB: gc tlab  thread: 0x0000ffff5c04e800 [id: 2385309] desired_size: 353KB slow allocs: 0  refill waste: 5656B alloc: 0.98724    17691KB refills: 52 waste  0.0% gc: 0B slow: 1008B fast: 344B
TLAB totals: thrds: 1  refills: 52 max: 52 slow allocs: 0 max 0 waste:  0.0% gc: 0B max: 0B slow: 1008B max: 1008B fast: 344B max: 344B
8.461: [GC (Allocation Failure) GCTaskManager::set_active_gang(): all_workers_active()  1  workers 43  active  43  ParallelGCThreads 43 
JT: 1  workers 43  active  43  idle 0  more 0
8.463: [SoftReference, 0 refs, 0.0000195 secs]8.463: [WeakReference, 0 refs, 0.0000076 secs]8.463: [FinalReference, 0 refs, 0.0000074 secs]8.463: [PhantomReference, 0 refs, 0 refs, 0.0000094 secs]8.463: [JNI Weak Reference, 0.0000048 secs]AdaptiveSizePolicy::update_averages:  survived: 917520  promoted: 0  overflow: false
AdaptiveSizeStart: 8.464 collection: 60 
  avg_survived_padded_avg: 6621390.000000  avg_promoted_padded_avg: 4236489.000000  avg_pretenured_padded_avg: 0.000000  tenuring_thresh: 7  target_size: 6815744

Desired survivor size 6815744 bytes, new threshold 7 (max 15)
PSAdaptiveSizePolicy::compute_eden_space_size limits: desired_eden_size: 19378122 old_eden_size: 17825792 eden_limit: 18350080 cur_eden: 18350080 max_eden_size: 18350080 avg_young_live: 1248946
PSAdaptiveSizePolicy::compute_eden_space_size: costs minor_time: 0.059711 major_cost: 0.183903 mutator_cost: 0.756387 throughput_goal: 0.990000 live_space: 326139200 free_space: 42991616 old_eden_size: 17825792 desired_eden_size: 18350080
AdaptiveSizePolicy::survivor space sizes: collection: 60 (7340032, 7864320) -> (7340032, 6815744) 
AdaptiveSizeStop: collection: 60 
[PSYoungGen: 17952K->896K(25088K)] 78107K->61051K(90624K), 0.0027027 secs] [Times: user=0.01 sys=0.00, real=0.00 secs] 
Heap after GC invocations=60 (full 3):
 PSYoungGen      total 25088K, used 896K [0x00000000fe000000, 0x0000000100000000, 0x0000000100000000)
  eden space 17920K, 0% used [0x00000000fe000000,0x00000000fe000000,0x00000000ff180000)
  from space 7168K, 12% used [0x00000000ff180000,0x00000000ff260010,0x00000000ff880000)
  to   space 6656K, 0% used [0x00000000ff980000,0x00000000ff980000,0x0000000100000000)
 ParOldGen       total 65536K, used 60155K [0x00000000fa000000, 0x00000000fe000000, 0x00000000fe000000)
  object space 65536K, 91% used [0x00000000fa000000,0x00000000fdabefe0,0x00000000fe000000)
 Metaspace       used 9208K, capacity 9340K, committed 9600K, reserved 1058816K
  class space    used 779K, capacity 859K, committed 896K, reserved 1048576K
}
8.464: Total time for which application threads were stopped: 0.0029423 seconds, Stopping threads took: 0.0000216 seconds
8.489: Application time: 0.0253191 seconds
8.489: Total time for which application threads were stopped: 0.0001318 seconds, Stopping threads took: 0.0000219 seconds
8.490: Application time: 0.0001449 seconds
8.490: Total time for which application threads were stopped: 0.0000684 seconds, Stopping threads took: 0.0000380 seconds
8.490: Application time: 0.0000827 seconds
8.490: Total time for which application threads were stopped: 0.0006064 seconds, Stopping threads took: 0.0005792 seconds
8.490: Application time: 0.0000731 seconds
8.490: Total time for which application threads were stopped: 0.0000833 seconds, Stopping threads took: 0.0000603 seconds
8.490: Application time: 0.0000252 seconds
8.491: Total time for which application threads were stopped: 0.0000461 seconds, Stopping threads took: 0.0000265 seconds
8.491: Application time: 0.0000317 seconds
8.491: Total time for which application threads were stopped: 0.0000452 seconds, Stopping threads took: 0.0000264 seconds
8.491: Application time: 0.0000395 seconds
8.491: Total time for which application threads were stopped: 0.0000477 seconds, Stopping threads took: 0.0000262 seconds
8.491: Application time: 0.0000548 seconds
8.491: Total time for which application threads were stopped: 0.0000464 seconds, Stopping threads took: 0.0000267 seconds
8.491: Application time: 0.0000334 seconds
8.491: Total time for which application threads were stopped: 0.0000429 seconds, Stopping threads took: 0.0000239 seconds
8.491: Application time: 0.0000323 seconds
8.491: Total time for which application threads were stopped: 0.0000445 seconds, Stopping threads took: 0.0000257 seconds
8.491: Application time: 0.0000236 seconds
8.491: Total time for which application threads were stopped: 0.0000441 seconds, Stopping threads took: 0.0000253 seconds
8.491: Application time: 0.0000314 seconds
8.491: Total time for which application threads were stopped: 0.0000441 seconds, Stopping threads took: 0.0000258 seconds
8.491: Application time: 0.0000316 seconds
8.491: Total time for which application threads were stopped: 0.0000437 seconds, Stopping threads took: 0.0000259 seconds
8.491: Application time: 0.0000349 seconds
8.491: Total time for which application threads were stopped: 0.0000489 seconds, Stopping threads took: 0.0000260 seconds
8.491: Application time: 0.0000243 seconds
8.491: Total time for which application threads were stopped: 0.0000418 seconds, Stopping threads took: 0.0000237 seconds
8.491: Application time: 0.0000309 seconds
8.491: Total time for which application threads were stopped: 0.0000435 seconds, Stopping threads took: 0.0000257 seconds
8.491: Application time: 0.0000319 seconds
8.491: Total time for which application threads were stopped: 0.0000435 seconds, Stopping threads took: 0.0000255 seconds
8.492: Application time: 0.0000235 seconds
8.492: Total time for which application threads were stopped: 0.0000432 seconds, Stopping threads took: 0.0000257 seconds
8.492: Application time: 0.0000304 seconds
8.492: Total time for which application threads were stopped: 0.0000431 seconds, Stopping threads took: 0.0000254 seconds
8.492: Application time: 0.0000317 seconds
8.492: Total time for which application threads were stopped: 0.0001521 seconds, Stopping threads took: 0.0001341 seconds
8.492: Application time: 0.0000244 seconds
8.492: Total time for which application threads were stopped: 0.0000434 seconds, Stopping threads took: 0.0000252 seconds
8.492: Application time: 0.0000309 seconds
8.492: Total time for which application threads were stopped: 0.0000743 seconds, Stopping threads took: 0.0000560 seconds
8.492: Application time: 0.0000465 seconds
8.492: Total time for which application threads were stopped: 0.0000446 seconds, Stopping threads took: 0.0000265 seconds
8.492: Application time: 0.0000322 seconds
8.492: Total time for which application threads were stopped: 0.0000445 seconds, Stopping threads took: 0.0000265 seconds
8.492: Application time: 0.0000302 seconds
8.492: Total time for which application threads were stopped: 0.0000436 seconds, Stopping threads took: 0.0000254 seconds
8.492: Application time: 0.0000236 seconds
8.492: Total time for which application threads were stopped: 0.0000428 seconds, Stopping threads took: 0.0000252 seconds
8.492: Application time: 0.0000399 seconds
8.492: Total time for which application threads were stopped: 0.0000448 seconds, Stopping threads took: 0.0000257 seconds
8.492: Application time: 0.0000302 seconds
8.492: Total time for which application threads were stopped: 0.0000232 seconds, Stopping threads took: 0.0000060 seconds
8.492: Application time: 0.0000293 seconds
8.493: Total time for which application threads were stopped: 0.0000249 seconds, Stopping threads took: 0.0000056 seconds
8.493: Application time: 0.0000486 seconds
8.493: Total time for which application threads were stopped: 0.0000571 seconds, Stopping threads took: 0.0000074 seconds
8.493: Application time: 0.0000345 seconds
8.493: Total time for which application threads were stopped: 0.0000306 seconds, Stopping threads took: 0.0000077 seconds
8.493: Application time: 0.0000335 seconds
8.493: Total time for which application threads were stopped: 0.0000464 seconds, Stopping threads took: 0.0000078 seconds
Heap
 PSYoungGen      total 25088K, used 6618K [0x00000000fe000000, 0x0000000100000000, 0x0000000100000000)
  eden space 17920K, 31% used [0x00000000fe000000,0x00000000fe5968c0,0x00000000ff180000)
  from space 7168K, 12% used [0x00000000ff180000,0x00000000ff260010,0x00000000ff880000)
  to   space 6656K, 0% used [0x00000000ff980000,0x00000000ff980000,0x0000000100000000)
 ParOldGen       total 65536K, used 60155K [0x00000000fa000000, 0x00000000fe000000, 0x00000000fe000000)
  object space 65536K, 91% used [0x00000000fa000000,0x00000000fdabefe0,0x00000000fe000000)
 Metaspace       used 9250K, capacity 9404K, committed 9600K, reserved 1058816K
  class space    used 784K, capacity 859K, committed 896K, reserved 1048576K
8.496: Application time: 0.0027923 seconds
