OpenJDK 64-Bit Server VM (25.71-b00) for linux-amd64 JRE (1.8.0-internal-angyicheng_2020_09_08_15_59-b00), built on Sep  8 2020 16:03:09 by "wangyicheng" with gcc 9.3.0
Memory: 4k page, physical 66885548k(60559572k free), swap 31090960k(31090960k free)
CommandLine flags: -XX:InitialHeapSize=1070168768 -XX:MaxHeapSize=17122700288 -XX:+PrintAdaptiveSizePolicy -XX:+PrintClassHistogramAfterFullGC -XX:+PrintClassHistogramBeforeFullGC -XX:+PrintGC -XX:+PrintGCApplicationConcurrentTime -XX:+PrintGCApplicationStoppedTime -XX:+PrintGCDetails -XX:+PrintGCTaskTimeStamps -XX:+PrintGCTimeStamps -XX:+PrintHeapAtGC -XX:+PrintHeapAtGCExtended -XX:+PrintOldPLAB -XX:+PrintPLAB -XX:+PrintParallelOldGCPhaseTimes -XX:+PrintPromotionFailure -XX:+PrintReferenceGC -XX:+PrintStringDeduplicationStatistics -XX:+PrintTLAB -XX:+PrintTenuringDistribution -XX:+TraceDynamicGCThreads -XX:+TraceMetadataHumongousAllocation -XX:+UnlockDiagnosticVMOptions -XX:+UseCompressedClassPointers -XX:+UseCompressedOops -XX:+UseParallelGC 
0.289: Application time: 0.1960266 seconds
0.289: Total time for which application threads were stopped: 0.0001158 seconds, Stopping threads took: 0.0000243 seconds
0.303: Application time: 0.0141584 seconds
0.303: Total time for which application threads were stopped: 0.0000571 seconds, Stopping threads took: 0.0000128 seconds
0.499: Application time: 0.1954483 seconds
0.499: Total time for which application threads were stopped: 0.0000870 seconds, Stopping threads took: 0.0000137 seconds
0.500: Application time: 0.0007505 seconds
0.500: Total time for which application threads were stopped: 0.0000473 seconds, Stopping threads took: 0.0000109 seconds
0.522: Application time: 0.0224156 seconds
0.522: Total time for which application threads were stopped: 0.0000846 seconds, Stopping threads took: 0.0000139 seconds
0.719: Application time: 0.1969828 seconds
0.719: Total time for which application threads were stopped: 0.0001564 seconds, Stopping threads took: 0.0000211 seconds
0.811: Application time: 0.0918514 seconds
0.811: Total time for which application threads were stopped: 0.0001472 seconds, Stopping threads took: 0.0000168 seconds
0.854: Application time: 0.0428988 seconds
0.854: Total time for which application threads were stopped: 0.0001418 seconds, Stopping threads took: 0.0000202 seconds
0.859: Application time: 0.0051138 seconds
0.859: Total time for which application threads were stopped: 0.0001203 seconds, Stopping threads took: 0.0000135 seconds
0.879: Application time: 0.0192092 seconds
0.879: Total time for which application threads were stopped: 0.0001711 seconds, Stopping threads took: 0.0000405 seconds
0.879: Application time: 0.0006098 seconds
0.880: Total time for which application threads were stopped: 0.0001104 seconds, Stopping threads took: 0.0000162 seconds
1.194: Application time: 0.3144440 seconds
1.194: Total time for which application threads were stopped: 0.0002180 seconds, Stopping threads took: 0.0000394 seconds
1.220: Application time: 0.0256438 seconds
1.220: Total time for which application threads were stopped: 0.0002504 seconds, Stopping threads took: 0.0000160 seconds
1.244: Application time: 0.0241094 seconds
1.244: Total time for which application threads were stopped: 0.0001483 seconds, Stopping threads took: 0.0000148 seconds
2.249: Application time: 1.0050229 seconds
2.250: Total time for which application threads were stopped: 0.0003974 seconds, Stopping threads took: 0.0001147 seconds
4.139: Application time: 1.8890390 seconds
4.139: Total time for which application threads were stopped: 0.0001136 seconds, Stopping threads took: 0.0000249 seconds
12.192: Application time: 8.0530388 seconds
12.192: Total time for which application threads were stopped: 0.0000794 seconds, Stopping threads took: 0.0000259 seconds
22.053: Application time: 9.8606227 seconds
22.053: Total time for which application threads were stopped: 0.0000460 seconds, Stopping threads took: 0.0000191 seconds
22.083: Application time: 0.0306790 seconds
22.084: Total time for which application threads were stopped: 0.0000466 seconds, Stopping threads took: 0.0000223 seconds
22.092: Application time: 0.0084991 seconds
22.092: Total time for which application threads were stopped: 0.0002080 seconds, Stopping threads took: 0.0000163 seconds
22.126: Application time: 0.0339204 seconds
22.126: Total time for which application threads were stopped: 0.0000613 seconds, Stopping threads took: 0.0000244 seconds
22.191: Application time: 0.0644716 seconds
22.191: Total time for which application threads were stopped: 0.0001850 seconds, Stopping threads took: 0.0001467 seconds
22.191: Application time: 0.0003266 seconds
22.191: Total time for which application threads were stopped: 0.0001378 seconds, Stopping threads took: 0.0001136 seconds
22.192: Application time: 0.0006660 seconds
22.193: Total time for which application threads were stopped: 0.0006974 seconds, Stopping threads took: 0.0006672 seconds
22.195: Application time: 0.0021691 seconds
22.195: Total time for which application threads were stopped: 0.0000433 seconds, Stopping threads took: 0.0000173 seconds
22.196: Application time: 0.0005799 seconds
22.196: Total time for which application threads were stopped: 0.0000377 seconds, Stopping threads took: 0.0000146 seconds
22.197: Application time: 0.0012689 seconds
22.197: Total time for which application threads were stopped: 0.0000339 seconds, Stopping threads took: 0.0000123 seconds
22.206: Application time: 0.0095929 seconds
22.207: Total time for which application threads were stopped: 0.0000432 seconds, Stopping threads took: 0.0000156 seconds
22.270: Application time: 0.0629829 seconds
22.270: Total time for which application threads were stopped: 0.0002723 seconds, Stopping threads took: 0.0000201 seconds
22.301: Application time: 0.0307250 seconds
22.301: Total time for which application threads were stopped: 0.0004948 seconds, Stopping threads took: 0.0004619 seconds
22.301: Application time: 0.0003634 seconds
22.302: Total time for which application threads were stopped: 0.0001895 seconds, Stopping threads took: 0.0001690 seconds
22.362: Application time: 0.0608503 seconds
{Heap before GC invocations=1 (full 0):
 PSYoungGen      total 305152K, used 214674K [0x000000066bd00000, 0x0000000681180000, 0x00000007c0000000)
  eden space 261632K, 82% used [0x000000066bd00000,0x0000000678ea4818,0x000000067bc80000)
  from space 43520K, 0% used [0x000000067e700000,0x000000067e700000,0x0000000681180000)
  to   space 43520K, 0% used [0x000000067bc80000,0x000000067bc80000,0x000000067e700000)
 ParOldGen       total 697856K, used 0K [0x00000003c3600000, 0x00000003edf80000, 0x000000066bd00000)
  object space 697856K, 0% used [0x00000003c3600000,0x00000003c3600000,0x00000003edf80000)
 Metaspace       used 20762K, capacity 21214K, committed 21296K, reserved 1069056K
  class space    used 2242K, capacity 2404K, committed 2432K, reserved 1048576K
TLAB: gc thread: 0x00007fc910116000 [id: 746] desired_size: 5232KB slow allocs: 0  refill waste: 83720B alloc: 1.00000   214674KB refills: 1 waste 99.8% gc: 5346624B slow: 0B fast: 0B
TLAB: gc thread: 0x00007fc9bc822800 [id: 525] desired_size: 5232KB slow allocs: 0  refill waste: 83720B alloc: 1.00000   214674KB refills: 1 waste 92.1% gc: 4935928B slow: 0B fast: 0B
TLAB: gc thread: 0x00007fc9bc820000 [id: 524] desired_size: 5232KB slow allocs: 0  refill waste: 83720B alloc: 1.00000   214674KB refills: 1 waste 99.9% gc: 5352464B slow: 0B fast: 0B
TLAB: gc thread: 0x00007fc9bc799000 [id: 516] desired_size: 5232KB slow allocs: 0  refill waste: 83720B alloc: 1.00000   214674KB refills: 1 waste 98.1% gc: 5258960B slow: 0B fast: 0B
TLAB: gc thread: 0x00007fc9bc797800 [id: 515] desired_size: 5232KB slow allocs: 0  refill waste: 83720B alloc: 1.00000   214674KB refills: 1 waste 97.0% gc: 5197304B slow: 0B fast: 0B
TLAB: gc thread: 0x00007fc9bc796800 [id: 514] desired_size: 5232KB slow allocs: 0  refill waste: 83720B alloc: 1.00000   214674KB refills: 3 waste 20.9% gc: 3283176B slow: 76704B fast: 0B
TLAB: gc thread: 0x00007fc918002000 [id: 513] desired_size: 5232KB slow allocs: 0  refill waste: 83720B alloc: 1.00000   214674KB refills: 1 waste 81.4% gc: 4361144B slow: 0B fast: 0B
TLAB: gc thread: 0x00007fc9bc7a5800 [id: 512] desired_size: 5232KB slow allocs: 0  refill waste: 83720B alloc: 1.00000   214674KB refills: 1 waste 77.1% gc: 4132752B slow: 0B fast: 0B
TLAB: gc thread: 0x00007fc9bc662000 [id: 511] desired_size: 5232KB slow allocs: 0  refill waste: 83720B alloc: 1.00000   214674KB refills: 1 waste 100.0% gc: 5358056B slow: 0B fast: 0B
TLAB: gc thread: 0x00007fc9bc225800 [id: 509] desired_size: 5232KB slow allocs: 0  refill waste: 83720B alloc: 1.00000   214674KB refills: 1 waste 86.9% gc: 4658392B slow: 0B fast: 0B
TLAB: gc thread: 0x00007fc9bc1a7000 [id: 508] desired_size: 5232KB slow allocs: 0  refill waste: 83720B alloc: 1.00000   214674KB refills: 1 waste 95.6% gc: 5124952B slow: 0B fast: 0B
TLAB: gc thread: 0x00007fc9bc0cb000 [id: 505] desired_size: 5232KB slow allocs: 0  refill waste: 83720B alloc: 1.00000   214674KB refills: 1 waste 99.4% gc: 5326176B slow: 0B fast: 0B
TLAB: gc thread: 0x00007fc9bc0c9000 [id: 504] desired_size: 5232KB slow allocs: 0  refill waste: 83720B alloc: 1.00000   214674KB refills: 1 waste 100.0% gc: 5357408B slow: 0B fast: 0B
TLAB: gc thread: 0x00007fc9bc0c7000 [id: 503] desired_size: 5232KB slow allocs: 0  refill waste: 83720B alloc: 1.00000   214674KB refills: 1 waste 100.0% gc: 5358136B slow: 0B fast: 0B
TLAB: gc thread: 0x00007fc9bc00d000 [id: 489] desired_size: 5232KB slow allocs: 0  refill waste: 83720B alloc: 1.00000   214674KB refills: 25 waste  3.6% gc: 4742752B slow: 9544B fast: 42904B
TLAB totals: thrds: 15  refills: 41 max: 25 slow allocs: 0 max 0 waste: 33.6% gc: 73794224B max: 5358136B slow: 86248B max: 76704B fast: 42904B max: 42904B
22.363: [GC (Metadata GC Threshold) GCTaskManager::set_active_gang(): all_workers_active()  1  workers 8  active  8  ParallelGCThreads 8 
JT: 3  workers 8  active  8  idle 0  more 0
22.377: [SoftReference, 0 refs, 0.0000412 secs]22.377: [WeakReference, 1876 refs, 0.0000871 secs]22.377: [FinalReference, 6055 refs, 0.0099442 secs]22.387: [PhantomReference, 0 refs, 5 refs, 0.0000084 secs]22.387: [JNI Weak Reference, 0.0000195 secs]AdaptiveSizePolicy::update_averages:  survived: 25705032  promoted: 98320  overflow: false
AdaptiveSizeStart: 22.388 collection: 1 

Desired survivor size 44564480 bytes, new threshold 7 (max 15)
PSAdaptiveSizePolicy::compute_eden_space_size: costs minor_time: 0.001143 major_cost: 0.000000 mutator_cost: 0.998857 throughput_goal: 0.990000 live_space: 294140480 free_space: 535822336 old_eden_size: 267911168 desired_eden_size: 267911168
AdaptiveSizeStop: collection: 1 
[PSYoungGen: 214674K->25102K(305152K)] 214674K->25198K(1003008K), 0.0256503 secs] [Times: user=0.03 sys=0.06, real=0.03 secs] 
Heap after GC invocations=1 (full 0):
 PSYoungGen      total 305152K, used 25102K [0x000000066bd00000, 0x0000000681180000, 0x00000007c0000000)
  eden space 261632K, 0% used [0x000000066bd00000,0x000000066bd00000,0x000000067bc80000)
  from space 43520K, 57% used [0x000000067bc80000,0x000000067d503a48,0x000000067e700000)
  to   space 43520K, 0% used [0x000000067e700000,0x000000067e700000,0x0000000681180000)
 ParOldGen       total 697856K, used 96K [0x00000003c3600000, 0x00000003edf80000, 0x000000066bd00000)
  object space 697856K, 0% used [0x00000003c3600000,0x00000003c3618010,0x00000003edf80000)
 Metaspace       used 20762K, capacity 21214K, committed 21296K, reserved 1069056K
  class space    used 2242K, capacity 2404K, committed 2432K, reserved 1048576K
}
22.388: [Class Histogram (before full gc): 
 num     #instances         #bytes  class name
----------------------------------------------
   1:          8944       14153576  [B
   2:         34540        4273600  [C
   3:          2759        1379024  [I
   4:         34307         823368  java.lang.String
   5:         18904         604928  java.util.HashMap$Node
   6:          6158         541904  java.lang.reflect.Method
   7:          3710         419648  java.lang.Class
   8:          5074         290608  [Ljava.lang.Object;
   9:          8953         286496  java.util.concurrent.ConcurrentHashMap$Node
  10:          6055         242200  java.lang.ref.Finalizer
  11:          1022         210968  [Ljava.util.HashMap$Node;
  12:          2534         141904  java.util.zip.ZipFile$ZipFileInflaterInputStream
  13:          2534         141904  java.util.zip.ZipFile$ZipFileInputStream
  14:          4813         103152  [Ljava.lang.Class;
  15:           262          84224  [Ljava.util.concurrent.ConcurrentHashMap$Node;
  16:          1747          83856  java.util.HashMap
  17:          5183          82928  java.lang.Object
  18:          1152          79352  [Ljava.lang.String;
  19:          1820          72800  java.util.LinkedHashMap$Entry
  20:           430          52592  [Ljava.lang.reflect.Method;
  21:           942          45216  org.apache.tomcat.util.modeler.AttributeInfo
  22:          1732          41568  java.util.ArrayList
  23:           498          39840  java.lang.reflect.Constructor
  24:           954          38160  java.util.TreeMap$Entry
  25:           522          37584  java.lang.reflect.Field
  26:          1164          37248  java.util.Hashtable$Entry
  27:           722          34656  java.util.concurrent.locks.ReentrantReadWriteLock$NonfairSync
  28:           481          34632  java.util.logging.Logger
  29:          1407          33768  java.util.LinkedList$Node
  30:           337          29600  [Ljava.util.Hashtable$Entry;
  31:           723          28920  java.lang.ref.SoftReference
  32:           901          28832  java.util.concurrent.locks.ReentrantLock$NonfairSync
  33:           428          27392  java.util.concurrent.ConcurrentHashMap
  34:           485          27160  java.lang.Class$ReflectionData
  35:           279          25392  [Ljava.util.WeakHashMap$Entry;
  36:           489          23472  java.util.logging.LogManager$LoggerWeakRef
  37:           885          21240  java.util.concurrent.CopyOnWriteArrayList
  38:           661          21152  javax.management.MBeanAttributeInfo
  39:           572          18304  java.lang.ref.WeakReference
  40:           438          17520  java.math.BigInteger
  41:           723          17352  java.util.concurrent.locks.ReentrantReadWriteLock
  42:           701          16824  javax.management.ObjectName$Property
  43:           345          16560  org.apache.tomcat.util.modeler.OperationInfo
  44:           187          16456  org.apache.catalina.webresources.CachedResource
  45:           290          16240  java.lang.invoke.MemberName
  46:           180          15840  org.apache.catalina.session.StandardSession
  47:           330          15840  org.apache.tomcat.util.digester.CallMethodRule
  48:           464          14848  java.io.FileDescriptor
  49:           365          14600  java.util.WeakHashMap$Entry
  50:           901          14416  java.util.concurrent.locks.ReentrantLock
  51:           449          14368  java.io.FileInputStream
  52:           256          14336  sun.nio.cs.UTF_8$Encoder
  53:           357          14280  javax.servlet.jsp.tagext.TagAttributeInfo
  54:           290          13920  java.util.Hashtable
  55:           171          13680  sun.net.www.protocol.jar.URLJarFile
  56:           276          13248  java.util.WeakHashMap
  57:           275          13200  java.util.zip.Inflater
  58:           383          12832  [Ljavax.management.ObjectName$Property;
  59:            51          12648  org.apache.catalina.core.StandardWrapper
  60:           526          12624  java.util.jar.Attributes$Name
  61:            86          12552  [Z
  62:           521          12504  java.lang.Long
  63:             3          12336  [Ljava.nio.ByteBuffer;
  64:           490          11760  org.apache.juli.ClassLoaderLogManager$LogNode
  65:           723          11568  java.util.concurrent.locks.ReentrantReadWriteLock$ReadLock
  66:           723          11568  java.util.concurrent.locks.ReentrantReadWriteLock$Sync$ThreadLocalHoldCounter
  67:           723          11568  java.util.concurrent.locks.ReentrantReadWriteLock$WriteLock
  68:           698          11168  java.util.HashMap$Values
  69:           341          10912  sun.misc.FDBigInteger
  70:           266          10640  javax.management.MBeanOperationInfo
  71:           311           9952  com.sun.org.apache.xerces.internal.xni.QName
  72:           244           9760  sun.nio.cs.UTF_8$Decoder
  73:           303           9696  java.lang.ref.ReferenceQueue
  74:           284           9088  java.lang.invoke.MethodType$ConcurrentWeakInternSet$WeakEntry
  75:           214           8560  java.lang.invoke.MethodType
  76:           132           8448  java.net.URL
  77:           263           8416  java.lang.invoke.LambdaForm$Name
  78:             1           8208  [Lcom.mysql.cj.MysqlCharset;
  79:           333           7992  org.apache.catalina.loader.ResourceEntry
  80:           192           7680  javax.management.ObjectName
  81:           239           7648  java.util.zip.ZipCoder
  82:           237           7584  org.apache.tomcat.util.modeler.ParameterInfo
  83:             7           7280  [[C
  84:           345           7088  [Lorg.apache.tomcat.util.modeler.ParameterInfo;
  85:           216           6912  java.io.File
  86:           213           6816  com.mysql.cj.conf.PropertyKey
  87:           213           6816  javax.management.MBeanParameterInfo
  88:           275           6600  java.util.zip.ZStreamRef
  89:           136           6528  org.apache.catalina.webresources.FileResource
  90:           400           6400  java.lang.Integer
  91:           266           6384  java.beans.PropertyChangeSupport
  92:           264           6232  [Ljava.lang.reflect.Constructor;
  93:           110           6160  java.util.LinkedHashMap
  94:           102           6120  [Ljava.lang.ref.SoftReference;
  95:           108           6048  org.apache.tomcat.util.descriptor.tld.TagXml
  96:           106           5936  com.mysql.cj.conf.BooleanPropertyDefinition
  97:           239           5736  java.util.ArrayDeque
  98:            88           5672  [Ljavax.management.MBeanAttributeInfo;
  99:           101           5656  java.lang.Package
 100:           116           5568  org.apache.tomcat.util.buf.ByteChunk
 101:           221           5304  sun.reflect.NativeConstructorAccessorImpl
 102:           323           5168  org.apache.juli.logging.DirectJDKLog
 103:           305           4880  java.lang.ref.ReferenceQueue$Lock
 104:            37           4864  [S
 105:           202           4848  java.io.ExpiringCache$Entry
 106:           100           4800  org.apache.tomcat.util.buf.CharChunk
 107:           198           4752  java.util.concurrent.ConcurrentHashMap$KeySetView
 108:            97           4656  org.apache.tomcat.util.buf.MessageBytes
 109:           145           4640  java.util.Vector
 110:            12           4608  org.apache.tomcat.util.threads.TaskThread
 111:           191           4584  com.sun.jmx.mbeanserver.NamedObject
 112:           191           4584  javax.management.ImmutableDescriptor
 113:            51           4488  org.apache.catalina.core.StandardWrapperValve
 114:            93           4464  java.lang.invoke.LambdaForm
 115:            46           4416  java.util.jar.JarFile$JarFileEntry
 116:            68           4352  java.util.jar.JarFile
 117:            98           4320  [Ljava.lang.invoke.LambdaForm$Name;
 118:           179           4296  java.security.Provider$ServiceKey
 119:           266           4256  java.beans.PropertyChangeSupport$PropertyChangeListenerMap
 120:            87           4176  javax.management.MBeanInfo
 121:           130           4160  com.sun.jmx.mbeanserver.ConvertingMethod
 122:            11           4136  java.lang.Thread
 123:           256           4096  java.lang.Byte
 124:           256           4096  java.lang.Short
 125:            73           4088  java.security.Provider$Service
 126:           163           4032  [Ljavax.management.MBeanParameterInfo;
 127:            70           3920  org.apache.tomcat.util.modeler.ManagedBean
 128:           122           3904  java.lang.invoke.DirectMethodHandle
 129:            27           3888  java.text.DecimalFormat
 130:            97           3880  java.io.ObjectStreamField
 131:             7           3808  org.apache.catalina.core.StandardContext
 132:           229           3664  sun.reflect.DelegatingConstructorAccessorImpl
 133:            91           3640  org.apache.tomcat.util.modeler.BaseModelMBean
 134:            18           3616  [Lcom.sun.org.apache.xerces.internal.xni.QName;
 135:            50           3600  sun.reflect.DelegatingClassLoader
 136:           106           3392  com.mysql.cj.conf.BooleanProperty
 137:            83           3320  java.security.ProtectionDomain
 138:            72           3280  [Ljava.lang.reflect.Field;
 139:           135           3240  sun.reflect.NativeMethodAccessorImpl
 140:            57           3192  com.mysql.cj.conf.StringPropertyDefinition
 141:            57           3192  java.util.ResourceBundle$CacheKey
 142:           198           3168  java.util.concurrent.atomic.AtomicInteger
 143:            56           3136  java.lang.invoke.MethodTypeForm
 144:            28           2912  [Ljava.lang.invoke.MethodHandle;
 145:            26           2912  java.util.GregorianCalendar
 146:            45           2880  javax.management.openmbean.OpenMBeanAttributeInfoSupport
 147:           179           2864  java.util.HashSet
 148:           119           2856  java.lang.invoke.LambdaForm$NamedFunction
 149:            49           2848  [J
 150:           173           2768  sun.reflect.DelegatingMethodAccessorImpl
 151:            57           2736  java.util.ResourceBundle$BundleReference
 152:            78           2648  [Ljavax.management.MBeanOperationInfo;
 153:            82           2624  java.security.CodeSource
 154:            54           2592  sun.net.www.MimeEntry
 155:           137           2568  [Lcom.sun.jmx.mbeanserver.MXBeanMapping;
 156:            53           2544  java.nio.HeapByteBuffer
 157:            26           2496  sun.util.calendar.Gregorian$Date
 158:           152           2432  java.util.HashMap$KeySet
 159:            60           2400  org.apache.catalina.core.StandardPipeline
 160:            39           2184  sun.misc.URLClassPath$JarLoader
 161:            53           2120  org.apache.catalina.mbeans.ContainerMBean
 162:            53           2120  sun.security.ec.NamedCurve
 163:            37           2072  org.apache.tomcat.util.res.StringManager$1
 164:           128           2048  java.lang.Character
 165:            31           1984  com.mysql.cj.conf.IntegerPropertyDefinition
 166:            41           1968  sun.util.locale.LocaleObjectCache$CacheEntry
 167:            57           1824  com.mysql.cj.conf.StringProperty
 168:            57           1824  java.util.ResourceBundle$LoaderReference
 169:            55           1760  java.util.regex.Pattern$Curly
 170:            73           1752  com.sun.org.apache.xerces.internal.util.XMLStringBuffer
 171:            27           1728  java.text.DateFormatSymbols
 172:            27           1728  java.text.DecimalFormatSymbols
 173:            36           1728  java.util.Properties
 174:            53           1696  java.security.spec.EllipticCurve
 175:            26           1664  java.text.SimpleDateFormat
 176:            69           1656  java.util.concurrent.atomic.AtomicLong
 177:            23           1656  java.util.regex.Pattern
 178:            41           1640  java.util.PropertyResourceBundle
 179:             3           1632  [[B
 180:            29           1624  sun.util.calendar.ZoneInfo
 181:            16           1616  [[Ljava.lang.String;
 182:            40           1600  java.security.AccessControlContext
 183:            39           1560  java.math.BigDecimal
 184:            63           1512  java.util.regex.Pattern$GroupTail
 185:            62           1488  com.sun.org.apache.xerces.internal.xni.XMLString
 186:            62           1488  java.util.regex.Pattern$GroupHead
 187:            46           1472  java.lang.ThreadLocal$ThreadLocalMap$Entry
 188:            30           1440  java.time.temporal.ValueRange
 189:            60           1440  org.apache.tomcat.util.threads.InlineExecutorService
 190:            59           1416  java.security.Provider$UString
 191:            59           1416  javax.management.NotificationBroadcasterSupport
 192:            59           1416  org.apache.catalina.mapper.Mapper$MappedWrapper
 193:            35           1400  org.apache.tomcat.util.digester.CallParamRule
 194:             1           1376  [Lsun.misc.FDBigInteger;
 195:            42           1344  com.mysql.cj.ServerVersion
 196:            28           1344  com.sun.org.apache.xerces.internal.util.XMLAttributesImpl$Attribute
 197:            56           1344  java.time.LocalDateTime
 198:            83           1328  [Ljava.security.Principal;
 199:            83           1328  java.security.ProtectionDomain$Key
 200:            41           1312  com.mysql.cj.MysqlCharset
 201:            54           1296  java.security.spec.ECPoint
 202:            54           1296  org.apache.catalina.webresources.EmptyResource
 203:            39           1280  [Ljava.math.BigInteger;
 204:            51           1224  org.apache.catalina.core.StandardWrapperFacade
 205:            50           1200  java.lang.Class$AnnotationData
 206:            30           1200  java.time.temporal.ChronoField
 207:            25           1200  java.util.TreeMap
 208:            37           1184  org.apache.catalina.util.ManifestResource
 209:            70           1120  [Lorg.apache.tomcat.util.modeler.NotificationInfo;
 210:            35           1120  java.lang.invoke.BoundMethodHandle$Species_L
 211:             7           1120  org.apache.catalina.session.StandardManager
 212:            46           1104  com.sun.org.apache.xerces.internal.util.SymbolTable$Entry
 213:            46           1104  org.apache.coyote.ActionCode
 214:            27           1080  java.text.DigitList
 215:             9           1080  org.apache.tomcat.util.digester.Digester
 216:             1           1040  [Lcom.sun.org.apache.xerces.internal.impl.dtd.models.ContentModelValidator;
 217:             1           1040  [Lcom.sun.org.apache.xerces.internal.impl.dv.DatatypeValidator;
 218:             1           1040  [Ljava.lang.Byte;
 219:             1           1040  [Ljava.lang.Integer;
 220:             1           1040  [Ljava.lang.Long;
 221:             1           1040  [Ljava.lang.Short;
 222:            63           1008  java.util.Collections$UnmodifiableSet
 223:             7           1008  org.apache.catalina.loader.ParallelWebappClassLoader
 224:            56            992  [Ljavax.management.MBeanNotificationInfo;
 225:            31            992  com.mysql.cj.conf.IntegerProperty
 226:            31            992  java.util.regex.Pattern$Branch
 227:            31            960  [Ljava.io.ObjectStreamField;
 228:            30            960  com.sun.org.apache.xerces.internal.util.AugmentationsImpl$SmallContainer
 229:            30            960  java.security.Provider$EngineDescription
 230:            40            960  java.util.regex.Pattern$Slice
 231:            10            928  [Ljava.lang.ThreadLocal$ThreadLocalMap$Entry;
 232:            29            928  org.apache.tomcat.util.digester.ObjectCreateRule
 233:            28            896  org.apache.tomcat.util.digester.SetNextRule
 234:            37            888  java.time.LocalDate
 235:            37            888  org.apache.tomcat.util.res.StringManager
 236:             1            872  [Lcom.mysql.cj.conf.PropertyKey;
 237:            28            864  [Ljava.security.ProtectionDomain;
 238:            27            864  java.util.RegularEnumSet
 239:            36            864  java.util.regex.Pattern$Ctype
 240:            36            864  org.apache.naming.NamingEntry
 241:            36            864  org.apache.tomcat.util.digester.ArrayStack
 242:            27            856  [Ljava.time.format.DateTimeFormatterBuilder$DateTimePrinterParser;
 243:             2            848  [Lcom.sun.org.apache.xerces.internal.util.SymbolTable$Entry;
 244:            52            840  [Ljavax.management.MBeanConstructorInfo;
 245:            15            840  javax.management.openmbean.ArrayType
 246:            15            840  org.apache.tomcat.util.descriptor.tld.TaglibXml
 247:            35            840  org.apache.tomcat.util.descriptor.tld.TldRuleSet$GenericBooleanRule
 248:            31            824  [Ljava.util.regex.Pattern$Node;
 249:            17            816  sun.management.DiagnosticCommandInfo
 250:            20            800  com.sun.jmx.mbeanserver.MXBeanSupport
 251:            20            800  com.sun.org.apache.xerces.internal.impl.dtd.XMLSimpleType
 252:            14            784  org.apache.catalina.util.StandardSessionIdGenerator
 253:            32            768  com.sun.jmx.mbeanserver.DefaultMXBeanMappingFactory$IdentityMapping
 254:            24            768  org.apache.naming.NamingContext
 255:            19            760  sun.util.locale.BaseLocale$Key
 256:             7            728  org.apache.jasper.EmbeddedServletOptions
 257:            15            720  java.lang.management.PlatformComponent
 258:            15            720  org.apache.tomcat.util.descriptor.web.FilterDef
 259:            18            720  sun.management.DiagnosticCommandArgumentInfo
 260:             2            704  com.sun.org.apache.xerces.internal.impl.XMLNSDocumentScannerImpl
 261:            22            704  java.security.Permissions
 262:             8            704  org.apache.catalina.deploy.NamingResourcesImpl
 263:            29            696  [Lorg.apache.catalina.WebResource;
 264:            29            696  java.util.concurrent.ConcurrentLinkedQueue$Node
 265:             2            688  com.sun.org.apache.xerces.internal.impl.XMLDocumentScannerImpl
 266:            21            672  com.sun.jmx.mbeanserver.WeakIdentityHashMap$IdentityWeakReference
 267:            21            672  java.io.FilePermission
 268:            14            672  java.util.concurrent.ThreadPoolExecutor$Worker
 269:            28            672  java.util.regex.Pattern$Single
 270:             7            672  org.apache.tomcat.websocket.server.WsServerContainer
 271:            27            648  java.time.format.DateTimeFormatterBuilder$CompositePrinterParser
 272:            27            648  java.util.regex.Pattern$BitClass
 273:             9            648  org.apache.juli.ClassLoaderLogManager$RootLogger
 274:            27            648  sun.reflect.annotation.AnnotationInvocationHandler
 275:            10            640  java.security.SecureRandom
 276:            40            640  java.util.jar.Attributes
 277:             3            624  [Ljava.lang.invoke.LambdaForm;
 278:            13            624  java.nio.HeapCharBuffer
 279:            26            624  java.security.spec.ECFieldF2m
 280:            26            624  java.time.LocalTime
 281:            26            624  java.util.Arrays$ArrayList
 282:            26            624  java.util.Date
 283:             7            616  org.apache.catalina.webresources.StandardRoot
 284:             7            616  org.apache.jasper.compiler.JspRuntimeContext
 285:            19            608  java.time.format.DateTimeFormatterBuilder$NumberPrinterParser
 286:            19            608  java.util.LinkedList
 287:            19            608  java.util.Locale
 288:            19            608  sun.util.locale.BaseLocale
 289:            15            600  java.time.format.DateTimeFormatter
 290:            15            600  org.apache.tomcat.util.collections.ManagedConcurrentWeakHashMap$Key
 291:             9            576  java.nio.DirectByteBuffer
 292:             8            576  org.apache.tomcat.websocket.pojo.PojoMethodMapping$MessageHandlerInfo
 293:            14            560  javax.management.openmbean.SimpleType
 294:             7            560  org.apache.catalina.servlets.DefaultServlet
 295:            10            560  sun.invoke.util.Wrapper
 296:             4            552  [D
 297:            21            552  [Lorg.apache.catalina.mapper.Mapper$MappedWrapper;
 298:            23            552  com.sun.jmx.mbeanserver.PerInterface$MethodAndSig
 299:            17            544  sun.management.DiagnosticCommandImpl$Wrapper
 300:             1            528  [Ljava.lang.Character;
 301:            22            528  java.util.jar.Manifest
 302:             3            528  org.apache.coyote.Request
 303:            11            528  sun.misc.URLClassPath
 304:            22            528  sun.reflect.generics.tree.SimpleClassTypeSignature
 305:             5            520  java.io.ObjectStreamClass
 306:            13            520  java.lang.invoke.MethodHandleImpl$IntrinsicMethodHandle
 307:            16            512  java.time.temporal.ChronoUnit
 308:            16            512  java.util.Collections$UnmodifiableMap
 309:             8            512  org.apache.juli.DateFormatCache$Cache
 310:            21            504  java.io.FilePermissionCollection
 311:             9            504  java.lang.invoke.LambdaFormEditor$Transform
 312:            21            504  java.util.AbstractMap$SimpleImmutableEntry
 313:             9            504  javax.management.openmbean.CompositeType
 314:             3            504  org.apache.catalina.connector.Request
 315:            31            496  java.util.regex.Pattern$BranchConn
 316:            12            480  com.sun.jmx.mbeanserver.PerInterface
 317:            30            480  com.sun.org.apache.xerces.internal.util.AugmentationsImpl
 318:            15            480  java.util.Stack
 319:            15            480  java.util.concurrent.locks.AbstractQueuedSynchronizer$Node
 320:            15            480  org.apache.catalina.core.ApplicationFilterConfig
 321:            15            480  org.apache.jasper.compiler.TldCache$TaglibXmlCacheEntry
 322:            12            480  org.apache.tomcat.util.descriptor.web.FilterMap
 323:            20            480  org.apache.tomcat.util.http.MimeHeaderField
 324:             3            480  org.apache.tomcat.util.net.NioEndpoint$NioSocketWrapper
 325:            10            480  sun.nio.cs.StreamEncoder
 326:             6            456  [Lsun.invoke.util.Wrapper;
 327:            19            456  java.time.Duration
 328:            19            456  java.util.Locale$LocaleKey
 329:            19            456  java.util.concurrent.ConcurrentLinkedQueue
 330:            19            456  java.util.concurrent.locks.AbstractQueuedSynchronizer$ConditionObject
 331:            19            456  java.util.regex.Pattern$5
 332:            19            456  javax.servlet.jsp.tagext.FunctionInfo
 333:            14            448  com.sun.org.apache.xerces.internal.impl.dtd.XMLElementDecl
 334:             4            448  java.net.SocksSocketImpl
 335:             8            448  javax.management.openmbean.OpenMBeanParameterInfoSupport
 336:             4            448  org.apache.catalina.authenticator.NonLoginAuthenticator
 337:             7            448  org.apache.catalina.core.ApplicationContext
 338:             7            448  org.apache.catalina.loader.WebappLoader
 339:             7            448  org.apache.catalina.mapper.Mapper$ContextVersion
 340:             7            448  org.apache.catalina.webresources.DirResourceSet
 341:             8            448  sun.security.provider.SHA
 342:            27            432  java.security.spec.ECFieldFp
 343:            18            432  java.text.DateFormat$Field
 344:            27            432  java.util.HashMap$EntrySet
 345:             6            432  java.util.concurrent.ScheduledThreadPoolExecutor$ScheduledFutureTask
 346:            13            416  java.lang.invoke.SimpleMethodHandle
 347:            22            408  [Lsun.reflect.generics.tree.TypeArgument;
 348:            17            408  java.util.regex.Pattern$Start
 349:             2            400  com.sun.org.apache.xerces.internal.impl.XMLDTDScannerImpl
 350:            10            400  java.lang.invoke.DirectMethodHandle$Accessor
 351:            25            400  java.util.LinkedHashMap$LinkedEntrySet
 352:            10            400  sun.reflect.UnsafeQualifiedStaticObjectFieldAccessorImpl
 353:             7            392  org.apache.catalina.core.StandardContextValve
 354:             7            392  org.apache.catalina.webresources.Cache
 355:             1            392  org.apache.tomcat.util.net.NioBlockingSelector$BlockPoller
 356:             7            392  org.apache.tomcat.util.scan.StandardJarScanFilter
 357:             7            392  sun.security.ssl.CipherSuite$BulkCipher
 358:             6            384  com.mysql.cj.conf.EnumPropertyDefinition
 359:             2            384  com.sun.org.apache.xerces.internal.parsers.XIncludeAwareParserConfiguration
 360:             1            384  java.lang.ref.Finalizer$FinalizerThread
 361:             1            384  java.util.logging.LogManager$Cleaner
 362:            12            384  org.apache.catalina.LifecycleState
 363:             8            384  org.apache.catalina.core.NamingContextListener
 364:             8            384  org.apache.catalina.mbeans.NamingResourcesMBean
 365:             1            384  org.apache.catalina.startup.Catalina$CatalinaShutdownHook
 366:             1            384  org.apache.juli.ClassLoaderLogManager$Cleaner
 367:            16            384  sun.nio.ch.OptionKey
 368:            16            384  sun.nio.ch.SocketOptionRegistry$RegistryKey
 369:             8            384  sun.util.locale.provider.LocaleResources$ResourceReference
 370:            16            376  [Ljava.beans.PropertyChangeListener;
 371:             1            376  java.lang.ref.Reference$ReferenceHandler
 372:             1            376  org.apache.juli.AsyncFileHandler$LoggerThread
 373:             1            376  sun.misc.GC$Daemon
 374:            17            360  [Lsun.management.DiagnosticCommandArgumentInfo;
 375:             9            360  com.mysql.cj.conf.ConnectionUrl$Type
 376:             9            360  com.sun.org.apache.xerces.internal.utils.XMLSecurityManager$Limit
 377:            15            360  javax.management.StandardMBean
 378:            15            360  javax.websocket.CloseReason$CloseCodes
 379:            15            360  org.apache.tomcat.util.descriptor.tld.TldResourcePath
 380:             2            352  com.sun.org.apache.xerces.internal.impl.dtd.XMLDTDValidator
 381:             2            352  com.sun.org.apache.xerces.internal.impl.dtd.XMLNSDTDValidator
 382:             4            352  java.util.jar.JarVerifier
 383:             4            352  org.apache.juli.AsyncFileHandler
 384:            22            352  sun.reflect.generics.tree.ClassTypeSignature
 385:             7            336  com.sun.jmx.mbeanserver.DefaultMXBeanMappingFactory$CompositeMapping
 386:            21            336  java.lang.ThreadLocal
 387:            14            336  java.lang.invoke.LambdaFormEditor$Transform$Kind
 388:             6            336  java.nio.DirectLongBufferU
 389:             7            336  java.util.concurrent.ConcurrentSkipListMap
 390:             7            336  org.apache.catalina.core.DefaultInstanceManager
 391:             7            336  org.apache.catalina.startup.ContextConfig
 392:             3            336  org.apache.coyote.Response
 393:             6            336  sun.management.MemoryPoolImpl
 394:             3            336  sun.nio.ch.SocketChannelImpl
 395:            16            328  [Ljava.lang.management.PlatformComponent;
 396:            10            320  java.lang.OutOfMemoryError
 397:            10            320  java.net.InetAddress$InetAddressHolder
 398:             8            320  org.apache.tomcat.util.descriptor.web.SecurityCollection
 399:             8            320  org.apache.tomcat.util.descriptor.web.SecurityConstraint
 400:            13            312  java.lang.RuntimePermission
 401:            13            312  org.apache.coyote.AsyncStateMachine$AsyncState
 402:             3            312  org.apache.coyote.http11.Http11Processor
 403:             6            288  [Lorg.apache.tomcat.util.http.MimeHeaderField;
 404:             8            288  [[S
 405:            12            288  java.lang.StringBuilder
 406:             9            288  java.lang.StringCoding$StringEncoder
 407:            12            288  java.lang.invoke.Invokers
 408:            12            288  java.lang.management.ManagementPermission
 409:             9            288  java.lang.reflect.Proxy$Key1
 410:             9            288  java.lang.reflect.WeakCache$CacheValue
 411:            12            288  java.util.Collections$SingletonList
 412:            12            288  java.util.Collections$UnmodifiableRandomAccessList
 413:             9            288  java.util.logging.Level
 414:             9            288  java.util.regex.Pattern$3
 415:             6            288  javax.websocket.server.DefaultServerEndpointConfig
 416:             9            288  jdk.internal.org.objectweb.asm.Type
 417:             9            288  org.apache.juli.ClassLoaderLogManager$ClassLoaderLogInfo
 418:            12            288  org.apache.tomcat.util.descriptor.tld.ValidatorXml
 419:             9            288  sun.reflect.annotation.AnnotationType
 420:             9            288  sun.security.jca.ProviderConfig
 421:             7            280  com.sun.org.apache.xerces.internal.impl.dtd.XMLEntityDecl
 422:             7            280  org.apache.catalina.core.ApplicationSessionCookieConfig
 423:             7            280  org.apache.catalina.mbeans.ContextMBean
 424:             5            280  org.apache.catalina.webresources.JarResource
 425:             7            280  org.apache.jasper.compiler.JspConfig
 426:             7            280  org.apache.jasper.servlet.JspServlet
 427:             5            280  sun.nio.cs.ISO_8859_1$Encoder
 428:             7            280  sun.security.util.DisabledAlgorithmConstraints$KeySizeConstraint
 429:             1            272  com.sun.org.apache.xerces.internal.impl.dtd.DTDGrammar
 430:            17            272  java.time.format.DateTimeFormatterBuilder$CharLiteralPrinterParser
 431:            17            272  java.util.LinkedHashMap$LinkedKeySet
 432:            11            264  java.net.StandardSocketOptions$StdSocketOption
 433:            11            264  java.util.Collections$SetFromMap
 434:            11            264  java.util.regex.Pattern$SingleI
 435:             3            264  org.apache.catalina.webresources.JarResourceSet
 436:             3            264  org.apache.coyote.RequestInfo
 437:             3            264  org.apache.coyote.http11.Http11InputBuffer
 438:            11            264  sun.security.util.DisabledAlgorithmConstraints$DisabledConstraint
 439:             2            256  com.sun.org.apache.xerces.internal.impl.XMLEntityManager
 440:             8            256  com.sun.org.apache.xerces.internal.util.XMLResourceIdentifierImpl
 441:             8            256  java.security.MessageDigest$Delegate
 442:             8            256  javax.management.MBeanNotificationInfo
 443:             2            256  org.apache.catalina.authenticator.BasicAuthenticator
 444:             8            256  sun.misc.ProxyGenerator$PrimitiveTypeInfo
 445:             8            256  sun.security.provider.SecureRandom
 446:             8            248  [Ljava.lang.invoke.LambdaForm$BasicType;
 447:             2            248  [Ljava.time.LocalDateTime;
 448:             7            248  [[I
 449:             6            240  [Ljava.lang.invoke.BoundMethodHandle$SpeciesData;
 450:            10            240  com.sun.org.apache.xerces.internal.impl.XMLScanner$NameType
 451:             2            240  com.sun.org.apache.xerces.internal.jaxp.SAXParserImpl$JAXPSAXParser
 452:            10            240  java.io.OutputStreamWriter
 453:            10            240  java.lang.ThreadLocal$ThreadLocalMap
 454:            10            240  java.security.CryptoPrimitive
 455:            10            240  java.util.BitSet
 456:            10            240  java.util.regex.Pattern$Ques
 457:             6            240  org.apache.catalina.startup.HostConfig$DeployedApplication
 458:             5            240  org.apache.tomcat.util.descriptor.web.ContextEnvironment
 459:             6            240  sun.management.MemoryPoolImpl$CollectionSensor
 460:             6            240  sun.management.MemoryPoolImpl$PoolSensor
 461:             6            240  sun.reflect.generics.repository.MethodRepository
 462:            12            224  [Lorg.apache.tomcat.websocket.pojo.PojoPathParam;
 463:             4            224  com.sun.org.apache.xerces.internal.util.XMLAttributesIteratorImpl
 464:             7            224  java.io.FileOutputStream
 465:             7            224  java.util.concurrent.ConcurrentSkipListMap$HeadIndex
 466:             7            224  org.apache.jasper.compiler.TldCache
 467:             7            224  org.apache.naming.TransactionRef
 468:             7            224  org.apache.tomcat.util.collections.ManagedConcurrentWeakHashMap
 469:             7            224  org.apache.tomcat.util.http.parser.HttpParser$DomainParseState
 470:             7            224  org.apache.tomcat.util.scan.StandardJarScanner
 471:             7            224  org.apache.tomcat.websocket.server.WsWriteTimeout
 472:             7            216  [Ljava.lang.Boolean;
 473:             9            216  [Lorg.apache.tomcat.util.IntrospectionUtils$PropertySource;
 474:             9            216  java.util.logging.Level$KnownLevel
 475:             9            216  java.util.regex.Pattern$CharProperty$1
 476:             3            216  org.apache.catalina.connector.InputBuffer
 477:             9            216  org.apache.tomcat.util.digester.RulesBase
 478:             3            216  org.apache.tomcat.util.http.Parameters
 479:             3            216  sun.security.provider.NativePRNG$RandomIO
 480:             9            216  sun.util.logging.PlatformLogger$Level
 481:             6            208  [Lcom.sun.org.apache.xerces.internal.util.XMLAttributesImpl$Attribute;
 482:             7            208  [Ljava.lang.invoke.LambdaForm$NamedFunction;
 483:            10            208  [Ljava.lang.reflect.Type;
 484:             2            200  [Ljava.text.DateFormat$Field;
 485:             1            200  [Lorg.apache.coyote.ActionCode;
 486:             5            200  com.sun.org.apache.xerces.internal.impl.dtd.XMLDTDDescription
 487:             5            200  java.io.BufferedWriter
 488:             5            200  java.io.PrintWriter
 489:             5            200  java.lang.ClassLoader$NativeLibrary
 490:             5            200  java.lang.invoke.BoundMethodHandle$SpeciesData
 491:             5            200  java.util.EnumMap
 492:             5            200  java.util.stream.StreamOpFlag
 493:             5            200  org.apache.catalina.mbeans.ContextEnvironmentMBean
 494:             5            200  org.apache.tomcat.util.log.UserDataHelper
 495:             5            200  sun.misc.Cleaner
 496:             6            192  [Lorg.apache.coyote.http11.InputFilter;
 497:             6            192  [Lorg.apache.coyote.http11.OutputFilter;
 498:             8            192  [Lorg.apache.tomcat.util.descriptor.web.SecurityCollection;
 499:             6            192  com.mysql.cj.conf.EnumProperty
 500:             3            192  com.mysql.cj.conf.MemorySizePropertyDefinition
 501:             4            192  com.sun.org.apache.xerces.internal.impl.XMLDocumentFragmentScannerImpl$ElementStack
 502:             2            192  com.sun.org.apache.xerces.internal.impl.dtd.XMLDTDProcessor
 503:             6            192  java.lang.StringCoding$StringDecoder
 504:             6            192  java.lang.invoke.DirectMethodHandle$Special
 505:             6            192  java.lang.invoke.LambdaForm$BasicType
 506:             8            192  java.lang.invoke.MethodHandleImpl$Intrinsic
 507:             8            192  java.math.RoundingMode
 508:             8            192  java.net.Inet4Address
 509:             8            192  java.net.NetPermission
 510:             6            192  java.time.format.TextStyle
 511:            12            192  java.util.concurrent.ConcurrentHashMap$ValuesView
 512:             6            192  java.util.concurrent.Semaphore$NonfairSync
 513:             8            192  jdk.net.SocketFlow$Status
 514:             3            192  org.apache.catalina.connector.OutputBuffer
 515:             3            192  org.apache.catalina.connector.Response
 516:             3            192  org.apache.catalina.mapper.MappingData
 517:             8            192  org.apache.catalina.util.ErrorPageSupport
 518:             3            192  org.apache.coyote.http11.filters.ChunkedInputFilter
 519:             8            192  org.apache.juli.DateFormatCache
 520:             6            192  org.apache.tomcat.util.descriptor.web.ErrorPage
 521:             1            192  org.apache.tomcat.util.descriptor.web.WebXml
 522:             8            192  org.apache.tomcat.util.digester.SetPropertiesRule
 523:             8            192  org.apache.tomcat.util.net.AbstractEndpoint$Handler$SocketState
 524:             1            192  org.apache.tomcat.util.net.NioEndpoint
 525:            12            192  org.apache.tomcat.util.threads.TaskThread$WrappingRunnable
 526:             4            192  org.apache.tomcat.websocket.pojo.PojoMethodMapping
 527:            12            192  sun.reflect.BootstrapConstructorAccessorImpl
 528:             8            192  sun.reflect.generics.factory.CoreReflectionFactory
 529:             6            192  sun.reflect.generics.tree.MethodTypeSignature
 530:             2            192  sun.security.jgss.SunProvider
 531:             7            184  [Lorg.apache.tomcat.util.descriptor.web.FilterMap;
 532:             1            184  com.mysql.cj.jdbc.ConnectionImpl
 533:             2            176  [Ljava.lang.Thread;
 534:            11            176  java.text.NumberFormat$Field
 535:             1            176  org.apache.catalina.core.StandardHost
 536:             3            168  [Lorg.apache.catalina.core.ApplicationFilterConfig;
 537:             7            168  [Lorg.apache.catalina.mapper.Mapper$ContextVersion;
 538:             9            168  [Lsun.reflect.generics.tree.FieldTypeSignature;
 539:             1            168  [[Ljava.math.BigInteger;
 540:             7            168  com.mysql.cj.protocol.a.NativeConstants$IntegerDataType
 541:             1            168  com.mysql.cj.protocol.a.NativeProtocol
 542:             7            168  com.sun.org.apache.xerces.internal.util.FeatureState
 543:             7            168  java.net.InetSocketAddress$InetSocketAddressHolder
 544:             7            168  java.time.ZoneOffset
 545:             7            168  java.util.concurrent.ConcurrentSkipListMap$Node
 546:             3            168  javax.management.openmbean.OpenMBeanOperationInfoSupport
 547:             3            168  org.apache.catalina.connector.CoyoteReader
 548:             7            168  org.apache.catalina.core.ApplicationContextFacade
 549:             7            168  org.apache.catalina.core.StandardContext$ContextFilterMaps
 550:             7            168  org.apache.catalina.mapper.Mapper$MappedContext
 551:             3            168  org.apache.coyote.http11.Http11OutputBuffer
 552:             7            168  org.apache.jasper.compiler.TagPluginManager
 553:             7            168  org.apache.tomcat.util.descriptor.LocalResolver
 554:             7            168  org.apache.tomcat.util.descriptor.tld.TldParser
 555:             7            168  org.apache.tomcat.util.descriptor.tld.TldRuleSet$1
 556:             7            168  org.apache.tomcat.util.descriptor.tld.TldRuleSet$ScriptVariableRule
 557:             7            168  org.apache.tomcat.util.descriptor.tld.TldRuleSet$TagAttributeRule
 558:             7            168  org.apache.tomcat.util.net.SocketEvent
 559:             7            168  org.apache.tomcat.websocket.server.WsFilter
 560:             9            160  [Lsun.reflect.generics.tree.FormalTypeParameter;
 561:             4            160  com.sun.org.apache.xerces.internal.impl.XMLDocumentFragmentScannerImpl$ElementStack2
 562:             4            160  com.sun.org.apache.xerces.internal.impl.validation.ValidationState
 563:             4            160  java.io.ObjectStreamClass$FieldReflector
 564:             4            160  java.io.ObjectStreamClass$FieldReflectorKey
 565:             5            160  java.io.ObjectStreamClass$WeakClassKey
 566:             2            160  java.net.URI
 567:             4            160  java.util.concurrent.LinkedBlockingDeque
 568:             2            160  java.util.concurrent.ThreadPoolExecutor
 569:             5            160  javax.management.StandardEmitterMBean
 570:             2            160  org.apache.catalina.valves.RemoteAddrValve
 571:             5            160  org.apache.catalina.webresources.CachedResource$CachedResourceURLStreamHandler
 572:             5            160  org.apache.juli.OneLineFormatter$2
 573:             5            160  org.apache.tomcat.util.collections.SynchronizedStack
 574:             4            160  sun.misc.FloatingDecimal$BinaryToASCIIBuffer
 575:             4            160  sun.reflect.UnsafeQualifiedStaticLongFieldAccessorImpl
 576:             5            160  sun.util.locale.provider.LocaleProviderAdapter$Type
 577:             3            152  [Lcom.sun.org.apache.xerces.internal.utils.XMLSecurityManager$State;
 578:             2            152  [Ljava.time.ZoneOffset;
 579:             1            152  org.apache.catalina.valves.AccessLogValve
 580:             1            152  org.apache.coyote.http11.Http11NioProtocol
 581:             2            144  [Ljava.math.BigDecimal;
 582:             7            144  [Lorg.apache.tomcat.util.descriptor.web.SecurityConstraint;
 583:             1            144  com.mysql.cj.log.BaseMetricsHolder
 584:             6            144  com.sun.org.apache.xerces.internal.util.Status
 585:             6            144  java.lang.Thread$State
 586:             6            144  java.security.SecurityPermission
 587:             6            144  java.util.concurrent.Executors$RunnableAdapter
 588:             6            144  java.util.regex.Pattern$Dollar
 589:             3            144  org.apache.catalina.connector.CoyoteWriter
 590:             1            144  org.apache.catalina.core.StandardServer
 591:             3            144  org.apache.catalina.filters.HttpHeaderSecurityFilter
 592:             3            144  org.apache.catalina.util.Extension
 593:             6            144  org.apache.coyote.http11.Http11InputBuffer$HeaderParsePosition
 594:             2            144  org.apache.tomcat.util.descriptor.web.ServletDef
 595:             9            144  org.apache.tomcat.util.digester.Digester$SystemPropertySource
 596:             6            144  org.apache.tomcat.util.http.MimeHeaders
 597:             6            144  org.apache.tomcat.websocket.server.WsServerContainer$ExactPathMatch
 598:             6            144  sun.misc.PerfCounter
 599:             2            144  sun.nio.ch.EPollArrayWrapper
 600:             2            144  sun.nio.ch.EPollSelectorImpl
 601:             6            144  sun.reflect.generics.reflectiveObjects.ParameterizedTypeImpl
 602:             6            144  sun.reflect.generics.scope.MethodScope
 603:             6            144  sun.security.ssl.ProtocolVersion
 604:             6            144  sun.security.util.DisabledAlgorithmConstraints$Constraint$Operator
 605:             1            136  [Ljava.time.temporal.ChronoField;
 606:             1            136  org.apache.catalina.core.StandardEngine
 607:             4            128  [Lcom.sun.org.apache.xerces.internal.impl.XMLEntityManager$CharacterBuffer;
 608:             4            128  [Ljava.text.SimpleDateFormat;
 609:             4            128  com.sun.jmx.mbeanserver.DefaultMXBeanMappingFactory$ArrayMapping
 610:             2            128  com.sun.org.apache.xerces.internal.impl.XMLEntityScanner
 611:             8            128  com.sun.proxy.$Proxy8
 612:             2            128  java.io.ExpiringCache$1
 613:             8            128  java.util.LinkedHashSet
 614:             8            128  java.util.concurrent.atomic.AtomicBoolean
 615:             4            128  org.apache.coyote.ErrorState
 616:             4            128  org.apache.tomcat.util.descriptor.web.LoginConfig
 617:             4            128  sun.nio.fs.UnixPath
 618:             3            120  com.mysql.cj.conf.MemorySizeProperty
 619:             5            120  com.mysql.cj.conf.PropertyDefinitions$SslMode
 620:             5            120  com.mysql.cj.util.StringUtils$SearchMode
 621:             5            120  com.sun.org.apache.xerces.internal.impl.dtd.XMLAttributeDecl
 622:             5            120  com.sun.org.apache.xerces.internal.util.PropertyState
 623:             5            120  com.sun.org.apache.xerces.internal.utils.XMLSecurityManager$State
 624:             5            120  com.sun.org.apache.xerces.internal.utils.XMLSecurityPropertyManager$State
 625:             3            120  java.lang.invoke.BoundMethodHandle$Species_LL
 626:             3            120  java.lang.invoke.MethodHandleImpl$AsVarargsCollector
 627:             5            120  java.time.format.SignStyle
 628:             5            120  java.util.stream.StreamOpFlag$Type
 629:             5            120  javax.servlet.DispatcherType
 630:             5            120  javax.servlet.http.MappingMatch
 631:             1            120  org.apache.catalina.authenticator.FormAuthenticator
 632:             1            120  org.apache.catalina.connector.Connector
 633:             5            120  org.apache.catalina.valves.AbstractAccessLogValve$FormatType
 634:             3            120  org.apache.coyote.AsyncStateMachine
 635:             3            120  org.apache.coyote.http11.filters.ChunkedOutputFilter
 636:             3            120  org.apache.coyote.http11.filters.IdentityInputFilter
 637:             5            120  org.apache.juli.OneLineFormatter
 638:             5            120  org.apache.juli.OneLineFormatter$MillisHandling
 639:             3            120  org.apache.tomcat.util.buf.Utf8Decoder
 640:             5            120  sun.misc.FloatingDecimal$PreparedASCIIToBinaryBuffer
 641:             3            120  sun.nio.ch.SelectionKeyImpl
 642:             3            120  sun.nio.ch.SocketAdaptor
 643:             3            120  sun.nio.cs.ISO_8859_1$Decoder
 644:             5            120  sun.nio.cs.Surrogate$Parser
 645:             2            112  [Ljava.lang.invoke.MethodType;
 646:             2            112  [Ljava.security.CryptoPrimitive;
 647:             1            112  [Ljava.time.LocalTime;
 648:             2            112  [Ljava.util.Map;
 649:             7            112  [Lorg.apache.catalina.servlets.DefaultServlet$CompressionFormat;
 650:             7            112  [Lorg.apache.tomcat.util.descriptor.web.ApplicationParameter;
 651:             3            112  [[Ljava.lang.Object;
 652:             1            112  com.mysql.cj.NativeSession
 653:             2            112  com.sun.org.apache.xerces.internal.jaxp.SAXParserImpl
 654:             7            112  java.net.InetSocketAddress
 655:             7            112  java.util.concurrent.ConcurrentSkipListSet
 656:             7            112  org.apache.catalina.core.StandardContext$NoPluggabilityServletContext
 657:             7            112  org.apache.catalina.core.StandardHost$MemoryLeakTrackingListener
 658:             7            112  org.apache.catalina.util.CharsetMapper
 659:             7            112  org.apache.catalina.valves.AbstractAccessLogValve$StringElement
 660:             7            112  org.apache.jasper.servlet.JasperInitializer
 661:             7            112  org.apache.tomcat.util.descriptor.tld.TldRuleSet
 662:             7            112  org.apache.tomcat.util.http.Rfc6265CookieProcessor
 663:             7            112  org.apache.tomcat.websocket.server.WsContextListener
 664:             7            112  org.apache.tomcat.websocket.server.WsSci
 665:             7            112  org.apache.tomcat.websocket.server.WsSessionListener
 666:             7            112  org.apache.tomcat.websocket.server.WsWriteTimeout$EndpointComparator
 667:             1            104  org.apache.catalina.realm.LockOutRealm
 668:             1            104  org.apache.tomcat.util.net.SocketProperties
 669:             4             96  [Lcom.sun.org.apache.xerces.internal.impl.RevalidationHandler;
 670:             3             96  [Ljava.nio.channels.SelectionKey;
 671:             3             96  [Lorg.apache.tomcat.util.http.ServerCookie;
 672:             6             96  [Lsun.reflect.generics.tree.TypeSignature;
 673:             1             96  [[J
 674:             4             96  com.mysql.cj.conf.PropertyDefinitions$AuthMech
 675:             4             96  com.mysql.cj.conf.PropertyDefinitions$XdevapiSslMode
 676:             1             96  com.sun.crypto.provider.SunJCE
 677:             3             96  com.sun.jmx.mbeanserver.DefaultMXBeanMappingFactory$EnumMapping
 678:             1             96  com.sun.net.ssl.internal.ssl.Provider
 679:             4             96  com.sun.org.apache.xerces.internal.impl.dtd.DTDGrammarBucket
 680:             3             96  com.sun.org.apache.xerces.internal.jaxp.SAXParserFactoryImpl
 681:             2             96  com.sun.org.apache.xerces.internal.util.XMLAttributesImpl
 682:             3             96  com.sun.org.apache.xerces.internal.utils.XMLSecurityManager$NameMap
 683:             1             96  com.sun.security.sasl.Provider
 684:             4             96  com.sun.xml.internal.stream.Entity$InternalEntity
 685:             4             96  java.lang.StringBuffer
 686:             2             96  java.lang.ThreadGroup
 687:             4             96  java.math.MathContext
 688:             3             96  java.nio.DirectByteBuffer$Deallocator
 689:             4             96  java.sql.SQLPermission
 690:             4             96  java.time.format.DateTimeFormatterBuilder$OffsetIdPrinterParser
 691:             4             96  java.time.format.DateTimeFormatterBuilder$SettingsParser
 692:             6             96  java.util.LinkedHashMap$LinkedValues
 693:             2             96  java.util.concurrent.LinkedBlockingQueue
 694:             6             96  java.util.concurrent.Semaphore
 695:             6             96  java.util.regex.Pattern$Begin
 696:             4             96  java.util.stream.StreamShape
 697:             2             96  javax.management.openmbean.TabularType
 698:             4             96  org.apache.catalina.WebResourceRoot$ResourceSetType
 699:             3             96  org.apache.catalina.core.ApplicationFilterChain
 700:             2             96  org.apache.catalina.filters.CsrfPreventionFilter
 701:             1             96  org.apache.catalina.realm.UserDatabaseRealm
 702:             4             96  org.apache.catalina.startup.ClassLoaderFactory$RepositoryType
 703:             3             96  org.apache.coyote.http11.Http11InputBuffer$HeaderParseData
 704:             3             96  org.apache.coyote.http11.filters.BufferedInputFilter
 705:             3             96  org.apache.coyote.http11.filters.IdentityOutputFilter
 706:             3             96  org.apache.tomcat.util.buf.B2CConverter
 707:             3             96  org.apache.tomcat.util.buf.C2BConverter
 708:             4             96  org.apache.tomcat.util.buf.StringCache$ByteEntry
 709:             3             96  org.apache.tomcat.util.buf.UDecoder$DecodeException
 710:             3             96  org.apache.tomcat.util.buf.UEncoder
 711:             3             96  org.apache.tomcat.util.http.ConcurrentDateFormat
 712:             4             96  org.apache.tomcat.util.http.SameSiteCookies
 713:             4             96  org.apache.tomcat.util.http.parser.HttpParser
 714:             4             96  org.apache.tomcat.util.log.UserDataHelper$Config
 715:             4             96  org.apache.tomcat.util.net.AbstractEndpoint$BindState
 716:             4             96  org.apache.tomcat.util.net.Acceptor$AcceptorState
 717:             3             96  org.apache.tomcat.util.net.NioChannel
 718:             1             96  org.apache.tomcat.util.threads.ThreadPoolExecutor
 719:             4             96  org.apache.tomcat.websocket.pojo.PojoPathParam
 720:             1             96  org.jcp.xml.dsig.internal.dom.XMLDSigRI
 721:             2             96  sun.management.GarbageCollectorImpl
 722:             1             96  sun.misc.Launcher$AppClassLoader
 723:             3             96  sun.net.spi.DefaultProxySelector$NonProxyInfo
 724:             1             96  sun.nio.ch.ServerSocketChannelImpl
 725:             3             96  sun.reflect.UnsafeStaticObjectFieldAccessorImpl
 726:             3             96  sun.reflect.generics.reflectiveObjects.TypeVariableImpl
 727:             3             96  sun.reflect.generics.repository.ClassRepository
 728:             1             96  sun.security.ec.SunEC
 729:             1             96  sun.security.jca.ProviderList$1
 730:             1             96  sun.security.provider.Sun
 731:             1             96  sun.security.rsa.SunRsaSign
 732:             1             96  sun.security.smartcardio.SunPCSC
 733:             3             96  sun.util.locale.provider.LocaleServiceProviderPool
 734:             3             88  [Lcom.sun.org.apache.xerces.internal.utils.XMLSecurityPropertyManager$State;
 735:             1             88  com.mysql.cj.protocol.a.NativeServerSession
 736:             1             88  java.net.URLClassLoader
 737:             1             88  sun.misc.Launcher$ExtClassLoader
 738:             2             80  [F
 739:             2             80  [Lcom.mysql.cj.util.StringUtils$SearchMode;
 740:             1             80  [Ljava.time.temporal.ChronoUnit;
 741:             1             80  [Ljava.util.concurrent.RunnableScheduledFuture;
 742:             2             80  [Ljava.util.stream.StreamOpFlag$Type;
 743:             2             80  [Ljavax.servlet.DispatcherType;
 744:             1             80  [Ljavax.websocket.CloseReason$CloseCodes;
 745:             2             80  com.sun.jmx.mbeanserver.DefaultMXBeanMappingFactory$TabularMapping
 746:             2             80  com.sun.org.apache.xerces.internal.impl.XMLEntityManager$CharacterBufferPool
 747:             2             80  com.sun.org.apache.xerces.internal.impl.XMLErrorReporter
 748:             2             80  com.sun.org.apache.xerces.internal.impl.XMLVersionDetector
 749:             2             80  com.sun.org.apache.xerces.internal.util.SymbolTable
 750:             2             80  com.sun.org.apache.xerces.internal.utils.XMLLimitAnalyzer
 751:             2             80  com.sun.org.apache.xerces.internal.utils.XMLSecurityManager
 752:             5             80  com.sun.proxy.$Proxy1
 753:             2             80  com.sun.xml.internal.stream.XMLEntityStorage
 754:             2             80  com.sun.xml.internal.stream.util.BufferAllocator
 755:             2             80  java.io.ExpiringCache
 756:             2             80  java.util.Collections$SingletonMap
 757:             2             80  java.util.IdentityHashMap
 758:             2             80  java.util.Locale$Category
 759:             1             80  java.util.concurrent.ScheduledThreadPoolExecutor
 760:             5             80  java.util.logging.ErrorManager
 761:             1             80  org.apache.catalina.core.StandardService
 762:             2             80  org.apache.catalina.realm.MessageDigestCredentialHandler
 763:             1             80  org.apache.coyote.RequestGroupInfo
 764:             2             80  org.apache.tomcat.util.log.SystemLogHandler
 765:             2             80  sun.management.MemoryManagerImpl
 766:             5             80  sun.net.www.protocol.jar.Handler
 767:             1             72  [Ljava.lang.invoke.LambdaFormEditor$Transform$Kind;
 768:             1             72  [Ljavax.management.openmbean.SimpleType;
 769:             1             72  [Lorg.apache.catalina.valves.AbstractAccessLogValve$AccessLogElement;
 770:             1             72  [Lorg.apache.coyote.AsyncStateMachine$AsyncState;
 771:             2             72  [Lsun.security.jca.ProviderConfig;
 772:             3             72  com.mysql.cj.conf.PropertyDefinitions$Compression
 773:             3             72  com.mysql.cj.conf.PropertyDefinitions$ZeroDatetimeBehavior
 774:             3             72  com.mysql.cj.protocol.Resultset$Type
 775:             3             72  com.mysql.cj.protocol.a.NativeConstants$StringSelfDataType
 776:             3             72  com.mysql.cj.protocol.a.NativePacketPayload
 777:             3             72  java.io.BufferedOutputStream
 778:             3             72  java.io.ByteArrayOutputStream
 779:             3             72  java.lang.annotation.RetentionPolicy
 780:             3             72  java.net.Proxy$Type
 781:             3             72  java.time.Instant
 782:             3             72  java.time.format.ResolverStyle
 783:             1             72  java.util.ResourceBundle$RBClassLoader
 784:             3             72  java.util.concurrent.LinkedBlockingQueue$Node
 785:             3             72  java.util.concurrent.atomic.AtomicMarkableReference$Pair
 786:             1             72  java.util.logging.LogManager$RootLogger
 787:             3             72  java.util.regex.Pattern$7
 788:             3             72  java.util.stream.Collector$Characteristics
 789:             3             72  javax.servlet.SessionTrackingMode
 790:             3             72  org.apache.catalina.authenticator.AuthenticatorBase$AllowCorsPreflight
 791:             3             72  org.apache.catalina.core.ApplicationMapping
 792:             3             72  org.apache.catalina.filters.HttpHeaderSecurityFilter$XFrameOption
 793:             3             72  org.apache.catalina.session.ManagerBase$SessionTiming
 794:             3             72  org.apache.catalina.util.ParameterMap
 795:             1             72  org.apache.catalina.valves.AbstractAccessLogValve$DateFormatCache$Cache
 796:             3             72  org.apache.coyote.ContinueResponseTiming
 797:             3             72  org.apache.coyote.http11.Http11InputBuffer$HeaderParseStatus
 798:             3             72  org.apache.coyote.http11.filters.GzipOutputFilter
 799:             3             72  org.apache.coyote.http11.filters.GzipOutputFilter$FakeOutputStream
 800:             3             72  org.apache.jasper.TrimSpacesOption
 801:             3             72  org.apache.tomcat.JarScanType
 802:             3             72  org.apache.tomcat.util.buf.EncodedSolidusHandling
 803:             3             72  org.apache.tomcat.util.descriptor.web.TaglibDescriptorImpl
 804:             3             72  org.apache.tomcat.util.http.ServerCookies
 805:             3             72  org.apache.tomcat.util.http.parser.SkipResult
 806:             3             72  org.apache.tomcat.util.log.UserDataHelper$Mode
 807:             3             72  org.apache.tomcat.util.net.NioEndpoint$SocketProcessor
 808:             3             72  org.apache.tomcat.util.net.SendfileState
 809:             3             72  org.apache.tomcat.util.net.SocketBufferHandler
 810:             3             72  org.apache.tomcat.util.net.WriteBuffer
 811:             3             72  org.apache.tomcat.websocket.pojo.PojoMethodMapping$MethodType
 812:             3             72  sun.misc.FloatingDecimal$ExceptionalBinaryToASCIIBuffer
 813:             3             72  sun.misc.Signal
 814:             3             72  sun.nio.ch.Util$BufferCache
 815:             3             72  sun.reflect.generics.tree.ClassSignature
 816:             3             72  sun.reflect.generics.tree.FormalTypeParameter
 817:             3             72  sun.security.provider.NativePRNG$Variant
 818:             3             72  sun.security.ssl.CipherSuite$CipherType
 819:             3             72  sun.security.util.DisabledAlgorithmConstraints
 820:             1             72  sun.util.locale.provider.JRELocaleProviderAdapter
 821:             3             72  sun.util.resources.ParallelListResourceBundle$KeySet
 822:             2             64  [Ljava.lang.annotation.RetentionPolicy;
 823:             2             64  [Ljava.lang.invoke.LambdaFormEditor$Transform;
 824:             4             64  [Ljava.security.CodeSigner;
 825:             2             64  [Ljava.util.stream.Collector$Characteristics;
 826:             2             64  [Ljavax.servlet.SessionTrackingMode;
 827:             1             64  [Lorg.apache.catalina.LifecycleState;
 828:             2             64  [Lsun.nio.fs.NativeBuffer;
 829:             2             64  [[Lcom.sun.org.apache.xerces.internal.xni.QName;
 830:             1             64  com.mysql.cj.util.LRUCache
 831:             2             64  com.sun.jmx.mbeanserver.DefaultMXBeanMappingFactory$CollectionMapping
 832:             2             64  com.sun.jndi.ldap.pool.Pool
 833:             4             64  com.sun.org.apache.xerces.internal.impl.XMLDocumentScannerImpl$PrologDriver
 834:             4             64  com.sun.org.apache.xerces.internal.impl.XMLDocumentScannerImpl$TrailingMiscDriver
 835:             4             64  com.sun.org.apache.xerces.internal.impl.XMLDocumentScannerImpl$XMLDeclDriver
 836:             2             64  com.sun.org.apache.xerces.internal.util.NamespaceSupport
 837:             2             64  com.sun.org.apache.xerces.internal.utils.XMLSecurityPropertyManager$Property
 838:             4             64  com.sun.proxy.$Proxy4
 839:             2             64  java.io.PrintStream
 840:             2             64  java.lang.ClassValue$Entry
 841:             2             64  java.lang.VirtualMachineError
 842:             2             64  java.lang.ref.ReferenceQueue$Null
 843:             2             64  java.net.Socket
 844:             4             64  java.nio.channels.spi.AbstractInterruptibleChannel$1
 845:             2             64  java.security.BasicPermissionCollection
 846:             2             64  java.time.format.DateTimeFormatterBuilder$TextPrinterParser
 847:             2             64  java.time.temporal.IsoFields$Unit
 848:             2             64  java.util.PropertyPermission
 849:             2             64  java.util.Random
 850:             2             64  java.util.concurrent.CountDownLatch$Sync
 851:             2             64  java.util.concurrent.atomic.AtomicReferenceFieldUpdater$AtomicReferenceFieldUpdaterImpl
 852:             4             64  java.util.jar.JarVerifier$3
 853:             2             64  java.util.logging.LogManager$LogNode
 854:             4             64  java.util.regex.Pattern$Dot
 855:             1             64  org.apache.catalina.realm.LockOutRealm$1
 856:             1             64  org.apache.catalina.users.MemoryUserDatabase
 857:             1             64  org.apache.catalina.valves.ErrorReportValve
 858:             1             64  org.apache.juli.ClassLoaderLogManager
 859:             1             64  org.apache.juli.OneLineFormatter$ThreadNameCache
 860:             2             64  org.apache.tomcat.util.collections.SynchronizedQueue
 861:             1             64  org.apache.tomcat.util.descriptor.web.JspPropertyGroup
 862:             2             64  org.apache.tomcat.util.digester.Digester$EntityResolver2Wrapper
 863:             2             64  org.apache.tomcat.util.threads.TaskThreadFactory
 864:             2             64  sun.nio.ch.AllocatedNativeObject
 865:             2             64  sun.nio.fs.LinuxFileSystem
 866:             2             64  sun.nio.fs.NativeBuffer
 867:             2             64  sun.security.ssl.ProtocolList
 868:             2             64  sun.util.locale.provider.LocaleResources
 869:             1             56  [Lcom.mysql.cj.conf.ConnectionUrl$Type;
 870:             1             56  [Lcom.sun.org.apache.xerces.internal.impl.XMLScanner$NameType;
 871:             1             56  [Lcom.sun.org.apache.xerces.internal.utils.XMLSecurityManager$Limit;
 872:             1             56  [Ljava.lang.Runnable;
 873:             3             56  [Lsun.reflect.generics.tree.ClassTypeSignature;
 874:             1             56  [Lsun.util.logging.PlatformLogger$Level;
 875:             1             56  com.mysql.cj.conf.LongPropertyDefinition
 876:             1             56  com.mysql.cj.jdbc.DatabaseMetaData
 877:             1             56  com.mysql.cj.protocol.a.NativeAuthenticationProvider
 878:             1             56  com.mysql.cj.protocol.a.NativeCapabilities
 879:             1             56  java.net.SocketPermission
 880:             1             56  java.util.logging.ConsoleHandler
 881:             1             56  org.apache.catalina.core.StandardEngineValve
 882:             1             56  org.apache.catalina.core.StandardHostValve
 883:             1             56  org.apache.catalina.mbeans.MemoryUserDatabaseMBean
 884:             1             56  org.apache.tomcat.util.descriptor.web.ContextResource
 885:             1             56  org.apache.tomcat.util.net.NioSelectorPool
 886:             1             56  org.apache.tomcat.util.threads.TaskQueue
 887:             1             48  [Lcom.mysql.cj.protocol.a.NativeConstants$IntegerDataType;
 888:             3             48  [Ljava.lang.StackTraceElement;
 889:             3             48  [Ljava.lang.annotation.Annotation;
 890:             1             48  [Ljava.lang.invoke.MethodHandleImpl$Intrinsic;
 891:             2             48  [Ljava.lang.reflect.TypeVariable;
 892:             1             48  [Ljava.math.RoundingMode;
 893:             2             48  [Ljava.net.InetAddress;
 894:             1             48  [Ljava.util.concurrent.TimeUnit;
 895:             1             48  [Ljdk.net.SocketFlow$Status;
 896:             1             48  [Lorg.apache.catalina.mapper.Mapper$MappedContext;
 897:             1             48  [Lorg.apache.tomcat.util.http.parser.HttpParser$DomainParseState;
 898:             1             48  [Lorg.apache.tomcat.util.net.AbstractEndpoint$Handler$SocketState;
 899:             1             48  [Lorg.apache.tomcat.util.net.SocketEvent;
 900:             2             48  TPCW_Database$9
 901:             2             48  com.mysql.cj.conf.PropertyDefinitions$DatabaseTerm
 902:             2             48  com.mysql.cj.protocol.ExportControlled$KeyStoreConf
 903:             2             48  com.mysql.cj.protocol.Resultset$Concurrency
 904:             1             48  com.mysql.cj.protocol.StandardSocketFactory
 905:             2             48  com.mysql.cj.protocol.a.NativeConstants$StringLengthDataType
 906:             1             48  com.mysql.cj.protocol.a.NativeSocketConnection
 907:             2             48  com.sun.jmx.mbeanserver.ClassLoaderRepositorySupport$LoaderEntry
 908:             1             48  com.sun.jmx.mbeanserver.DefaultMXBeanMappingFactory$Mappings
 909:             1             48  com.sun.jmx.mbeanserver.MBeanIntrospector$MBeanInfoMap
 910:             1             48  com.sun.jmx.mbeanserver.MBeanIntrospector$PerInterfaceMap
 911:             2             48  com.sun.jmx.mbeanserver.WeakIdentityHashMap
 912:             2             48  com.sun.org.apache.xerces.internal.impl.XMLDocumentScannerImpl$ContentDriver
 913:             2             48  com.sun.org.apache.xerces.internal.impl.XMLNSDocumentScannerImpl$NSContentDriver
 914:             3             48  com.sun.org.apache.xerces.internal.impl.dv.dtd.ListDatatypeValidator
 915:             2             48  com.sun.org.apache.xerces.internal.impl.msg.XMLMessageFormatter
 916:             2             48  com.sun.org.apache.xerces.internal.impl.validation.ValidationManager
 917:             2             48  com.sun.org.apache.xerces.internal.parsers.AbstractSAXParser$LocatorProxy
 918:             2             48  com.sun.org.apache.xerces.internal.utils.XMLSecurityPropertyManager
 919:             3             48  com.sun.proxy.$Proxy3
 920:             2             48  java.io.File$PathStatus
 921:             1             48  java.lang.invoke.BoundMethodHandle$Species_L4
 922:             2             48  java.lang.invoke.MethodHandles$Lookup
 923:             2             48  java.lang.reflect.ReflectPermission
 924:             2             48  java.net.InetAddress$Cache
 925:             2             48  java.net.InetAddress$Cache$Type
 926:             2             48  java.net.InetAddress$CacheEntry
 927:             1             48  java.net.SocketInputStream
 928:             1             48  java.net.SocketOutputStream
 929:             2             48  java.net.StandardProtocolFamily
 930:             2             48  java.nio.charset.CoderResult
 931:             3             48  java.nio.charset.CodingErrorAction
 932:             3             48  java.text.AttributedCharacterIterator$Attribute
 933:             2             48  java.time.format.DateTimeFormatterBuilder$1
 934:             2             48  java.time.format.DateTimeFormatterBuilder$ZoneIdPrinterParser
 935:             2             48  java.time.format.DateTimeTextProvider$LocaleStore
 936:             3             48  java.util.Collections$SingletonSet
 937:             2             48  java.util.Collections$SynchronizedSet
 938:             2             48  java.util.Currency
 939:             3             48  java.util.concurrent.CopyOnWriteArraySet
 940:             3             48  java.util.concurrent.atomic.AtomicMarkableReference
 941:             1             48  java.util.concurrent.locks.ReentrantReadWriteLock$FairSync
 942:             2             48  java.util.logging.Logger$LoggerBundle
 943:             1             48  java.util.regex.Pattern$GroupCurly
 944:             2             48  java.util.regex.Pattern$Neg
 945:             2             48  java.util.regex.Pattern$SliceI
 946:             3             48  org.apache.catalina.connector.CoyoteInputStream
 947:             3             48  org.apache.catalina.connector.RequestFacade
 948:             3             48  org.apache.catalina.connector.ResponseFacade
 949:             1             48  org.apache.catalina.mapper.MapperListener
 950:             3             48  org.apache.catalina.realm.RealmBase$AllRolesMode
 951:             3             48  org.apache.catalina.session.StandardSessionFacade
 952:             1             48  org.apache.catalina.startup.Catalina
 953:             1             48  org.apache.catalina.startup.HostConfig
 954:             2             48  org.apache.catalina.util.URLEncoder
 955:             3             48  org.apache.coyote.http11.Http11InputBuffer$SocketInputBuffer
 956:             3             48  org.apache.coyote.http11.Http11OutputBuffer$SocketOutputBuffer
 957:             3             48  org.apache.coyote.http11.filters.VoidInputFilter
 958:             3             48  org.apache.coyote.http11.filters.VoidOutputFilter
 959:             2             48  org.apache.naming.StringManager
 960:             3             48  org.apache.tomcat.util.buf.UDecoder
 961:             2             48  org.apache.tomcat.util.buf.UEncoder$SafeCharsSet
 962:             1             48  org.apache.tomcat.util.descriptor.web.SessionConfig
 963:             1             48  org.apache.tomcat.util.modeler.Registry
 964:             1             48  org.apache.tomcat.util.net.NioEndpoint$Poller
 965:             2             48  sun.management.ManagementFactoryHelper$1
 966:             2             48  sun.misc.NativeSignalHandler
 967:             2             48  sun.misc.URLClassPath$FileLoader
 968:             2             48  sun.nio.fs.NativeBuffer$Deallocator
 969:             2             48  sun.reflect.generics.scope.ClassScope
 970:             2             48  sun.security.jca.ProviderList
 971:             2             48  sun.security.jca.ProviderList$3
 972:             3             48  sun.security.provider.NativePRNG
 973:             2             48  sun.security.ssl.SSLAlgorithmConstraints
 974:             3             48  sun.security.util.DisabledAlgorithmConstraints$Constraints
 975:             1             48  sun.text.resources.FormatData
 976:             1             48  sun.text.resources.en.FormatData_en
 977:             1             48  sun.text.resources.en.FormatData_en_US
 978:             1             48  sun.util.resources.CalendarData
 979:             1             48  sun.util.resources.CurrencyNames
 980:             1             48  sun.util.resources.TimeZoneNames
 981:             1             48  sun.util.resources.en.CalendarData_en
 982:             1             48  sun.util.resources.en.CurrencyNames_en_US
 983:             1             48  sun.util.resources.en.TimeZoneNames_en
 984:             1             40  [Lcom.mysql.cj.conf.PropertyDefinitions$SslMode;
 985:             2             40  [Lcom.sun.jmx.mbeanserver.ClassLoaderRepositorySupport$LoaderEntry;
 986:             1             40  [Lcom.sun.org.apache.xerces.internal.util.Status;
 987:             1             40  [Ljava.lang.Thread$State;
 988:             1             40  [Ljava.lang.management.MemoryPoolMXBean;
 989:             1             40  [Ljava.time.format.SignStyle;
 990:             1             40  [Ljava.time.format.TextStyle;
 991:             1             40  [Ljava.util.stream.StreamOpFlag;
 992:             1             40  [Ljavax.servlet.http.MappingMatch;
 993:             1             40  [Lorg.apache.catalina.valves.AbstractAccessLogValve$FormatType;
 994:             1             40  [Lorg.apache.coyote.http11.Http11InputBuffer$HeaderParsePosition;
 995:             1             40  [Lorg.apache.juli.OneLineFormatter$MillisHandling;
 996:             1             40  [Lsun.security.util.DisabledAlgorithmConstraints$Constraint$Operator;
 997:             1             40  [Lsun.util.locale.provider.LocaleProviderAdapter$Type;
 998:             1             40  [[Ljava.lang.invoke.LambdaForm$Name;
 999:             1             40  com.mysql.cj.conf.HostInfo
1000:             1             40  com.mysql.cj.conf.url.SingleConnectionUrl
1001:             1             40  com.mysql.cj.protocol.ExportControlled$X509TrustManagerWrapper
1002:             1             40  com.mysql.cj.protocol.ReadAheadInputStream
1003:             1             40  com.sun.jmx.interceptor.DefaultMBeanServerInterceptor
1004:             1             40  com.sun.jmx.mbeanserver.JmxMBeanServer
1005:             1             40  com.sun.jmx.mbeanserver.MBeanServerDelegateImpl
1006:             1             40  com.sun.org.apache.xerces.internal.dom.CoreDOMImplementationImpl
1007:             1             40  com.sun.org.apache.xerces.internal.dom.DOMImplementationImpl
1008:             1             40  com.sun.org.apache.xml.internal.serialize.EncodingInfo
1009:             1             40  java.io.BufferedInputStream
1010:             1             40  java.lang.invoke.DirectMethodHandle$Constructor
1011:             1             40  java.lang.invoke.DirectMethodHandle$Interface
1012:             1             40  java.time.format.DateTimeFormatterBuilder
1013:             1             40  java.time.zone.ZoneRules
1014:             1             40  java.util.ResourceBundle$1
1015:             1             40  javax.servlet.MultipartConfigElement
1016:             1             40  org.apache.catalina.mbeans.ClassNameMBean
1017:             1             40  org.apache.catalina.mbeans.ConnectorMBean
1018:             1             40  org.apache.catalina.mbeans.ContextResourceMBean
1019:             1             40  org.apache.catalina.mbeans.ServiceMBean
1020:             1             40  org.apache.catalina.servlets.DefaultServlet$Range
1021:             1             40  org.apache.coyote.AbstractProtocol$RecycledProcessors
1022:             1             40  org.apache.coyote.CompressionConfig
1023:             1             40  sun.management.DiagnosticCommandImpl
1024:             1             40  sun.nio.cs.StandardCharsets$Aliases
1025:             1             40  sun.nio.cs.StandardCharsets$Cache
1026:             1             40  sun.nio.cs.StandardCharsets$Classes
1027:             1             40  sun.nio.cs.ext.ExtendedCharsets
1028:             1             40  sun.util.logging.resources.logging
1029:             1             32  [Lcom.mysql.cj.conf.ConnectionUrl$HostsCardinality;
1030:             1             32  [Lcom.mysql.cj.conf.PropertyDefinitions$AuthMech;
1031:             1             32  [Lcom.mysql.cj.conf.PropertyDefinitions$Compression;
1032:             1             32  [Lcom.mysql.cj.conf.PropertyDefinitions$XdevapiSslMode;
1033:             1             32  [Lcom.mysql.cj.conf.PropertyDefinitions$ZeroDatetimeBehavior;
1034:             1             32  [Lcom.mysql.cj.protocol.Resultset$Type;
1035:             1             32  [Lcom.mysql.cj.protocol.a.NativeConstants$StringSelfDataType;
1036:             1             32  [Lcom.sun.jndi.ldap.pool.Pool;
1037:             1             32  [Lcom.sun.org.apache.xerces.internal.utils.XMLSecurityManager$NameMap;
1038:             2             32  [Ljava.lang.Enum;
1039:             1             32  [Ljava.lang.OutOfMemoryError;
1040:             1             32  [Ljava.lang.ThreadGroup;
1041:             1             32  [Ljava.lang.management.MemoryManagerMXBean;
1042:             1             32  [Ljava.net.Proxy$Type;
1043:             1             32  [Ljava.time.format.DateTimeFormatterBuilder$SettingsParser;
1044:             1             32  [Ljava.time.format.ResolverStyle;
1045:             1             32  [Ljava.time.temporal.IsoFields$Field;
1046:             1             32  [Ljava.time.temporal.TemporalUnit;
1047:             1             32  [Ljava.util.stream.StreamShape;
1048:             1             32  [Lorg.apache.catalina.WebResourceRoot$ResourceSetType;
1049:             1             32  [Lorg.apache.catalina.authenticator.AuthenticatorBase$AllowCorsPreflight;
1050:             1             32  [Lorg.apache.catalina.filters.HttpHeaderSecurityFilter$XFrameOption;
1051:             1             32  [Lorg.apache.catalina.startup.ClassLoaderFactory$RepositoryType;
1052:             1             32  [Lorg.apache.coyote.ContinueResponseTiming;
1053:             1             32  [Lorg.apache.coyote.ErrorState;
1054:             1             32  [Lorg.apache.coyote.http11.Http11InputBuffer$HeaderParseStatus;
1055:             1             32  [Lorg.apache.jasper.TrimSpacesOption;
1056:             1             32  [Lorg.apache.tomcat.JarScanType;
1057:             1             32  [Lorg.apache.tomcat.util.buf.EncodedSolidusHandling;
1058:             1             32  [Lorg.apache.tomcat.util.http.ConcurrentDateFormat;
1059:             1             32  [Lorg.apache.tomcat.util.http.SameSiteCookies;
1060:             1             32  [Lorg.apache.tomcat.util.http.parser.SkipResult;
1061:             1             32  [Lorg.apache.tomcat.util.log.UserDataHelper$Config;
1062:             1             32  [Lorg.apache.tomcat.util.log.UserDataHelper$Mode;
1063:             1             32  [Lorg.apache.tomcat.util.net.AbstractEndpoint$BindState;
1064:             1             32  [Lorg.apache.tomcat.util.net.Acceptor$AcceptorState;
1065:             1             32  [Lorg.apache.tomcat.util.net.SendfileState;
1066:             1             32  [Lorg.apache.tomcat.websocket.pojo.PojoMethodMapping$MethodType;
1067:             1             32  [Lsun.security.provider.NativePRNG$Variant;
1068:             1             32  [Lsun.security.ssl.CipherSuite$CipherType;
1069:             1             32  [[Lcom.sun.org.apache.xerces.internal.impl.dtd.models.ContentModelValidator;
1070:             1             32  [[Lcom.sun.org.apache.xerces.internal.impl.dv.DatatypeValidator;
1071:             1             32  [[[Ljava.lang.String;
1072:             1             32  async.Stockticker
1073:             1             32  com.mysql.cj.conf.LongProperty
1074:             1             32  com.mysql.cj.jdbc.result.ResultSetFactory
1075:             2             32  com.mysql.cj.protocol.a.ColumnDefinitionReader
1076:             2             32  com.mysql.cj.protocol.a.NativeMessageBuilder
1077:             1             32  com.sun.jmx.mbeanserver.Repository
1078:             1             32  com.sun.org.apache.xerces.internal.impl.XMLEntityScanner$1
1079:             2             32  com.sun.org.apache.xerces.internal.impl.dv.dtd.DTDDVFactoryImpl
1080:             2             32  com.sun.org.apache.xerces.internal.impl.dv.dtd.ENTITYDatatypeValidator
1081:             2             32  com.sun.org.apache.xerces.internal.parsers.AbstractSAXParser$AttributesProxy
1082:             2             32  com.sun.org.apache.xerces.internal.util.EntityResolver2Wrapper
1083:             2             32  com.sun.org.apache.xerces.internal.util.ErrorHandlerWrapper
1084:             2             32  com.sun.proxy.$Proxy5
1085:             2             32  com.sun.proxy.$Proxy6
1086:             2             32  com.sun.proxy.$Proxy7
1087:             1             32  compressionFilters.CompressionFilter
1088:             1             32  java.io.UnixFileSystem
1089:             1             32  java.lang.ArithmeticException
1090:             2             32  java.lang.Boolean
1091:             1             32  java.lang.NullPointerException
1092:             2             32  java.lang.Shutdown$Lock
1093:             1             32  java.lang.reflect.WeakCache
1094:             1             32  java.lang.reflect.WeakCache$CacheKey
1095:             1             32  java.net.Inet6Address
1096:             1             32  java.net.Inet6Address$Inet6AddressHolder
1097:             2             32  java.nio.ByteOrder
1098:             2             32  java.nio.channels.spi.AbstractSelector$1
1099:             1             32  java.text.DontCareFieldPosition
1100:             1             32  java.time.format.DateTimeFormatterBuilder$FractionPrinterParser
1101:             2             32  java.time.format.DateTimeFormatterBuilder$StringLiteralPrinterParser
1102:             2             32  java.util.Collections$UnmodifiableCollection
1103:             2             32  java.util.concurrent.CountDownLatch
1104:             2             32  java.util.concurrent.Executors$FinalizableDelegatedExecutorService
1105:             1             32  java.util.concurrent.ScheduledThreadPoolExecutor$DelayedWorkQueue
1106:             1             32  java.util.logging.LogManager$SystemLoggerContext
1107:             1             32  javax.management.MBeanConstructorInfo
1108:             1             32  javax.servlet.jsp.tagext.TagVariableInfo
1109:             1             32  org.apache.catalina.authenticator.jaspic.AuthConfigFactoryImpl
1110:             1             32  org.apache.catalina.core.JreMemoryLeakPreventionListener
1111:             1             32  org.apache.catalina.mapper.Mapper
1112:             1             32  org.apache.catalina.mapper.Mapper$MappedHost
1113:             2             32  org.apache.catalina.realm.X509SubjectDnRetriever
1114:             1             32  org.apache.catalina.startup.Bootstrap
1115:             1             32  org.apache.catalina.startup.ContextConfig$DefaultWebXmlCacheEntry
1116:             1             32  org.apache.catalina.valves.AbstractAccessLogValve$DateAndTimeElement
1117:             1             32  org.apache.catalina.valves.AbstractAccessLogValve$DateFormatCache
1118:             1             32  org.apache.coyote.AbstractProtocol$ConnectionHandler
1119:             1             32  org.apache.tomcat.util.net.Acceptor
1120:             1             32  org.apache.tomcat.util.net.NioChannel$1
1121:             1             32  org.apache.tomcat.util.threads.LimitLatch
1122:             1             32  org.apache.tomcat.util.threads.LimitLatch$Sync
1123:             1             32  sun.misc.GC$LatencyRequest
1124:             2             32  sun.net.www.protocol.file.Handler
1125:             1             32  sun.nio.ch.ServerSocketAdaptor
1126:             2             32  sun.nio.ch.SocketDispatcher
1127:             2             32  sun.nio.ch.Util$3
1128:             1             32  sun.nio.cs.StandardCharsets
1129:             2             32  sun.nio.fs.LinuxFileSystemProvider
1130:             2             32  sun.security.ssl.SSLAlgorithmDecomposer
1131:             1             24  [Lcom.mysql.cj.conf.PropertyDefinitions$DatabaseTerm;
1132:             1             24  [Lcom.mysql.cj.protocol.Resultset$Concurrency;
1133:             1             24  [Lcom.mysql.cj.protocol.a.NativeConstants$StringLengthDataType;
1134:             1             24  [Lcom.sun.org.apache.xerces.internal.utils.XMLSecurityPropertyManager$Property;
1135:             1             24  [Ljava.io.File$PathStatus;
1136:             1             24  [Ljava.lang.ClassValue$Entry;
1137:             1             24  [Ljava.net.InetAddress$Cache$Type;
1138:             1             24  [Ljava.net.InetSocketAddress;
1139:             1             24  [Ljava.net.StandardProtocolFamily;
1140:             1             24  [Ljava.time.temporal.IsoFields$Unit;
1141:             1             24  [Ljava.util.Locale$Category;
1142:             1             24  [Lorg.apache.catalina.Service;
1143:             1             24  [Lorg.apache.catalina.connector.Connector;
1144:             1             24  [Lorg.apache.catalina.mapper.Mapper$MappedHost;
1145:             1             24  [Lorg.apache.catalina.valves.AbstractAccessLogValve$CachedElement;
1146:             1             24  [Lorg.apache.tomcat.util.buf.UEncoder$SafeCharsSet;
1147:             1             24  [Lsun.launcher.LauncherHelper;
1148:             1             24  com.mysql.cj.conf.ConnectionUrl$HostsCardinality$1
1149:             1             24  com.mysql.cj.conf.ConnectionUrl$HostsCardinality$2
1150:             1             24  com.mysql.cj.conf.ConnectionUrl$HostsCardinality$3
1151:             1             24  com.mysql.cj.jdbc.JdbcPropertySetImpl
1152:             1             24  com.mysql.cj.protocol.a.ResultsetRowReader
1153:             1             24  com.mysql.cj.protocol.a.SimplePacketReader
1154:             1             24  com.sun.jmx.mbeanserver.ClassLoaderRepositorySupport
1155:             1             24  com.sun.jmx.mbeanserver.MXBeanLookup
1156:             1             24  com.sun.jmx.remote.util.ClassLogger
1157:             1             24  com.sun.org.apache.xerces.internal.impl.Constants$ArrayEnumeration
1158:             1             24  com.sun.org.apache.xerces.internal.impl.dtd.XMLContentSpec
1159:             1             24  filters.ExampleFilter
1160:             1             24  java.io.ObjectStreamClass$ExceptionInfo
1161:             1             24  java.lang.ClassValue$Version
1162:             1             24  java.lang.Double
1163:             1             24  java.lang.invoke.MethodHandleImpl$4
1164:             1             24  java.lang.invoke.MethodType$ConcurrentWeakInternSet
1165:             1             24  java.net.Inet6AddressImpl
1166:             1             24  java.net.InetAddress
1167:             1             24  java.net.Proxy
1168:             1             24  java.net.ServerSocket
1169:             1             24  java.security.AllPermissionCollection
1170:             1             24  java.sql.DriverInfo
1171:             1             24  java.time.Period
1172:             1             24  java.time.format.DecimalStyle
1173:             1             24  java.time.temporal.IsoFields$Field$1
1174:             1             24  java.time.temporal.IsoFields$Field$2
1175:             1             24  java.time.temporal.IsoFields$Field$3
1176:             1             24  java.time.temporal.IsoFields$Field$4
1177:             1             24  java.time.zone.TzdbZoneRulesProvider
1178:             1             24  java.util.Collections$EmptyMap
1179:             1             24  java.util.Collections$SynchronizedList
1180:             1             24  java.util.Locale$Cache
1181:             1             24  java.util.ResourceBundle$Control$CandidateListCache
1182:             1             24  java.util.concurrent.CopyOnWriteArrayList$COWIterator
1183:             1             24  java.util.concurrent.TimeUnit$1
1184:             1             24  java.util.concurrent.TimeUnit$2
1185:             1             24  java.util.concurrent.TimeUnit$3
1186:             1             24  java.util.concurrent.TimeUnit$4
1187:             1             24  java.util.concurrent.TimeUnit$5
1188:             1             24  java.util.concurrent.TimeUnit$6
1189:             1             24  java.util.concurrent.TimeUnit$7
1190:             1             24  java.util.logging.LogManager$LoggerContext
1191:             1             24  java.util.logging.LoggingPermission
1192:             1             24  javax.net.ssl.KeyManagerFactory
1193:             1             24  javax.net.ssl.TrustManagerFactory
1194:             1             24  javax.websocket.CloseReason
1195:             1             24  org.apache.catalina.core.ThreadLocalLeakPreventionListener
1196:             1             24  org.apache.catalina.filters.RequestDumperFilter
1197:             1             24  org.apache.catalina.mapper.Mapper$ContextList
1198:             1             24  org.apache.catalina.security.SecurityConfig
1199:             1             24  org.apache.catalina.startup.CatalinaBaseConfigurationSource
1200:             1             24  org.apache.catalina.webresources.TomcatURLStreamHandlerFactory
1201:             1             24  org.apache.juli.FileHandler$1
1202:             1             24  org.apache.tomcat.util.buf.CharsetCache$DummyCharset
1203:             1             24  org.apache.tomcat.util.collections.ConcurrentCache
1204:             1             24  org.apache.tomcat.util.descriptor.web.JspConfigDescriptorImpl
1205:             1             24  org.apache.tomcat.util.file.ConfigurationSource$1
1206:             1             24  org.apache.tomcat.util.net.NioBlockingSelector
1207:             1             24  org.apache.tomcat.util.net.NioEndpoint$PollerEvent
1208:             1             24  org.apache.tomcat.util.net.SocketBufferHandler$1
1209:             1             24  org.apache.tomcat.websocket.WsExtension
1210:             1             24  sun.launcher.LauncherHelper
1211:             1             24  sun.management.CompilationImpl
1212:             1             24  sun.management.MemoryImpl
1213:             1             24  sun.management.OperatingSystemImpl
1214:             1             24  sun.management.RuntimeImpl
1215:             1             24  sun.management.ThreadImpl
1216:             1             24  sun.management.VMManagementImpl
1217:             1             24  sun.net.ProgressMonitor
1218:             1             24  sun.net.sdp.SdpProvider
1219:             1             24  sun.net.www.MimeTable
1220:             1             24  sun.nio.cs.IBM437
1221:             1             24  sun.nio.cs.IBM850
1222:             1             24  sun.nio.cs.IBM852
1223:             1             24  sun.nio.cs.IBM866
1224:             1             24  sun.nio.cs.ISO_8859_1
1225:             1             24  sun.nio.cs.ISO_8859_13
1226:             1             24  sun.nio.cs.ISO_8859_2
1227:             1             24  sun.nio.cs.ISO_8859_7
1228:             1             24  sun.nio.cs.ISO_8859_9
1229:             1             24  sun.nio.cs.KOI8_R
1230:             1             24  sun.nio.cs.MS1250
1231:             1             24  sun.nio.cs.MS1251
1232:             1             24  sun.nio.cs.MS1252
1233:             1             24  sun.nio.cs.MS1257
1234:             1             24  sun.nio.cs.ThreadLocalCoders$1
1235:             1             24  sun.nio.cs.ThreadLocalCoders$2
1236:             1             24  sun.nio.cs.US_ASCII
1237:             1             24  sun.nio.cs.UTF_16
1238:             1             24  sun.nio.cs.UTF_16BE
1239:             1             24  sun.nio.cs.UTF_16LE
1240:             1             24  sun.nio.cs.UTF_32
1241:             1             24  sun.nio.cs.UTF_8
1242:             1             24  sun.nio.cs.ext.Big5
1243:             1             24  sun.nio.cs.ext.EUC_CN
1244:             1             24  sun.nio.cs.ext.EUC_JP
1245:             1             24  sun.nio.cs.ext.EUC_JP_Open
1246:             1             24  sun.nio.cs.ext.EUC_KR
1247:             1             24  sun.nio.cs.ext.GB18030
1248:             1             24  sun.nio.cs.ext.GBK
1249:             1             24  sun.nio.cs.ext.IBM943
1250:             1             24  sun.nio.cs.ext.ISO_8859_8
1251:             1             24  sun.nio.cs.ext.MS1256
1252:             1             24  sun.nio.cs.ext.MS932
1253:             1             24  sun.nio.cs.ext.MacCentralEurope
1254:             1             24  sun.nio.cs.ext.MacRoman
1255:             1             24  sun.nio.cs.ext.SJIS
1256:             1             24  sun.nio.cs.ext.TIS_620
1257:             1             24  sun.security.provider.NativeSeedGenerator
1258:             1             24  sun.security.ssl.KeyManagerFactoryImpl$SunX509
1259:             1             24  sun.security.ssl.TrustManagerFactoryImpl$PKIXFactory
1260:             1             24  sun.security.util.DisabledAlgorithmConstraints$UsageConstraint
1261:             1             24  sun.security.util.DisabledAlgorithmConstraints$jdkCAConstraint
1262:             1             24  sun.util.locale.BaseLocale$Cache
1263:             1             24  sun.util.locale.provider.CalendarDataProviderImpl
1264:             1             24  sun.util.locale.provider.CalendarProviderImpl
1265:             1             24  sun.util.locale.provider.CurrencyNameProviderImpl
1266:             1             24  sun.util.locale.provider.DateFormatSymbolsProviderImpl
1267:             1             24  sun.util.locale.provider.DecimalFormatSymbolsProviderImpl
1268:             1             24  sun.util.locale.provider.NumberFormatProviderImpl
1269:             1             24  sun.util.locale.provider.TimeZoneNameProviderImpl
1270:             1             16  [Ljava.beans.EventSetDescriptor;
1271:             1             16  [Ljava.lang.Throwable;
1272:             1             16  [Ljava.lang.management.LockInfo;
1273:             1             16  [Ljava.lang.management.MonitorInfo;
1274:             1             16  [Ljava.nio.file.attribute.FileAttribute;
1275:             1             16  [Ljava.security.Provider;
1276:             1             16  [Ljava.security.cert.Certificate;
1277:             1             16  [Ljava.text.FieldPosition;
1278:             1             16  [Ljava.time.zone.ZoneOffsetTransitionRule;
1279:             1             16  [Ljava.util.logging.Handler;
1280:             1             16  [Lorg.apache.catalina.core.DefaultInstanceManager$AnnotationCacheEntry;
1281:             1             16  TPCW_Database$1
1282:             1             16  TPCW_home_interaction
1283:             1             16  async.AsyncStockContextListener
1284:             1             16  com.mysql.cj.jdbc.AbandonedConnectionCleanupThread
1285:             1             16  com.mysql.cj.jdbc.AbandonedConnectionCleanupThread$$Lambda$21/1002794072
1286:             1             16  com.mysql.cj.jdbc.Driver
1287:             1             16  com.mysql.cj.log.NullLogger
1288:             1             16  com.mysql.cj.log.StandardLogger
1289:             1             16  com.mysql.cj.protocol.AbstractProtocol$1
1290:             1             16  com.mysql.cj.protocol.AbstractProtocol$2
1291:             1             16  com.mysql.cj.protocol.ExportControlled$$Lambda$39/456533523
1292:             1             16  com.mysql.cj.protocol.ExportControlled$$Lambda$40/821245015
1293:             1             16  com.mysql.cj.protocol.ExportControlled$$Lambda$41/412956967
1294:             1             16  com.mysql.cj.protocol.ExportControlled$$Lambda$42/1852238806
1295:             1             16  com.mysql.cj.protocol.FullReadInputStream
1296:             1             16  com.mysql.cj.protocol.a.BinaryResultsetReader
1297:             1             16  com.mysql.cj.protocol.a.SimplePacketSender
1298:             1             16  com.mysql.cj.protocol.a.TextResultsetReader
1299:             1             16  com.sun.beans.WeakCache
1300:             1             16  com.sun.jmx.interceptor.DefaultMBeanServerInterceptor$ResourceContext$1
1301:             1             16  com.sun.jmx.mbeanserver.DefaultMXBeanMappingFactory
1302:             1             16  com.sun.jmx.mbeanserver.DescriptorCache
1303:             1             16  com.sun.jmx.mbeanserver.MBeanAnalyzer$MethodOrder
1304:             1             16  com.sun.jmx.mbeanserver.MBeanInstantiator
1305:             1             16  com.sun.jmx.mbeanserver.MXBeanIntrospector
1306:             1             16  com.sun.jmx.mbeanserver.SecureClassLoaderRepository
1307:             1             16  com.sun.naming.internal.VersionHelper12
1308:             1             16  com.sun.org.apache.xerces.internal.impl.XMLDocumentScannerImpl$DTDDriver
1309:             1             16  com.sun.org.apache.xerces.internal.impl.dv.dtd.IDDatatypeValidator
1310:             1             16  com.sun.org.apache.xerces.internal.impl.dv.dtd.IDREFDatatypeValidator
1311:             1             16  com.sun.org.apache.xerces.internal.impl.dv.dtd.NMTOKENDatatypeValidator
1312:             1             16  com.sun.org.apache.xerces.internal.impl.dv.dtd.NOTATIONDatatypeValidator
1313:             1             16  com.sun.org.apache.xerces.internal.impl.dv.dtd.StringDatatypeValidator
1314:             1             16  com.sun.org.apache.xerces.internal.utils.SecuritySupport
1315:             1             16  com.sun.proxy.$Proxy2
1316:             1             16  java.io.FileDescriptor$1
1317:             1             16  java.io.ObjectInputStream$$Lambda$17/1816756435
1318:             1             16  java.io.ObjectInputStream$$Lambda$18/432430300
1319:             1             16  java.io.ObjectInputStream$1
1320:             1             16  java.lang.ApplicationShutdownHooks$1
1321:             1             16  java.lang.CharacterDataLatin1
1322:             1             16  java.lang.ClassValue$Identity
1323:             1             16  java.lang.Float
1324:             1             16  java.lang.InheritableThreadLocal
1325:             1             16  java.lang.Runtime
1326:             1             16  java.lang.String$CaseInsensitiveComparator
1327:             1             16  java.lang.System$2
1328:             1             16  java.lang.Terminator$1
1329:             1             16  java.lang.invoke.MemberName$Factory
1330:             1             16  java.lang.invoke.MethodHandleImpl$2
1331:             1             16  java.lang.invoke.MethodHandleImpl$3
1332:             1             16  java.lang.management.PlatformComponent$1
1333:             1             16  java.lang.management.PlatformComponent$10
1334:             1             16  java.lang.management.PlatformComponent$11
1335:             1             16  java.lang.management.PlatformComponent$12
1336:             1             16  java.lang.management.PlatformComponent$13
1337:             1             16  java.lang.management.PlatformComponent$14
1338:             1             16  java.lang.management.PlatformComponent$15
1339:             1             16  java.lang.management.PlatformComponent$2
1340:             1             16  java.lang.management.PlatformComponent$3
1341:             1             16  java.lang.management.PlatformComponent$4
1342:             1             16  java.lang.management.PlatformComponent$5
1343:             1             16  java.lang.management.PlatformComponent$6
1344:             1             16  java.lang.management.PlatformComponent$7
1345:             1             16  java.lang.management.PlatformComponent$8
1346:             1             16  java.lang.management.PlatformComponent$9
1347:             1             16  java.lang.ref.Reference$1
1348:             1             16  java.lang.ref.Reference$Lock
1349:             1             16  java.lang.reflect.Proxy$KeyFactory
1350:             1             16  java.lang.reflect.Proxy$ProxyClassFactory
1351:             1             16  java.lang.reflect.ReflectAccess
1352:             1             16  java.math.BigDecimal$1
1353:             1             16  java.net.InetAddress$2
1354:             1             16  java.net.URLClassLoader$7
1355:             1             16  java.nio.Bits$1
1356:             1             16  java.nio.Bits$1$1
1357:             1             16  java.nio.charset.CoderResult$1
1358:             1             16  java.nio.charset.CoderResult$2
1359:             1             16  java.nio.file.Files$AcceptAllFilter
1360:             1             16  java.security.AllPermission
1361:             1             16  java.security.ProtectionDomain$2
1362:             1             16  java.security.ProtectionDomain$JavaSecurityAccessImpl
1363:             1             16  java.text.DontCareFieldPosition$1
1364:             1             16  java.text.MessageFormat$Field
1365:             1             16  java.time.chrono.AbstractChronology$$Lambda$2/1025370782
1366:             1             16  java.time.chrono.AbstractChronology$$Lambda$3/1104491692
1367:             1             16  java.time.chrono.AbstractChronology$$Lambda$4/974856099
1368:             1             16  java.time.chrono.IsoChronology
1369:             1             16  java.time.format.DateTimeFormatter$$Lambda$7/831660047
1370:             1             16  java.time.format.DateTimeFormatter$$Lambda$8/462567318
1371:             1             16  java.time.format.DateTimeFormatterBuilder$$Lambda$6/251433915
1372:             1             16  java.time.format.DateTimeFormatterBuilder$2
1373:             1             16  java.time.format.DateTimeFormatterBuilder$InstantPrinterParser
1374:             1             16  java.time.format.DateTimeTextProvider$1
1375:             1             16  java.time.temporal.TemporalQueries$$Lambda$10/2060958706
1376:             1             16  java.time.temporal.TemporalQueries$$Lambda$11/1548023239
1377:             1             16  java.time.temporal.TemporalQueries$$Lambda$12/1261741071
1378:             1             16  java.time.temporal.TemporalQueries$$Lambda$13/1135911059
1379:             1             16  java.time.temporal.TemporalQueries$$Lambda$14/941985775
1380:             1             16  java.time.temporal.TemporalQueries$$Lambda$15/113695400
1381:             1             16  java.time.temporal.TemporalQueries$$Lambda$9/100225590
1382:             1             16  java.util.Collections$EmptyEnumeration
1383:             1             16  java.util.Collections$EmptyIterator
1384:             1             16  java.util.Collections$EmptyList
1385:             1             16  java.util.Collections$EmptySet
1386:             1             16  java.util.Currency$CurrencyNameGetter
1387:             1             16  java.util.EnumMap$1
1388:             1             16  java.util.Hashtable$EntrySet
1389:             1             16  java.util.Hashtable$KeySet
1390:             1             16  java.util.Optional
1391:             1             16  java.util.ResourceBundle$Control
1392:             1             16  java.util.Spliterators$EmptySpliterator$OfDouble
1393:             1             16  java.util.Spliterators$EmptySpliterator$OfInt
1394:             1             16  java.util.Spliterators$EmptySpliterator$OfLong
1395:             1             16  java.util.Spliterators$EmptySpliterator$OfRef
1396:             1             16  java.util.TreeSet
1397:             1             16  java.util.WeakHashMap$KeySet
1398:             1             16  java.util.concurrent.ConcurrentHashMap$EntrySetView
1399:             1             16  java.util.concurrent.ThreadPoolExecutor$AbortPolicy
1400:             1             16  java.util.concurrent.atomic.AtomicReference
1401:             1             16  java.util.jar.JavaUtilJarAccessImpl
1402:             1             16  java.util.logging.LoggingProxyImpl
1403:             1             16  java.util.regex.Pattern$4
1404:             1             16  java.util.regex.Pattern$LastNode
1405:             1             16  java.util.regex.Pattern$Node
1406:             1             16  java.util.stream.Collectors$$Lambda$24/1238555391
1407:             1             16  java.util.stream.Collectors$$Lambda$25/1525319056
1408:             1             16  java.util.stream.Collectors$$Lambda$26/162865653
1409:             1             16  java.util.stream.Collectors$$Lambda$35/786337475
1410:             1             16  java.util.stream.Collectors$$Lambda$36/497997219
1411:             1             16  java.util.stream.Collectors$$Lambda$37/2117082976
1412:             1             16  java.util.stream.Collectors$$Lambda$38/979815473
1413:             1             16  java.util.zip.ZipFile$1
1414:             1             16  javax.management.JMX
1415:             1             16  javax.management.MBeanServerBuilder
1416:             1             16  javax.management.NotificationBroadcasterSupport$1
1417:             1             16  javax.servlet.http.RFC6265Validator
1418:             1             16  javax.xml.parsers.SecuritySupport
1419:             1             16  listeners.ContextListener
1420:             1             16  listeners.SessionListener
1421:             1             16  org.apache.catalina.connector.CoyoteAdapter
1422:             1             16  org.apache.catalina.connector.CoyoteAdapter$1
1423:             1             16  org.apache.catalina.connector.Request$1
1424:             1             16  org.apache.catalina.connector.Request$2
1425:             1             16  org.apache.catalina.connector.Request$3
1426:             1             16  org.apache.catalina.connector.Request$4
1427:             1             16  org.apache.catalina.connector.Request$5
1428:             1             16  org.apache.catalina.connector.Request$6
1429:             1             16  org.apache.catalina.connector.Request$7
1430:             1             16  org.apache.catalina.connector.Request$8
1431:             1             16  org.apache.catalina.connector.Request$9
1432:             1             16  org.apache.catalina.core.AprLifecycleListener
1433:             1             16  org.apache.catalina.core.ContainerBase$ContainerBackgroundProcessor
1434:             1             16  org.apache.catalina.core.ContainerBase$ContainerBackgroundProcessorMonitor
1435:             1             16  org.apache.catalina.core.StandardContext$1
1436:             1             16  org.apache.catalina.core.StandardServer$1
1437:             1             16  org.apache.catalina.core.StandardServer$2
1438:             1             16  org.apache.catalina.filters.RequestDumperFilter$1
1439:             1             16  org.apache.catalina.mbeans.GlobalResourcesLifecycleListener
1440:             1             16  org.apache.catalina.mbeans.MBeanFactory
1441:             1             16  org.apache.catalina.startup.ContextConfig$HostWebXmlCacheCleaner
1442:             1             16  org.apache.catalina.startup.EngineConfig
1443:             1             16  org.apache.catalina.startup.VersionLoggerListener
1444:             1             16  org.apache.catalina.valves.AbstractAccessLogValve$1
1445:             1             16  org.apache.catalina.valves.AbstractAccessLogValve$2
1446:             1             16  org.apache.catalina.valves.AbstractAccessLogValve$ByteSentElement
1447:             1             16  org.apache.catalina.valves.AbstractAccessLogValve$HostElement
1448:             1             16  org.apache.catalina.valves.AbstractAccessLogValve$HttpStatusCodeElement
1449:             1             16  org.apache.catalina.valves.AbstractAccessLogValve$LogicalUserNameElement
1450:             1             16  org.apache.catalina.valves.AbstractAccessLogValve$RequestElement
1451:             1             16  org.apache.catalina.valves.AbstractAccessLogValve$UserElement
1452:             1             16  org.apache.coyote.AbstractProtocol$1
1453:             1             16  org.apache.coyote.AbstractProtocol$2
1454:             1             16  org.apache.jasper.runtime.JspFactoryImpl
1455:             1             16  org.apache.juli.ClassLoaderLogManager$1
1456:             1             16  org.apache.juli.OneLineFormatter$1
1457:             1             16  org.apache.juli.logging.LogFactory
1458:             1             16  org.apache.naming.NameParserImpl
1459:             1             16  org.apache.tomcat.util.buf.CharsetCache
1460:             1             16  org.apache.tomcat.util.buf.MessageBytes$MessageBytesFactory
1461:             1             16  org.apache.tomcat.util.buf.StringCache
1462:             1             16  org.apache.tomcat.util.compat.JreCompat
1463:             1             16  org.apache.tomcat.util.descriptor.web.JspPropertyGroupDescriptorImpl
1464:             1             16  org.apache.tomcat.util.http.CookieProcessorBase$1
1465:             1             16  org.apache.tomcat.util.http.parser.MediaTypeCache
1466:             1             16  org.apache.tomcat.util.modeler.ManagedBean$$Lambda$16/121295574
1467:             1             16  org.apache.tomcat.util.net.NioBlockingSelector$KeyReference
1468:             1             16  org.apache.tomcat.util.net.SocketWrapperBase$1
1469:             1             16  org.apache.tomcat.util.net.SocketWrapperBase$2
1470:             1             16  org.apache.tomcat.util.net.SocketWrapperBase$3
1471:             1             16  org.apache.tomcat.util.threads.ScheduledThreadPoolExecutor
1472:             1             16  org.apache.tomcat.util.threads.ThreadPoolExecutor$RejectHandler
1473:             1             16  org.apache.tomcat.websocket.server.DefaultServerEndpointConfigurator
1474:             1             16  sun.management.ClassLoadingImpl
1475:             1             16  sun.management.HotSpotDiagnostic
1476:             1             16  sun.management.ManagementFactoryHelper$PlatformLoggingImpl
1477:             1             16  sun.misc.ASCIICaseInsensitiveComparator
1478:             1             16  sun.misc.FloatingDecimal$1
1479:             1             16  sun.misc.GC$LatencyLock
1480:             1             16  sun.misc.Launcher
1481:             1             16  sun.misc.Launcher$Factory
1482:             1             16  sun.misc.ObjectInputFilter$Config$$Lambda$19/532048323
1483:             1             16  sun.misc.Perf
1484:             1             16  sun.misc.Unsafe
1485:             1             16  sun.net.DefaultProgressMeteringPolicy
1486:             1             16  sun.net.ExtendedOptionsImpl$$Lambda$20/1681690089
1487:             1             16  sun.net.spi.DefaultProxySelector
1488:             1             16  sun.net.www.protocol.jar.JarFileFactory
1489:             1             16  sun.nio.ch.EPollSelectorProvider
1490:             1             16  sun.nio.ch.ExtendedSocketOption$1
1491:             1             16  sun.nio.ch.FileChannelImpl$1
1492:             1             16  sun.nio.ch.Net$1
1493:             1             16  sun.nio.ch.Util$1
1494:             1             16  sun.reflect.GeneratedConstructorAccessor1
1495:             1             16  sun.reflect.GeneratedConstructorAccessor2
1496:             1             16  sun.reflect.GeneratedConstructorAccessor3
1497:             1             16  sun.reflect.GeneratedConstructorAccessor4
1498:             1             16  sun.reflect.GeneratedConstructorAccessor5
1499:             1             16  sun.reflect.GeneratedConstructorAccessor6
1500:             1             16  sun.reflect.GeneratedConstructorAccessor7
1501:             1             16  sun.reflect.GeneratedConstructorAccessor8
1502:             1             16  sun.reflect.GeneratedMethodAccessor1
1503:             1             16  sun.reflect.GeneratedMethodAccessor10
1504:             1             16  sun.reflect.GeneratedMethodAccessor11
1505:             1             16  sun.reflect.GeneratedMethodAccessor12
1506:             1             16  sun.reflect.GeneratedMethodAccessor13
1507:             1             16  sun.reflect.GeneratedMethodAccessor14
1508:             1             16  sun.reflect.GeneratedMethodAccessor15
1509:             1             16  sun.reflect.GeneratedMethodAccessor16
1510:             1             16  sun.reflect.GeneratedMethodAccessor17
1511:             1             16  sun.reflect.GeneratedMethodAccessor18
1512:             1             16  sun.reflect.GeneratedMethodAccessor19
1513:             1             16  sun.reflect.GeneratedMethodAccessor2
1514:             1             16  sun.reflect.GeneratedMethodAccessor20
1515:             1             16  sun.reflect.GeneratedMethodAccessor21
1516:             1             16  sun.reflect.GeneratedMethodAccessor22
1517:             1             16  sun.reflect.GeneratedMethodAccessor23
1518:             1             16  sun.reflect.GeneratedMethodAccessor24
1519:             1             16  sun.reflect.GeneratedMethodAccessor25
1520:             1             16  sun.reflect.GeneratedMethodAccessor26
1521:             1             16  sun.reflect.GeneratedMethodAccessor27
1522:             1             16  sun.reflect.GeneratedMethodAccessor28
1523:             1             16  sun.reflect.GeneratedMethodAccessor29
1524:             1             16  sun.reflect.GeneratedMethodAccessor3
1525:             1             16  sun.reflect.GeneratedMethodAccessor30
1526:             1             16  sun.reflect.GeneratedMethodAccessor31
1527:             1             16  sun.reflect.GeneratedMethodAccessor32
1528:             1             16  sun.reflect.GeneratedMethodAccessor33
1529:             1             16  sun.reflect.GeneratedMethodAccessor34
1530:             1             16  sun.reflect.GeneratedMethodAccessor35
1531:             1             16  sun.reflect.GeneratedMethodAccessor36
1532:             1             16  sun.reflect.GeneratedMethodAccessor37
1533:             1             16  sun.reflect.GeneratedMethodAccessor38
1534:             1             16  sun.reflect.GeneratedMethodAccessor4
1535:             1             16  sun.reflect.GeneratedMethodAccessor5
1536:             1             16  sun.reflect.GeneratedMethodAccessor6
1537:             1             16  sun.reflect.GeneratedMethodAccessor7
1538:             1             16  sun.reflect.GeneratedMethodAccessor8
1539:             1             16  sun.reflect.GeneratedMethodAccessor9
1540:             1             16  sun.reflect.GeneratedSerializationConstructorAccessor1
1541:             1             16  sun.reflect.GeneratedSerializationConstructorAccessor2
1542:             1             16  sun.reflect.GeneratedSerializationConstructorAccessor3
1543:             1             16  sun.reflect.GeneratedSerializationConstructorAccessor4
1544:             1             16  sun.reflect.ReflectionFactory
1545:             1             16  sun.reflect.generics.tree.TypeVariableSignature
1546:             1             16  sun.security.util.AlgorithmDecomposer
1547:             1             16  sun.security.util.ByteArrayLexOrder
1548:             1             16  sun.security.util.ByteArrayTagOrder
1549:             1             16  sun.util.calendar.Gregorian
1550:             1             16  sun.util.locale.provider.AuxLocaleProviderAdapter$NullProvider
1551:             1             16  sun.util.locale.provider.CalendarDataUtility$CalendarWeekParameterGetter
1552:             1             16  sun.util.locale.provider.SPILocaleProviderAdapter
1553:             1             16  sun.util.locale.provider.TimeZoneNameUtility$TimeZoneNameGetter
1554:             1             16  sun.util.resources.LocaleData
1555:             1             16  sun.util.resources.LocaleData$LocaleDataResourceBundleControl
1556:             1             16  websocket.drawboard.DrawboardContextListener
Total        198417       25803352
, 0.0054577 secs]
22.394: [pre compact{Heap before GC invocations=2 (full 1):
 PSYoungGen      total 305152K, used 25102K [0x000000066bd00000, 0x0000000681180000, 0x00000007c0000000)
  eden space 261632K, 0% used [0x000000066bd00000,0x000000066bd00000,0x000000067bc80000)
  from space 43520K, 57% used [0x000000067bc80000,0x000000067d503a48,0x000000067e700000)
  to   space 43520K, 0% used [0x000000067e700000,0x000000067e700000,0x0000000681180000)
 ParOldGen       total 697856K, used 96K [0x00000003c3600000, 0x00000003edf80000, 0x000000066bd00000)
  object space 697856K, 0% used [0x00000003c3600000,0x00000003c3618010,0x00000003edf80000)
 Metaspace       used 20762K, capacity 21214K, committed 21296K, reserved 1069056K
  class space    used 2242K, capacity 2404K, committed 2432K, reserved 1048576K
, 0.0000179 secs]
GCTaskManager::set_active_gang(): all_workers_active()  1  workers 8  active  8  ParallelGCThreads 8 
JT: 3  workers 8  active  8  idle 0  more 0
22.394: [Full GC (Metadata GC Threshold) 22.394: [marking phase22.394: [par mark, 0.0033825 secs]
22.397: [reference processing22.397: [SoftReference, 0 refs, 0.0000059 secs]22.397: [WeakReference, 373 refs, 0.0000190 secs]22.397: [FinalReference, 36 refs, 0.0000058 secs]22.397: [PhantomReference, 0 refs, 4 refs, 0.0000046 secs]22.397: [JNI Weak Reference, 0.0000087 secs], 0.0000683 secs]
22.398: [class unloading, 0.0034805 secs]
, 0.0069775 secs]
22.401: [summary phase, 0.0000079 secs]
22.401: [adjust roots, 0.0063689 secs]
22.407: [compaction phase22.407: [drain task setup, 0.0000049 secs]
22.407: [dense prefix task setup, 0.0000039 secs]
22.407: [steal task setup, 0.0000042 secs]
22.407: [par compactDrainStacksCompactionTask::do_it which = 1 which_stack_index = 1/empty(0) use all workers 1
DrainStacksCompactionTask::do_it which = 2 which_stack_index = 2/empty(0) use all workers 1
DrainStacksCompactionTask::do_it which = 0 which_stack_index = 0/empty(0) use all workers 1
DrainStacksCompactionTask::do_it which = 6 which_stack_index = 6/empty(0) use all workers 1
DrainStacksCompactionTask::do_it which = 7 which_stack_index = 7/empty(0) use all workers 1
DrainStacksCompactionTask::do_it which = 5 which_stack_index = 5/empty(0) use all workers 1
DrainStacksCompactionTask::do_it which = 3 which_stack_index = 3/empty(0) use all workers 1
DrainStacksCompactionTask::do_it which = 4 which_stack_index = 4/empty(0) use all workers 1
StealRegionCompactionTask::do_it region_stack_index 0 region_stack = 0xbc07d230  empty (1) use all workers 1
StealRegionCompactionTask::do_it region_stack_index 7 region_stack = 0xbc07d620  empty (1) use all workers 1
StealRegionCompactionTask::do_it region_stack_index 3 region_stack = 0xbc07d3e0  empty (1) use all workers 1
StealRegionCompactionTask::do_it region_stack_index 1 region_stack = 0xbc07d2c0  empty (1) use all workers 1
StealRegionCompactionTask::do_it region_stack_index 2 region_stack = 0xbc07d350  empty (1) use all workers 1
StealRegionCompactionTask::do_it region_stack_index 4 region_stack = 0xbc07d470  empty (1) use all workers 1
StealRegionCompactionTask::do_it region_stack_index 6 region_stack = 0xbc07d590  empty (1) use all workers 1
StealRegionCompactionTask::do_it region_stack_index 5 region_stack = 0xbc07d500  empty (1) use all workers 1
, 0.0234006 secs]
22.431: [deferred updates, 0.0000139 secs]
, 0.0235413 secs]
22.431: [post compact, 0.0004471 secs]
AdaptiveSizeStart: 22.431 collection: 2 
PSAdaptiveSizePolicy::compute_eden_space_size: costs minor_time: 0.001143 major_cost: 0.001668 mutator_cost: 0.997189 throughput_goal: 0.990000 live_space: 281287968 free_space: 535822336 old_eden_size: 267911168 desired_eden_size: 267911168
PSAdaptiveSizePolicy::compute_old_gen_free_space: costs minor_time: 0.001143 major_cost: 0.001668 mutator_cost: 0.997189 throughput_goal: 0.990000 live_space: 305810048 free_space: 535822336 old_promo_size: 267911168 desired_promo_size: 267911168
AdaptiveSizePolicy::old generation size: collection: 2 (714604544) -> (292552704) 
AdaptiveSizeStop: collection: 2 
[PSYoungGen: 25102K->0K(305152K)] [ParOldGen: 96K->23947K(285696K)] 25198K->23947K(590848K), [Metaspace: 20762K->20762K(1069056K)], 0.0375585 secs] [Times: user=0.06 sys=0.11, real=0.04 secs] 
Heap after GC invocations=2 (full 1):
 PSYoungGen      total 305152K, used 0K [0x000000066bd00000, 0x0000000681180000, 0x00000007c0000000)
  eden space 261632K, 0% used [0x000000066bd00000,0x000000066bd00000,0x000000067bc80000)
  from space 43520K, 0% used [0x000000067bc80000,0x000000067bc80000,0x000000067e700000)
  to   space 43520K, 0% used [0x000000067e700000,0x000000067e700000,0x0000000681180000)
 ParOldGen       total 285696K, used 23947K [0x00000003c3600000, 0x00000003d4d00000, 0x000000066bd00000)
  object space 285696K, 8% used [0x00000003c3600000,0x00000003c4d62d60,0x00000003d4d00000)
 Metaspace       used 20762K, capacity 21214K, committed 21296K, reserved 1069056K
  class space    used 2242K, capacity 2404K, committed 2432K, reserved 1048576K
}
VM-Thread 22394018000 22407396100 22431570100
22.432: [Class Histogram (after full gc): 
 num     #instances         #bytes  class name
----------------------------------------------
   1:          8944       14153576  [B
   2:         34540        4273600  [C
   3:         34307         823368  java.lang.String
   4:         18904         604928  java.util.HashMap$Node
   5:          6158         541904  java.lang.reflect.Method
   6:          3710         419648  java.lang.Class
   7:          5074         290608  [Ljava.lang.Object;
   8:          8953         286496  java.util.concurrent.ConcurrentHashMap$Node
   9:          6055         242200  java.lang.ref.Finalizer
  10:          1022         210968  [Ljava.util.HashMap$Node;
  11:          2534         141904  java.util.zip.ZipFile$ZipFileInflaterInputStream
  12:          2534         141904  java.util.zip.ZipFile$ZipFileInputStream
  13:          4813         103152  [Ljava.lang.Class;
  14:          2114          97752  [I
  15:           262          84224  [Ljava.util.concurrent.ConcurrentHashMap$Node;
  16:          1747          83856  java.util.HashMap
  17:          5183          82928  java.lang.Object
  18:          1152          79352  [Ljava.lang.String;
  19:          1820          72800  java.util.LinkedHashMap$Entry
  20:           430          52592  [Ljava.lang.reflect.Method;
  21:           942          45216  org.apache.tomcat.util.modeler.AttributeInfo
  22:          1732          41568  java.util.ArrayList
  23:           498          39840  java.lang.reflect.Constructor
  24:           954          38160  java.util.TreeMap$Entry
  25:           522          37584  java.lang.reflect.Field
  26:          1164          37248  java.util.Hashtable$Entry
  27:           722          34656  java.util.concurrent.locks.ReentrantReadWriteLock$NonfairSync
  28:           481          34632  java.util.logging.Logger
  29:          1407          33768  java.util.LinkedList$Node
  30:           337          29600  [Ljava.util.Hashtable$Entry;
  31:           723          28920  java.lang.ref.SoftReference
  32:           901          28832  java.util.concurrent.locks.ReentrantLock$NonfairSync
  33:           428          27392  java.util.concurrent.ConcurrentHashMap
  34:           485          27160  java.lang.Class$ReflectionData
  35:           279          25392  [Ljava.util.WeakHashMap$Entry;
  36:           489          23472  java.util.logging.LogManager$LoggerWeakRef
  37:           885          21240  java.util.concurrent.CopyOnWriteArrayList
  38:           661          21152  javax.management.MBeanAttributeInfo
  39:           572          18304  java.lang.ref.WeakReference
  40:           438          17520  java.math.BigInteger
  41:           723          17352  java.util.concurrent.locks.ReentrantReadWriteLock
  42:           701          16824  javax.management.ObjectName$Property
  43:           345          16560  org.apache.tomcat.util.modeler.OperationInfo
  44:           187          16456  org.apache.catalina.webresources.CachedResource
  45:           290          16240  java.lang.invoke.MemberName
  46:           180          15840  org.apache.catalina.session.StandardSession
  47:           330          15840  org.apache.tomcat.util.digester.CallMethodRule
  48:           464          14848  java.io.FileDescriptor
  49:           365          14600  java.util.WeakHashMap$Entry
  50:           901          14416  java.util.concurrent.locks.ReentrantLock
  51:           449          14368  java.io.FileInputStream
  52:           256          14336  sun.nio.cs.UTF_8$Encoder
  53:           357          14280  javax.servlet.jsp.tagext.TagAttributeInfo
  54:           290          13920  java.util.Hashtable
  55:           171          13680  sun.net.www.protocol.jar.URLJarFile
  56:           276          13248  java.util.WeakHashMap
  57:           275          13200  java.util.zip.Inflater
  58:           383          12832  [Ljavax.management.ObjectName$Property;
  59:            51          12648  org.apache.catalina.core.StandardWrapper
  60:           526          12624  java.util.jar.Attributes$Name
  61:            86          12552  [Z
  62:           521          12504  java.lang.Long
  63:             3          12336  [Ljava.nio.ByteBuffer;
  64:           490          11760  org.apache.juli.ClassLoaderLogManager$LogNode
  65:           723          11568  java.util.concurrent.locks.ReentrantReadWriteLock$ReadLock
  66:           723          11568  java.util.concurrent.locks.ReentrantReadWriteLock$Sync$ThreadLocalHoldCounter
  67:           723          11568  java.util.concurrent.locks.ReentrantReadWriteLock$WriteLock
  68:           698          11168  java.util.HashMap$Values
  69:           341          10912  sun.misc.FDBigInteger
  70:           266          10640  javax.management.MBeanOperationInfo
  71:           311           9952  com.sun.org.apache.xerces.internal.xni.QName
  72:           244           9760  sun.nio.cs.UTF_8$Decoder
  73:           303           9696  java.lang.ref.ReferenceQueue
  74:           284           9088  java.lang.invoke.MethodType$ConcurrentWeakInternSet$WeakEntry
  75:           214           8560  java.lang.invoke.MethodType
  76:           132           8448  java.net.URL
  77:           263           8416  java.lang.invoke.LambdaForm$Name
  78:             1           8208  [Lcom.mysql.cj.MysqlCharset;
  79:           333           7992  org.apache.catalina.loader.ResourceEntry
  80:           192           7680  javax.management.ObjectName
  81:           239           7648  java.util.zip.ZipCoder
  82:           237           7584  org.apache.tomcat.util.modeler.ParameterInfo
  83:             7           7280  [[C
  84:           345           7088  [Lorg.apache.tomcat.util.modeler.ParameterInfo;
  85:           216           6912  java.io.File
  86:           213           6816  com.mysql.cj.conf.PropertyKey
  87:           213           6816  javax.management.MBeanParameterInfo
  88:           275           6600  java.util.zip.ZStreamRef
  89:           136           6528  org.apache.catalina.webresources.FileResource
  90:           400           6400  java.lang.Integer
  91:           266           6384  java.beans.PropertyChangeSupport
  92:           264           6232  [Ljava.lang.reflect.Constructor;
  93:           110           6160  java.util.LinkedHashMap
  94:           102           6120  [Ljava.lang.ref.SoftReference;
  95:           108           6048  org.apache.tomcat.util.descriptor.tld.TagXml
  96:           106           5936  com.mysql.cj.conf.BooleanPropertyDefinition
  97:           239           5736  java.util.ArrayDeque
  98:            88           5672  [Ljavax.management.MBeanAttributeInfo;
  99:           101           5656  java.lang.Package
 100:           116           5568  org.apache.tomcat.util.buf.ByteChunk
 101:           221           5304  sun.reflect.NativeConstructorAccessorImpl
 102:           323           5168  org.apache.juli.logging.DirectJDKLog
 103:           305           4880  java.lang.ref.ReferenceQueue$Lock
 104:            37           4864  [S
 105:           202           4848  java.io.ExpiringCache$Entry
 106:           100           4800  org.apache.tomcat.util.buf.CharChunk
 107:           198           4752  java.util.concurrent.ConcurrentHashMap$KeySetView
 108:            97           4656  org.apache.tomcat.util.buf.MessageBytes
 109:           145           4640  java.util.Vector
 110:            12           4608  org.apache.tomcat.util.threads.TaskThread
 111:           191           4584  com.sun.jmx.mbeanserver.NamedObject
 112:           191           4584  javax.management.ImmutableDescriptor
 113:            51           4488  org.apache.catalina.core.StandardWrapperValve
 114:            93           4464  java.lang.invoke.LambdaForm
 115:            46           4416  java.util.jar.JarFile$JarFileEntry
 116:            68           4352  java.util.jar.JarFile
 117:            98           4320  [Ljava.lang.invoke.LambdaForm$Name;
 118:           179           4296  java.security.Provider$ServiceKey
 119:           266           4256  java.beans.PropertyChangeSupport$PropertyChangeListenerMap
 120:            87           4176  javax.management.MBeanInfo
 121:           130           4160  com.sun.jmx.mbeanserver.ConvertingMethod
 122:            11           4136  java.lang.Thread
 123:           256           4096  java.lang.Byte
 124:           256           4096  java.lang.Short
 125:            73           4088  java.security.Provider$Service
 126:           163           4032  [Ljavax.management.MBeanParameterInfo;
 127:            70           3920  org.apache.tomcat.util.modeler.ManagedBean
 128:           122           3904  java.lang.invoke.DirectMethodHandle
 129:            27           3888  java.text.DecimalFormat
 130:            97           3880  java.io.ObjectStreamField
 131:             7           3808  org.apache.catalina.core.StandardContext
 132:           229           3664  sun.reflect.DelegatingConstructorAccessorImpl
 133:            91           3640  org.apache.tomcat.util.modeler.BaseModelMBean
 134:            18           3616  [Lcom.sun.org.apache.xerces.internal.xni.QName;
 135:            50           3600  sun.reflect.DelegatingClassLoader
 136:           106           3392  com.mysql.cj.conf.BooleanProperty
 137:            83           3320  java.security.ProtectionDomain
 138:            72           3280  [Ljava.lang.reflect.Field;
 139:           135           3240  sun.reflect.NativeMethodAccessorImpl
 140:            57           3192  com.mysql.cj.conf.StringPropertyDefinition
 141:            57           3192  java.util.ResourceBundle$CacheKey
 142:           198           3168  java.util.concurrent.atomic.AtomicInteger
 143:            56           3136  java.lang.invoke.MethodTypeForm
 144:            28           2912  [Ljava.lang.invoke.MethodHandle;
 145:            26           2912  java.util.GregorianCalendar
 146:            45           2880  javax.management.openmbean.OpenMBeanAttributeInfoSupport
 147:           179           2864  java.util.HashSet
 148:           119           2856  java.lang.invoke.LambdaForm$NamedFunction
 149:            49           2848  [J
 150:           173           2768  sun.reflect.DelegatingMethodAccessorImpl
 151:            57           2736  java.util.ResourceBundle$BundleReference
 152:            78           2648  [Ljavax.management.MBeanOperationInfo;
 153:            82           2624  java.security.CodeSource
 154:            54           2592  sun.net.www.MimeEntry
 155:           137           2568  [Lcom.sun.jmx.mbeanserver.MXBeanMapping;
 156:            53           2544  java.nio.HeapByteBuffer
 157:            26           2496  sun.util.calendar.Gregorian$Date
 158:           152           2432  java.util.HashMap$KeySet
 159:            60           2400  org.apache.catalina.core.StandardPipeline
 160:            39           2184  sun.misc.URLClassPath$JarLoader
 161:            53           2120  org.apache.catalina.mbeans.ContainerMBean
 162:            53           2120  sun.security.ec.NamedCurve
 163:            37           2072  org.apache.tomcat.util.res.StringManager$1
 164:           128           2048  java.lang.Character
 165:            31           1984  com.mysql.cj.conf.IntegerPropertyDefinition
 166:            41           1968  sun.util.locale.LocaleObjectCache$CacheEntry
 167:            57           1824  com.mysql.cj.conf.StringProperty
 168:            57           1824  java.util.ResourceBundle$LoaderReference
 169:            55           1760  java.util.regex.Pattern$Curly
 170:            73           1752  com.sun.org.apache.xerces.internal.util.XMLStringBuffer
 171:            27           1728  java.text.DateFormatSymbols
 172:            27           1728  java.text.DecimalFormatSymbols
 173:            36           1728  java.util.Properties
 174:            53           1696  java.security.spec.EllipticCurve
 175:            26           1664  java.text.SimpleDateFormat
 176:            69           1656  java.util.concurrent.atomic.AtomicLong
 177:            23           1656  java.util.regex.Pattern
 178:            41           1640  java.util.PropertyResourceBundle
 179:             3           1632  [[B
 180:            29           1624  sun.util.calendar.ZoneInfo
 181:            16           1616  [[Ljava.lang.String;
 182:            40           1600  java.security.AccessControlContext
 183:            39           1560  java.math.BigDecimal
 184:            63           1512  java.util.regex.Pattern$GroupTail
 185:            62           1488  com.sun.org.apache.xerces.internal.xni.XMLString
 186:            62           1488  java.util.regex.Pattern$GroupHead
 187:            46           1472  java.lang.ThreadLocal$ThreadLocalMap$Entry
 188:            30           1440  java.time.temporal.ValueRange
 189:            60           1440  org.apache.tomcat.util.threads.InlineExecutorService
 190:            59           1416  java.security.Provider$UString
 191:            59           1416  javax.management.NotificationBroadcasterSupport
 192:            59           1416  org.apache.catalina.mapper.Mapper$MappedWrapper
 193:            35           1400  org.apache.tomcat.util.digester.CallParamRule
 194:             1           1376  [Lsun.misc.FDBigInteger;
 195:            42           1344  com.mysql.cj.ServerVersion
 196:            28           1344  com.sun.org.apache.xerces.internal.util.XMLAttributesImpl$Attribute
 197:            56           1344  java.time.LocalDateTime
 198:            83           1328  [Ljava.security.Principal;
 199:            83           1328  java.security.ProtectionDomain$Key
 200:            41           1312  com.mysql.cj.MysqlCharset
 201:            54           1296  java.security.spec.ECPoint
 202:            54           1296  org.apache.catalina.webresources.EmptyResource
 203:            39           1280  [Ljava.math.BigInteger;
 204:            51           1224  org.apache.catalina.core.StandardWrapperFacade
 205:            50           1200  java.lang.Class$AnnotationData
 206:            30           1200  java.time.temporal.ChronoField
 207:            25           1200  java.util.TreeMap
 208:            37           1184  org.apache.catalina.util.ManifestResource
 209:            70           1120  [Lorg.apache.tomcat.util.modeler.NotificationInfo;
 210:            35           1120  java.lang.invoke.BoundMethodHandle$Species_L
 211:             7           1120  org.apache.catalina.session.StandardManager
 212:            46           1104  com.sun.org.apache.xerces.internal.util.SymbolTable$Entry
 213:            46           1104  org.apache.coyote.ActionCode
 214:            27           1080  java.text.DigitList
 215:             9           1080  org.apache.tomcat.util.digester.Digester
 216:             1           1040  [Lcom.sun.org.apache.xerces.internal.impl.dtd.models.ContentModelValidator;
 217:             1           1040  [Lcom.sun.org.apache.xerces.internal.impl.dv.DatatypeValidator;
 218:             1           1040  [Ljava.lang.Byte;
 219:             1           1040  [Ljava.lang.Integer;
 220:             1           1040  [Ljava.lang.Long;
 221:             1           1040  [Ljava.lang.Short;
 222:            63           1008  java.util.Collections$UnmodifiableSet
 223:             7           1008  org.apache.catalina.loader.ParallelWebappClassLoader
 224:            56            992  [Ljavax.management.MBeanNotificationInfo;
 225:            31            992  com.mysql.cj.conf.IntegerProperty
 226:            31            992  java.util.regex.Pattern$Branch
 227:            31            960  [Ljava.io.ObjectStreamField;
 228:            30            960  com.sun.org.apache.xerces.internal.util.AugmentationsImpl$SmallContainer
 229:            30            960  java.security.Provider$EngineDescription
 230:            40            960  java.util.regex.Pattern$Slice
 231:            10            928  [Ljava.lang.ThreadLocal$ThreadLocalMap$Entry;
 232:            29            928  org.apache.tomcat.util.digester.ObjectCreateRule
 233:            28            896  org.apache.tomcat.util.digester.SetNextRule
 234:            37            888  java.time.LocalDate
 235:            37            888  org.apache.tomcat.util.res.StringManager
 236:             1            872  [Lcom.mysql.cj.conf.PropertyKey;
 237:            28            864  [Ljava.security.ProtectionDomain;
 238:            27            864  java.util.RegularEnumSet
 239:            36            864  java.util.regex.Pattern$Ctype
 240:            36            864  org.apache.naming.NamingEntry
 241:            36            864  org.apache.tomcat.util.digester.ArrayStack
 242:            27            856  [Ljava.time.format.DateTimeFormatterBuilder$DateTimePrinterParser;
 243:             2            848  [Lcom.sun.org.apache.xerces.internal.util.SymbolTable$Entry;
 244:            52            840  [Ljavax.management.MBeanConstructorInfo;
 245:            15            840  javax.management.openmbean.ArrayType
 246:            15            840  org.apache.tomcat.util.descriptor.tld.TaglibXml
 247:            35            840  org.apache.tomcat.util.descriptor.tld.TldRuleSet$GenericBooleanRule
 248:            31            824  [Ljava.util.regex.Pattern$Node;
 249:            17            816  sun.management.DiagnosticCommandInfo
 250:            20            800  com.sun.jmx.mbeanserver.MXBeanSupport
 251:            20            800  com.sun.org.apache.xerces.internal.impl.dtd.XMLSimpleType
 252:            14            784  org.apache.catalina.util.StandardSessionIdGenerator
 253:            32            768  com.sun.jmx.mbeanserver.DefaultMXBeanMappingFactory$IdentityMapping
 254:            24            768  org.apache.naming.NamingContext
 255:            19            760  sun.util.locale.BaseLocale$Key
 256:             7            728  org.apache.jasper.EmbeddedServletOptions
 257:            15            720  java.lang.management.PlatformComponent
 258:            15            720  org.apache.tomcat.util.descriptor.web.FilterDef
 259:            18            720  sun.management.DiagnosticCommandArgumentInfo
 260:             2            704  com.sun.org.apache.xerces.internal.impl.XMLNSDocumentScannerImpl
 261:            22            704  java.security.Permissions
 262:             8            704  org.apache.catalina.deploy.NamingResourcesImpl
 263:            29            696  [Lorg.apache.catalina.WebResource;
 264:            29            696  java.util.concurrent.ConcurrentLinkedQueue$Node
 265:             2            688  com.sun.org.apache.xerces.internal.impl.XMLDocumentScannerImpl
 266:            21            672  com.sun.jmx.mbeanserver.WeakIdentityHashMap$IdentityWeakReference
 267:            21            672  java.io.FilePermission
 268:            14            672  java.util.concurrent.ThreadPoolExecutor$Worker
 269:            28            672  java.util.regex.Pattern$Single
 270:             7            672  org.apache.tomcat.websocket.server.WsServerContainer
 271:            27            648  java.time.format.DateTimeFormatterBuilder$CompositePrinterParser
 272:            27            648  java.util.regex.Pattern$BitClass
 273:             9            648  org.apache.juli.ClassLoaderLogManager$RootLogger
 274:            27            648  sun.reflect.annotation.AnnotationInvocationHandler
 275:            10            640  java.security.SecureRandom
 276:            40            640  java.util.jar.Attributes
 277:             3            624  [Ljava.lang.invoke.LambdaForm;
 278:            13            624  java.nio.HeapCharBuffer
 279:            26            624  java.security.spec.ECFieldF2m
 280:            26            624  java.time.LocalTime
 281:            26            624  java.util.Arrays$ArrayList
 282:            26            624  java.util.Date
 283:             7            616  org.apache.catalina.webresources.StandardRoot
 284:             7            616  org.apache.jasper.compiler.JspRuntimeContext
 285:            19            608  java.time.format.DateTimeFormatterBuilder$NumberPrinterParser
 286:            19            608  java.util.LinkedList
 287:            19            608  java.util.Locale
 288:            19            608  sun.util.locale.BaseLocale
 289:            15            600  java.time.format.DateTimeFormatter
 290:            15            600  org.apache.tomcat.util.collections.ManagedConcurrentWeakHashMap$Key
 291:             9            576  java.nio.DirectByteBuffer
 292:             8            576  org.apache.tomcat.websocket.pojo.PojoMethodMapping$MessageHandlerInfo
 293:            14            560  javax.management.openmbean.SimpleType
 294:             7            560  org.apache.catalina.servlets.DefaultServlet
 295:            10            560  sun.invoke.util.Wrapper
 296:             4            552  [D
 297:            21            552  [Lorg.apache.catalina.mapper.Mapper$MappedWrapper;
 298:            23            552  com.sun.jmx.mbeanserver.PerInterface$MethodAndSig
 299:            17            544  sun.management.DiagnosticCommandImpl$Wrapper
 300:             1            528  [Ljava.lang.Character;
 301:            22            528  java.util.jar.Manifest
 302:             3            528  org.apache.coyote.Request
 303:            11            528  sun.misc.URLClassPath
 304:            22            528  sun.reflect.generics.tree.SimpleClassTypeSignature
 305:             5            520  java.io.ObjectStreamClass
 306:            13            520  java.lang.invoke.MethodHandleImpl$IntrinsicMethodHandle
 307:            16            512  java.time.temporal.ChronoUnit
 308:            16            512  java.util.Collections$UnmodifiableMap
 309:             8            512  org.apache.juli.DateFormatCache$Cache
 310:            21            504  java.io.FilePermissionCollection
 311:             9            504  java.lang.invoke.LambdaFormEditor$Transform
 312:            21            504  java.util.AbstractMap$SimpleImmutableEntry
 313:             9            504  javax.management.openmbean.CompositeType
 314:             3            504  org.apache.catalina.connector.Request
 315:            31            496  java.util.regex.Pattern$BranchConn
 316:            12            480  com.sun.jmx.mbeanserver.PerInterface
 317:            30            480  com.sun.org.apache.xerces.internal.util.AugmentationsImpl
 318:            15            480  java.util.Stack
 319:            15            480  java.util.concurrent.locks.AbstractQueuedSynchronizer$Node
 320:            15            480  org.apache.catalina.core.ApplicationFilterConfig
 321:            15            480  org.apache.jasper.compiler.TldCache$TaglibXmlCacheEntry
 322:            12            480  org.apache.tomcat.util.descriptor.web.FilterMap
 323:            20            480  org.apache.tomcat.util.http.MimeHeaderField
 324:             3            480  org.apache.tomcat.util.net.NioEndpoint$NioSocketWrapper
 325:            10            480  sun.nio.cs.StreamEncoder
 326:             6            456  [Lsun.invoke.util.Wrapper;
 327:            19            456  java.time.Duration
 328:            19            456  java.util.Locale$LocaleKey
 329:            19            456  java.util.concurrent.ConcurrentLinkedQueue
 330:            19            456  java.util.concurrent.locks.AbstractQueuedSynchronizer$ConditionObject
 331:            19            456  java.util.regex.Pattern$5
 332:            19            456  javax.servlet.jsp.tagext.FunctionInfo
 333:            14            448  com.sun.org.apache.xerces.internal.impl.dtd.XMLElementDecl
 334:             4            448  java.net.SocksSocketImpl
 335:             8            448  javax.management.openmbean.OpenMBeanParameterInfoSupport
 336:             4            448  org.apache.catalina.authenticator.NonLoginAuthenticator
 337:             7            448  org.apache.catalina.core.ApplicationContext
 338:             7            448  org.apache.catalina.loader.WebappLoader
 339:             7            448  org.apache.catalina.mapper.Mapper$ContextVersion
 340:             7            448  org.apache.catalina.webresources.DirResourceSet
 341:             8            448  sun.security.provider.SHA
 342:            27            432  java.security.spec.ECFieldFp
 343:            18            432  java.text.DateFormat$Field
 344:            27            432  java.util.HashMap$EntrySet
 345:             6            432  java.util.concurrent.ScheduledThreadPoolExecutor$ScheduledFutureTask
 346:            13            416  java.lang.invoke.SimpleMethodHandle
 347:            22            408  [Lsun.reflect.generics.tree.TypeArgument;
 348:            17            408  java.util.regex.Pattern$Start
 349:             2            400  com.sun.org.apache.xerces.internal.impl.XMLDTDScannerImpl
 350:            10            400  java.lang.invoke.DirectMethodHandle$Accessor
 351:            25            400  java.util.LinkedHashMap$LinkedEntrySet
 352:            10            400  sun.reflect.UnsafeQualifiedStaticObjectFieldAccessorImpl
 353:             7            392  org.apache.catalina.core.StandardContextValve
 354:             7            392  org.apache.catalina.webresources.Cache
 355:             1            392  org.apache.tomcat.util.net.NioBlockingSelector$BlockPoller
 356:             7            392  org.apache.tomcat.util.scan.StandardJarScanFilter
 357:             7            392  sun.security.ssl.CipherSuite$BulkCipher
 358:             6            384  com.mysql.cj.conf.EnumPropertyDefinition
 359:             2            384  com.sun.org.apache.xerces.internal.parsers.XIncludeAwareParserConfiguration
 360:             1            384  java.lang.ref.Finalizer$FinalizerThread
 361:             1            384  java.util.logging.LogManager$Cleaner
 362:            12            384  org.apache.catalina.LifecycleState
 363:             8            384  org.apache.catalina.core.NamingContextListener
 364:             8            384  org.apache.catalina.mbeans.NamingResourcesMBean
 365:             1            384  org.apache.catalina.startup.Catalina$CatalinaShutdownHook
 366:             1            384  org.apache.juli.ClassLoaderLogManager$Cleaner
 367:            16            384  sun.nio.ch.OptionKey
 368:            16            384  sun.nio.ch.SocketOptionRegistry$RegistryKey
 369:             8            384  sun.util.locale.provider.LocaleResources$ResourceReference
 370:            16            376  [Ljava.beans.PropertyChangeListener;
 371:             1            376  java.lang.ref.Reference$ReferenceHandler
 372:             1            376  org.apache.juli.AsyncFileHandler$LoggerThread
 373:             1            376  sun.misc.GC$Daemon
 374:            17            360  [Lsun.management.DiagnosticCommandArgumentInfo;
 375:             9            360  com.mysql.cj.conf.ConnectionUrl$Type
 376:             9            360  com.sun.org.apache.xerces.internal.utils.XMLSecurityManager$Limit
 377:            15            360  javax.management.StandardMBean
 378:            15            360  javax.websocket.CloseReason$CloseCodes
 379:            15            360  org.apache.tomcat.util.descriptor.tld.TldResourcePath
 380:             2            352  com.sun.org.apache.xerces.internal.impl.dtd.XMLDTDValidator
 381:             2            352  com.sun.org.apache.xerces.internal.impl.dtd.XMLNSDTDValidator
 382:             4            352  java.util.jar.JarVerifier
 383:             4            352  org.apache.juli.AsyncFileHandler
 384:            22            352  sun.reflect.generics.tree.ClassTypeSignature
 385:             7            336  com.sun.jmx.mbeanserver.DefaultMXBeanMappingFactory$CompositeMapping
 386:            21            336  java.lang.ThreadLocal
 387:            14            336  java.lang.invoke.LambdaFormEditor$Transform$Kind
 388:             6            336  java.nio.DirectLongBufferU
 389:             7            336  java.util.concurrent.ConcurrentSkipListMap
 390:             7            336  org.apache.catalina.core.DefaultInstanceManager
 391:             7            336  org.apache.catalina.startup.ContextConfig
 392:             3            336  org.apache.coyote.Response
 393:             6            336  sun.management.MemoryPoolImpl
 394:             3            336  sun.nio.ch.SocketChannelImpl
 395:            16            328  [Ljava.lang.management.PlatformComponent;
 396:            10            320  java.lang.OutOfMemoryError
 397:            10            320  java.net.InetAddress$InetAddressHolder
 398:             8            320  org.apache.tomcat.util.descriptor.web.SecurityCollection
 399:             8            320  org.apache.tomcat.util.descriptor.web.SecurityConstraint
 400:            13            312  java.lang.RuntimePermission
 401:            13            312  org.apache.coyote.AsyncStateMachine$AsyncState
 402:             3            312  org.apache.coyote.http11.Http11Processor
 403:             6            288  [Lorg.apache.tomcat.util.http.MimeHeaderField;
 404:             8            288  [[S
 405:            12            288  java.lang.StringBuilder
 406:             9            288  java.lang.StringCoding$StringEncoder
 407:            12            288  java.lang.invoke.Invokers
 408:            12            288  java.lang.management.ManagementPermission
 409:             9            288  java.lang.reflect.Proxy$Key1
 410:             9            288  java.lang.reflect.WeakCache$CacheValue
 411:            12            288  java.util.Collections$SingletonList
 412:            12            288  java.util.Collections$UnmodifiableRandomAccessList
 413:             9            288  java.util.logging.Level
 414:             9            288  java.util.regex.Pattern$3
 415:             6            288  javax.websocket.server.DefaultServerEndpointConfig
 416:             9            288  jdk.internal.org.objectweb.asm.Type
 417:             9            288  org.apache.juli.ClassLoaderLogManager$ClassLoaderLogInfo
 418:            12            288  org.apache.tomcat.util.descriptor.tld.ValidatorXml
 419:             9            288  sun.reflect.annotation.AnnotationType
 420:             9            288  sun.security.jca.ProviderConfig
 421:             7            280  com.sun.org.apache.xerces.internal.impl.dtd.XMLEntityDecl
 422:             7            280  org.apache.catalina.core.ApplicationSessionCookieConfig
 423:             7            280  org.apache.catalina.mbeans.ContextMBean
 424:             5            280  org.apache.catalina.webresources.JarResource
 425:             7            280  org.apache.jasper.compiler.JspConfig
 426:             7            280  org.apache.jasper.servlet.JspServlet
 427:             5            280  sun.nio.cs.ISO_8859_1$Encoder
 428:             7            280  sun.security.util.DisabledAlgorithmConstraints$KeySizeConstraint
 429:             1            272  com.sun.org.apache.xerces.internal.impl.dtd.DTDGrammar
 430:            17            272  java.time.format.DateTimeFormatterBuilder$CharLiteralPrinterParser
 431:            17            272  java.util.LinkedHashMap$LinkedKeySet
 432:            11            264  java.net.StandardSocketOptions$StdSocketOption
 433:            11            264  java.util.Collections$SetFromMap
 434:            11            264  java.util.regex.Pattern$SingleI
 435:             3            264  org.apache.catalina.webresources.JarResourceSet
 436:             3            264  org.apache.coyote.RequestInfo
 437:             3            264  org.apache.coyote.http11.Http11InputBuffer
 438:            11            264  sun.security.util.DisabledAlgorithmConstraints$DisabledConstraint
 439:             2            256  com.sun.org.apache.xerces.internal.impl.XMLEntityManager
 440:             8            256  com.sun.org.apache.xerces.internal.util.XMLResourceIdentifierImpl
 441:             8            256  java.security.MessageDigest$Delegate
 442:             8            256  javax.management.MBeanNotificationInfo
 443:             2            256  org.apache.catalina.authenticator.BasicAuthenticator
 444:             8            256  sun.misc.ProxyGenerator$PrimitiveTypeInfo
 445:             8            256  sun.security.provider.SecureRandom
 446:             8            248  [Ljava.lang.invoke.LambdaForm$BasicType;
 447:             2            248  [Ljava.time.LocalDateTime;
 448:             7            248  [[I
 449:             6            240  [Ljava.lang.invoke.BoundMethodHandle$SpeciesData;
 450:            10            240  com.sun.org.apache.xerces.internal.impl.XMLScanner$NameType
 451:             2            240  com.sun.org.apache.xerces.internal.jaxp.SAXParserImpl$JAXPSAXParser
 452:            10            240  java.io.OutputStreamWriter
 453:            10            240  java.lang.ThreadLocal$ThreadLocalMap
 454:            10            240  java.security.CryptoPrimitive
 455:            10            240  java.util.BitSet
 456:            10            240  java.util.regex.Pattern$Ques
 457:             6            240  org.apache.catalina.startup.HostConfig$DeployedApplication
 458:             5            240  org.apache.tomcat.util.descriptor.web.ContextEnvironment
 459:             6            240  sun.management.MemoryPoolImpl$CollectionSensor
 460:             6            240  sun.management.MemoryPoolImpl$PoolSensor
 461:             6            240  sun.reflect.generics.repository.MethodRepository
 462:            12            224  [Lorg.apache.tomcat.websocket.pojo.PojoPathParam;
 463:             4            224  com.sun.org.apache.xerces.internal.util.XMLAttributesIteratorImpl
 464:             7            224  java.io.FileOutputStream
 465:             7            224  java.util.concurrent.ConcurrentSkipListMap$HeadIndex
 466:             7            224  org.apache.jasper.compiler.TldCache
 467:             7            224  org.apache.naming.TransactionRef
 468:             7            224  org.apache.tomcat.util.collections.ManagedConcurrentWeakHashMap
 469:             7            224  org.apache.tomcat.util.http.parser.HttpParser$DomainParseState
 470:             7            224  org.apache.tomcat.util.scan.StandardJarScanner
 471:             7            224  org.apache.tomcat.websocket.server.WsWriteTimeout
 472:             7            216  [Ljava.lang.Boolean;
 473:             9            216  [Lorg.apache.tomcat.util.IntrospectionUtils$PropertySource;
 474:             9            216  java.util.logging.Level$KnownLevel
 475:             9            216  java.util.regex.Pattern$CharProperty$1
 476:             3            216  org.apache.catalina.connector.InputBuffer
 477:             9            216  org.apache.tomcat.util.digester.RulesBase
 478:             3            216  org.apache.tomcat.util.http.Parameters
 479:             3            216  sun.security.provider.NativePRNG$RandomIO
 480:             9            216  sun.util.logging.PlatformLogger$Level
 481:             6            208  [Lcom.sun.org.apache.xerces.internal.util.XMLAttributesImpl$Attribute;
 482:             7            208  [Ljava.lang.invoke.LambdaForm$NamedFunction;
 483:            10            208  [Ljava.lang.reflect.Type;
 484:             2            200  [Ljava.text.DateFormat$Field;
 485:             1            200  [Lorg.apache.coyote.ActionCode;
 486:             5            200  com.sun.org.apache.xerces.internal.impl.dtd.XMLDTDDescription
 487:             5            200  java.io.BufferedWriter
 488:             5            200  java.io.PrintWriter
 489:             5            200  java.lang.ClassLoader$NativeLibrary
 490:             5            200  java.lang.invoke.BoundMethodHandle$SpeciesData
 491:             5            200  java.util.EnumMap
 492:             5            200  java.util.stream.StreamOpFlag
 493:             5            200  org.apache.catalina.mbeans.ContextEnvironmentMBean
 494:             5            200  org.apache.tomcat.util.log.UserDataHelper
 495:             5            200  sun.misc.Cleaner
 496:             6            192  [Lorg.apache.coyote.http11.InputFilter;
 497:             6            192  [Lorg.apache.coyote.http11.OutputFilter;
 498:             8            192  [Lorg.apache.tomcat.util.descriptor.web.SecurityCollection;
 499:             6            192  com.mysql.cj.conf.EnumProperty
 500:             3            192  com.mysql.cj.conf.MemorySizePropertyDefinition
 501:             4            192  com.sun.org.apache.xerces.internal.impl.XMLDocumentFragmentScannerImpl$ElementStack
 502:             2            192  com.sun.org.apache.xerces.internal.impl.dtd.XMLDTDProcessor
 503:             6            192  java.lang.StringCoding$StringDecoder
 504:             6            192  java.lang.invoke.DirectMethodHandle$Special
 505:             6            192  java.lang.invoke.LambdaForm$BasicType
 506:             8            192  java.lang.invoke.MethodHandleImpl$Intrinsic
 507:             8            192  java.math.RoundingMode
 508:             8            192  java.net.Inet4Address
 509:             8            192  java.net.NetPermission
 510:             6            192  java.time.format.TextStyle
 511:            12            192  java.util.concurrent.ConcurrentHashMap$ValuesView
 512:             6            192  java.util.concurrent.Semaphore$NonfairSync
 513:             8            192  jdk.net.SocketFlow$Status
 514:             3            192  org.apache.catalina.connector.OutputBuffer
 515:             3            192  org.apache.catalina.connector.Response
 516:             3            192  org.apache.catalina.mapper.MappingData
 517:             8            192  org.apache.catalina.util.ErrorPageSupport
 518:             3            192  org.apache.coyote.http11.filters.ChunkedInputFilter
 519:             8            192  org.apache.juli.DateFormatCache
 520:             6            192  org.apache.tomcat.util.descriptor.web.ErrorPage
 521:             1            192  org.apache.tomcat.util.descriptor.web.WebXml
 522:             8            192  org.apache.tomcat.util.digester.SetPropertiesRule
 523:             8            192  org.apache.tomcat.util.net.AbstractEndpoint$Handler$SocketState
 524:             1            192  org.apache.tomcat.util.net.NioEndpoint
 525:            12            192  org.apache.tomcat.util.threads.TaskThread$WrappingRunnable
 526:             4            192  org.apache.tomcat.websocket.pojo.PojoMethodMapping
 527:            12            192  sun.reflect.BootstrapConstructorAccessorImpl
 528:             8            192  sun.reflect.generics.factory.CoreReflectionFactory
 529:             6            192  sun.reflect.generics.tree.MethodTypeSignature
 530:             2            192  sun.security.jgss.SunProvider
 531:             7            184  [Lorg.apache.tomcat.util.descriptor.web.FilterMap;
 532:             1            184  com.mysql.cj.jdbc.ConnectionImpl
 533:             2            176  [Ljava.lang.Thread;
 534:            11            176  java.text.NumberFormat$Field
 535:             1            176  org.apache.catalina.core.StandardHost
 536:             3            168  [Lorg.apache.catalina.core.ApplicationFilterConfig;
 537:             7            168  [Lorg.apache.catalina.mapper.Mapper$ContextVersion;
 538:             9            168  [Lsun.reflect.generics.tree.FieldTypeSignature;
 539:             1            168  [[Ljava.math.BigInteger;
 540:             7            168  com.mysql.cj.protocol.a.NativeConstants$IntegerDataType
 541:             1            168  com.mysql.cj.protocol.a.NativeProtocol
 542:             7            168  com.sun.org.apache.xerces.internal.util.FeatureState
 543:             7            168  java.net.InetSocketAddress$InetSocketAddressHolder
 544:             7            168  java.time.ZoneOffset
 545:             7            168  java.util.concurrent.ConcurrentSkipListMap$Node
 546:             3            168  javax.management.openmbean.OpenMBeanOperationInfoSupport
 547:             3            168  org.apache.catalina.connector.CoyoteReader
 548:             7            168  org.apache.catalina.core.ApplicationContextFacade
 549:             7            168  org.apache.catalina.core.StandardContext$ContextFilterMaps
 550:             7            168  org.apache.catalina.mapper.Mapper$MappedContext
 551:             3            168  org.apache.coyote.http11.Http11OutputBuffer
 552:             7            168  org.apache.jasper.compiler.TagPluginManager
 553:             7            168  org.apache.tomcat.util.descriptor.LocalResolver
 554:             7            168  org.apache.tomcat.util.descriptor.tld.TldParser
 555:             7            168  org.apache.tomcat.util.descriptor.tld.TldRuleSet$1
 556:             7            168  org.apache.tomcat.util.descriptor.tld.TldRuleSet$ScriptVariableRule
 557:             7            168  org.apache.tomcat.util.descriptor.tld.TldRuleSet$TagAttributeRule
 558:             7            168  org.apache.tomcat.util.net.SocketEvent
 559:             7            168  org.apache.tomcat.websocket.server.WsFilter
 560:             9            160  [Lsun.reflect.generics.tree.FormalTypeParameter;
 561:             4            160  com.sun.org.apache.xerces.internal.impl.XMLDocumentFragmentScannerImpl$ElementStack2
 562:             4            160  com.sun.org.apache.xerces.internal.impl.validation.ValidationState
 563:             4            160  java.io.ObjectStreamClass$FieldReflector
 564:             4            160  java.io.ObjectStreamClass$FieldReflectorKey
 565:             5            160  java.io.ObjectStreamClass$WeakClassKey
 566:             2            160  java.net.URI
 567:             4            160  java.util.concurrent.LinkedBlockingDeque
 568:             2            160  java.util.concurrent.ThreadPoolExecutor
 569:             5            160  javax.management.StandardEmitterMBean
 570:             2            160  org.apache.catalina.valves.RemoteAddrValve
 571:             5            160  org.apache.catalina.webresources.CachedResource$CachedResourceURLStreamHandler
 572:             5            160  org.apache.juli.OneLineFormatter$2
 573:             5            160  org.apache.tomcat.util.collections.SynchronizedStack
 574:             4            160  sun.misc.FloatingDecimal$BinaryToASCIIBuffer
 575:             4            160  sun.reflect.UnsafeQualifiedStaticLongFieldAccessorImpl
 576:             5            160  sun.util.locale.provider.LocaleProviderAdapter$Type
 577:             3            152  [Lcom.sun.org.apache.xerces.internal.utils.XMLSecurityManager$State;
 578:             2            152  [Ljava.time.ZoneOffset;
 579:             1            152  org.apache.catalina.valves.AccessLogValve
 580:             1            152  org.apache.coyote.http11.Http11NioProtocol
 581:             2            144  [Ljava.math.BigDecimal;
 582:             7            144  [Lorg.apache.tomcat.util.descriptor.web.SecurityConstraint;
 583:             1            144  com.mysql.cj.log.BaseMetricsHolder
 584:             6            144  com.sun.org.apache.xerces.internal.util.Status
 585:             6            144  java.lang.Thread$State
 586:             6            144  java.security.SecurityPermission
 587:             6            144  java.util.concurrent.Executors$RunnableAdapter
 588:             6            144  java.util.regex.Pattern$Dollar
 589:             3            144  org.apache.catalina.connector.CoyoteWriter
 590:             1            144  org.apache.catalina.core.StandardServer
 591:             3            144  org.apache.catalina.filters.HttpHeaderSecurityFilter
 592:             3            144  org.apache.catalina.util.Extension
 593:             6            144  org.apache.coyote.http11.Http11InputBuffer$HeaderParsePosition
 594:             2            144  org.apache.tomcat.util.descriptor.web.ServletDef
 595:             9            144  org.apache.tomcat.util.digester.Digester$SystemPropertySource
 596:             6            144  org.apache.tomcat.util.http.MimeHeaders
 597:             6            144  org.apache.tomcat.websocket.server.WsServerContainer$ExactPathMatch
 598:             6            144  sun.misc.PerfCounter
 599:             2            144  sun.nio.ch.EPollArrayWrapper
 600:             2            144  sun.nio.ch.EPollSelectorImpl
 601:             6            144  sun.reflect.generics.reflectiveObjects.ParameterizedTypeImpl
 602:             6            144  sun.reflect.generics.scope.MethodScope
 603:             6            144  sun.security.ssl.ProtocolVersion
 604:             6            144  sun.security.util.DisabledAlgorithmConstraints$Constraint$Operator
 605:             1            136  [Ljava.time.temporal.ChronoField;
 606:             1            136  org.apache.catalina.core.StandardEngine
 607:             4            128  [Lcom.sun.org.apache.xerces.internal.impl.XMLEntityManager$CharacterBuffer;
 608:             4            128  [Ljava.text.SimpleDateFormat;
 609:             4            128  com.sun.jmx.mbeanserver.DefaultMXBeanMappingFactory$ArrayMapping
 610:             2            128  com.sun.org.apache.xerces.internal.impl.XMLEntityScanner
 611:             8            128  com.sun.proxy.$Proxy8
 612:             2            128  java.io.ExpiringCache$1
 613:             8            128  java.util.LinkedHashSet
 614:             8            128  java.util.concurrent.atomic.AtomicBoolean
 615:             4            128  org.apache.coyote.ErrorState
 616:             4            128  org.apache.tomcat.util.descriptor.web.LoginConfig
 617:             4            128  sun.nio.fs.UnixPath
 618:             3            120  com.mysql.cj.conf.MemorySizeProperty
 619:             5            120  com.mysql.cj.conf.PropertyDefinitions$SslMode
 620:             5            120  com.mysql.cj.util.StringUtils$SearchMode
 621:             5            120  com.sun.org.apache.xerces.internal.impl.dtd.XMLAttributeDecl
 622:             5            120  com.sun.org.apache.xerces.internal.util.PropertyState
 623:             5            120  com.sun.org.apache.xerces.internal.utils.XMLSecurityManager$State
 624:             5            120  com.sun.org.apache.xerces.internal.utils.XMLSecurityPropertyManager$State
 625:             3            120  java.lang.invoke.BoundMethodHandle$Species_LL
 626:             3            120  java.lang.invoke.MethodHandleImpl$AsVarargsCollector
 627:             5            120  java.time.format.SignStyle
 628:             5            120  java.util.stream.StreamOpFlag$Type
 629:             5            120  javax.servlet.DispatcherType
 630:             5            120  javax.servlet.http.MappingMatch
 631:             1            120  org.apache.catalina.authenticator.FormAuthenticator
 632:             1            120  org.apache.catalina.connector.Connector
 633:             5            120  org.apache.catalina.valves.AbstractAccessLogValve$FormatType
 634:             3            120  org.apache.coyote.AsyncStateMachine
 635:             3            120  org.apache.coyote.http11.filters.ChunkedOutputFilter
 636:             3            120  org.apache.coyote.http11.filters.IdentityInputFilter
 637:             5            120  org.apache.juli.OneLineFormatter
 638:             5            120  org.apache.juli.OneLineFormatter$MillisHandling
 639:             3            120  org.apache.tomcat.util.buf.Utf8Decoder
 640:             5            120  sun.misc.FloatingDecimal$PreparedASCIIToBinaryBuffer
 641:             3            120  sun.nio.ch.SelectionKeyImpl
 642:             3            120  sun.nio.ch.SocketAdaptor
 643:             3            120  sun.nio.cs.ISO_8859_1$Decoder
 644:             5            120  sun.nio.cs.Surrogate$Parser
 645:             2            112  [Ljava.lang.invoke.MethodType;
 646:             2            112  [Ljava.security.CryptoPrimitive;
 647:             1            112  [Ljava.time.LocalTime;
 648:             2            112  [Ljava.util.Map;
 649:             7            112  [Lorg.apache.catalina.servlets.DefaultServlet$CompressionFormat;
 650:             7            112  [Lorg.apache.tomcat.util.descriptor.web.ApplicationParameter;
 651:             3            112  [[Ljava.lang.Object;
 652:             1            112  com.mysql.cj.NativeSession
 653:             2            112  com.sun.org.apache.xerces.internal.jaxp.SAXParserImpl
 654:             7            112  java.net.InetSocketAddress
 655:             7            112  java.util.concurrent.ConcurrentSkipListSet
 656:             7            112  org.apache.catalina.core.StandardContext$NoPluggabilityServletContext
 657:             7            112  org.apache.catalina.core.StandardHost$MemoryLeakTrackingListener
 658:             7            112  org.apache.catalina.util.CharsetMapper
 659:             7            112  org.apache.catalina.valves.AbstractAccessLogValve$StringElement
 660:             7            112  org.apache.jasper.servlet.JasperInitializer
 661:             7            112  org.apache.tomcat.util.descriptor.tld.TldRuleSet
 662:             7            112  org.apache.tomcat.util.http.Rfc6265CookieProcessor
 663:             7            112  org.apache.tomcat.websocket.server.WsContextListener
 664:             7            112  org.apache.tomcat.websocket.server.WsSci
 665:             7            112  org.apache.tomcat.websocket.server.WsSessionListener
 666:             7            112  org.apache.tomcat.websocket.server.WsWriteTimeout$EndpointComparator
 667:             1            104  org.apache.catalina.realm.LockOutRealm
 668:             1            104  org.apache.tomcat.util.net.SocketProperties
 669:             4             96  [Lcom.sun.org.apache.xerces.internal.impl.RevalidationHandler;
 670:             3             96  [Ljava.nio.channels.SelectionKey;
 671:             3             96  [Lorg.apache.tomcat.util.http.ServerCookie;
 672:             6             96  [Lsun.reflect.generics.tree.TypeSignature;
 673:             1             96  [[J
 674:             4             96  com.mysql.cj.conf.PropertyDefinitions$AuthMech
 675:             4             96  com.mysql.cj.conf.PropertyDefinitions$XdevapiSslMode
 676:             1             96  com.sun.crypto.provider.SunJCE
 677:             3             96  com.sun.jmx.mbeanserver.DefaultMXBeanMappingFactory$EnumMapping
 678:             1             96  com.sun.net.ssl.internal.ssl.Provider
 679:             4             96  com.sun.org.apache.xerces.internal.impl.dtd.DTDGrammarBucket
 680:             3             96  com.sun.org.apache.xerces.internal.jaxp.SAXParserFactoryImpl
 681:             2             96  com.sun.org.apache.xerces.internal.util.XMLAttributesImpl
 682:             3             96  com.sun.org.apache.xerces.internal.utils.XMLSecurityManager$NameMap
 683:             1             96  com.sun.security.sasl.Provider
 684:             4             96  com.sun.xml.internal.stream.Entity$InternalEntity
 685:             4             96  java.lang.StringBuffer
 686:             2             96  java.lang.ThreadGroup
 687:             4             96  java.math.MathContext
 688:             3             96  java.nio.DirectByteBuffer$Deallocator
 689:             4             96  java.sql.SQLPermission
 690:             4             96  java.time.format.DateTimeFormatterBuilder$OffsetIdPrinterParser
 691:             4             96  java.time.format.DateTimeFormatterBuilder$SettingsParser
 692:             6             96  java.util.LinkedHashMap$LinkedValues
 693:             2             96  java.util.concurrent.LinkedBlockingQueue
 694:             6             96  java.util.concurrent.Semaphore
 695:             6             96  java.util.regex.Pattern$Begin
 696:             4             96  java.util.stream.StreamShape
 697:             2             96  javax.management.openmbean.TabularType
 698:             4             96  org.apache.catalina.WebResourceRoot$ResourceSetType
 699:             3             96  org.apache.catalina.core.ApplicationFilterChain
 700:             2             96  org.apache.catalina.filters.CsrfPreventionFilter
 701:             1             96  org.apache.catalina.realm.UserDatabaseRealm
 702:             4             96  org.apache.catalina.startup.ClassLoaderFactory$RepositoryType
 703:             3             96  org.apache.coyote.http11.Http11InputBuffer$HeaderParseData
 704:             3             96  org.apache.coyote.http11.filters.BufferedInputFilter
 705:             3             96  org.apache.coyote.http11.filters.IdentityOutputFilter
 706:             3             96  org.apache.tomcat.util.buf.B2CConverter
 707:             3             96  org.apache.tomcat.util.buf.C2BConverter
 708:             4             96  org.apache.tomcat.util.buf.StringCache$ByteEntry
 709:             3             96  org.apache.tomcat.util.buf.UDecoder$DecodeException
 710:             3             96  org.apache.tomcat.util.buf.UEncoder
 711:             3             96  org.apache.tomcat.util.http.ConcurrentDateFormat
 712:             4             96  org.apache.tomcat.util.http.SameSiteCookies
 713:             4             96  org.apache.tomcat.util.http.parser.HttpParser
 714:             4             96  org.apache.tomcat.util.log.UserDataHelper$Config
 715:             4             96  org.apache.tomcat.util.net.AbstractEndpoint$BindState
 716:             4             96  org.apache.tomcat.util.net.Acceptor$AcceptorState
 717:             3             96  org.apache.tomcat.util.net.NioChannel
 718:             1             96  org.apache.tomcat.util.threads.ThreadPoolExecutor
 719:             4             96  org.apache.tomcat.websocket.pojo.PojoPathParam
 720:             1             96  org.jcp.xml.dsig.internal.dom.XMLDSigRI
 721:             2             96  sun.management.GarbageCollectorImpl
 722:             1             96  sun.misc.Launcher$AppClassLoader
 723:             3             96  sun.net.spi.DefaultProxySelector$NonProxyInfo
 724:             1             96  sun.nio.ch.ServerSocketChannelImpl
 725:             3             96  sun.reflect.UnsafeStaticObjectFieldAccessorImpl
 726:             3             96  sun.reflect.generics.reflectiveObjects.TypeVariableImpl
 727:             3             96  sun.reflect.generics.repository.ClassRepository
 728:             1             96  sun.security.ec.SunEC
 729:             1             96  sun.security.jca.ProviderList$1
 730:             1             96  sun.security.provider.Sun
 731:             1             96  sun.security.rsa.SunRsaSign
 732:             1             96  sun.security.smartcardio.SunPCSC
 733:             3             96  sun.util.locale.provider.LocaleServiceProviderPool
 734:             3             88  [Lcom.sun.org.apache.xerces.internal.utils.XMLSecurityPropertyManager$State;
 735:             1             88  com.mysql.cj.protocol.a.NativeServerSession
 736:             1             88  java.net.URLClassLoader
 737:             1             88  sun.misc.Launcher$ExtClassLoader
 738:             2             80  [F
 739:             2             80  [Lcom.mysql.cj.util.StringUtils$SearchMode;
 740:             1             80  [Ljava.time.temporal.ChronoUnit;
 741:             1             80  [Ljava.util.concurrent.RunnableScheduledFuture;
 742:             2             80  [Ljava.util.stream.StreamOpFlag$Type;
 743:             2             80  [Ljavax.servlet.DispatcherType;
 744:             1             80  [Ljavax.websocket.CloseReason$CloseCodes;
 745:             2             80  com.sun.jmx.mbeanserver.DefaultMXBeanMappingFactory$TabularMapping
 746:             2             80  com.sun.org.apache.xerces.internal.impl.XMLEntityManager$CharacterBufferPool
 747:             2             80  com.sun.org.apache.xerces.internal.impl.XMLErrorReporter
 748:             2             80  com.sun.org.apache.xerces.internal.impl.XMLVersionDetector
 749:             2             80  com.sun.org.apache.xerces.internal.util.SymbolTable
 750:             2             80  com.sun.org.apache.xerces.internal.utils.XMLLimitAnalyzer
 751:             2             80  com.sun.org.apache.xerces.internal.utils.XMLSecurityManager
 752:             5             80  com.sun.proxy.$Proxy1
 753:             2             80  com.sun.xml.internal.stream.XMLEntityStorage
 754:             2             80  com.sun.xml.internal.stream.util.BufferAllocator
 755:             2             80  java.io.ExpiringCache
 756:             2             80  java.util.Collections$SingletonMap
 757:             2             80  java.util.IdentityHashMap
 758:             2             80  java.util.Locale$Category
 759:             1             80  java.util.concurrent.ScheduledThreadPoolExecutor
 760:             5             80  java.util.logging.ErrorManager
 761:             1             80  org.apache.catalina.core.StandardService
 762:             2             80  org.apache.catalina.realm.MessageDigestCredentialHandler
 763:             1             80  org.apache.coyote.RequestGroupInfo
 764:             2             80  org.apache.tomcat.util.log.SystemLogHandler
 765:             2             80  sun.management.MemoryManagerImpl
 766:             5             80  sun.net.www.protocol.jar.Handler
 767:             1             72  [Ljava.lang.invoke.LambdaFormEditor$Transform$Kind;
 768:             1             72  [Ljavax.management.openmbean.SimpleType;
 769:             1             72  [Lorg.apache.catalina.valves.AbstractAccessLogValve$AccessLogElement;
 770:             1             72  [Lorg.apache.coyote.AsyncStateMachine$AsyncState;
 771:             2             72  [Lsun.security.jca.ProviderConfig;
 772:             3             72  com.mysql.cj.conf.PropertyDefinitions$Compression
 773:             3             72  com.mysql.cj.conf.PropertyDefinitions$ZeroDatetimeBehavior
 774:             3             72  com.mysql.cj.protocol.Resultset$Type
 775:             3             72  com.mysql.cj.protocol.a.NativeConstants$StringSelfDataType
 776:             3             72  com.mysql.cj.protocol.a.NativePacketPayload
 777:             3             72  java.io.BufferedOutputStream
 778:             3             72  java.io.ByteArrayOutputStream
 779:             3             72  java.lang.annotation.RetentionPolicy
 780:             3             72  java.net.Proxy$Type
 781:             3             72  java.time.Instant
 782:             3             72  java.time.format.ResolverStyle
 783:             1             72  java.util.ResourceBundle$RBClassLoader
 784:             3             72  java.util.concurrent.LinkedBlockingQueue$Node
 785:             3             72  java.util.concurrent.atomic.AtomicMarkableReference$Pair
 786:             1             72  java.util.logging.LogManager$RootLogger
 787:             3             72  java.util.regex.Pattern$7
 788:             3             72  java.util.stream.Collector$Characteristics
 789:             3             72  javax.servlet.SessionTrackingMode
 790:             3             72  org.apache.catalina.authenticator.AuthenticatorBase$AllowCorsPreflight
 791:             3             72  org.apache.catalina.core.ApplicationMapping
 792:             3             72  org.apache.catalina.filters.HttpHeaderSecurityFilter$XFrameOption
 793:             3             72  org.apache.catalina.session.ManagerBase$SessionTiming
 794:             3             72  org.apache.catalina.util.ParameterMap
 795:             1             72  org.apache.catalina.valves.AbstractAccessLogValve$DateFormatCache$Cache
 796:             3             72  org.apache.coyote.ContinueResponseTiming
 797:             3             72  org.apache.coyote.http11.Http11InputBuffer$HeaderParseStatus
 798:             3             72  org.apache.coyote.http11.filters.GzipOutputFilter
 799:             3             72  org.apache.coyote.http11.filters.GzipOutputFilter$FakeOutputStream
 800:             3             72  org.apache.jasper.TrimSpacesOption
 801:             3             72  org.apache.tomcat.JarScanType
 802:             3             72  org.apache.tomcat.util.buf.EncodedSolidusHandling
 803:             3             72  org.apache.tomcat.util.descriptor.web.TaglibDescriptorImpl
 804:             3             72  org.apache.tomcat.util.http.ServerCookies
 805:             3             72  org.apache.tomcat.util.http.parser.SkipResult
 806:             3             72  org.apache.tomcat.util.log.UserDataHelper$Mode
 807:             3             72  org.apache.tomcat.util.net.NioEndpoint$SocketProcessor
 808:             3             72  org.apache.tomcat.util.net.SendfileState
 809:             3             72  org.apache.tomcat.util.net.SocketBufferHandler
 810:             3             72  org.apache.tomcat.util.net.WriteBuffer
 811:             3             72  org.apache.tomcat.websocket.pojo.PojoMethodMapping$MethodType
 812:             3             72  sun.misc.FloatingDecimal$ExceptionalBinaryToASCIIBuffer
 813:             3             72  sun.misc.Signal
 814:             3             72  sun.nio.ch.Util$BufferCache
 815:             3             72  sun.reflect.generics.tree.ClassSignature
 816:             3             72  sun.reflect.generics.tree.FormalTypeParameter
 817:             3             72  sun.security.provider.NativePRNG$Variant
 818:             3             72  sun.security.ssl.CipherSuite$CipherType
 819:             3             72  sun.security.util.DisabledAlgorithmConstraints
 820:             1             72  sun.util.locale.provider.JRELocaleProviderAdapter
 821:             3             72  sun.util.resources.ParallelListResourceBundle$KeySet
 822:             2             64  [Ljava.lang.annotation.RetentionPolicy;
 823:             2             64  [Ljava.lang.invoke.LambdaFormEditor$Transform;
 824:             4             64  [Ljava.security.CodeSigner;
 825:             2             64  [Ljava.util.stream.Collector$Characteristics;
 826:             2             64  [Ljavax.servlet.SessionTrackingMode;
 827:             1             64  [Lorg.apache.catalina.LifecycleState;
 828:             2             64  [Lsun.nio.fs.NativeBuffer;
 829:             2             64  [[Lcom.sun.org.apache.xerces.internal.xni.QName;
 830:             1             64  com.mysql.cj.util.LRUCache
 831:             2             64  com.sun.jmx.mbeanserver.DefaultMXBeanMappingFactory$CollectionMapping
 832:             2             64  com.sun.jndi.ldap.pool.Pool
 833:             4             64  com.sun.org.apache.xerces.internal.impl.XMLDocumentScannerImpl$PrologDriver
 834:             4             64  com.sun.org.apache.xerces.internal.impl.XMLDocumentScannerImpl$TrailingMiscDriver
 835:             4             64  com.sun.org.apache.xerces.internal.impl.XMLDocumentScannerImpl$XMLDeclDriver
 836:             2             64  com.sun.org.apache.xerces.internal.util.NamespaceSupport
 837:             2             64  com.sun.org.apache.xerces.internal.utils.XMLSecurityPropertyManager$Property
 838:             4             64  com.sun.proxy.$Proxy4
 839:             2             64  java.io.PrintStream
 840:             2             64  java.lang.ClassValue$Entry
 841:             2             64  java.lang.VirtualMachineError
 842:             2             64  java.lang.ref.ReferenceQueue$Null
 843:             2             64  java.net.Socket
 844:             4             64  java.nio.channels.spi.AbstractInterruptibleChannel$1
 845:             2             64  java.security.BasicPermissionCollection
 846:             2             64  java.time.format.DateTimeFormatterBuilder$TextPrinterParser
 847:             2             64  java.time.temporal.IsoFields$Unit
 848:             2             64  java.util.PropertyPermission
 849:             2             64  java.util.Random
 850:             2             64  java.util.concurrent.CountDownLatch$Sync
 851:             2             64  java.util.concurrent.atomic.AtomicReferenceFieldUpdater$AtomicReferenceFieldUpdaterImpl
 852:             4             64  java.util.jar.JarVerifier$3
 853:             2             64  java.util.logging.LogManager$LogNode
 854:             4             64  java.util.regex.Pattern$Dot
 855:             1             64  org.apache.catalina.realm.LockOutRealm$1
 856:             1             64  org.apache.catalina.users.MemoryUserDatabase
 857:             1             64  org.apache.catalina.valves.ErrorReportValve
 858:             1             64  org.apache.juli.ClassLoaderLogManager
 859:             1             64  org.apache.juli.OneLineFormatter$ThreadNameCache
 860:             2             64  org.apache.tomcat.util.collections.SynchronizedQueue
 861:             1             64  org.apache.tomcat.util.descriptor.web.JspPropertyGroup
 862:             2             64  org.apache.tomcat.util.digester.Digester$EntityResolver2Wrapper
 863:             2             64  org.apache.tomcat.util.threads.TaskThreadFactory
 864:             2             64  sun.nio.ch.AllocatedNativeObject
 865:             2             64  sun.nio.fs.LinuxFileSystem
 866:             2             64  sun.nio.fs.NativeBuffer
 867:             2             64  sun.security.ssl.ProtocolList
 868:             2             64  sun.util.locale.provider.LocaleResources
 869:             1             56  [Lcom.mysql.cj.conf.ConnectionUrl$Type;
 870:             1             56  [Lcom.sun.org.apache.xerces.internal.impl.XMLScanner$NameType;
 871:             1             56  [Lcom.sun.org.apache.xerces.internal.utils.XMLSecurityManager$Limit;
 872:             1             56  [Ljava.lang.Runnable;
 873:             3             56  [Lsun.reflect.generics.tree.ClassTypeSignature;
 874:             1             56  [Lsun.util.logging.PlatformLogger$Level;
 875:             1             56  com.mysql.cj.conf.LongPropertyDefinition
 876:             1             56  com.mysql.cj.jdbc.DatabaseMetaData
 877:             1             56  com.mysql.cj.protocol.a.NativeAuthenticationProvider
 878:             1             56  com.mysql.cj.protocol.a.NativeCapabilities
 879:             1             56  java.net.SocketPermission
 880:             1             56  java.util.logging.ConsoleHandler
 881:             1             56  org.apache.catalina.core.StandardEngineValve
 882:             1             56  org.apache.catalina.core.StandardHostValve
 883:             1             56  org.apache.catalina.mbeans.MemoryUserDatabaseMBean
 884:             1             56  org.apache.tomcat.util.descriptor.web.ContextResource
 885:             1             56  org.apache.tomcat.util.net.NioSelectorPool
 886:             1             56  org.apache.tomcat.util.threads.TaskQueue
 887:             1             48  [Lcom.mysql.cj.protocol.a.NativeConstants$IntegerDataType;
 888:             3             48  [Ljava.lang.StackTraceElement;
 889:             3             48  [Ljava.lang.annotation.Annotation;
 890:             1             48  [Ljava.lang.invoke.MethodHandleImpl$Intrinsic;
 891:             2             48  [Ljava.lang.reflect.TypeVariable;
 892:             1             48  [Ljava.math.RoundingMode;
 893:             2             48  [Ljava.net.InetAddress;
 894:             1             48  [Ljava.util.concurrent.TimeUnit;
 895:             1             48  [Ljdk.net.SocketFlow$Status;
 896:             1             48  [Lorg.apache.catalina.mapper.Mapper$MappedContext;
 897:             1             48  [Lorg.apache.tomcat.util.http.parser.HttpParser$DomainParseState;
 898:             1             48  [Lorg.apache.tomcat.util.net.AbstractEndpoint$Handler$SocketState;
 899:             1             48  [Lorg.apache.tomcat.util.net.SocketEvent;
 900:             2             48  TPCW_Database$9
 901:             2             48  com.mysql.cj.conf.PropertyDefinitions$DatabaseTerm
 902:             2             48  com.mysql.cj.protocol.ExportControlled$KeyStoreConf
 903:             2             48  com.mysql.cj.protocol.Resultset$Concurrency
 904:             1             48  com.mysql.cj.protocol.StandardSocketFactory
 905:             2             48  com.mysql.cj.protocol.a.NativeConstants$StringLengthDataType
 906:             1             48  com.mysql.cj.protocol.a.NativeSocketConnection
 907:             2             48  com.sun.jmx.mbeanserver.ClassLoaderRepositorySupport$LoaderEntry
 908:             1             48  com.sun.jmx.mbeanserver.DefaultMXBeanMappingFactory$Mappings
 909:             1             48  com.sun.jmx.mbeanserver.MBeanIntrospector$MBeanInfoMap
 910:             1             48  com.sun.jmx.mbeanserver.MBeanIntrospector$PerInterfaceMap
 911:             2             48  com.sun.jmx.mbeanserver.WeakIdentityHashMap
 912:             2             48  com.sun.org.apache.xerces.internal.impl.XMLDocumentScannerImpl$ContentDriver
 913:             2             48  com.sun.org.apache.xerces.internal.impl.XMLNSDocumentScannerImpl$NSContentDriver
 914:             3             48  com.sun.org.apache.xerces.internal.impl.dv.dtd.ListDatatypeValidator
 915:             2             48  com.sun.org.apache.xerces.internal.impl.msg.XMLMessageFormatter
 916:             2             48  com.sun.org.apache.xerces.internal.impl.validation.ValidationManager
 917:             2             48  com.sun.org.apache.xerces.internal.parsers.AbstractSAXParser$LocatorProxy
 918:             2             48  com.sun.org.apache.xerces.internal.utils.XMLSecurityPropertyManager
 919:             3             48  com.sun.proxy.$Proxy3
 920:             2             48  java.io.File$PathStatus
 921:             1             48  java.lang.invoke.BoundMethodHandle$Species_L4
 922:             2             48  java.lang.invoke.MethodHandles$Lookup
 923:             2             48  java.lang.reflect.ReflectPermission
 924:             2             48  java.net.InetAddress$Cache
 925:             2             48  java.net.InetAddress$Cache$Type
 926:             2             48  java.net.InetAddress$CacheEntry
 927:             1             48  java.net.SocketInputStream
 928:             1             48  java.net.SocketOutputStream
 929:             2             48  java.net.StandardProtocolFamily
 930:             2             48  java.nio.charset.CoderResult
 931:             3             48  java.nio.charset.CodingErrorAction
 932:             3             48  java.text.AttributedCharacterIterator$Attribute
 933:             2             48  java.time.format.DateTimeFormatterBuilder$1
 934:             2             48  java.time.format.DateTimeFormatterBuilder$ZoneIdPrinterParser
 935:             2             48  java.time.format.DateTimeTextProvider$LocaleStore
 936:             3             48  java.util.Collections$SingletonSet
 937:             2             48  java.util.Collections$SynchronizedSet
 938:             2             48  java.util.Currency
 939:             3             48  java.util.concurrent.CopyOnWriteArraySet
 940:             3             48  java.util.concurrent.atomic.AtomicMarkableReference
 941:             1             48  java.util.concurrent.locks.ReentrantReadWriteLock$FairSync
 942:             2             48  java.util.logging.Logger$LoggerBundle
 943:             1             48  java.util.regex.Pattern$GroupCurly
 944:             2             48  java.util.regex.Pattern$Neg
 945:             2             48  java.util.regex.Pattern$SliceI
 946:             3             48  org.apache.catalina.connector.CoyoteInputStream
 947:             3             48  org.apache.catalina.connector.RequestFacade
 948:             3             48  org.apache.catalina.connector.ResponseFacade
 949:             1             48  org.apache.catalina.mapper.MapperListener
 950:             3             48  org.apache.catalina.realm.RealmBase$AllRolesMode
 951:             3             48  org.apache.catalina.session.StandardSessionFacade
 952:             1             48  org.apache.catalina.startup.Catalina
 953:             1             48  org.apache.catalina.startup.HostConfig
 954:             2             48  org.apache.catalina.util.URLEncoder
 955:             3             48  org.apache.coyote.http11.Http11InputBuffer$SocketInputBuffer
 956:             3             48  org.apache.coyote.http11.Http11OutputBuffer$SocketOutputBuffer
 957:             3             48  org.apache.coyote.http11.filters.VoidInputFilter
 958:             3             48  org.apache.coyote.http11.filters.VoidOutputFilter
 959:             2             48  org.apache.naming.StringManager
 960:             3             48  org.apache.tomcat.util.buf.UDecoder
 961:             2             48  org.apache.tomcat.util.buf.UEncoder$SafeCharsSet
 962:             1             48  org.apache.tomcat.util.descriptor.web.SessionConfig
 963:             1             48  org.apache.tomcat.util.modeler.Registry
 964:             1             48  org.apache.tomcat.util.net.NioEndpoint$Poller
 965:             2             48  sun.management.ManagementFactoryHelper$1
 966:             2             48  sun.misc.NativeSignalHandler
 967:             2             48  sun.misc.URLClassPath$FileLoader
 968:             2             48  sun.nio.fs.NativeBuffer$Deallocator
 969:             2             48  sun.reflect.generics.scope.ClassScope
 970:             2             48  sun.security.jca.ProviderList
 971:             2             48  sun.security.jca.ProviderList$3
 972:             3             48  sun.security.provider.NativePRNG
 973:             2             48  sun.security.ssl.SSLAlgorithmConstraints
 974:             3             48  sun.security.util.DisabledAlgorithmConstraints$Constraints
 975:             1             48  sun.text.resources.FormatData
 976:             1             48  sun.text.resources.en.FormatData_en
 977:             1             48  sun.text.resources.en.FormatData_en_US
 978:             1             48  sun.util.resources.CalendarData
 979:             1             48  sun.util.resources.CurrencyNames
 980:             1             48  sun.util.resources.TimeZoneNames
 981:             1             48  sun.util.resources.en.CalendarData_en
 982:             1             48  sun.util.resources.en.CurrencyNames_en_US
 983:             1             48  sun.util.resources.en.TimeZoneNames_en
 984:             1             40  [Lcom.mysql.cj.conf.PropertyDefinitions$SslMode;
 985:             2             40  [Lcom.sun.jmx.mbeanserver.ClassLoaderRepositorySupport$LoaderEntry;
 986:             1             40  [Lcom.sun.org.apache.xerces.internal.util.Status;
 987:             1             40  [Ljava.lang.Thread$State;
 988:             1             40  [Ljava.lang.management.MemoryPoolMXBean;
 989:             1             40  [Ljava.time.format.SignStyle;
 990:             1             40  [Ljava.time.format.TextStyle;
 991:             1             40  [Ljava.util.stream.StreamOpFlag;
 992:             1             40  [Ljavax.servlet.http.MappingMatch;
 993:             1             40  [Lorg.apache.catalina.valves.AbstractAccessLogValve$FormatType;
 994:             1             40  [Lorg.apache.coyote.http11.Http11InputBuffer$HeaderParsePosition;
 995:             1             40  [Lorg.apache.juli.OneLineFormatter$MillisHandling;
 996:             1             40  [Lsun.security.util.DisabledAlgorithmConstraints$Constraint$Operator;
 997:             1             40  [Lsun.util.locale.provider.LocaleProviderAdapter$Type;
 998:             1             40  [[Ljava.lang.invoke.LambdaForm$Name;
 999:             1             40  com.mysql.cj.conf.HostInfo
1000:             1             40  com.mysql.cj.conf.url.SingleConnectionUrl
1001:             1             40  com.mysql.cj.protocol.ExportControlled$X509TrustManagerWrapper
1002:             1             40  com.mysql.cj.protocol.ReadAheadInputStream
1003:             1             40  com.sun.jmx.interceptor.DefaultMBeanServerInterceptor
1004:             1             40  com.sun.jmx.mbeanserver.JmxMBeanServer
1005:             1             40  com.sun.jmx.mbeanserver.MBeanServerDelegateImpl
1006:             1             40  com.sun.org.apache.xerces.internal.dom.CoreDOMImplementationImpl
1007:             1             40  com.sun.org.apache.xerces.internal.dom.DOMImplementationImpl
1008:             1             40  com.sun.org.apache.xml.internal.serialize.EncodingInfo
1009:             1             40  java.io.BufferedInputStream
1010:             1             40  java.lang.invoke.DirectMethodHandle$Constructor
1011:             1             40  java.lang.invoke.DirectMethodHandle$Interface
1012:             1             40  java.time.format.DateTimeFormatterBuilder
1013:             1             40  java.time.zone.ZoneRules
1014:             1             40  java.util.ResourceBundle$1
1015:             1             40  javax.servlet.MultipartConfigElement
1016:             1             40  org.apache.catalina.mbeans.ClassNameMBean
1017:             1             40  org.apache.catalina.mbeans.ConnectorMBean
1018:             1             40  org.apache.catalina.mbeans.ContextResourceMBean
1019:             1             40  org.apache.catalina.mbeans.ServiceMBean
1020:             1             40  org.apache.catalina.servlets.DefaultServlet$Range
1021:             1             40  org.apache.coyote.AbstractProtocol$RecycledProcessors
1022:             1             40  org.apache.coyote.CompressionConfig
1023:             1             40  sun.management.DiagnosticCommandImpl
1024:             1             40  sun.nio.cs.StandardCharsets$Aliases
1025:             1             40  sun.nio.cs.StandardCharsets$Cache
1026:             1             40  sun.nio.cs.StandardCharsets$Classes
1027:             1             40  sun.nio.cs.ext.ExtendedCharsets
1028:             1             40  sun.util.logging.resources.logging
1029:             1             32  [Lcom.mysql.cj.conf.ConnectionUrl$HostsCardinality;
1030:             1             32  [Lcom.mysql.cj.conf.PropertyDefinitions$AuthMech;
1031:             1             32  [Lcom.mysql.cj.conf.PropertyDefinitions$Compression;
1032:             1             32  [Lcom.mysql.cj.conf.PropertyDefinitions$XdevapiSslMode;
1033:             1             32  [Lcom.mysql.cj.conf.PropertyDefinitions$ZeroDatetimeBehavior;
1034:             1             32  [Lcom.mysql.cj.protocol.Resultset$Type;
1035:             1             32  [Lcom.mysql.cj.protocol.a.NativeConstants$StringSelfDataType;
1036:             1             32  [Lcom.sun.jndi.ldap.pool.Pool;
1037:             1             32  [Lcom.sun.org.apache.xerces.internal.utils.XMLSecurityManager$NameMap;
1038:             2             32  [Ljava.lang.Enum;
1039:             1             32  [Ljava.lang.OutOfMemoryError;
1040:             1             32  [Ljava.lang.ThreadGroup;
1041:             1             32  [Ljava.lang.management.MemoryManagerMXBean;
1042:             1             32  [Ljava.net.Proxy$Type;
1043:             1             32  [Ljava.time.format.DateTimeFormatterBuilder$SettingsParser;
1044:             1             32  [Ljava.time.format.ResolverStyle;
1045:             1             32  [Ljava.time.temporal.IsoFields$Field;
1046:             1             32  [Ljava.time.temporal.TemporalUnit;
1047:             1             32  [Ljava.util.stream.StreamShape;
1048:             1             32  [Lorg.apache.catalina.WebResourceRoot$ResourceSetType;
1049:             1             32  [Lorg.apache.catalina.authenticator.AuthenticatorBase$AllowCorsPreflight;
1050:             1             32  [Lorg.apache.catalina.filters.HttpHeaderSecurityFilter$XFrameOption;
1051:             1             32  [Lorg.apache.catalina.startup.ClassLoaderFactory$RepositoryType;
1052:             1             32  [Lorg.apache.coyote.ContinueResponseTiming;
1053:             1             32  [Lorg.apache.coyote.ErrorState;
1054:             1             32  [Lorg.apache.coyote.http11.Http11InputBuffer$HeaderParseStatus;
1055:             1             32  [Lorg.apache.jasper.TrimSpacesOption;
1056:             1             32  [Lorg.apache.tomcat.JarScanType;
1057:             1             32  [Lorg.apache.tomcat.util.buf.EncodedSolidusHandling;
1058:             1             32  [Lorg.apache.tomcat.util.http.ConcurrentDateFormat;
1059:             1             32  [Lorg.apache.tomcat.util.http.SameSiteCookies;
1060:             1             32  [Lorg.apache.tomcat.util.http.parser.SkipResult;
1061:             1             32  [Lorg.apache.tomcat.util.log.UserDataHelper$Config;
1062:             1             32  [Lorg.apache.tomcat.util.log.UserDataHelper$Mode;
1063:             1             32  [Lorg.apache.tomcat.util.net.AbstractEndpoint$BindState;
1064:             1             32  [Lorg.apache.tomcat.util.net.Acceptor$AcceptorState;
1065:             1             32  [Lorg.apache.tomcat.util.net.SendfileState;
1066:             1             32  [Lorg.apache.tomcat.websocket.pojo.PojoMethodMapping$MethodType;
1067:             1             32  [Lsun.security.provider.NativePRNG$Variant;
1068:             1             32  [Lsun.security.ssl.CipherSuite$CipherType;
1069:             1             32  [[Lcom.sun.org.apache.xerces.internal.impl.dtd.models.ContentModelValidator;
1070:             1             32  [[Lcom.sun.org.apache.xerces.internal.impl.dv.DatatypeValidator;
1071:             1             32  [[[Ljava.lang.String;
1072:             1             32  async.Stockticker
1073:             1             32  com.mysql.cj.conf.LongProperty
1074:             1             32  com.mysql.cj.jdbc.result.ResultSetFactory
1075:             2             32  com.mysql.cj.protocol.a.ColumnDefinitionReader
1076:             2             32  com.mysql.cj.protocol.a.NativeMessageBuilder
1077:             1             32  com.sun.jmx.mbeanserver.Repository
1078:             1             32  com.sun.org.apache.xerces.internal.impl.XMLEntityScanner$1
1079:             2             32  com.sun.org.apache.xerces.internal.impl.dv.dtd.DTDDVFactoryImpl
1080:             2             32  com.sun.org.apache.xerces.internal.impl.dv.dtd.ENTITYDatatypeValidator
1081:             2             32  com.sun.org.apache.xerces.internal.parsers.AbstractSAXParser$AttributesProxy
1082:             2             32  com.sun.org.apache.xerces.internal.util.EntityResolver2Wrapper
1083:             2             32  com.sun.org.apache.xerces.internal.util.ErrorHandlerWrapper
1084:             2             32  com.sun.proxy.$Proxy5
1085:             2             32  com.sun.proxy.$Proxy6
1086:             2             32  com.sun.proxy.$Proxy7
1087:             1             32  compressionFilters.CompressionFilter
1088:             1             32  java.io.UnixFileSystem
1089:             1             32  java.lang.ArithmeticException
1090:             2             32  java.lang.Boolean
1091:             1             32  java.lang.NullPointerException
1092:             2             32  java.lang.Shutdown$Lock
1093:             1             32  java.lang.reflect.WeakCache
1094:             1             32  java.lang.reflect.WeakCache$CacheKey
1095:             1             32  java.net.Inet6Address
1096:             1             32  java.net.Inet6Address$Inet6AddressHolder
1097:             2             32  java.nio.ByteOrder
1098:             2             32  java.nio.channels.spi.AbstractSelector$1
1099:             1             32  java.text.DontCareFieldPosition
1100:             1             32  java.time.format.DateTimeFormatterBuilder$FractionPrinterParser
1101:             2             32  java.time.format.DateTimeFormatterBuilder$StringLiteralPrinterParser
1102:             2             32  java.util.Collections$UnmodifiableCollection
1103:             2             32  java.util.concurrent.CountDownLatch
1104:             2             32  java.util.concurrent.Executors$FinalizableDelegatedExecutorService
1105:             1             32  java.util.concurrent.ScheduledThreadPoolExecutor$DelayedWorkQueue
1106:             1             32  java.util.logging.LogManager$SystemLoggerContext
1107:             1             32  javax.management.MBeanConstructorInfo
1108:             1             32  javax.servlet.jsp.tagext.TagVariableInfo
1109:             1             32  org.apache.catalina.authenticator.jaspic.AuthConfigFactoryImpl
1110:             1             32  org.apache.catalina.core.JreMemoryLeakPreventionListener
1111:             1             32  org.apache.catalina.mapper.Mapper
1112:             1             32  org.apache.catalina.mapper.Mapper$MappedHost
1113:             2             32  org.apache.catalina.realm.X509SubjectDnRetriever
1114:             1             32  org.apache.catalina.startup.Bootstrap
1115:             1             32  org.apache.catalina.startup.ContextConfig$DefaultWebXmlCacheEntry
1116:             1             32  org.apache.catalina.valves.AbstractAccessLogValve$DateAndTimeElement
1117:             1             32  org.apache.catalina.valves.AbstractAccessLogValve$DateFormatCache
1118:             1             32  org.apache.coyote.AbstractProtocol$ConnectionHandler
1119:             1             32  org.apache.tomcat.util.net.Acceptor
1120:             1             32  org.apache.tomcat.util.net.NioChannel$1
1121:             1             32  org.apache.tomcat.util.threads.LimitLatch
1122:             1             32  org.apache.tomcat.util.threads.LimitLatch$Sync
1123:             1             32  sun.misc.GC$LatencyRequest
1124:             2             32  sun.net.www.protocol.file.Handler
1125:             1             32  sun.nio.ch.ServerSocketAdaptor
1126:             2             32  sun.nio.ch.SocketDispatcher
1127:             2             32  sun.nio.ch.Util$3
1128:             1             32  sun.nio.cs.StandardCharsets
1129:             2             32  sun.nio.fs.LinuxFileSystemProvider
1130:             2             32  sun.security.ssl.SSLAlgorithmDecomposer
1131:             1             24  [Lcom.mysql.cj.conf.PropertyDefinitions$DatabaseTerm;
1132:             1             24  [Lcom.mysql.cj.protocol.Resultset$Concurrency;
1133:             1             24  [Lcom.mysql.cj.protocol.a.NativeConstants$StringLengthDataType;
1134:             1             24  [Lcom.sun.org.apache.xerces.internal.utils.XMLSecurityPropertyManager$Property;
1135:             1             24  [Ljava.io.File$PathStatus;
1136:             1             24  [Ljava.lang.ClassValue$Entry;
1137:             1             24  [Ljava.net.InetAddress$Cache$Type;
1138:             1             24  [Ljava.net.InetSocketAddress;
1139:             1             24  [Ljava.net.StandardProtocolFamily;
1140:             1             24  [Ljava.time.temporal.IsoFields$Unit;
1141:             1             24  [Ljava.util.Locale$Category;
1142:             1             24  [Lorg.apache.catalina.Service;
1143:             1             24  [Lorg.apache.catalina.connector.Connector;
1144:             1             24  [Lorg.apache.catalina.mapper.Mapper$MappedHost;
1145:             1             24  [Lorg.apache.catalina.valves.AbstractAccessLogValve$CachedElement;
1146:             1             24  [Lorg.apache.tomcat.util.buf.UEncoder$SafeCharsSet;
1147:             1             24  [Lsun.launcher.LauncherHelper;
1148:             1             24  com.mysql.cj.conf.ConnectionUrl$HostsCardinality$1
1149:             1             24  com.mysql.cj.conf.ConnectionUrl$HostsCardinality$2
1150:             1             24  com.mysql.cj.conf.ConnectionUrl$HostsCardinality$3
1151:             1             24  com.mysql.cj.jdbc.JdbcPropertySetImpl
1152:             1             24  com.mysql.cj.protocol.a.ResultsetRowReader
1153:             1             24  com.mysql.cj.protocol.a.SimplePacketReader
1154:             1             24  com.sun.jmx.mbeanserver.ClassLoaderRepositorySupport
1155:             1             24  com.sun.jmx.mbeanserver.MXBeanLookup
1156:             1             24  com.sun.jmx.remote.util.ClassLogger
1157:             1             24  com.sun.org.apache.xerces.internal.impl.Constants$ArrayEnumeration
1158:             1             24  com.sun.org.apache.xerces.internal.impl.dtd.XMLContentSpec
1159:             1             24  filters.ExampleFilter
1160:             1             24  java.io.ObjectStreamClass$ExceptionInfo
1161:             1             24  java.lang.ClassValue$Version
1162:             1             24  java.lang.Double
1163:             1             24  java.lang.invoke.MethodHandleImpl$4
1164:             1             24  java.lang.invoke.MethodType$ConcurrentWeakInternSet
1165:             1             24  java.net.Inet6AddressImpl
1166:             1             24  java.net.InetAddress
1167:             1             24  java.net.Proxy
1168:             1             24  java.net.ServerSocket
1169:             1             24  java.security.AllPermissionCollection
1170:             1             24  java.sql.DriverInfo
1171:             1             24  java.time.Period
1172:             1             24  java.time.format.DecimalStyle
1173:             1             24  java.time.temporal.IsoFields$Field$1
1174:             1             24  java.time.temporal.IsoFields$Field$2
1175:             1             24  java.time.temporal.IsoFields$Field$3
1176:             1             24  java.time.temporal.IsoFields$Field$4
1177:             1             24  java.time.zone.TzdbZoneRulesProvider
1178:             1             24  java.util.Collections$EmptyMap
1179:             1             24  java.util.Collections$SynchronizedList
1180:             1             24  java.util.Locale$Cache
1181:             1             24  java.util.ResourceBundle$Control$CandidateListCache
1182:             1             24  java.util.concurrent.CopyOnWriteArrayList$COWIterator
1183:             1             24  java.util.concurrent.TimeUnit$1
1184:             1             24  java.util.concurrent.TimeUnit$2
1185:             1             24  java.util.concurrent.TimeUnit$3
1186:             1             24  java.util.concurrent.TimeUnit$4
1187:             1             24  java.util.concurrent.TimeUnit$5
1188:             1             24  java.util.concurrent.TimeUnit$6
1189:             1             24  java.util.concurrent.TimeUnit$7
1190:             1             24  java.util.logging.LogManager$LoggerContext
1191:             1             24  java.util.logging.LoggingPermission
1192:             1             24  javax.net.ssl.KeyManagerFactory
1193:             1             24  javax.net.ssl.TrustManagerFactory
1194:             1             24  javax.websocket.CloseReason
1195:             1             24  org.apache.catalina.core.ThreadLocalLeakPreventionListener
1196:             1             24  org.apache.catalina.filters.RequestDumperFilter
1197:             1             24  org.apache.catalina.mapper.Mapper$ContextList
1198:             1             24  org.apache.catalina.security.SecurityConfig
1199:             1             24  org.apache.catalina.startup.CatalinaBaseConfigurationSource
1200:             1             24  org.apache.catalina.webresources.TomcatURLStreamHandlerFactory
1201:             1             24  org.apache.juli.FileHandler$1
1202:             1             24  org.apache.tomcat.util.buf.CharsetCache$DummyCharset
1203:             1             24  org.apache.tomcat.util.collections.ConcurrentCache
1204:             1             24  org.apache.tomcat.util.descriptor.web.JspConfigDescriptorImpl
1205:             1             24  org.apache.tomcat.util.file.ConfigurationSource$1
1206:             1             24  org.apache.tomcat.util.net.NioBlockingSelector
1207:             1             24  org.apache.tomcat.util.net.NioEndpoint$PollerEvent
1208:             1             24  org.apache.tomcat.util.net.SocketBufferHandler$1
1209:             1             24  org.apache.tomcat.websocket.WsExtension
1210:             1             24  sun.launcher.LauncherHelper
1211:             1             24  sun.management.CompilationImpl
1212:             1             24  sun.management.MemoryImpl
1213:             1             24  sun.management.OperatingSystemImpl
1214:             1             24  sun.management.RuntimeImpl
1215:             1             24  sun.management.ThreadImpl
1216:             1             24  sun.management.VMManagementImpl
1217:             1             24  sun.net.ProgressMonitor
1218:             1             24  sun.net.sdp.SdpProvider
1219:             1             24  sun.net.www.MimeTable
1220:             1             24  sun.nio.cs.IBM437
1221:             1             24  sun.nio.cs.IBM850
1222:             1             24  sun.nio.cs.IBM852
1223:             1             24  sun.nio.cs.IBM866
1224:             1             24  sun.nio.cs.ISO_8859_1
1225:             1             24  sun.nio.cs.ISO_8859_13
1226:             1             24  sun.nio.cs.ISO_8859_2
1227:             1             24  sun.nio.cs.ISO_8859_7
1228:             1             24  sun.nio.cs.ISO_8859_9
1229:             1             24  sun.nio.cs.KOI8_R
1230:             1             24  sun.nio.cs.MS1250
1231:             1             24  sun.nio.cs.MS1251
1232:             1             24  sun.nio.cs.MS1252
1233:             1             24  sun.nio.cs.MS1257
1234:             1             24  sun.nio.cs.ThreadLocalCoders$1
1235:             1             24  sun.nio.cs.ThreadLocalCoders$2
1236:             1             24  sun.nio.cs.US_ASCII
1237:             1             24  sun.nio.cs.UTF_16
1238:             1             24  sun.nio.cs.UTF_16BE
1239:             1             24  sun.nio.cs.UTF_16LE
1240:             1             24  sun.nio.cs.UTF_32
1241:             1             24  sun.nio.cs.UTF_8
1242:             1             24  sun.nio.cs.ext.Big5
1243:             1             24  sun.nio.cs.ext.EUC_CN
1244:             1             24  sun.nio.cs.ext.EUC_JP
1245:             1             24  sun.nio.cs.ext.EUC_JP_Open
1246:             1             24  sun.nio.cs.ext.EUC_KR
1247:             1             24  sun.nio.cs.ext.GB18030
1248:             1             24  sun.nio.cs.ext.GBK
1249:             1             24  sun.nio.cs.ext.IBM943
1250:             1             24  sun.nio.cs.ext.ISO_8859_8
1251:             1             24  sun.nio.cs.ext.MS1256
1252:             1             24  sun.nio.cs.ext.MS932
1253:             1             24  sun.nio.cs.ext.MacCentralEurope
1254:             1             24  sun.nio.cs.ext.MacRoman
1255:             1             24  sun.nio.cs.ext.SJIS
1256:             1             24  sun.nio.cs.ext.TIS_620
1257:             1             24  sun.security.provider.NativeSeedGenerator
1258:             1             24  sun.security.ssl.KeyManagerFactoryImpl$SunX509
1259:             1             24  sun.security.ssl.TrustManagerFactoryImpl$PKIXFactory
1260:             1             24  sun.security.util.DisabledAlgorithmConstraints$UsageConstraint
1261:             1             24  sun.security.util.DisabledAlgorithmConstraints$jdkCAConstraint
1262:             1             24  sun.util.locale.BaseLocale$Cache
1263:             1             24  sun.util.locale.provider.CalendarDataProviderImpl
1264:             1             24  sun.util.locale.provider.CalendarProviderImpl
1265:             1             24  sun.util.locale.provider.CurrencyNameProviderImpl
1266:             1             24  sun.util.locale.provider.DateFormatSymbolsProviderImpl
1267:             1             24  sun.util.locale.provider.DecimalFormatSymbolsProviderImpl
1268:             1             24  sun.util.locale.provider.NumberFormatProviderImpl
1269:             1             24  sun.util.locale.provider.TimeZoneNameProviderImpl
1270:             1             16  [Ljava.beans.EventSetDescriptor;
1271:             1             16  [Ljava.lang.Throwable;
1272:             1             16  [Ljava.lang.management.LockInfo;
1273:             1             16  [Ljava.lang.management.MonitorInfo;
1274:             1             16  [Ljava.nio.file.attribute.FileAttribute;
1275:             1             16  [Ljava.security.Provider;
1276:             1             16  [Ljava.security.cert.Certificate;
1277:             1             16  [Ljava.text.FieldPosition;
1278:             1             16  [Ljava.time.zone.ZoneOffsetTransitionRule;
1279:             1             16  [Ljava.util.logging.Handler;
1280:             1             16  [Lorg.apache.catalina.core.DefaultInstanceManager$AnnotationCacheEntry;
1281:             1             16  TPCW_Database$1
1282:             1             16  TPCW_home_interaction
1283:             1             16  async.AsyncStockContextListener
1284:             1             16  com.mysql.cj.jdbc.AbandonedConnectionCleanupThread
1285:             1             16  com.mysql.cj.jdbc.AbandonedConnectionCleanupThread$$Lambda$21/1002794072
1286:             1             16  com.mysql.cj.jdbc.Driver
1287:             1             16  com.mysql.cj.log.NullLogger
1288:             1             16  com.mysql.cj.log.StandardLogger
1289:             1             16  com.mysql.cj.protocol.AbstractProtocol$1
1290:             1             16  com.mysql.cj.protocol.AbstractProtocol$2
1291:             1             16  com.mysql.cj.protocol.ExportControlled$$Lambda$39/456533523
1292:             1             16  com.mysql.cj.protocol.ExportControlled$$Lambda$40/821245015
1293:             1             16  com.mysql.cj.protocol.ExportControlled$$Lambda$41/412956967
1294:             1             16  com.mysql.cj.protocol.ExportControlled$$Lambda$42/1852238806
1295:             1             16  com.mysql.cj.protocol.FullReadInputStream
1296:             1             16  com.mysql.cj.protocol.a.BinaryResultsetReader
1297:             1             16  com.mysql.cj.protocol.a.SimplePacketSender
1298:             1             16  com.mysql.cj.protocol.a.TextResultsetReader
1299:             1             16  com.sun.beans.WeakCache
1300:             1             16  com.sun.jmx.interceptor.DefaultMBeanServerInterceptor$ResourceContext$1
1301:             1             16  com.sun.jmx.mbeanserver.DefaultMXBeanMappingFactory
1302:             1             16  com.sun.jmx.mbeanserver.DescriptorCache
1303:             1             16  com.sun.jmx.mbeanserver.MBeanAnalyzer$MethodOrder
1304:             1             16  com.sun.jmx.mbeanserver.MBeanInstantiator
1305:             1             16  com.sun.jmx.mbeanserver.MXBeanIntrospector
1306:             1             16  com.sun.jmx.mbeanserver.SecureClassLoaderRepository
1307:             1             16  com.sun.naming.internal.VersionHelper12
1308:             1             16  com.sun.org.apache.xerces.internal.impl.XMLDocumentScannerImpl$DTDDriver
1309:             1             16  com.sun.org.apache.xerces.internal.impl.dv.dtd.IDDatatypeValidator
1310:             1             16  com.sun.org.apache.xerces.internal.impl.dv.dtd.IDREFDatatypeValidator
1311:             1             16  com.sun.org.apache.xerces.internal.impl.dv.dtd.NMTOKENDatatypeValidator
1312:             1             16  com.sun.org.apache.xerces.internal.impl.dv.dtd.NOTATIONDatatypeValidator
1313:             1             16  com.sun.org.apache.xerces.internal.impl.dv.dtd.StringDatatypeValidator
1314:             1             16  com.sun.org.apache.xerces.internal.utils.SecuritySupport
1315:             1             16  com.sun.proxy.$Proxy2
1316:             1             16  java.io.FileDescriptor$1
1317:             1             16  java.io.ObjectInputStream$$Lambda$17/1816756435
1318:             1             16  java.io.ObjectInputStream$$Lambda$18/432430300
1319:             1             16  java.io.ObjectInputStream$1
1320:             1             16  java.lang.ApplicationShutdownHooks$1
1321:             1             16  java.lang.CharacterDataLatin1
1322:             1             16  java.lang.ClassValue$Identity
1323:             1             16  java.lang.Float
1324:             1             16  java.lang.InheritableThreadLocal
1325:             1             16  java.lang.Runtime
1326:             1             16  java.lang.String$CaseInsensitiveComparator
1327:             1             16  java.lang.System$2
1328:             1             16  java.lang.Terminator$1
1329:             1             16  java.lang.invoke.MemberName$Factory
1330:             1             16  java.lang.invoke.MethodHandleImpl$2
1331:             1             16  java.lang.invoke.MethodHandleImpl$3
1332:             1             16  java.lang.management.PlatformComponent$1
1333:             1             16  java.lang.management.PlatformComponent$10
1334:             1             16  java.lang.management.PlatformComponent$11
1335:             1             16  java.lang.management.PlatformComponent$12
1336:             1             16  java.lang.management.PlatformComponent$13
1337:             1             16  java.lang.management.PlatformComponent$14
1338:             1             16  java.lang.management.PlatformComponent$15
1339:             1             16  java.lang.management.PlatformComponent$2
1340:             1             16  java.lang.management.PlatformComponent$3
1341:             1             16  java.lang.management.PlatformComponent$4
1342:             1             16  java.lang.management.PlatformComponent$5
1343:             1             16  java.lang.management.PlatformComponent$6
1344:             1             16  java.lang.management.PlatformComponent$7
1345:             1             16  java.lang.management.PlatformComponent$8
1346:             1             16  java.lang.management.PlatformComponent$9
1347:             1             16  java.lang.ref.Reference$1
1348:             1             16  java.lang.ref.Reference$Lock
1349:             1             16  java.lang.reflect.Proxy$KeyFactory
1350:             1             16  java.lang.reflect.Proxy$ProxyClassFactory
1351:             1             16  java.lang.reflect.ReflectAccess
1352:             1             16  java.math.BigDecimal$1
1353:             1             16  java.net.InetAddress$2
1354:             1             16  java.net.URLClassLoader$7
1355:             1             16  java.nio.Bits$1
1356:             1             16  java.nio.Bits$1$1
1357:             1             16  java.nio.charset.CoderResult$1
1358:             1             16  java.nio.charset.CoderResult$2
1359:             1             16  java.nio.file.Files$AcceptAllFilter
1360:             1             16  java.security.AllPermission
1361:             1             16  java.security.ProtectionDomain$2
1362:             1             16  java.security.ProtectionDomain$JavaSecurityAccessImpl
1363:             1             16  java.text.DontCareFieldPosition$1
1364:             1             16  java.text.MessageFormat$Field
1365:             1             16  java.time.chrono.AbstractChronology$$Lambda$2/1025370782
1366:             1             16  java.time.chrono.AbstractChronology$$Lambda$3/1104491692
1367:             1             16  java.time.chrono.AbstractChronology$$Lambda$4/974856099
1368:             1             16  java.time.chrono.IsoChronology
1369:             1             16  java.time.format.DateTimeFormatter$$Lambda$7/831660047
1370:             1             16  java.time.format.DateTimeFormatter$$Lambda$8/462567318
1371:             1             16  java.time.format.DateTimeFormatterBuilder$$Lambda$6/251433915
1372:             1             16  java.time.format.DateTimeFormatterBuilder$2
1373:             1             16  java.time.format.DateTimeFormatterBuilder$InstantPrinterParser
1374:             1             16  java.time.format.DateTimeTextProvider$1
1375:             1             16  java.time.temporal.TemporalQueries$$Lambda$10/2060958706
1376:             1             16  java.time.temporal.TemporalQueries$$Lambda$11/1548023239
1377:             1             16  java.time.temporal.TemporalQueries$$Lambda$12/1261741071
1378:             1             16  java.time.temporal.TemporalQueries$$Lambda$13/1135911059
1379:             1             16  java.time.temporal.TemporalQueries$$Lambda$14/941985775
1380:             1             16  java.time.temporal.TemporalQueries$$Lambda$15/113695400
1381:             1             16  java.time.temporal.TemporalQueries$$Lambda$9/100225590
1382:             1             16  java.util.Collections$EmptyEnumeration
1383:             1             16  java.util.Collections$EmptyIterator
1384:             1             16  java.util.Collections$EmptyList
1385:             1             16  java.util.Collections$EmptySet
1386:             1             16  java.util.Currency$CurrencyNameGetter
1387:             1             16  java.util.EnumMap$1
1388:             1             16  java.util.Hashtable$EntrySet
1389:             1             16  java.util.Hashtable$KeySet
1390:             1             16  java.util.Optional
1391:             1             16  java.util.ResourceBundle$Control
1392:             1             16  java.util.Spliterators$EmptySpliterator$OfDouble
1393:             1             16  java.util.Spliterators$EmptySpliterator$OfInt
1394:             1             16  java.util.Spliterators$EmptySpliterator$OfLong
1395:             1             16  java.util.Spliterators$EmptySpliterator$OfRef
1396:             1             16  java.util.TreeSet
1397:             1             16  java.util.WeakHashMap$KeySet
1398:             1             16  java.util.concurrent.ConcurrentHashMap$EntrySetView
1399:             1             16  java.util.concurrent.ThreadPoolExecutor$AbortPolicy
1400:             1             16  java.util.concurrent.atomic.AtomicReference
1401:             1             16  java.util.jar.JavaUtilJarAccessImpl
1402:             1             16  java.util.logging.LoggingProxyImpl
1403:             1             16  java.util.regex.Pattern$4
1404:             1             16  java.util.regex.Pattern$LastNode
1405:             1             16  java.util.regex.Pattern$Node
1406:             1             16  java.util.stream.Collectors$$Lambda$24/1238555391
1407:             1             16  java.util.stream.Collectors$$Lambda$25/1525319056
1408:             1             16  java.util.stream.Collectors$$Lambda$26/162865653
1409:             1             16  java.util.stream.Collectors$$Lambda$35/786337475
1410:             1             16  java.util.stream.Collectors$$Lambda$36/497997219
1411:             1             16  java.util.stream.Collectors$$Lambda$37/2117082976
1412:             1             16  java.util.stream.Collectors$$Lambda$38/979815473
1413:             1             16  java.util.zip.ZipFile$1
1414:             1             16  javax.management.JMX
1415:             1             16  javax.management.MBeanServerBuilder
1416:             1             16  javax.management.NotificationBroadcasterSupport$1
1417:             1             16  javax.servlet.http.RFC6265Validator
1418:             1             16  javax.xml.parsers.SecuritySupport
1419:             1             16  listeners.ContextListener
1420:             1             16  listeners.SessionListener
1421:             1             16  org.apache.catalina.connector.CoyoteAdapter
1422:             1             16  org.apache.catalina.connector.CoyoteAdapter$1
1423:             1             16  org.apache.catalina.connector.Request$1
1424:             1             16  org.apache.catalina.connector.Request$2
1425:             1             16  org.apache.catalina.connector.Request$3
1426:             1             16  org.apache.catalina.connector.Request$4
1427:             1             16  org.apache.catalina.connector.Request$5
1428:             1             16  org.apache.catalina.connector.Request$6
1429:             1             16  org.apache.catalina.connector.Request$7
1430:             1             16  org.apache.catalina.connector.Request$8
1431:             1             16  org.apache.catalina.connector.Request$9
1432:             1             16  org.apache.catalina.core.AprLifecycleListener
1433:             1             16  org.apache.catalina.core.ContainerBase$ContainerBackgroundProcessor
1434:             1             16  org.apache.catalina.core.ContainerBase$ContainerBackgroundProcessorMonitor
1435:             1             16  org.apache.catalina.core.StandardContext$1
1436:             1             16  org.apache.catalina.core.StandardServer$1
1437:             1             16  org.apache.catalina.core.StandardServer$2
1438:             1             16  org.apache.catalina.filters.RequestDumperFilter$1
1439:             1             16  org.apache.catalina.mbeans.GlobalResourcesLifecycleListener
1440:             1             16  org.apache.catalina.mbeans.MBeanFactory
1441:             1             16  org.apache.catalina.startup.ContextConfig$HostWebXmlCacheCleaner
1442:             1             16  org.apache.catalina.startup.EngineConfig
1443:             1             16  org.apache.catalina.startup.VersionLoggerListener
1444:             1             16  org.apache.catalina.valves.AbstractAccessLogValve$1
1445:             1             16  org.apache.catalina.valves.AbstractAccessLogValve$2
1446:             1             16  org.apache.catalina.valves.AbstractAccessLogValve$ByteSentElement
1447:             1             16  org.apache.catalina.valves.AbstractAccessLogValve$HostElement
1448:             1             16  org.apache.catalina.valves.AbstractAccessLogValve$HttpStatusCodeElement
1449:             1             16  org.apache.catalina.valves.AbstractAccessLogValve$LogicalUserNameElement
1450:             1             16  org.apache.catalina.valves.AbstractAccessLogValve$RequestElement
1451:             1             16  org.apache.catalina.valves.AbstractAccessLogValve$UserElement
1452:             1             16  org.apache.coyote.AbstractProtocol$1
1453:             1             16  org.apache.coyote.AbstractProtocol$2
1454:             1             16  org.apache.jasper.runtime.JspFactoryImpl
1455:             1             16  org.apache.juli.ClassLoaderLogManager$1
1456:             1             16  org.apache.juli.OneLineFormatter$1
1457:             1             16  org.apache.juli.logging.LogFactory
1458:             1             16  org.apache.naming.NameParserImpl
1459:             1             16  org.apache.tomcat.util.buf.CharsetCache
1460:             1             16  org.apache.tomcat.util.buf.MessageBytes$MessageBytesFactory
1461:             1             16  org.apache.tomcat.util.buf.StringCache
1462:             1             16  org.apache.tomcat.util.compat.JreCompat
1463:             1             16  org.apache.tomcat.util.descriptor.web.JspPropertyGroupDescriptorImpl
1464:             1             16  org.apache.tomcat.util.http.CookieProcessorBase$1
1465:             1             16  org.apache.tomcat.util.http.parser.MediaTypeCache
1466:             1             16  org.apache.tomcat.util.modeler.ManagedBean$$Lambda$16/121295574
1467:             1             16  org.apache.tomcat.util.net.NioBlockingSelector$KeyReference
1468:             1             16  org.apache.tomcat.util.net.SocketWrapperBase$1
1469:             1             16  org.apache.tomcat.util.net.SocketWrapperBase$2
1470:             1             16  org.apache.tomcat.util.net.SocketWrapperBase$3
1471:             1             16  org.apache.tomcat.util.threads.ScheduledThreadPoolExecutor
1472:             1             16  org.apache.tomcat.util.threads.ThreadPoolExecutor$RejectHandler
1473:             1             16  org.apache.tomcat.websocket.server.DefaultServerEndpointConfigurator
1474:             1             16  sun.management.ClassLoadingImpl
1475:             1             16  sun.management.HotSpotDiagnostic
1476:             1             16  sun.management.ManagementFactoryHelper$PlatformLoggingImpl
1477:             1             16  sun.misc.ASCIICaseInsensitiveComparator
1478:             1             16  sun.misc.FloatingDecimal$1
1479:             1             16  sun.misc.GC$LatencyLock
1480:             1             16  sun.misc.Launcher
1481:             1             16  sun.misc.Launcher$Factory
1482:             1             16  sun.misc.ObjectInputFilter$Config$$Lambda$19/532048323
1483:             1             16  sun.misc.Perf
1484:             1             16  sun.misc.Unsafe
1485:             1             16  sun.net.DefaultProgressMeteringPolicy
1486:             1             16  sun.net.ExtendedOptionsImpl$$Lambda$20/1681690089
1487:             1             16  sun.net.spi.DefaultProxySelector
1488:             1             16  sun.net.www.protocol.jar.JarFileFactory
1489:             1             16  sun.nio.ch.EPollSelectorProvider
1490:             1             16  sun.nio.ch.ExtendedSocketOption$1
1491:             1             16  sun.nio.ch.FileChannelImpl$1
1492:             1             16  sun.nio.ch.Net$1
1493:             1             16  sun.nio.ch.Util$1
1494:             1             16  sun.reflect.GeneratedConstructorAccessor1
1495:             1             16  sun.reflect.GeneratedConstructorAccessor2
1496:             1             16  sun.reflect.GeneratedConstructorAccessor3
1497:             1             16  sun.reflect.GeneratedConstructorAccessor4
1498:             1             16  sun.reflect.GeneratedConstructorAccessor5
1499:             1             16  sun.reflect.GeneratedConstructorAccessor6
1500:             1             16  sun.reflect.GeneratedConstructorAccessor7
1501:             1             16  sun.reflect.GeneratedConstructorAccessor8
1502:             1             16  sun.reflect.GeneratedMethodAccessor1
1503:             1             16  sun.reflect.GeneratedMethodAccessor10
1504:             1             16  sun.reflect.GeneratedMethodAccessor11
1505:             1             16  sun.reflect.GeneratedMethodAccessor12
1506:             1             16  sun.reflect.GeneratedMethodAccessor13
1507:             1             16  sun.reflect.GeneratedMethodAccessor14
1508:             1             16  sun.reflect.GeneratedMethodAccessor15
1509:             1             16  sun.reflect.GeneratedMethodAccessor16
1510:             1             16  sun.reflect.GeneratedMethodAccessor17
1511:             1             16  sun.reflect.GeneratedMethodAccessor18
1512:             1             16  sun.reflect.GeneratedMethodAccessor19
1513:             1             16  sun.reflect.GeneratedMethodAccessor2
1514:             1             16  sun.reflect.GeneratedMethodAccessor20
1515:             1             16  sun.reflect.GeneratedMethodAccessor21
1516:             1             16  sun.reflect.GeneratedMethodAccessor22
1517:             1             16  sun.reflect.GeneratedMethodAccessor23
1518:             1             16  sun.reflect.GeneratedMethodAccessor24
1519:             1             16  sun.reflect.GeneratedMethodAccessor25
1520:             1             16  sun.reflect.GeneratedMethodAccessor26
1521:             1             16  sun.reflect.GeneratedMethodAccessor27
1522:             1             16  sun.reflect.GeneratedMethodAccessor28
1523:             1             16  sun.reflect.GeneratedMethodAccessor29
1524:             1             16  sun.reflect.GeneratedMethodAccessor3
1525:             1             16  sun.reflect.GeneratedMethodAccessor30
1526:             1             16  sun.reflect.GeneratedMethodAccessor31
1527:             1             16  sun.reflect.GeneratedMethodAccessor32
1528:             1             16  sun.reflect.GeneratedMethodAccessor33
1529:             1             16  sun.reflect.GeneratedMethodAccessor34
1530:             1             16  sun.reflect.GeneratedMethodAccessor35
1531:             1             16  sun.reflect.GeneratedMethodAccessor36
1532:             1             16  sun.reflect.GeneratedMethodAccessor37
1533:             1             16  sun.reflect.GeneratedMethodAccessor38
1534:             1             16  sun.reflect.GeneratedMethodAccessor4
1535:             1             16  sun.reflect.GeneratedMethodAccessor5
1536:             1             16  sun.reflect.GeneratedMethodAccessor6
1537:             1             16  sun.reflect.GeneratedMethodAccessor7
1538:             1             16  sun.reflect.GeneratedMethodAccessor8
1539:             1             16  sun.reflect.GeneratedMethodAccessor9
1540:             1             16  sun.reflect.GeneratedSerializationConstructorAccessor1
1541:             1             16  sun.reflect.GeneratedSerializationConstructorAccessor2
1542:             1             16  sun.reflect.GeneratedSerializationConstructorAccessor3
1543:             1             16  sun.reflect.GeneratedSerializationConstructorAccessor4
1544:             1             16  sun.reflect.ReflectionFactory
1545:             1             16  sun.reflect.generics.tree.TypeVariableSignature
1546:             1             16  sun.security.util.AlgorithmDecomposer
1547:             1             16  sun.security.util.ByteArrayLexOrder
1548:             1             16  sun.security.util.ByteArrayTagOrder
1549:             1             16  sun.util.calendar.Gregorian
1550:             1             16  sun.util.locale.provider.AuxLocaleProviderAdapter$NullProvider
1551:             1             16  sun.util.locale.provider.CalendarDataUtility$CalendarWeekParameterGetter
1552:             1             16  sun.util.locale.provider.SPILocaleProviderAdapter
1553:             1             16  sun.util.locale.provider.TimeZoneNameUtility$TimeZoneNameGetter
1554:             1             16  sun.util.resources.LocaleData
1555:             1             16  sun.util.resources.LocaleData$LocaleDataResourceBundleControl
1556:             1             16  websocket.drawboard.DrawboardContextListener
Total        197772       24522080
, 0.0049837 secs]
22.437: Total time for which application threads were stopped: 0.0744374 seconds, Stopping threads took: 0.0000190 seconds
22.437: Application time: 0.0002270 seconds
22.437: Total time for which application threads were stopped: 0.0001268 seconds, Stopping threads took: 0.0001012 seconds
22.438: Application time: 0.0004024 seconds
22.438: Total time for which application threads were stopped: 0.0000593 seconds, Stopping threads took: 0.0000364 seconds
22.439: Application time: 0.0013489 seconds
22.439: Total time for which application threads were stopped: 0.0001814 seconds, Stopping threads took: 0.0001541 seconds
22.440: Application time: 0.0004346 seconds
22.440: Total time for which application threads were stopped: 0.0001730 seconds, Stopping threads took: 0.0001468 seconds
22.442: Application time: 0.0018284 seconds
22.442: Total time for which application threads were stopped: 0.0000573 seconds, Stopping threads took: 0.0000213 seconds
22.442: Application time: 0.0001185 seconds
22.442: Total time for which application threads were stopped: 0.0000377 seconds, Stopping threads took: 0.0000161 seconds
22.442: Application time: 0.0001010 seconds
22.442: Total time for which application threads were stopped: 0.0000442 seconds, Stopping threads took: 0.0000207 seconds
22.442: Application time: 0.0001009 seconds
22.442: Total time for which application threads were stopped: 0.0000868 seconds, Stopping threads took: 0.0000625 seconds
22.442: Application time: 0.0001123 seconds
22.442: Total time for which application threads were stopped: 0.0000649 seconds, Stopping threads took: 0.0000300 seconds
22.443: Application time: 0.0000917 seconds
22.443: Total time for which application threads were stopped: 0.0001626 seconds, Stopping threads took: 0.0001265 seconds
22.443: Application time: 0.0000882 seconds
22.443: Total time for which application threads were stopped: 0.0001575 seconds, Stopping threads took: 0.0001229 seconds
22.443: Application time: 0.0000942 seconds
22.443: Total time for which application threads were stopped: 0.0002527 seconds, Stopping threads took: 0.0002209 seconds
22.443: Application time: 0.0000928 seconds
22.443: Total time for which application threads were stopped: 0.0001089 seconds, Stopping threads took: 0.0000382 seconds
22.444: Application time: 0.0000987 seconds
22.444: Total time for which application threads were stopped: 0.0000596 seconds, Stopping threads took: 0.0000307 seconds
22.444: Application time: 0.0001079 seconds
22.444: Total time for which application threads were stopped: 0.0000622 seconds, Stopping threads took: 0.0000356 seconds
22.444: Application time: 0.0000997 seconds
22.444: Total time for which application threads were stopped: 0.0004393 seconds, Stopping threads took: 0.0004144 seconds
22.480: Application time: 0.0356389 seconds
22.480: Total time for which application threads were stopped: 0.0002602 seconds, Stopping threads took: 0.0002186 seconds
22.481: Application time: 0.0002914 seconds
22.481: Total time for which application threads were stopped: 0.0005512 seconds, Stopping threads took: 0.0005262 seconds
22.482: Application time: 0.0008864 seconds
22.482: Total time for which application threads were stopped: 0.0002324 seconds, Stopping threads took: 0.0002087 seconds
22.610: Application time: 0.1277497 seconds
22.610: Total time for which application threads were stopped: 0.0001469 seconds, Stopping threads took: 0.0000860 seconds
22.610: Application time: 0.0003206 seconds
22.611: Total time for which application threads were stopped: 0.0000802 seconds, Stopping threads took: 0.0000547 seconds
22.611: Application time: 0.0002030 seconds
22.611: Total time for which application threads were stopped: 0.0002703 seconds, Stopping threads took: 0.0000648 seconds
22.646: Application time: 0.0353658 seconds
22.646: Total time for which application threads were stopped: 0.0000858 seconds, Stopping threads took: 0.0000456 seconds
22.647: Application time: 0.0007684 seconds
22.647: Total time for which application threads were stopped: 0.0001291 seconds, Stopping threads took: 0.0000917 seconds
22.648: Application time: 0.0008874 seconds
22.649: Total time for which application threads were stopped: 0.0007453 seconds, Stopping threads took: 0.0006886 seconds
22.649: Application time: 0.0002271 seconds
22.649: Total time for which application threads were stopped: 0.0000663 seconds, Stopping threads took: 0.0000329 seconds
22.649: Application time: 0.0000923 seconds
22.649: Total time for which application threads were stopped: 0.0001109 seconds, Stopping threads took: 0.0000775 seconds
22.650: Application time: 0.0001272 seconds
22.650: Total time for which application threads were stopped: 0.0001010 seconds, Stopping threads took: 0.0000727 seconds
22.651: Application time: 0.0015639 seconds
22.652: Total time for which application threads were stopped: 0.0002184 seconds, Stopping threads took: 0.0001871 seconds
22.653: Application time: 0.0016155 seconds
22.653: Total time for which application threads were stopped: 0.0000508 seconds, Stopping threads took: 0.0000176 seconds
22.653: Application time: 0.0001003 seconds
22.653: Total time for which application threads were stopped: 0.0000453 seconds, Stopping threads took: 0.0000172 seconds
22.654: Application time: 0.0001796 seconds
22.654: Total time for which application threads were stopped: 0.0009287 seconds, Stopping threads took: 0.0009036 seconds
22.655: Application time: 0.0001692 seconds
22.655: Total time for which application threads were stopped: 0.0000484 seconds, Stopping threads took: 0.0000167 seconds
22.655: Application time: 0.0005463 seconds
22.655: Total time for which application threads were stopped: 0.0001696 seconds, Stopping threads took: 0.0001372 seconds
22.658: Application time: 0.0026439 seconds
22.658: Total time for which application threads were stopped: 0.0001207 seconds, Stopping threads took: 0.0000254 seconds
22.660: Application time: 0.0019093 seconds
22.660: Total time for which application threads were stopped: 0.0000732 seconds, Stopping threads took: 0.0000420 seconds
22.661: Application time: 0.0004366 seconds
22.661: Total time for which application threads were stopped: 0.0001796 seconds, Stopping threads took: 0.0001542 seconds
22.662: Application time: 0.0010248 seconds
22.662: Total time for which application threads were stopped: 0.0004117 seconds, Stopping threads took: 0.0003750 seconds
22.663: Application time: 0.0012545 seconds
22.664: Total time for which application threads were stopped: 0.0002650 seconds, Stopping threads took: 0.0002200 seconds
22.667: Application time: 0.0028648 seconds
22.667: Total time for which application threads were stopped: 0.0000889 seconds, Stopping threads took: 0.0000555 seconds
22.667: Application time: 0.0000932 seconds
22.667: Total time for which application threads were stopped: 0.0000467 seconds, Stopping threads took: 0.0000189 seconds
22.684: Application time: 0.0168479 seconds
22.684: Total time for which application threads were stopped: 0.0000797 seconds, Stopping threads took: 0.0000268 seconds
22.684: Application time: 0.0001333 seconds
22.684: Total time for which application threads were stopped: 0.0001437 seconds, Stopping threads took: 0.0001020 seconds
22.685: Application time: 0.0010085 seconds
22.685: Total time for which application threads were stopped: 0.0001294 seconds, Stopping threads took: 0.0000946 seconds
22.685: Application time: 0.0001027 seconds
22.685: Total time for which application threads were stopped: 0.0001298 seconds, Stopping threads took: 0.0000934 seconds
22.686: Application time: 0.0005551 seconds
22.686: Total time for which application threads were stopped: 0.0000797 seconds, Stopping threads took: 0.0000187 seconds
22.686: Application time: 0.0000929 seconds
22.686: Total time for which application threads were stopped: 0.0000491 seconds, Stopping threads took: 0.0000161 seconds
22.687: Application time: 0.0010130 seconds
22.687: Total time for which application threads were stopped: 0.0000888 seconds, Stopping threads took: 0.0000205 seconds
22.688: Application time: 0.0007962 seconds
22.688: Total time for which application threads were stopped: 0.0001696 seconds, Stopping threads took: 0.0001312 seconds
22.688: Application time: 0.0001123 seconds
22.689: Total time for which application threads were stopped: 0.0001657 seconds, Stopping threads took: 0.0001255 seconds
22.689: Application time: 0.0006836 seconds
22.689: Total time for which application threads were stopped: 0.0002266 seconds, Stopping threads took: 0.0001553 seconds
22.690: Application time: 0.0001112 seconds
22.690: Total time for which application threads were stopped: 0.0001245 seconds, Stopping threads took: 0.0000442 seconds
22.691: Application time: 0.0009406 seconds
22.691: Total time for which application threads were stopped: 0.0001975 seconds, Stopping threads took: 0.0001281 seconds
22.691: Application time: 0.0001154 seconds
22.691: Total time for which application threads were stopped: 0.0002621 seconds, Stopping threads took: 0.0001721 seconds
22.691: Application time: 0.0001184 seconds
22.692: Total time for which application threads were stopped: 0.0001808 seconds, Stopping threads took: 0.0001492 seconds
22.692: Application time: 0.0000992 seconds
22.692: Total time for which application threads were stopped: 0.0001652 seconds, Stopping threads took: 0.0001336 seconds
22.692: Application time: 0.0001836 seconds
22.692: Total time for which application threads were stopped: 0.0001459 seconds, Stopping threads took: 0.0001188 seconds
22.692: Application time: 0.0003223 seconds
22.693: Total time for which application threads were stopped: 0.0001757 seconds, Stopping threads took: 0.0001432 seconds
22.693: Application time: 0.0000583 seconds
22.693: Total time for which application threads were stopped: 0.0000903 seconds, Stopping threads took: 0.0000314 seconds
22.694: Application time: 0.0007858 seconds
22.694: Total time for which application threads were stopped: 0.0001926 seconds, Stopping threads took: 0.0001543 seconds
22.695: Application time: 0.0008615 seconds
22.695: Total time for which application threads were stopped: 0.0000889 seconds, Stopping threads took: 0.0000483 seconds
22.695: Application time: 0.0006135 seconds
22.695: Total time for which application threads were stopped: 0.0000915 seconds, Stopping threads took: 0.0000602 seconds
22.696: Application time: 0.0002844 seconds
22.696: Total time for which application threads were stopped: 0.0001461 seconds, Stopping threads took: 0.0000338 seconds
22.697: Application time: 0.0014167 seconds
22.697: Total time for which application threads were stopped: 0.0002005 seconds, Stopping threads took: 0.0000968 seconds
22.698: Application time: 0.0003804 seconds
22.698: Total time for which application threads were stopped: 0.0001341 seconds, Stopping threads took: 0.0001036 seconds
22.698: Application time: 0.0003873 seconds
22.699: Total time for which application threads were stopped: 0.0001563 seconds, Stopping threads took: 0.0000986 seconds
22.699: Application time: 0.0008295 seconds
22.699: Total time for which application threads were stopped: 0.0000811 seconds, Stopping threads took: 0.0000197 seconds
22.700: Application time: 0.0007986 seconds
22.700: Total time for which application threads were stopped: 0.0002012 seconds, Stopping threads took: 0.0001656 seconds
22.701: Application time: 0.0007821 seconds
22.701: Total time for which application threads were stopped: 0.0001898 seconds, Stopping threads took: 0.0001520 seconds
22.726: Application time: 0.0247847 seconds
22.726: Total time for which application threads were stopped: 0.0001273 seconds, Stopping threads took: 0.0000834 seconds
22.726: Application time: 0.0000922 seconds
22.727: Total time for which application threads were stopped: 0.0001285 seconds, Stopping threads took: 0.0001038 seconds
22.727: Application time: 0.0000616 seconds
22.727: Total time for which application threads were stopped: 0.0000336 seconds, Stopping threads took: 0.0000139 seconds
22.727: Application time: 0.0000745 seconds
22.727: Total time for which application threads were stopped: 0.0000793 seconds, Stopping threads took: 0.0000596 seconds
22.727: Application time: 0.0000666 seconds
22.727: Total time for which application threads were stopped: 0.0000533 seconds, Stopping threads took: 0.0000323 seconds
22.727: Application time: 0.0000946 seconds
22.727: Total time for which application threads were stopped: 0.0000970 seconds, Stopping threads took: 0.0000444 seconds
22.727: Application time: 0.0001659 seconds
22.727: Total time for which application threads were stopped: 0.0001039 seconds, Stopping threads took: 0.0000662 seconds
22.728: Application time: 0.0001768 seconds
22.728: Total time for which application threads were stopped: 0.0000647 seconds, Stopping threads took: 0.0000352 seconds
22.728: Application time: 0.0002016 seconds
22.728: Total time for which application threads were stopped: 0.0002525 seconds, Stopping threads took: 0.0002050 seconds
22.728: Application time: 0.0001087 seconds
22.728: Total time for which application threads were stopped: 0.0001328 seconds, Stopping threads took: 0.0001021 seconds
22.728: Application time: 0.0000883 seconds
22.729: Total time for which application threads were stopped: 0.0001244 seconds, Stopping threads took: 0.0000949 seconds
22.729: Application time: 0.0000856 seconds
22.729: Total time for which application threads were stopped: 0.0001281 seconds, Stopping threads took: 0.0000587 seconds
22.729: Application time: 0.0000931 seconds
22.729: Total time for which application threads were stopped: 0.0002669 seconds, Stopping threads took: 0.0002345 seconds
22.729: Application time: 0.0001236 seconds
22.729: Total time for which application threads were stopped: 0.0001291 seconds, Stopping threads took: 0.0001012 seconds
22.730: Application time: 0.0003216 seconds
22.730: Total time for which application threads were stopped: 0.0001433 seconds, Stopping threads took: 0.0000832 seconds
22.731: Application time: 0.0007383 seconds
22.731: Total time for which application threads were stopped: 0.0001500 seconds, Stopping threads took: 0.0000825 seconds
22.731: Application time: 0.0001485 seconds
22.731: Total time for which application threads were stopped: 0.0002374 seconds, Stopping threads took: 0.0001751 seconds
22.731: Application time: 0.0001236 seconds
22.732: Total time for which application threads were stopped: 0.0003470 seconds, Stopping threads took: 0.0002852 seconds
22.732: Application time: 0.0000757 seconds
22.732: Total time for which application threads were stopped: 0.0000894 seconds, Stopping threads took: 0.0000353 seconds
22.732: Application time: 0.0000923 seconds
22.732: Total time for which application threads were stopped: 0.0002870 seconds, Stopping threads took: 0.0002510 seconds
22.732: Application time: 0.0001162 seconds
22.732: Total time for which application threads were stopped: 0.0000819 seconds, Stopping threads took: 0.0000588 seconds
22.733: Application time: 0.0002417 seconds
22.733: Total time for which application threads were stopped: 0.0001621 seconds, Stopping threads took: 0.0001004 seconds
22.733: Application time: 0.0005317 seconds
22.734: Total time for which application threads were stopped: 0.0001721 seconds, Stopping threads took: 0.0001437 seconds
22.734: Application time: 0.0001561 seconds
22.734: Total time for which application threads were stopped: 0.0001085 seconds, Stopping threads took: 0.0000844 seconds
22.734: Application time: 0.0000966 seconds
22.734: Total time for which application threads were stopped: 0.0001624 seconds, Stopping threads took: 0.0001089 seconds
22.734: Application time: 0.0000726 seconds
22.734: Total time for which application threads were stopped: 0.0000523 seconds, Stopping threads took: 0.0000324 seconds
22.734: Application time: 0.0001104 seconds
22.735: Total time for which application threads were stopped: 0.0002171 seconds, Stopping threads took: 0.0001945 seconds
22.735: Application time: 0.0000725 seconds
22.735: Total time for which application threads were stopped: 0.0001621 seconds, Stopping threads took: 0.0001386 seconds
22.735: Application time: 0.0001832 seconds
22.735: Total time for which application threads were stopped: 0.0002062 seconds, Stopping threads took: 0.0001685 seconds
22.735: Application time: 0.0002461 seconds
22.736: Total time for which application threads were stopped: 0.0001825 seconds, Stopping threads took: 0.0001524 seconds
22.736: Application time: 0.0000861 seconds
22.736: Total time for which application threads were stopped: 0.0001137 seconds, Stopping threads took: 0.0000865 seconds
22.736: Application time: 0.0000930 seconds
22.736: Total time for which application threads were stopped: 0.0000334 seconds, Stopping threads took: 0.0000104 seconds
22.736: Application time: 0.0000771 seconds
22.736: Total time for which application threads were stopped: 0.0000881 seconds, Stopping threads took: 0.0000516 seconds
22.736: Application time: 0.0000207 seconds
22.736: Total time for which application threads were stopped: 0.0000306 seconds, Stopping threads took: 0.0000092 seconds
22.736: Application time: 0.0000301 seconds
22.736: Total time for which application threads were stopped: 0.0000355 seconds, Stopping threads took: 0.0000129 seconds
22.736: Application time: 0.0001581 seconds
22.736: Total time for which application threads were stopped: 0.0000904 seconds, Stopping threads took: 0.0000450 seconds
22.737: Application time: 0.0008848 seconds
22.738: Total time for which application threads were stopped: 0.0002764 seconds, Stopping threads took: 0.0002115 seconds
22.738: Application time: 0.0001105 seconds
22.738: Total time for which application threads were stopped: 0.0002018 seconds, Stopping threads took: 0.0001330 seconds
22.738: Application time: 0.0000985 seconds
22.738: Total time for which application threads were stopped: 0.0000800 seconds, Stopping threads took: 0.0000163 seconds
22.739: Application time: 0.0004975 seconds
22.739: Total time for which application threads were stopped: 0.0003169 seconds, Stopping threads took: 0.0002624 seconds
22.739: Application time: 0.0000663 seconds
22.739: Total time for which application threads were stopped: 0.0000872 seconds, Stopping threads took: 0.0000355 seconds
22.739: Application time: 0.0000707 seconds
22.739: Total time for which application threads were stopped: 0.0000875 seconds, Stopping threads took: 0.0000420 seconds
22.740: Application time: 0.0006331 seconds
22.740: Total time for which application threads were stopped: 0.0001293 seconds, Stopping threads took: 0.0000925 seconds
22.742: Application time: 0.0022212 seconds
22.742: Total time for which application threads were stopped: 0.0000926 seconds, Stopping threads took: 0.0000293 seconds
22.743: Application time: 0.0001738 seconds
22.743: Total time for which application threads were stopped: 0.0001951 seconds, Stopping threads took: 0.0001334 seconds
22.745: Application time: 0.0027169 seconds
22.746: Total time for which application threads were stopped: 0.0001949 seconds, Stopping threads took: 0.0001393 seconds
22.746: Application time: 0.0001327 seconds
22.746: Total time for which application threads were stopped: 0.0001462 seconds, Stopping threads took: 0.0001229 seconds
22.746: Application time: 0.0003525 seconds
22.746: Total time for which application threads were stopped: 0.0001337 seconds, Stopping threads took: 0.0001109 seconds
22.747: Application time: 0.0004226 seconds
22.747: Total time for which application threads were stopped: 0.0001165 seconds, Stopping threads took: 0.0000511 seconds
22.749: Application time: 0.0018332 seconds
22.749: Total time for which application threads were stopped: 0.0000985 seconds, Stopping threads took: 0.0000508 seconds
22.749: Application time: 0.0000905 seconds
22.749: Total time for which application threads were stopped: 0.0001751 seconds, Stopping threads took: 0.0001274 seconds
22.749: Application time: 0.0001826 seconds
22.749: Total time for which application threads were stopped: 0.0000846 seconds, Stopping threads took: 0.0000393 seconds
22.750: Application time: 0.0002917 seconds
22.750: Total time for which application threads were stopped: 0.0002789 seconds, Stopping threads took: 0.0002173 seconds
22.750: Application time: 0.0001278 seconds
22.750: Total time for which application threads were stopped: 0.0000839 seconds, Stopping threads took: 0.0000333 seconds
22.750: Application time: 0.0001564 seconds
22.751: Total time for which application threads were stopped: 0.0002369 seconds, Stopping threads took: 0.0002159 seconds
22.751: Application time: 0.0005183 seconds
22.751: Total time for which application threads were stopped: 0.0000941 seconds, Stopping threads took: 0.0000434 seconds
22.751: Application time: 0.0001621 seconds
22.752: Total time for which application threads were stopped: 0.0000819 seconds, Stopping threads took: 0.0000339 seconds
22.855: Application time: 0.1034265 seconds
22.855: Total time for which application threads were stopped: 0.0004322 seconds, Stopping threads took: 0.0003085 seconds
22.856: Application time: 0.0001732 seconds
22.856: Total time for which application threads were stopped: 0.0003290 seconds, Stopping threads took: 0.0002205 seconds
22.857: Application time: 0.0012204 seconds
22.857: Total time for which application threads were stopped: 0.0002117 seconds, Stopping threads took: 0.0000823 seconds
22.996: Application time: 0.1389813 seconds
22.996: Total time for which application threads were stopped: 0.0000560 seconds, Stopping threads took: 0.0000214 seconds
23.194: Application time: 0.1976086 seconds
23.194: Total time for which application threads were stopped: 0.0000997 seconds, Stopping threads took: 0.0000296 seconds
23.197: Application time: 0.0029172 seconds
23.197: Total time for which application threads were stopped: 0.0000473 seconds, Stopping threads took: 0.0000211 seconds
23.466: Application time: 0.2686661 seconds
23.466: Total time for which application threads were stopped: 0.0000634 seconds, Stopping threads took: 0.0000351 seconds
23.655: Application time: 0.1887670 seconds
23.655: Total time for which application threads were stopped: 0.0000944 seconds, Stopping threads took: 0.0000357 seconds
23.814: Application time: 0.1595184 seconds
23.814: Total time for which application threads were stopped: 0.0000615 seconds, Stopping threads took: 0.0000273 seconds
23.865: Application time: 0.0505730 seconds
23.865: Total time for which application threads were stopped: 0.0000563 seconds, Stopping threads took: 0.0000255 seconds
23.983: Application time: 0.1183491 seconds
23.983: Total time for which application threads were stopped: 0.0000740 seconds, Stopping threads took: 0.0000435 seconds
23.991: Application time: 0.0074202 seconds
23.991: Total time for which application threads were stopped: 0.0001342 seconds, Stopping threads took: 0.0000642 seconds
23.998: Application time: 0.0067109 seconds
23.998: Total time for which application threads were stopped: 0.0000542 seconds, Stopping threads took: 0.0000261 seconds
24.086: Application time: 0.0887615 seconds
24.087: Total time for which application threads were stopped: 0.0001019 seconds, Stopping threads took: 0.0000370 seconds
24.087: Application time: 0.0008465 seconds
24.087: Total time for which application threads were stopped: 0.0001216 seconds, Stopping threads took: 0.0000784 seconds
24.308: Application time: 0.2208238 seconds
24.308: Total time for which application threads were stopped: 0.0000439 seconds, Stopping threads took: 0.0000187 seconds
24.707: Application time: 0.3987920 seconds
24.707: Total time for which application threads were stopped: 0.0000925 seconds, Stopping threads took: 0.0000370 seconds
24.716: Application time: 0.0088673 seconds
24.716: Total time for which application threads were stopped: 0.0001989 seconds, Stopping threads took: 0.0000542 seconds
24.724: Application time: 0.0075157 seconds
24.724: Total time for which application threads were stopped: 0.0001313 seconds, Stopping threads took: 0.0000975 seconds
24.855: Application time: 0.1309918 seconds
24.855: Total time for which application threads were stopped: 0.0001078 seconds, Stopping threads took: 0.0000527 seconds
24.882: Application time: 0.0269044 seconds
24.882: Total time for which application threads were stopped: 0.0000551 seconds, Stopping threads took: 0.0000244 seconds
24.901: Application time: 0.0190475 seconds
24.901: Total time for which application threads were stopped: 0.0000533 seconds, Stopping threads took: 0.0000241 seconds
25.037: Application time: 0.1362905 seconds
25.038: Total time for which application threads were stopped: 0.0000486 seconds, Stopping threads took: 0.0000198 seconds
25.211: Application time: 0.1739601 seconds
25.212: Total time for which application threads were stopped: 0.0001071 seconds, Stopping threads took: 0.0000722 seconds
25.212: Application time: 0.0004616 seconds
25.212: Total time for which application threads were stopped: 0.0000610 seconds, Stopping threads took: 0.0000328 seconds
25.301: Application time: 0.0893414 seconds
25.302: Total time for which application threads were stopped: 0.0000538 seconds, Stopping threads took: 0.0000200 seconds
25.303: Application time: 0.0015858 seconds
25.303: Total time for which application threads were stopped: 0.0001259 seconds, Stopping threads took: 0.0000980 seconds
25.416: Application time: 0.1132747 seconds
25.417: Total time for which application threads were stopped: 0.0000609 seconds, Stopping threads took: 0.0000227 seconds
25.417: Application time: 0.0001019 seconds
25.417: Total time for which application threads were stopped: 0.0000677 seconds, Stopping threads took: 0.0000444 seconds
25.451: Application time: 0.0342047 seconds
25.451: Total time for which application threads were stopped: 0.0001378 seconds, Stopping threads took: 0.0001047 seconds
25.452: Application time: 0.0012892 seconds
25.452: Total time for which application threads were stopped: 0.0001220 seconds, Stopping threads took: 0.0000988 seconds
25.501: Application time: 0.0481746 seconds
25.501: Total time for which application threads were stopped: 0.0000690 seconds, Stopping threads took: 0.0000296 seconds
25.574: Application time: 0.0736937 seconds
25.574: Total time for which application threads were stopped: 0.0000536 seconds, Stopping threads took: 0.0000272 seconds
25.621: Application time: 0.0469458 seconds
25.622: Total time for which application threads were stopped: 0.0004141 seconds, Stopping threads took: 0.0002889 seconds
25.661: Application time: 0.0387552 seconds
25.661: Total time for which application threads were stopped: 0.0000503 seconds, Stopping threads took: 0.0000209 seconds
25.744: Application time: 0.0831112 seconds
25.744: Total time for which application threads were stopped: 0.0000471 seconds, Stopping threads took: 0.0000203 seconds
25.801: Application time: 0.0570034 seconds
25.801: Total time for which application threads were stopped: 0.0000490 seconds, Stopping threads took: 0.0000205 seconds
25.891: Application time: 0.0901671 seconds
25.891: Total time for which application threads were stopped: 0.0001637 seconds, Stopping threads took: 0.0001009 seconds
26.899: Application time: 1.0079309 seconds
26.899: Total time for which application threads were stopped: 0.0001136 seconds, Stopping threads took: 0.0000603 seconds
27.761: Application time: 0.8614116 seconds
27.762: Total time for which application threads were stopped: 0.0008893 seconds, Stopping threads took: 0.0006974 seconds
28.762: Application time: 1.0006837 seconds
28.762: Total time for which application threads were stopped: 0.0001233 seconds, Stopping threads took: 0.0000496 seconds
28.987: Application time: 0.2242084 seconds
28.987: Total time for which application threads were stopped: 0.0002385 seconds, Stopping threads took: 0.0001610 seconds
28.987: Application time: 0.0001628 seconds
28.987: Total time for which application threads were stopped: 0.0000932 seconds, Stopping threads took: 0.0000357 seconds
28.992: Application time: 0.0053556 seconds
28.993: Total time for which application threads were stopped: 0.0001736 seconds, Stopping threads took: 0.0001390 seconds
29.993: Application time: 1.0006125 seconds
29.993: Total time for which application threads were stopped: 0.0000743 seconds, Stopping threads took: 0.0000303 seconds
30.270: Application time: 0.2765268 seconds
30.270: Total time for which application threads were stopped: 0.0000694 seconds, Stopping threads took: 0.0000259 seconds
31.270: Application time: 1.0004200 seconds
31.270: Total time for which application threads were stopped: 0.0000940 seconds, Stopping threads took: 0.0000334 seconds
32.271: Application time: 1.0007255 seconds
32.271: Total time for which application threads were stopped: 0.0000916 seconds, Stopping threads took: 0.0000260 seconds
32.766: Application time: 0.4944083 seconds
32.766: Total time for which application threads were stopped: 0.0001397 seconds, Stopping threads took: 0.0000777 seconds
33.767: Application time: 1.0006658 seconds
33.767: Total time for which application threads were stopped: 0.0000713 seconds, Stopping threads took: 0.0000303 seconds
34.768: Application time: 1.0009585 seconds
34.768: Total time for which application threads were stopped: 0.0000717 seconds, Stopping threads took: 0.0000319 seconds
35.768: Application time: 1.0006512 seconds
35.768: Total time for which application threads were stopped: 0.0001402 seconds, Stopping threads took: 0.0000589 seconds
36.566: Application time: 0.7977624 seconds
36.566: Total time for which application threads were stopped: 0.0002924 seconds, Stopping threads took: 0.0001006 seconds
37.567: Application time: 1.0007186 seconds
37.567: Total time for which application threads were stopped: 0.0000650 seconds, Stopping threads took: 0.0000272 seconds
37.768: Application time: 0.2004201 seconds
37.768: Total time for which application threads were stopped: 0.0001114 seconds, Stopping threads took: 0.0000366 seconds
38.768: Application time: 1.0004333 seconds
38.768: Total time for which application threads were stopped: 0.0000686 seconds, Stopping threads took: 0.0000212 seconds
39.505: Application time: 0.7366112 seconds
39.505: Total time for which application threads were stopped: 0.0001019 seconds, Stopping threads took: 0.0000232 seconds
39.508: Application time: 0.0030491 seconds
39.508: Total time for which application threads were stopped: 0.0000494 seconds, Stopping threads took: 0.0000168 seconds
39.510: Application time: 0.0014094 seconds
39.510: Total time for which application threads were stopped: 0.0000373 seconds, Stopping threads took: 0.0000120 seconds
39.511: Application time: 0.0011241 seconds
39.511: Total time for which application threads were stopped: 0.0000289 seconds, Stopping threads took: 0.0000109 seconds
39.511: Application time: 0.0005449 seconds
39.511: Total time for which application threads were stopped: 0.0000481 seconds, Stopping threads took: 0.0000277 seconds
39.513: Application time: 0.0018710 seconds
39.513: Total time for which application threads were stopped: 0.0000686 seconds, Stopping threads took: 0.0000342 seconds
39.513: Application time: 0.0001603 seconds
39.513: Total time for which application threads were stopped: 0.0000336 seconds, Stopping threads took: 0.0000146 seconds
39.514: Application time: 0.0000509 seconds
39.514: Total time for which application threads were stopped: 0.0000333 seconds, Stopping threads took: 0.0000165 seconds
39.514: Application time: 0.0002737 seconds
39.514: Total time for which application threads were stopped: 0.0000733 seconds, Stopping threads took: 0.0000105 seconds
39.520: Application time: 0.0058322 seconds
39.520: Total time for which application threads were stopped: 0.0001194 seconds, Stopping threads took: 0.0000508 seconds
39.520: Application time: 0.0001175 seconds
39.520: Total time for which application threads were stopped: 0.0001925 seconds, Stopping threads took: 0.0001360 seconds
39.520: Application time: 0.0001551 seconds
39.521: Total time for which application threads were stopped: 0.0001880 seconds, Stopping threads took: 0.0001432 seconds
39.526: Application time: 0.0054504 seconds
39.526: Total time for which application threads were stopped: 0.0002678 seconds, Stopping threads took: 0.0001250 seconds
39.526: Application time: 0.0000305 seconds
39.527: Total time for which application threads were stopped: 0.0002561 seconds, Stopping threads took: 0.0002062 seconds
39.531: Application time: 0.0046681 seconds
39.531: Total time for which application threads were stopped: 0.0002416 seconds, Stopping threads took: 0.0001372 seconds
39.532: Application time: 0.0000884 seconds
39.532: Total time for which application threads were stopped: 0.0002384 seconds, Stopping threads took: 0.0000544 seconds
39.532: Application time: 0.0002281 seconds
39.532: Total time for which application threads were stopped: 0.0003222 seconds, Stopping threads took: 0.0002009 seconds
39.535: Application time: 0.0024186 seconds
39.535: Total time for which application threads were stopped: 0.0004875 seconds, Stopping threads took: 0.0001676 seconds
39.535: Application time: 0.0000982 seconds
39.536: Total time for which application threads were stopped: 0.0003561 seconds, Stopping threads took: 0.0001431 seconds
39.538: Application time: 0.0022045 seconds
39.538: Total time for which application threads were stopped: 0.0002079 seconds, Stopping threads took: 0.0001564 seconds
39.538: Application time: 0.0001121 seconds
39.538: Total time for which application threads were stopped: 0.0001799 seconds, Stopping threads took: 0.0001368 seconds
40.539: Application time: 1.0008646 seconds
40.540: Total time for which application threads were stopped: 0.0002858 seconds, Stopping threads took: 0.0000992 seconds
41.540: Application time: 1.0007137 seconds
41.540: Total time for which application threads were stopped: 0.0001508 seconds, Stopping threads took: 0.0000372 seconds
42.541: Application time: 1.0000792 seconds
42.541: Total time for which application threads were stopped: 0.0001104 seconds, Stopping threads took: 0.0000346 seconds
43.541: Application time: 1.0006472 seconds
43.542: Total time for which application threads were stopped: 0.0002304 seconds, Stopping threads took: 0.0000699 seconds
44.543: Application time: 1.0009945 seconds
44.543: Total time for which application threads were stopped: 0.0001072 seconds, Stopping threads took: 0.0000349 seconds
45.544: Application time: 1.0009394 seconds
45.544: Total time for which application threads were stopped: 0.0001427 seconds, Stopping threads took: 0.0000441 seconds
48.553: Application time: 3.0089555 seconds
48.553: Total time for which application threads were stopped: 0.0001699 seconds, Stopping threads took: 0.0000696 seconds
49.559: Application time: 1.0061178 seconds
49.559: Total time for which application threads were stopped: 0.0004146 seconds, Stopping threads took: 0.0001330 seconds
51.560: Application time: 2.0009528 seconds
51.560: Total time for which application threads were stopped: 0.0001199 seconds, Stopping threads took: 0.0000381 seconds
52.561: Application time: 1.0002452 seconds
52.561: Total time for which application threads were stopped: 0.0003678 seconds, Stopping threads took: 0.0001028 seconds
53.571: Application time: 1.0095636 seconds
53.571: Total time for which application threads were stopped: 0.0001472 seconds, Stopping threads took: 0.0000463 seconds
55.591: Application time: 2.0199463 seconds
55.591: Total time for which application threads were stopped: 0.0003681 seconds, Stopping threads took: 0.0001218 seconds
56.601: Application time: 1.0095547 seconds
56.601: Total time for which application threads were stopped: 0.0001349 seconds, Stopping threads took: 0.0000509 seconds
57.789: Application time: 1.1879416 seconds
57.789: Total time for which application threads were stopped: 0.0002700 seconds, Stopping threads took: 0.0001444 seconds
59.808: Application time: 2.0188217 seconds
59.808: Total time for which application threads were stopped: 0.0001480 seconds, Stopping threads took: 0.0000443 seconds
60.818: Application time: 1.0095053 seconds
60.818: Total time for which application threads were stopped: 0.0001361 seconds, Stopping threads took: 0.0000362 seconds
61.824: Application time: 1.0060012 seconds
61.824: Total time for which application threads were stopped: 0.0003865 seconds, Stopping threads took: 0.0001281 seconds
62.795: Application time: 0.9712778 seconds
62.796: Total time for which application threads were stopped: 0.0002686 seconds, Stopping threads took: 0.0001321 seconds
63.804: Application time: 1.0082109 seconds
63.804: Total time for which application threads were stopped: 0.0003646 seconds, Stopping threads took: 0.0001069 seconds
64.814: Application time: 1.0095837 seconds
64.814: Total time for which application threads were stopped: 0.0003615 seconds, Stopping threads took: 0.0001073 seconds
66.825: Application time: 2.0108405 seconds
66.825: Total time for which application threads were stopped: 0.0001824 seconds, Stopping threads took: 0.0000499 seconds
67.835: Application time: 1.0098644 seconds
67.835: Total time for which application threads were stopped: 0.0001265 seconds, Stopping threads took: 0.0000378 seconds
68.845: Application time: 1.0095968 seconds
68.845: Total time for which application threads were stopped: 0.0001355 seconds, Stopping threads took: 0.0000395 seconds
69.848: Application time: 1.0026247 seconds
69.848: Total time for which application threads were stopped: 0.0003680 seconds, Stopping threads took: 0.0001023 seconds
70.855: Application time: 1.0073983 seconds
70.855: Total time for which application threads were stopped: 0.0001394 seconds, Stopping threads took: 0.0000399 seconds
71.863: Application time: 1.0071200 seconds
71.863: Total time for which application threads were stopped: 0.0001391 seconds, Stopping threads took: 0.0000375 seconds
72.872: Application time: 1.0094983 seconds
72.872: Total time for which application threads were stopped: 0.0001159 seconds, Stopping threads took: 0.0000346 seconds
73.873: Application time: 1.0002016 seconds
73.873: Total time for which application threads were stopped: 0.0001230 seconds, Stopping threads took: 0.0000365 seconds
75.880: Application time: 2.0074274 seconds
75.880: Total time for which application threads were stopped: 0.0002236 seconds, Stopping threads took: 0.0000497 seconds
77.882: Application time: 2.0021674 seconds
77.883: Total time for which application threads were stopped: 0.0001507 seconds, Stopping threads took: 0.0000537 seconds
77.916: Application time: 0.0329766 seconds
77.916: Total time for which application threads were stopped: 0.0004371 seconds, Stopping threads took: 0.0000241 seconds
78.921: Application time: 1.0053883 seconds
78.922: Total time for which application threads were stopped: 0.0003705 seconds, Stopping threads took: 0.0000982 seconds
79.931: Application time: 1.0095782 seconds
79.932: Total time for which application threads were stopped: 0.0001688 seconds, Stopping threads took: 0.0000660 seconds
80.941: Application time: 1.0098663 seconds
80.942: Total time for which application threads were stopped: 0.0001304 seconds, Stopping threads took: 0.0000393 seconds
81.951: Application time: 1.0095146 seconds
81.951: Total time for which application threads were stopped: 0.0001438 seconds, Stopping threads took: 0.0000369 seconds
82.213: Application time: 0.2617716 seconds
82.213: Total time for which application threads were stopped: 0.0003849 seconds, Stopping threads took: 0.0000930 seconds
82.336: Application time: 0.1228805 seconds
82.336: Total time for which application threads were stopped: 0.0001233 seconds, Stopping threads took: 0.0000255 seconds
82.337: Application time: 0.0000957 seconds
82.337: Total time for which application threads were stopped: 0.0000705 seconds, Stopping threads took: 0.0000128 seconds
82.337: Application time: 0.0000900 seconds
82.337: Total time for which application threads were stopped: 0.0000676 seconds, Stopping threads took: 0.0000223 seconds
83.341: Application time: 1.0046725 seconds
83.342: Total time for which application threads were stopped: 0.0005347 seconds, Stopping threads took: 0.0001219 seconds
84.351: Application time: 1.0094905 seconds
84.352: Total time for which application threads were stopped: 0.0002848 seconds, Stopping threads took: 0.0000924 seconds
85.361: Application time: 1.0095375 seconds
85.362: Total time for which application threads were stopped: 0.0003769 seconds, Stopping threads took: 0.0001027 seconds
86.363: Application time: 1.0009851 seconds
86.363: Total time for which application threads were stopped: 0.0001618 seconds, Stopping threads took: 0.0000407 seconds
87.372: Application time: 1.0091899 seconds
87.372: Total time for which application threads were stopped: 0.0003948 seconds, Stopping threads took: 0.0001073 seconds
88.373: Application time: 1.0005316 seconds
88.373: Total time for which application threads were stopped: 0.0004557 seconds, Stopping threads took: 0.0001707 seconds
90.375: Application time: 2.0012847 seconds
90.375: Total time for which application threads were stopped: 0.0001209 seconds, Stopping threads took: 0.0000393 seconds
91.375: Application time: 1.0005843 seconds
91.376: Total time for which application threads were stopped: 0.0001347 seconds, Stopping threads took: 0.0000395 seconds
92.376: Application time: 1.0006811 seconds
92.376: Total time for which application threads were stopped: 0.0001721 seconds, Stopping threads took: 0.0000650 seconds
93.377: Application time: 1.0004169 seconds
93.377: Total time for which application threads were stopped: 0.0001588 seconds, Stopping threads took: 0.0000631 seconds
94.377: Application time: 1.0002458 seconds
94.377: Total time for which application threads were stopped: 0.0001087 seconds, Stopping threads took: 0.0000306 seconds
96.378: Application time: 2.0004151 seconds
96.378: Total time for which application threads were stopped: 0.0001513 seconds, Stopping threads took: 0.0000459 seconds
97.379: Application time: 1.0008042 seconds
97.379: Total time for which application threads were stopped: 0.0001186 seconds, Stopping threads took: 0.0000393 seconds
98.380: Application time: 1.0009934 seconds
98.380: Total time for which application threads were stopped: 0.0001060 seconds, Stopping threads took: 0.0000290 seconds
99.381: Application time: 1.0009653 seconds
99.381: Total time for which application threads were stopped: 0.0001545 seconds, Stopping threads took: 0.0000593 seconds
100.382: Application time: 1.0008336 seconds
100.382: Total time for which application threads were stopped: 0.0001249 seconds, Stopping threads took: 0.0000367 seconds
101.383: Application time: 1.0005454 seconds
101.383: Total time for which application threads were stopped: 0.0001061 seconds, Stopping threads took: 0.0000290 seconds
102.383: Application time: 1.0006733 seconds
102.384: Total time for which application threads were stopped: 0.0003651 seconds, Stopping threads took: 0.0001008 seconds
103.384: Application time: 1.0001924 seconds
103.384: Total time for which application threads were stopped: 0.0001012 seconds, Stopping threads took: 0.0000282 seconds
104.385: Application time: 1.0009331 seconds
104.385: Total time for which application threads were stopped: 0.0001190 seconds, Stopping threads took: 0.0000306 seconds
106.386: Application time: 2.0012890 seconds
106.387: Total time for which application threads were stopped: 0.0003315 seconds, Stopping threads took: 0.0001048 seconds
108.390: Application time: 2.0029185 seconds
108.390: Total time for which application threads were stopped: 0.0003687 seconds, Stopping threads took: 0.0001093 seconds
113.419: Application time: 5.0286626 seconds
113.419: Total time for which application threads were stopped: 0.0001434 seconds, Stopping threads took: 0.0000467 seconds
114.428: Application time: 1.0091795 seconds
114.428: Total time for which application threads were stopped: 0.0001574 seconds, Stopping threads took: 0.0000846 seconds
117.430: Application time: 3.0016786 seconds
117.430: Total time for which application threads were stopped: 0.0001208 seconds, Stopping threads took: 0.0000359 seconds
120.432: Application time: 3.0023384 seconds
120.433: Total time for which application threads were stopped: 0.0001184 seconds, Stopping threads took: 0.0000393 seconds
122.696: Application time: 2.2631617 seconds
122.696: Total time for which application threads were stopped: 0.0000958 seconds, Stopping threads took: 0.0000275 seconds
122.798: Application time: 0.1023775 seconds
122.798: Total time for which application threads were stopped: 0.0000867 seconds, Stopping threads took: 0.0000247 seconds
122.798: Application time: 0.0000899 seconds
122.798: Total time for which application threads were stopped: 0.0000501 seconds, Stopping threads took: 0.0000124 seconds
122.799: Application time: 0.0000923 seconds
122.799: Total time for which application threads were stopped: 0.0000465 seconds, Stopping threads took: 0.0000127 seconds
123.803: Application time: 1.0048734 seconds
123.804: Total time for which application threads were stopped: 0.0001569 seconds, Stopping threads took: 0.0000521 seconds
124.336: Application time: 0.5323161 seconds
{Heap before GC invocations=3 (full 1):
 PSYoungGen      total 305152K, used 261632K [0x000000066bd00000, 0x0000000681180000, 0x00000007c0000000)
  eden space 261632K, 100% used [0x000000066bd00000,0x000000067bc80000,0x000000067bc80000)
  from space 43520K, 0% used [0x000000067bc80000,0x000000067bc80000,0x000000067e700000)
  to   space 43520K, 0% used [0x000000067e700000,0x000000067e700000,0x0000000681180000)
 ParOldGen       total 285696K, used 23947K [0x00000003c3600000, 0x00000003d4d00000, 0x000000066bd00000)
  object space 285696K, 8% used [0x00000003c3600000,0x00000003c4d62d60,0x00000003d4d00000)
 Metaspace       used 24915K, capacity 25410K, committed 25600K, reserved 1073152K
  class space    used 2515K, capacity 2709K, committed 2816K, reserved 1048576K
TLAB: gc thread: 0x00007fc8e8055800 [id: 799] desired_size: 654KB slow allocs: 0  refill waste: 10464B alloc: 0.12500    32704KB refills: 2 waste 20.6% gc: 276152B slow: 48B fast: 0B
TLAB: gc thread: 0x00007fc8e8053800 [id: 798] desired_size: 654KB slow allocs: 0  refill waste: 10464B alloc: 0.12500    32704KB refills: 3 waste 32.8% gc: 659136B slow: 496B fast: 0B
TLAB: gc thread: 0x00007fc8e8051800 [id: 797] desired_size: 654KB slow allocs: 0  refill waste: 10464B alloc: 0.12500    32704KB refills: 4 waste 24.9% gc: 668328B slow: 56B fast: 40B
TLAB: gc thread: 0x00007fc8e804f800 [id: 796] desired_size: 654KB slow allocs: 0  refill waste: 10464B alloc: 0.12500    32704KB refills: 3 waste 15.4% gc: 310184B slow: 88B fast: 0B
TLAB: gc thread: 0x00007fc8e804d800 [id: 795] desired_size: 654KB slow allocs: 0  refill waste: 10464B alloc: 0.12500    32704KB refills: 3 waste  1.9% gc: 39040B slow: 104B fast: 0B
TLAB: gc thread: 0x00007fc8e804b800 [id: 794] desired_size: 654KB slow allocs: 0  refill waste: 10464B alloc: 0.12500    32704KB refills: 4 waste 18.0% gc: 482544B slow: 192B fast: 0B
TLAB: gc thread: 0x00007fc8e8049800 [id: 793] desired_size: 654KB slow allocs: 0  refill waste: 10464B alloc: 0.12500    32704KB refills: 3 waste 14.7% gc: 295792B slow: 168B fast: 0B
TLAB: gc thread: 0x00007fc8e8048000 [id: 792] desired_size: 654KB slow allocs: 0  refill waste: 10464B alloc: 0.12500    32704KB refills: 2 waste  0.0% gc: 0B slow: 216B fast: 0B
TLAB: gc thread: 0x00007fc8e8046000 [id: 791] desired_size: 654KB slow allocs: 0  refill waste: 10464B alloc: 0.12500    32704KB refills: 3 waste 27.6% gc: 554176B slow: 56B fast: 0B
TLAB: gc thread: 0x00007fc8e8044000 [id: 790] desired_size: 654KB slow allocs: 0  refill waste: 10464B alloc: 0.12500    32704KB refills: 2 waste 13.7% gc: 182992B slow: 40B fast: 0B
TLAB: gc thread: 0x00007fc8e8042000 [id: 789] desired_size: 654KB slow allocs: 0  refill waste: 10464B alloc: 0.12500    32704KB refills: 3 waste 15.3% gc: 306040B slow: 1824B fast: 24B
TLAB: gc thread: 0x00007fc8e8040000 [id: 788] desired_size: 654KB slow allocs: 0  refill waste: 10464B alloc: 0.12500    32704KB refills: 3 waste  5.5% gc: 110896B slow: 96B fast: 0B
TLAB: gc thread: 0x00007fc8e803e000 [id: 787] desired_size: 654KB slow allocs: 0  refill waste: 10464B alloc: 0.12500    32704KB refills: 3 waste 31.5% gc: 633304B slow: 40B fast: 0B
TLAB: gc thread: 0x00007fc8e803c000 [id: 786] desired_size: 654KB slow allocs: 0  refill waste: 10464B alloc: 0.12500    32704KB refills: 3 waste  4.9% gc: 99304B slow: 96B fast: 8B
TLAB: gc thread: 0x00007fc8e803a000 [id: 785] desired_size: 654KB slow allocs: 0  refill waste: 10464B alloc: 0.12500    32704KB refills: 3 waste 13.1% gc: 264016B slow: 96B fast: 0B
TLAB: gc thread: 0x00007fc8e8038000 [id: 784] desired_size: 654KB slow allocs: 0  refill waste: 10464B alloc: 0.12500    32704KB refills: 4 waste  7.3% gc: 194888B slow: 224B fast: 0B
TLAB: gc thread: 0x00007fc8e8036000 [id: 783] desired_size: 654KB slow allocs: 0  refill waste: 10464B alloc: 0.12500    32704KB refills: 3 waste  6.3% gc: 125888B slow: 64B fast: 0B
TLAB: gc thread: 0x00007fc8e8034800 [id: 782] desired_size: 654KB slow allocs: 0  refill waste: 10464B alloc: 0.12500    32704KB refills: 3 waste 21.5% gc: 429288B slow: 1920B fast: 0B
TLAB: gc thread: 0x00007fc8e8032800 [id: 781] desired_size: 654KB slow allocs: 0  refill waste: 10464B alloc: 0.12500    32704KB refills: 3 waste  7.8% gc: 155040B slow: 2672B fast: 0B
TLAB: gc thread: 0x00007fc8e8031000 [id: 780] desired_size: 654KB slow allocs: 0  refill waste: 10464B alloc: 0.12500    32704KB refills: 3 waste 25.8% gc: 517552B slow: 1304B fast: 0B
TLAB: gc thread: 0x00007fc8e802f800 [id: 779] desired_size: 654KB slow allocs: 0  refill waste: 10464B alloc: 0.12500    32704KB refills: 3 waste  1.5% gc: 30024B slow: 72B fast: 8B
TLAB: gc thread: 0x00007fc8e802d800 [id: 778] desired_size: 654KB slow allocs: 0  refill waste: 10464B alloc: 0.12500    32704KB refills: 3 waste  7.7% gc: 152784B slow: 2000B fast: 24B
TLAB: gc thread: 0x00007fc8e802c000 [id: 777] desired_size: 654KB slow allocs: 0  refill waste: 10464B alloc: 0.12500    32704KB refills: 3 waste 25.0% gc: 501328B slow: 912B fast: 0B
TLAB: gc thread: 0x00007fc8e802a000 [id: 776] desired_size: 654KB slow allocs: 0  refill waste: 10464B alloc: 0.12500    32704KB refills: 4 waste 21.5% gc: 575376B slow: 336B fast: 56B
TLAB: gc thread: 0x00007fc8e8028800 [id: 775] desired_size: 654KB slow allocs: 1  refill waste: 10464B alloc: 0.12500    32704KB refills: 4 waste  7.5% gc: 201272B slow: 280B fast: 0B
TLAB: gc thread: 0x00007fc8e8026800 [id: 774] desired_size: 654KB slow allocs: 0  refill waste: 10464B alloc: 0.12500    32704KB refills: 3 waste 30.2% gc: 606120B slow: 1280B fast: 0B
TLAB: gc thread: 0x00007fc8e8025000 [id: 773] desired_size: 654KB slow allocs: 0  refill waste: 10464B alloc: 0.12500    32704KB refills: 4 waste  7.0% gc: 188512B slow: 104B fast: 0B
TLAB: gc thread: 0x00007fc8e8023000 [id: 772] desired_size: 654KB slow allocs: 0  refill waste: 10464B alloc: 0.12500    32704KB refills: 3 waste  5.2% gc: 103336B slow: 1824B fast: 48B
TLAB: gc thread: 0x00007fc8e8021000 [id: 771] desired_size: 654KB slow allocs: 0  refill waste: 10464B alloc: 0.12500    32704KB refills: 4 waste 18.4% gc: 491672B slow: 16B fast: 80B
TLAB: gc thread: 0x00007fc8e801f000 [id: 770] desired_size: 654KB slow allocs: 0  refill waste: 10464B alloc: 0.12500    32704KB refills: 2 waste  6.4% gc: 86256B slow: 136B fast: 0B
TLAB: gc thread: 0x00007fc8e801d800 [id: 769] desired_size: 654KB slow allocs: 0  refill waste: 10464B alloc: 0.12500    32704KB refills: 3 waste 27.9% gc: 559200B slow: 752B fast: 0B
TLAB: gc thread: 0x00007fc8e801b800 [id: 768] desired_size: 654KB slow allocs: 0  refill waste: 10464B alloc: 0.12500    32704KB refills: 3 waste  4.3% gc: 85960B slow: 112B fast: 0B
TLAB: gc thread: 0x00007fc8e801a000 [id: 767] desired_size: 654KB slow allocs: 0  refill waste: 10464B alloc: 0.12500    32704KB refills: 3 waste 27.5% gc: 551976B slow: 88B fast: 0B
TLAB: gc thread: 0x00007fc8e8018800 [id: 766] desired_size: 654KB slow allocs: 0  refill waste: 10464B alloc: 0.12500    32704KB refills: 3 waste 15.9% gc: 320008B slow: 176B fast: 0B
TLAB: gc thread: 0x00007fc8e8016800 [id: 765] desired_size: 654KB slow allocs: 0  refill waste: 10464B alloc: 0.12500    32704KB refills: 4 waste 16.9% gc: 451752B slow: 64B fast: 8B
TLAB: gc thread: 0x00007fc8e8015000 [id: 764] desired_size: 654KB slow allocs: 0  refill waste: 10464B alloc: 0.12500    32704KB refills: 3 waste  0.3% gc: 5320B slow: 48B fast: 24B
TLAB: gc thread: 0x00007fc8e8013000 [id: 763] desired_size: 654KB slow allocs: 0  refill waste: 10464B alloc: 0.12500    32704KB refills: 3 waste 13.4% gc: 267624B slow: 824B fast: 0B
TLAB: gc thread: 0x00007fc8e8011800 [id: 762] desired_size: 654KB slow allocs: 0  refill waste: 10464B alloc: 0.12500    32704KB refills: 4 waste 22.3% gc: 596504B slow: 32B fast: 192B
TLAB: gc thread: 0x00007fc8e800f800 [id: 761] desired_size: 654KB slow allocs: 0  refill waste: 10464B alloc: 0.12500    32704KB refills: 3 waste 21.3% gc: 428352B slow: 56B fast: 72B
TLAB: gc thread: 0x00007fc8e800e000 [id: 760] desired_size: 654KB slow allocs: 0  refill waste: 10464B alloc: 0.12500    32704KB refills: 4 waste 21.4% gc: 573672B slow: 136B fast: 0B
TLAB: gc thread: 0x00007fc8e800c800 [id: 759] desired_size: 654KB slow allocs: 0  refill waste: 10464B alloc: 0.12500    32704KB refills: 3 waste 27.5% gc: 553264B slow: 72B fast: 0B
TLAB: gc thread: 0x00007fc8e800a800 [id: 758] desired_size: 654KB slow allocs: 0  refill waste: 10464B alloc: 0.12500    32704KB refills: 3 waste 20.3% gc: 407832B slow: 32B fast: 0B
TLAB: gc thread: 0x00007fc8e8009000 [id: 757] desired_size: 654KB slow allocs: 0  refill waste: 10464B alloc: 0.12500    32704KB refills: 3 waste 13.6% gc: 272664B slow: 32B fast: 24B
TLAB: gc thread: 0x00007fc8e8007000 [id: 756] desired_size: 654KB slow allocs: 0  refill waste: 10464B alloc: 0.12500    32704KB refills: 4 waste 21.4% gc: 570152B slow: 2408B fast: 0B
TLAB: gc thread: 0x00007fc910116000 [id: 746] desired_size: 2616KB slow allocs: 0  refill waste: 41856B alloc: 0.50000   130816KB refills: 1 waste 94.3% gc: 2525568B slow: 0B fast: 0B
TLAB: gc thread: 0x00007fc9bc822800 [id: 525] desired_size: 2616KB slow allocs: 0  refill waste: 41856B alloc: 0.50000   130816KB refills: 7 waste  5.9% gc: 1087320B slow: 0B fast: 14384B
TLAB: gc thread: 0x00007fc9bc820000 [id: 524] desired_size: 2616KB slow allocs: 0  refill waste: 41856B alloc: 0.50000   130816KB refills: 1 waste 10.1% gc: 269672B slow: 0B fast: 0B
TLAB: gc thread: 0x00007fc9bc81d000 [id: 523] desired_size: 5232KB slow allocs: 0  refill waste: 83720B alloc: 1.00000   261632KB refills: 2 waste 37.9% gc: 4058896B slow: 1288B fast: 0B
TLAB: gc thread: 0x00007fc9bc81b000 [id: 522] desired_size: 5232KB slow allocs: 0  refill waste: 83720B alloc: 1.00000   261632KB refills: 2 waste 34.4% gc: 3689184B slow: 16B fast: 0B
TLAB: gc thread: 0x00007fc9bc819000 [id: 521] desired_size: 5232KB slow allocs: 0  refill waste: 83720B alloc: 1.00000   261632KB refills: 2 waste 25.2% gc: 2697256B slow: 0B fast: 40B
TLAB: gc thread: 0x00007fc9bc817000 [id: 520] desired_size: 5232KB slow allocs: 0  refill waste: 83720B alloc: 1.00000   261632KB refills: 2 waste 25.5% gc: 2728360B slow: 104B fast: 0B
TLAB: gc thread: 0x00007fc9bc815800 [id: 519] desired_size: 5232KB slow allocs: 0  refill waste: 83720B alloc: 1.00000   261632KB refills: 2 waste 39.2% gc: 4196056B slow: 576B fast: 0B
TLAB: gc thread: 0x00007fc9bc814800 [id: 518] desired_size: 5232KB slow allocs: 0  refill waste: 83720B alloc: 1.00000   261632KB refills: 2 waste 27.3% gc: 2923064B slow: 24B fast: 0B
TLAB: gc thread: 0x00007fc9bc79a800 [id: 517] desired_size: 5232KB slow allocs: 0  refill waste: 83720B alloc: 1.00000   261632KB refills: 2 waste  7.0% gc: 745008B slow: 72B fast: 0B
TLAB: gc thread: 0x00007fc9bc799000 [id: 516] desired_size: 2616KB slow allocs: 0  refill waste: 41856B alloc: 0.50000   130816KB refills: 3 waste  0.7% gc: 53160B slow: 72B fast: 32B
TLAB: gc thread: 0x00007fc9bc797800 [id: 515] desired_size: 2616KB slow allocs: 0  refill waste: 41856B alloc: 0.50000   130816KB refills: 3 waste 13.1% gc: 1055376B slow: 200B fast: 0B
TLAB: gc thread: 0x00007fc9bc796800 [id: 514] desired_size: 2744KB slow allocs: 0  refill waste: 43904B alloc: 0.52445   137213KB refills: 5 waste 10.0% gc: 1407648B slow: 264B fast: 840B
TLAB: gc thread: 0x00007fc918002000 [id: 513] desired_size: 2616KB slow allocs: 0  refill waste: 41856B alloc: 0.50000   130816KB refills: 7 waste  5.1% gc: 949488B slow: 672B fast: 48B
TLAB: gc thread: 0x00007fc9bc7a5800 [id: 512] desired_size: 2616KB slow allocs: 0  refill waste: 41856B alloc: 0.50000   130816KB refills: 3 waste  4.4% gc: 354832B slow: 176B fast: 0B
TLAB: gc thread: 0x00007fc9bc1a7000 [id: 508] desired_size: 2616KB slow allocs: 0  refill waste: 41856B alloc: 0.50000   130816KB refills: 1 waste 99.9% gc: 2676000B slow: 0B fast: 0B
TLAB: gc thread: 0x00007fc9bc0cb000 [id: 505] desired_size: 2616KB slow allocs: 0  refill waste: 41856B alloc: 0.50000   130816KB refills: 1 waste 98.6% gc: 2641488B slow: 0B fast: 0B
TLAB: gc thread: 0x00007fc9bc0c9000 [id: 504] desired_size: 2616KB slow allocs: 0  refill waste: 41856B alloc: 0.50000   130816KB refills: 1 waste 100.0% gc: 2678944B slow: 0B fast: 0B
TLAB: gc thread: 0x00007fc9bc0c2000 [id: 502] desired_size: 5232KB slow allocs: 0  refill waste: 83720B alloc: 1.00000   261632KB refills: 1 waste 100.0% gc: 5357848B slow: 0B fast: 0B
TLAB: gc thread: 0x00007fc9bc08f800 [id: 500] desired_size: 5232KB slow allocs: 0  refill waste: 83720B alloc: 1.00000   261632KB refills: 1 waste 100.0% gc: 5357880B slow: 0B fast: 0B
TLAB totals: thrds: 64  refills: 188 max: 7 slow allocs: 1 max 1 waste: 23.3% gc: 62338568B max: 5357880B slow: 25056B max: 2672B fast: 15952B max: 14384B
124.337: [GC (Allocation Failure) GCTaskManager::set_active_gang(): all_workers_active()  1  workers 8  active  8  ParallelGCThreads 8 
JT: 3  workers 8  active  8  idle 0  more 0
124.367: [SoftReference, 0 refs, 0.0000303 secs]124.367: [WeakReference, 61 refs, 0.0000123 secs]124.367: [FinalReference, 365 refs, 0.0005660 secs]124.367: [PhantomReference, 5 refs, 51 refs, 0.0000102 secs]124.367: [JNI Weak Reference, 0.0000080 secs]AdaptiveSizePolicy::update_averages:  survived: 25357584  promoted: 8192  overflow: false
AdaptiveSizeStart: 124.368 collection: 3 

Desired survivor size 44564480 bytes, new threshold 7 (max 15)
PSAdaptiveSizePolicy::compute_eden_space_size: costs minor_time: 0.000722 major_cost: 0.001668 mutator_cost: 0.997610 throughput_goal: 0.990000 live_space: 309936736 free_space: 535822336 old_eden_size: 267911168 desired_eden_size: 267911168
AdaptiveSizeStop: collection: 3 
[PSYoungGen: 261632K->24763K(305152K)] 285579K->48718K(590848K), 0.0307860 secs] [Times: user=0.02 sys=0.06, real=0.03 secs] 
Heap after GC invocations=3 (full 1):
 PSYoungGen      total 305152K, used 24763K [0x000000066bd00000, 0x0000000681180000, 0x00000007c0000000)
  eden space 261632K, 0% used [0x000000066bd00000,0x000000066bd00000,0x000000067bc80000)
  from space 43520K, 56% used [0x000000067e700000,0x000000067ff2ed10,0x0000000681180000)
  to   space 43520K, 0% used [0x000000067bc80000,0x000000067bc80000,0x000000067e700000)
 ParOldGen       total 285696K, used 23955K [0x00000003c3600000, 0x00000003d4d00000, 0x000000066bd00000)
  object space 285696K, 8% used [0x00000003c3600000,0x00000003c4d64d60,0x00000003d4d00000)
 Metaspace       used 24915K, capacity 25410K, committed 25600K, reserved 1073152K
  class space    used 2515K, capacity 2709K, committed 2816K, reserved 1048576K
}
124.368: Total time for which application threads were stopped: 0.0322635 seconds, Stopping threads took: 0.0000895 seconds
124.369: Application time: 0.0009897 seconds
124.369: Total time for which application threads were stopped: 0.0000872 seconds, Stopping threads took: 0.0000206 seconds
124.369: Application time: 0.0000961 seconds
124.369: Total time for which application threads were stopped: 0.0000629 seconds, Stopping threads took: 0.0000147 seconds
126.375: Application time: 2.0055691 seconds
126.375: Total time for which application threads were stopped: 0.0001429 seconds, Stopping threads took: 0.0000532 seconds
128.377: Application time: 2.0014288 seconds
128.377: Total time for which application threads were stopped: 0.0001643 seconds, Stopping threads took: 0.0000577 seconds
129.387: Application time: 1.0101065 seconds
129.387: Total time for which application threads were stopped: 0.0001403 seconds, Stopping threads took: 0.0000582 seconds
132.398: Application time: 3.0113189 seconds
132.398: Total time for which application threads were stopped: 0.0001259 seconds, Stopping threads took: 0.0000388 seconds
133.399: Application time: 1.0007761 seconds
133.399: Total time for which application threads were stopped: 0.0001574 seconds, Stopping threads took: 0.0000467 seconds
137.422: Application time: 4.0221848 seconds
137.422: Total time for which application threads were stopped: 0.0001648 seconds, Stopping threads took: 0.0000485 seconds
138.432: Application time: 1.0102646 seconds
138.432: Total time for which application threads were stopped: 0.0001094 seconds, Stopping threads took: 0.0000328 seconds
140.442: Application time: 2.0103800 seconds
140.443: Total time for which application threads were stopped: 0.0002336 seconds, Stopping threads took: 0.0000738 seconds
141.443: Application time: 1.0007423 seconds
141.444: Total time for which application threads were stopped: 0.0004522 seconds, Stopping threads took: 0.0001713 seconds
143.445: Application time: 2.0010128 seconds
143.445: Total time for which application threads were stopped: 0.0001350 seconds, Stopping threads took: 0.0000393 seconds
144.446: Application time: 1.0006667 seconds
144.446: Total time for which application threads were stopped: 0.0001399 seconds, Stopping threads took: 0.0000468 seconds
146.447: Application time: 2.0012821 seconds
146.447: Total time for which application threads were stopped: 0.0001603 seconds, Stopping threads took: 0.0000479 seconds
147.448: Application time: 1.0006742 seconds
147.448: Total time for which application threads were stopped: 0.0001929 seconds, Stopping threads took: 0.0000577 seconds
149.460: Application time: 2.0113687 seconds
149.460: Total time for which application threads were stopped: 0.0001207 seconds, Stopping threads took: 0.0000435 seconds
150.461: Application time: 1.0008189 seconds
150.461: Total time for which application threads were stopped: 0.0000996 seconds, Stopping threads took: 0.0000276 seconds
151.462: Application time: 1.0010549 seconds
151.462: Total time for which application threads were stopped: 0.0001276 seconds, Stopping threads took: 0.0000400 seconds
152.462: Application time: 1.0005846 seconds
152.463: Total time for which application threads were stopped: 0.0001201 seconds, Stopping threads took: 0.0000335 seconds
152.839: Application time: 0.3769002 seconds
152.840: Total time for which application threads were stopped: 0.0001617 seconds, Stopping threads took: 0.0000518 seconds
153.841: Application time: 1.0010231 seconds
153.841: Total time for which application threads were stopped: 0.0001278 seconds, Stopping threads took: 0.0000402 seconds
154.805: Application time: 0.9645774 seconds
154.806: Total time for which application threads were stopped: 0.0005578 seconds, Stopping threads took: 0.0002681 seconds
155.434: Application time: 0.6277103 seconds
155.434: Total time for which application threads were stopped: 0.0002385 seconds, Stopping threads took: 0.0000555 seconds
157.751: Application time: 2.3170529 seconds
157.751: Total time for which application threads were stopped: 0.0001744 seconds, Stopping threads took: 0.0000495 seconds
157.751: Application time: 0.0000272 seconds
157.751: Total time for which application threads were stopped: 0.0001581 seconds, Stopping threads took: 0.0000647 seconds
158.752: Application time: 1.0012146 seconds
158.753: Total time for which application threads were stopped: 0.0001387 seconds, Stopping threads took: 0.0000418 seconds
183.788: Application time: 25.0352796 seconds
183.788: Total time for which application threads were stopped: 0.0002287 seconds, Stopping threads took: 0.0001292 seconds
191.802: Application time: 8.0138071 seconds
191.802: Total time for which application threads were stopped: 0.0001779 seconds, Stopping threads took: 0.0000453 seconds
198.847: Application time: 7.0449654 seconds
198.847: Total time for which application threads were stopped: 0.0001484 seconds, Stopping threads took: 0.0000398 seconds
201.867: Application time: 3.0200582 seconds
201.868: Total time for which application threads were stopped: 0.0004121 seconds, Stopping threads took: 0.0001109 seconds
213.931: Application time: 12.0627802 seconds
213.931: Total time for which application threads were stopped: 0.0001345 seconds, Stopping threads took: 0.0000397 seconds
217.762: Application time: 3.8309393 seconds
217.762: Total time for which application threads were stopped: 0.0001199 seconds, Stopping threads took: 0.0000345 seconds
217.763: Application time: 0.0009400 seconds
217.763: Total time for which application threads were stopped: 0.0002046 seconds, Stopping threads took: 0.0001134 seconds
217.763: Application time: 0.0003586 seconds
217.764: Total time for which application threads were stopped: 0.0002725 seconds, Stopping threads took: 0.0001900 seconds
217.764: Application time: 0.0001238 seconds
217.764: Total time for which application threads were stopped: 0.0002203 seconds, Stopping threads took: 0.0001582 seconds
217.764: Application time: 0.0005204 seconds
217.765: Total time for which application threads were stopped: 0.0003357 seconds, Stopping threads took: 0.0000239 seconds
218.767: Application time: 1.0018115 seconds
218.767: Total time for which application threads were stopped: 0.0000859 seconds, Stopping threads took: 0.0000332 seconds
224.771: Application time: 6.0047449 seconds
224.772: Total time for which application threads were stopped: 0.0002634 seconds, Stopping threads took: 0.0000899 seconds
285.144: Application time: 60.3720238 seconds
285.144: Total time for which application threads were stopped: 0.0001468 seconds, Stopping threads took: 0.0000520 seconds
295.211: Application time: 10.0676360 seconds
295.212: Total time for which application threads were stopped: 0.0000963 seconds, Stopping threads took: 0.0000418 seconds
305.299: Application time: 10.0872063 seconds
305.299: Total time for which application threads were stopped: 0.0002796 seconds, Stopping threads took: 0.0000950 seconds
345.430: Application time: 40.1308732 seconds
345.430: Total time for which application threads were stopped: 0.0003207 seconds, Stopping threads took: 0.0001248 seconds
365.565: Application time: 20.1349698 seconds
365.565: Total time for which application threads were stopped: 0.0001164 seconds, Stopping threads took: 0.0000355 seconds
375.659: Application time: 10.0934877 seconds
375.659: Total time for which application threads were stopped: 0.0002663 seconds, Stopping threads took: 0.0000874 seconds
385.732: Application time: 10.0731047 seconds
385.732: Total time for which application threads were stopped: 0.0000977 seconds, Stopping threads took: 0.0000345 seconds
517.431: Application time: 131.6985735 seconds
517.431: Total time for which application threads were stopped: 0.0002651 seconds, Stopping threads took: 0.0000874 seconds
527.438: Application time: 10.0066963 seconds
527.438: Total time for which application threads were stopped: 0.0002719 seconds, Stopping threads took: 0.0000889 seconds
542.556: Application time: 15.1181640 seconds
542.557: Total time for which application threads were stopped: 0.0002657 seconds, Stopping threads took: 0.0000909 seconds
547.606: Application time: 5.0497326 seconds
547.607: Total time for which application threads were stopped: 0.0003008 seconds, Stopping threads took: 0.0000863 seconds
567.770: Application time: 20.1635108 seconds
567.771: Total time for which application threads were stopped: 0.0002832 seconds, Stopping threads took: 0.0000930 seconds
618.879: Application time: 51.1085695 seconds
618.880: Total time for which application threads were stopped: 0.0003859 seconds, Stopping threads took: 0.0001040 seconds
642.980: Application time: 24.1007237 seconds
642.980: Total time for which application threads were stopped: 0.0000945 seconds, Stopping threads took: 0.0000318 seconds
699.324: Application time: 56.3439069 seconds
699.324: Total time for which application threads were stopped: 0.0001088 seconds, Stopping threads took: 0.0000382 seconds
749.651: Application time: 50.3263546 seconds
749.651: Total time for which application threads were stopped: 0.0000876 seconds, Stopping threads took: 0.0000301 seconds
842.076: Application time: 92.4252574 seconds
842.076: Total time for which application threads were stopped: 0.0000990 seconds, Stopping threads took: 0.0000333 seconds
931.605: Application time: 89.5290000 seconds
931.605: Total time for which application threads were stopped: 0.0002734 seconds, Stopping threads took: 0.0000893 seconds
971.763: Application time: 40.1577011 seconds
971.763: Total time for which application threads were stopped: 0.0000913 seconds, Stopping threads took: 0.0000409 seconds
1053.222: Application time: 81.4587933 seconds
1053.222: Total time for which application threads were stopped: 0.0002641 seconds, Stopping threads took: 0.0000867 seconds
1072.809: Application time: 19.5868651 seconds
{Heap before GC invocations=4 (full 1):
 PSYoungGen      total 305152K, used 286395K [0x000000066bd00000, 0x0000000681180000, 0x00000007c0000000)
  eden space 261632K, 100% used [0x000000066bd00000,0x000000067bc80000,0x000000067bc80000)
  from space 43520K, 56% used [0x000000067e700000,0x000000067ff2ed10,0x0000000681180000)
  to   space 43520K, 0% used [0x000000067bc80000,0x000000067bc80000,0x000000067e700000)
 ParOldGen       total 285696K, used 23955K [0x00000003c3600000, 0x00000003d4d00000, 0x000000066bd00000)
  object space 285696K, 8% used [0x00000003c3600000,0x00000003c4d64d60,0x00000003d4d00000)
 Metaspace       used 25087K, capacity 25698K, committed 25856K, reserved 1073152K
  class space    used 2522K, capacity 2741K, committed 2816K, reserved 1048576K
TLAB: gc thread: 0x00007fc8e8055800 [id: 799] desired_size: 333KB slow allocs: 0  refill waste: 5336B alloc: 0.06375    16679KB refills: 2 waste 46.2% gc: 313032B slow: 2472B fast: 0B
TLAB: gc thread: 0x00007fc8e803e000 [id: 787] desired_size: 340KB slow allocs: 0  refill waste: 5440B alloc: 0.06500    17006KB refills: 2 waste 26.9% gc: 187472B slow: 32B fast: 0B
TLAB: gc thread: 0x00007fc8e8036000 [id: 783] desired_size: 340KB slow allocs: 0  refill waste: 5440B alloc: 0.06500    17006KB refills: 3 waste 25.0% gc: 261088B slow: 56B fast: 32B
TLAB: gc thread: 0x00007fc8e8026800 [id: 774] desired_size: 340KB slow allocs: 0  refill waste: 5440B alloc: 0.06500    17006KB refills: 1 waste  0.3% gc: 1112B slow: 0B fast: 0B
TLAB: gc thread: 0x00007fc8e8025000 [id: 773] desired_size: 346KB slow allocs: 0  refill waste: 5544B alloc: 0.06625    17333KB refills: 2 waste 49.7% gc: 351008B slow: 1880B fast: 0B
TLAB: gc thread: 0x00007fc8e8021000 [id: 771] desired_size: 346KB slow allocs: 0  refill waste: 5544B alloc: 0.06625    17333KB refills: 2 waste 32.0% gc: 227312B slow: 16B fast: 0B
TLAB: gc thread: 0x00007fc8e800c800 [id: 759] desired_size: 340KB slow allocs: 0  refill waste: 5440B alloc: 0.06500    17006KB refills: 3 waste  2.7% gc: 27672B slow: 304B fast: 0B
TLAB: gc thread: 0x00007fc910116000 [id: 746] desired_size: 1700KB slow allocs: 0  refill waste: 27208B alloc: 0.32500    85030KB refills: 1 waste 17.1% gc: 298512B slow: 0B fast: 0B
TLAB: gc thread: 0x00007fc9bc822800 [id: 525] desired_size: 1810KB slow allocs: 0  refill waste: 28960B alloc: 0.34598    90520KB refills: 1 waste 46.1% gc: 855416B slow: 0B fast: 0B
TLAB: gc thread: 0x00007fc9bc820000 [id: 524] desired_size: 1700KB slow allocs: 0  refill waste: 27208B alloc: 0.32500    85030KB refills: 1 waste 37.2% gc: 648672B slow: 0B fast: 0B
TLAB: gc thread: 0x00007fc9bc81d000 [id: 523] desired_size: 2668KB slow allocs: 0  refill waste: 42696B alloc: 0.51000   133432KB refills: 1 waste 84.1% gc: 2297144B slow: 0B fast: 0B
TLAB: gc thread: 0x00007fc9bc814800 [id: 518] desired_size: 2668KB slow allocs: 0  refill waste: 42696B alloc: 0.51000   133432KB refills: 1 waste 80.1% gc: 2189152B slow: 0B fast: 0B
TLAB: gc thread: 0x00007fc9bc79a800 [id: 517] desired_size: 2668KB slow allocs: 0  refill waste: 42696B alloc: 0.51000   133432KB refills: 1 waste 76.3% gc: 2084296B slow: 0B fast: 0B
TLAB: gc thread: 0x00007fc918002000 [id: 513] desired_size: 1810KB slow allocs: 0  refill waste: 28960B alloc: 0.34600    90525KB refills: 58 waste  0.0% gc: 0B slow: 5152B fast: 64B
TLAB: gc thread: 0x00007fc9bc7a5800 [id: 512] desired_size: 1737KB slow allocs: 0  refill waste: 27792B alloc: 0.33200    86862KB refills: 51 waste  0.3% gc: 239256B slow: 4016B fast: 8B
TLAB: gc thread: 0x00007fc9bc662000 [id: 511] desired_size: 2616KB slow allocs: 0  refill waste: 41856B alloc: 0.50000   130816KB refills: 1 waste 100.0% gc: 2678760B slow: 0B fast: 0B
TLAB: gc thread: 0x00007fc9bc1a7000 [id: 508] desired_size: 1700KB slow allocs: 0  refill waste: 27208B alloc: 0.32500    85030KB refills: 1 waste 98.3% gc: 1711272B slow: 0B fast: 0B
TLAB: gc thread: 0x00007fc9bc0cb000 [id: 505] desired_size: 1700KB slow allocs: 0  refill waste: 27208B alloc: 0.32500    85030KB refills: 1 waste 99.9% gc: 1739456B slow: 0B fast: 0B
TLAB: gc thread: 0x00007fc9bc08f800 [id: 500] desired_size: 2616KB slow allocs: 0  refill waste: 41856B alloc: 0.50000   130816KB refills: 1 waste 100.0% gc: 2678368B slow: 0B fast: 0B
TLAB totals: thrds: 19  refills: 134 max: 58 slow allocs: 0 max 0 waste:  8.3% gc: 18789000B max: 2678760B slow: 13928B max: 5152B fast: 104B max: 64B
1072.809: [GC (Allocation Failure) GCTaskManager::set_active_gang(): all_workers_active()  1  workers 8  active  8  ParallelGCThreads 8 
JT: 3  workers 8  active  8  idle 0  more 0
1072.811: [SoftReference, 0 refs, 0.0000299 secs]1072.812: [WeakReference, 54 refs, 0.0000087 secs]1072.812: [FinalReference, 226 refs, 0.0000959 secs]1072.812: [PhantomReference, 5 refs, 53 refs, 0.0000146 secs]1072.812: [JNI Weak Reference, 0.0000092 secs]AdaptiveSizePolicy::update_averages:  survived: 19127880  promoted: 8192  overflow: false
AdaptiveSizeStart: 1072.812 collection: 4 

Desired survivor size 44564480 bytes, new threshold 7 (max 15)
PSAdaptiveSizePolicy::compute_eden_space_size: costs minor_time: 0.000485 major_cost: 0.001668 mutator_cost: 0.997847 throughput_goal: 0.990000 live_space: 310473888 free_space: 535822336 old_eden_size: 267911168 desired_eden_size: 267911168
AdaptiveSizeStop: collection: 4 
[PSYoungGen: 286395K->18679K(305152K)] 310350K->42642K(590848K), 0.0028198 secs] [Times: user=0.00 sys=0.00, real=0.00 secs] 
Heap after GC invocations=4 (full 1):
 PSYoungGen      total 305152K, used 18679K [0x000000066bd00000, 0x0000000681180000, 0x00000007c0000000)
  eden space 261632K, 0% used [0x000000066bd00000,0x000000066bd00000,0x000000067bc80000)
  from space 43520K, 42% used [0x000000067bc80000,0x000000067cebde48,0x000000067e700000)
  to   space 43520K, 0% used [0x000000067e700000,0x000000067e700000,0x0000000681180000)
 ParOldGen       total 285696K, used 23963K [0x00000003c3600000, 0x00000003d4d00000, 0x000000066bd00000)
  object space 285696K, 8% used [0x00000003c3600000,0x00000003c4d66d60,0x00000003d4d00000)
 Metaspace       used 25087K, capacity 25698K, committed 25856K, reserved 1073152K
  class space    used 2522K, capacity 2741K, committed 2816K, reserved 1048576K
}
1072.813: Total time for which application threads were stopped: 0.0032885 seconds, Stopping threads took: 0.0000218 seconds
1073.814: Application time: 1.0015618 seconds
1073.814: Total time for which application threads were stopped: 0.0001063 seconds, Stopping threads took: 0.0000377 seconds
1081.875: Application time: 8.0611580 seconds
1081.876: Total time for which application threads were stopped: 0.0002725 seconds, Stopping threads took: 0.0000920 seconds
1164.422: Application time: 82.5459539 seconds
1164.422: Total time for which application threads were stopped: 0.0001137 seconds, Stopping threads took: 0.0000385 seconds
1184.467: Application time: 20.0449772 seconds
1184.467: Total time for which application threads were stopped: 0.0000932 seconds, Stopping threads took: 0.0000320 seconds
1770.729: Application time: 586.2623404 seconds
1770.729: Total time for which application threads were stopped: 0.0001791 seconds, Stopping threads took: 0.0000555 seconds
1833.052: Application time: 62.3223750 seconds
1833.052: Total time for which application threads were stopped: 0.0000795 seconds, Stopping threads took: 0.0000261 seconds
1834.053: Application time: 1.0010422 seconds
1834.053: Total time for which application threads were stopped: 0.0002680 seconds, Stopping threads took: 0.0000911 seconds
1942.658: Application time: 108.6046642 seconds
1942.658: Total time for which application threads were stopped: 0.0003108 seconds, Stopping threads took: 0.0001256 seconds
2295.798: Application time: 353.1394943 seconds
{Heap before GC invocations=5 (full 1):
 PSYoungGen      total 305152K, used 280311K [0x000000066bd00000, 0x0000000681180000, 0x00000007c0000000)
  eden space 261632K, 100% used [0x000000066bd00000,0x000000067bc80000,0x000000067bc80000)
  from space 43520K, 42% used [0x000000067bc80000,0x000000067cebde48,0x000000067e700000)
  to   space 43520K, 0% used [0x000000067e700000,0x000000067e700000,0x0000000681180000)
 ParOldGen       total 285696K, used 23963K [0x00000003c3600000, 0x00000003d4d00000, 0x000000066bd00000)
  object space 285696K, 8% used [0x00000003c3600000,0x00000003c4d66d60,0x00000003d4d00000)
 Metaspace       used 25115K, capacity 25698K, committed 25856K, reserved 1073152K
  class space    used 2522K, capacity 2741K, committed 2816K, reserved 1048576K
TLAB: gc thread: 0x00007fc910116000 [id: 746] desired_size: 1106KB slow allocs: 0  refill waste: 17696B alloc: 0.21145    55322KB refills: 2 waste 15.7% gc: 356560B slow: 104B fast: 0B
TLAB: gc thread: 0x00007fc9bc820000 [id: 524] desired_size: 1121KB slow allocs: 0  refill waste: 17944B alloc: 0.21440    56093KB refills: 1 waste 95.8% gc: 1100144B slow: 0B fast: 0B
TLAB: gc thread: 0x00007fc918002000 [id: 513] desired_size: 1914KB slow allocs: 0  refill waste: 30632B alloc: 0.36589    95728KB refills: 81 waste  0.0% gc: 0B slow: 6328B fast: 0B
TLAB: gc thread: 0x00007fc9bc7a5800 [id: 512] desired_size: 1753KB slow allocs: 0  refill waste: 28048B alloc: 0.33504    87657KB refills: 58 waste  0.9% gc: 882272B slow: 4960B fast: 0B
TLAB: gc thread: 0x00007fc9bc1a7000 [id: 508] desired_size: 1105KB slow allocs: 0  refill waste: 17680B alloc: 0.21125    55271KB refills: 1 waste 96.6% gc: 1093032B slow: 0B fast: 0B
TLAB: gc thread: 0x00007fc9bc0cb000 [id: 505] desired_size: 1105KB slow allocs: 0  refill waste: 17688B alloc: 0.21130    55283KB refills: 1 waste 99.9% gc: 1131336B slow: 0B fast: 0B
TLAB totals: thrds: 6  refills: 144 max: 81 slow allocs: 0 max 0 waste:  1.7% gc: 4563344B max: 1131336B slow: 11392B max: 6328B fast: 0B max: 0B
2295.798: [GC (Allocation Failure) GCTaskManager::set_active_gang(): all_workers_active()  1  workers 8  active  8  ParallelGCThreads 8 
JT: 3  workers 8  active  8  idle 0  more 0
2295.799: [SoftReference, 0 refs, 0.0000861 secs]2295.799: [WeakReference, 54 refs, 0.0000243 secs]2295.800: [FinalReference, 269 refs, 0.0001063 secs]2295.800: [PhantomReference, 5 refs, 10 refs, 0.0000055 secs]2295.800: [JNI Weak Reference, 0.0000072 secs]AdaptiveSizePolicy::update_averages:  survived: 18996808  promoted: 8192  overflow: false
AdaptiveSizeStart: 2295.800 collection: 5 

Desired survivor size 44564480 bytes, new threshold 7 (max 15)
PSAdaptiveSizePolicy::compute_eden_space_size: costs minor_time: 0.000364 major_cost: 0.001668 mutator_cost: 0.997968 throughput_goal: 0.990000 live_space: 310769984 free_space: 535822336 old_eden_size: 267911168 desired_eden_size: 267911168
AdaptiveSizeStop: collection: 5 
[PSYoungGen: 280311K->18551K(305152K)] 304274K->42522K(590848K), 0.0024260 secs] [Times: user=0.00 sys=0.00, real=0.00 secs] 
Heap after GC invocations=5 (full 1):
 PSYoungGen      total 305152K, used 18551K [0x000000066bd00000, 0x0000000681180000, 0x00000007c0000000)
  eden space 261632K, 0% used [0x000000066bd00000,0x000000066bd00000,0x000000067bc80000)
  from space 43520K, 42% used [0x000000067e700000,0x000000067f91de48,0x0000000681180000)
  to   space 43520K, 0% used [0x000000067bc80000,0x000000067bc80000,0x000000067e700000)
 ParOldGen       total 285696K, used 23971K [0x00000003c3600000, 0x00000003d4d00000, 0x000000066bd00000)
  object space 285696K, 8% used [0x00000003c3600000,0x00000003c4d68d60,0x00000003d4d00000)
 Metaspace       used 25115K, capacity 25698K, committed 25856K, reserved 1073152K
  class space    used 2522K, capacity 2741K, committed 2816K, reserved 1048576K
}
2295.801: Total time for which application threads were stopped: 0.0029621 seconds, Stopping threads took: 0.0000212 seconds
2387.221: Application time: 91.4207424 seconds
2387.221: Total time for which application threads were stopped: 0.0000790 seconds, Stopping threads took: 0.0000255 seconds
2599.322: Application time: 212.1011303 seconds
2599.323: Total time for which application threads were stopped: 0.0000784 seconds, Stopping threads took: 0.0000276 seconds
2639.488: Application time: 40.1655272 seconds
2639.488: Total time for which application threads were stopped: 0.0002652 seconds, Stopping threads took: 0.0000882 seconds
3569.184: Application time: 929.6959199 seconds
{Heap before GC invocations=6 (full 1):
 PSYoungGen      total 305152K, used 280183K [0x000000066bd00000, 0x0000000681180000, 0x00000007c0000000)
  eden space 261632K, 100% used [0x000000066bd00000,0x000000067bc80000,0x000000067bc80000)
  from space 43520K, 42% used [0x000000067e700000,0x000000067f91de48,0x0000000681180000)
  to   space 43520K, 0% used [0x000000067bc80000,0x000000067bc80000,0x000000067e700000)
 ParOldGen       total 285696K, used 23971K [0x00000003c3600000, 0x00000003d4d00000, 0x000000066bd00000)
  object space 285696K, 8% used [0x00000003c3600000,0x00000003c4d68d60,0x00000003d4d00000)
 Metaspace       used 25181K, capacity 25762K, committed 26112K, reserved 1073152K
  class space    used 2522K, capacity 2741K, committed 2816K, reserved 1048576K
TLAB: gc thread: 0x00007fc910116000 [id: 746] desired_size: 736KB slow allocs: 0  refill waste: 11784B alloc: 0.14081    36840KB refills: 3 waste 12.2% gc: 276992B slow: 216B fast: 0B
TLAB: gc thread: 0x00007fc9bc820000 [id: 524] desired_size: 736KB slow allocs: 0  refill waste: 11784B alloc: 0.14079    36834KB refills: 1 waste 93.3% gc: 703720B slow: 0B fast: 0B
TLAB: gc thread: 0x00007fc918002000 [id: 513] desired_size: 2325KB slow allocs: 0  refill waste: 37200B alloc: 0.44436   116260KB refills: 55 waste  0.5% gc: 699392B slow: 4096B fast: 6072B
TLAB: gc thread: 0x00007fc9bc7a5800 [id: 512] desired_size: 1849KB slow allocs: 0  refill waste: 29592B alloc: 0.35347    92480KB refills: 70 waste  0.0% gc: 0B slow: 6496B fast: 0B
TLAB: gc thread: 0x00007fc9bc1a7000 [id: 508] desired_size: 718KB slow allocs: 0  refill waste: 11496B alloc: 0.13735    35936KB refills: 1 waste 94.5% gc: 695424B slow: 0B fast: 0B
TLAB: gc thread: 0x00007fc9bc0cb000 [id: 505] desired_size: 718KB slow allocs: 0  refill waste: 11496B alloc: 0.13735    35934KB refills: 1 waste 99.8% gc: 734792B slow: 0B fast: 0B
TLAB totals: thrds: 6  refills: 131 max: 70 slow allocs: 0 max 0 waste:  1.2% gc: 3110320B max: 734792B slow: 10808B max: 6496B fast: 6072B max: 6072B
3569.184: [GC (Allocation Failure) GCTaskManager::set_active_gang(): all_workers_active()  1  workers 8  active  8  ParallelGCThreads 8 
JT: 3  workers 8  active  8  idle 0  more 0
3569.186: [SoftReference, 0 refs, 0.0000468 secs]3569.186: [WeakReference, 54 refs, 0.0000086 secs]3569.186: [FinalReference, 279 refs, 0.0001067 secs]3569.186: [PhantomReference, 5 refs, 10 refs, 0.0000062 secs]3569.186: [JNI Weak Reference, 0.0000072 secs]AdaptiveSizePolicy::update_averages:  survived: 19012632  promoted: 8192  overflow: false
AdaptiveSizeStart: 3569.187 collection: 6 
  avg_survived_padded_avg: 27879696.000000  avg_promoted_padded_avg: 95872.125000  avg_pretenured_padded_avg: 0.000000  tenuring_thresh: 8  target_size: 28311552

Desired survivor size 28311552 bytes, new threshold 8 (max 15)
PSAdaptiveSizePolicy::compute_eden_space_size: costs minor_time: 0.000273 major_cost: 0.001668 mutator_cost: 0.998058 throughput_goal: 0.990000 live_space: 310962016 free_space: 535822336 old_eden_size: 267911168 desired_eden_size: 261619712
AdaptiveSizePolicy::survivor space sizes: collection: 6 (44564480, 5767168) -> (19398656, 28311552) 
AdaptiveSizeStop: collection: 6 
[PSYoungGen: 280183K->18567K(274432K)] 304154K->42546K(560128K), 0.0036815 secs] [Times: user=0.00 sys=0.00, real=0.01 secs] 
Heap after GC invocations=6 (full 1):
 PSYoungGen      total 274432K, used 18567K [0x000000066bd00000, 0x000000067ec80000, 0x00000007c0000000)
  eden space 255488K, 0% used [0x000000066bd00000,0x000000066bd00000,0x000000067b680000)
  from space 18944K, 98% used [0x000000067bc80000,0x000000067cea1c18,0x000000067cf00000)
  to   space 27648K, 0% used [0x000000067d180000,0x000000067d180000,0x000000067ec80000)
 ParOldGen       total 285696K, used 23979K [0x00000003c3600000, 0x00000003d4d00000, 0x000000066bd00000)
  object space 285696K, 8% used [0x00000003c3600000,0x00000003c4d6ad60,0x00000003d4d00000)
 Metaspace       used 25181K, capacity 25762K, committed 26112K, reserved 1073152K
  class space    used 2522K, capacity 2741K, committed 2816K, reserved 1048576K
}
3569.188: Total time for which application threads were stopped: 0.0040628 seconds, Stopping threads took: 0.0000221 seconds
3570.189: Application time: 1.0002502 seconds
3570.189: Total time for which application threads were stopped: 0.0000938 seconds, Stopping threads took: 0.0000359 seconds
3680.851: Application time: 110.6625413 seconds
3680.851: Total time for which application threads were stopped: 0.0002510 seconds, Stopping threads took: 0.0000841 seconds
3892.971: Application time: 212.1196481 seconds
3892.971: Total time for which application threads were stopped: 0.0001170 seconds, Stopping threads took: 0.0000429 seconds
4299.254: Application time: 406.2831550 seconds
4299.255: Total time for which application threads were stopped: 0.0000754 seconds, Stopping threads took: 0.0000240 seconds
4302.256: Application time: 3.0011814 seconds
4302.256: Total time for which application threads were stopped: 0.0002588 seconds, Stopping threads took: 0.0000893 seconds
4303.257: Application time: 1.0006597 seconds
4303.257: Total time for which application threads were stopped: 0.0000957 seconds, Stopping threads took: 0.0000381 seconds
4308.261: Application time: 5.0039566 seconds
4308.261: Total time for which application threads were stopped: 0.0000797 seconds, Stopping threads took: 0.0000295 seconds
4386.755: Application time: 78.4945971 seconds
4386.755: Total time for which application threads were stopped: 0.0001166 seconds, Stopping threads took: 0.0000385 seconds
4479.248: Application time: 92.4921244 seconds
4479.248: Total time for which application threads were stopped: 0.0001079 seconds, Stopping threads took: 0.0000380 seconds
4482.251: Application time: 3.0029051 seconds
4482.251: Total time for which application threads were stopped: 0.0000849 seconds, Stopping threads took: 0.0000295 seconds
4489.258: Application time: 7.0075435 seconds
4489.258: Total time for which application threads were stopped: 0.0001062 seconds, Stopping threads took: 0.0000483 seconds
4812.308: Application time: 323.0496257 seconds
{Heap before GC invocations=7 (full 1):
 PSYoungGen      total 274432K, used 274055K [0x000000066bd00000, 0x000000067ec80000, 0x00000007c0000000)
  eden space 255488K, 100% used [0x000000066bd00000,0x000000067b680000,0x000000067b680000)
  from space 18944K, 98% used [0x000000067bc80000,0x000000067cea1c18,0x000000067cf00000)
  to   space 27648K, 0% used [0x000000067d180000,0x000000067d180000,0x000000067ec80000)
 ParOldGen       total 285696K, used 23979K [0x00000003c3600000, 0x00000003d4d00000, 0x000000066bd00000)
  object space 285696K, 8% used [0x00000003c3600000,0x00000003c4d6ad60,0x00000003d4d00000)
 Metaspace       used 25215K, capacity 25826K, committed 26112K, reserved 1073152K
  class space    used 2522K, capacity 2741K, committed 2816K, reserved 1048576K
TLAB: gc thread: 0x00007fc910116000 [id: 746] desired_size: 482KB slow allocs: 0  refill waste: 7720B alloc: 0.09451    24146KB refills: 4 waste  1.5% gc: 30272B slow: 336B fast: 0B
TLAB: gc thread: 0x00007fc9bc820000 [id: 524] desired_size: 467KB slow allocs: 0  refill waste: 7480B alloc: 0.09157    23396KB refills: 1 waste 89.7% gc: 429712B slow: 0B fast: 0B
TLAB: gc thread: 0x00007fc918002000 [id: 513] desired_size: 2334KB slow allocs: 0  refill waste: 37344B alloc: 0.45680   116707KB refills: 59 waste  0.0% gc: 0B slow: 5360B fast: 0B
TLAB: gc thread: 0x00007fc9bc7a5800 [id: 512] desired_size: 2065KB slow allocs: 0  refill waste: 33040B alloc: 0.40416   103257KB refills: 56 waste  0.2% gc: 195152B slow: 5952B fast: 0B
TLAB: gc thread: 0x00007fc9bc1a7000 [id: 508] desired_size: 456KB slow allocs: 0  refill waste: 7296B alloc: 0.08933    22823KB refills: 1 waste 91.5% gc: 427896B slow: 0B fast: 0B
TLAB: gc thread: 0x00007fc9bc0cb000 [id: 505] desired_size: 456KB slow allocs: 0  refill waste: 7296B alloc: 0.08928    22809KB refills: 1 waste 99.7% gc: 465824B slow: 0B fast: 0B
TLAB totals: thrds: 6  refills: 122 max: 59 slow allocs: 0 max 0 waste:  0.6% gc: 1548856B max: 465824B slow: 11648B max: 5952B fast: 0B max: 0B
4812.308: [GC (Allocation Failure) GCTaskManager::set_active_gang(): all_workers_active()  1  workers 8  active  8  ParallelGCThreads 8 
JT: 3  workers 8  active  8  idle 0  more 0
4812.322: [SoftReference, 0 refs, 0.0000307 secs]4812.322: [WeakReference, 54 refs, 0.0000090 secs]4812.322: [FinalReference, 273 refs, 0.0001705 secs]4812.322: [PhantomReference, 5 refs, 10 refs, 0.0000063 secs]4812.322: [JNI Weak Reference, 0.0000080 secs]AdaptiveSizePolicy::update_averages:  survived: 18996808  promoted: 8192  overflow: false
AdaptiveSizeStart: 4812.323 collection: 7 
  avg_survived_padded_avg: 27529328.000000  avg_promoted_padded_avg: 89147.570312  avg_pretenured_padded_avg: 0.000000  tenuring_thresh: 9  target_size: 27787264

Desired survivor size 27787264 bytes, new threshold 9 (max 15)
PSAdaptiveSizePolicy::compute_eden_space_size: costs minor_time: 0.000208 major_cost: 0.001668 mutator_cost: 0.998124 throughput_goal: 0.990000 live_space: 311100928 free_space: 529530880 old_eden_size: 261619712 desired_eden_size: 255328256
AdaptiveSizePolicy::survivor space sizes: collection: 7 (20971520, 19398656) -> (20971520, 27787264) 
AdaptiveSizeStop: collection: 7 
[PSYoungGen: 274055K->18551K(269824K)] 298034K->42538K(555520K), 0.0151531 secs] [Times: user=0.00 sys=0.05, real=0.01 secs] 
Heap after GC invocations=7 (full 1):
 PSYoungGen      total 269824K, used 18551K [0x000000066bd00000, 0x000000067e580000, 0x00000007c0000000)
  eden space 249344K, 0% used [0x000000066bd00000,0x000000066bd00000,0x000000067b080000)
  from space 20480K, 90% used [0x000000067d180000,0x000000067e39de48,0x000000067e580000)
  to   space 27136K, 0% used [0x000000067b080000,0x000000067b080000,0x000000067cb00000)
 ParOldGen       total 285696K, used 23987K [0x00000003c3600000, 0x00000003d4d00000, 0x000000066bd00000)
  object space 285696K, 8% used [0x00000003c3600000,0x00000003c4d6cd60,0x00000003d4d00000)
 Metaspace       used 25215K, capacity 25826K, committed 26112K, reserved 1073152K
  class space    used 2522K, capacity 2741K, committed 2816K, reserved 1048576K
}
4812.324: Total time for which application threads were stopped: 0.0156068 seconds, Stopping threads took: 0.0000218 seconds
4861.576: Application time: 49.2521771 seconds
4861.576: Total time for which application threads were stopped: 0.0002597 seconds, Stopping threads took: 0.0000888 seconds
4984.282: Application time: 122.7057051 seconds
4984.282: Total time for which application threads were stopped: 0.0001406 seconds, Stopping threads took: 0.0000482 seconds
5181.448: Application time: 197.1662476 seconds
5181.448: Total time for which application threads were stopped: 0.0000841 seconds, Stopping threads took: 0.0000295 seconds
5182.458: Application time: 1.0095489 seconds
5182.458: Total time for which application threads were stopped: 0.0000762 seconds, Stopping threads took: 0.0000268 seconds
5340.283: Application time: 157.8248394 seconds
5340.283: Total time for which application threads were stopped: 0.0002737 seconds, Stopping threads took: 0.0000943 seconds
5405.648: Application time: 65.3650661 seconds
5405.648: Total time for which application threads were stopped: 0.0003735 seconds, Stopping threads took: 0.0001652 seconds
5944.376: Application time: 538.7278817 seconds
5944.377: Total time for which application threads were stopped: 0.0003108 seconds, Stopping threads took: 0.0000939 seconds
6035.038: Application time: 90.6613524 seconds
{Heap before GC invocations=8 (full 1):
 PSYoungGen      total 269824K, used 267895K [0x000000066bd00000, 0x000000067e580000, 0x00000007c0000000)
  eden space 249344K, 100% used [0x000000066bd00000,0x000000067b080000,0x000000067b080000)
  from space 20480K, 90% used [0x000000067d180000,0x000000067e39de48,0x000000067e580000)
  to   space 27136K, 0% used [0x000000067b080000,0x000000067b080000,0x000000067cb00000)
 ParOldGen       total 285696K, used 23987K [0x00000003c3600000, 0x00000003d4d00000, 0x000000066bd00000)
  object space 285696K, 8% used [0x00000003c3600000,0x00000003c4d6cd60,0x00000003d4d00000)
 Metaspace       used 25215K, capacity 25826K, committed 26112K, reserved 1073152K
  class space    used 2522K, capacity 2741K, committed 2816K, reserved 1048576K
TLAB: gc thread: 0x00007fc910116000 [id: 746] desired_size: 319KB slow allocs: 0  refill waste: 5104B alloc: 0.06406    15972KB refills: 6 waste  2.8% gc: 54664B slow: 416B fast: 0B
TLAB: gc thread: 0x00007fc9bc820000 [id: 524] desired_size: 297KB slow allocs: 0  refill waste: 4752B alloc: 0.05959    14859KB refills: 1 waste 84.0% gc: 255664B slow: 0B fast: 0B
TLAB: gc thread: 0x00007fc918002000 [id: 513] desired_size: 2423KB slow allocs: 0  refill waste: 38776B alloc: 0.48601   121183KB refills: 52 waste  0.0% gc: 0B slow: 4496B fast: 0B
TLAB: gc thread: 0x00007fc9bc7a5800 [id: 512] desired_size: 2086KB slow allocs: 0  refill waste: 33376B alloc: 0.41831   104303KB refills: 59 waste  0.5% gc: 678456B slow: 4728B fast: 0B
TLAB: gc thread: 0x00007fc9bc1a7000 [id: 508] desired_size: 289KB slow allocs: 0  refill waste: 4632B alloc: 0.05812    14492KB refills: 1 waste 86.9% gc: 257904B slow: 0B fast: 0B
TLAB totals: thrds: 5  refills: 119 max: 59 slow allocs: 0 max 0 waste:  0.5% gc: 1246688B max: 678456B slow: 9640B max: 4728B fast: 0B max: 0B
6035.038: [GC (Allocation Failure) GCTaskManager::set_active_gang(): all_workers_active()  1  workers 8  active  8  ParallelGCThreads 8 
JT: 3  workers 8  active  8  idle 0  more 0
6035.040: [SoftReference, 0 refs, 0.0000335 secs]6035.040: [WeakReference, 54 refs, 0.0000095 secs]6035.040: [FinalReference, 269 refs, 0.0001574 secs]6035.040: [PhantomReference, 5 refs, 10 refs, 0.0000342 secs]6035.040: [JNI Weak Reference, 0.0000087 secs]AdaptiveSizePolicy::update_averages:  survived: 19078168  promoted: 8192  overflow: false
AdaptiveSizeStart: 6035.041 collection: 8 
  avg_survived_padded_avg: 27122624.000000  avg_promoted_padded_avg: 83310.242188  avg_pretenured_padded_avg: 0.000000  tenuring_thresh: 10  target_size: 27262976

Desired survivor size 27262976 bytes, new threshold 10 (max 15)
PSAdaptiveSizePolicy::compute_eden_space_size: costs minor_time: 0.000157 major_cost: 0.001668 mutator_cost: 0.998175 throughput_goal: 0.990000 live_space: 311213120 free_space: 523239424 old_eden_size: 255328256 desired_eden_size: 249561088
AdaptiveSizePolicy::survivor space sizes: collection: 8 (27787264, 14155776) -> (19398656, 27262976) 
AdaptiveSizeStop: collection: 8 
[PSYoungGen: 267895K->18631K(262656K)] 291882K->42626K(548352K), 0.0029740 secs] [Times: user=0.00 sys=0.00, real=0.00 secs] 
Heap after GC invocations=8 (full 1):
 PSYoungGen      total 262656K, used 18631K [0x000000066bd00000, 0x000000067df00000, 0x00000007c0000000)
  eden space 243712K, 0% used [0x000000066bd00000,0x000000066bd00000,0x000000067ab00000)
  from space 18944K, 98% used [0x000000067b080000,0x000000067c2b1c18,0x000000067c300000)
  to   space 26624K, 0% used [0x000000067c500000,0x000000067c500000,0x000000067df00000)
 ParOldGen       total 285696K, used 23995K [0x00000003c3600000, 0x00000003d4d00000, 0x000000066bd00000)
  object space 285696K, 8% used [0x00000003c3600000,0x00000003c4d6ed60,0x00000003d4d00000)
 Metaspace       used 25215K, capacity 25826K, committed 26112K, reserved 1073152K
  class space    used 2522K, capacity 2741K, committed 2816K, reserved 1048576K
}
6035.041: Total time for which application threads were stopped: 0.0034015 seconds, Stopping threads took: 0.0000218 seconds
7217.383: Application time: 1182.3412874 seconds
{Heap before GC invocations=9 (full 1):
 PSYoungGen      total 262656K, used 262343K [0x000000066bd00000, 0x000000067df00000, 0x00000007c0000000)
  eden space 243712K, 100% used [0x000000066bd00000,0x000000067ab00000,0x000000067ab00000)
  from space 18944K, 98% used [0x000000067b080000,0x000000067c2b1c18,0x000000067c300000)
  to   space 26624K, 0% used [0x000000067c500000,0x000000067c500000,0x000000067df00000)
 ParOldGen       total 285696K, used 23995K [0x00000003c3600000, 0x00000003d4d00000, 0x000000066bd00000)
  object space 285696K, 8% used [0x00000003c3600000,0x00000003c4d6ed60,0x00000003d4d00000)
 Metaspace       used 25215K, capacity 25826K, committed 26112K, reserved 1073152K
  class space    used 2522K, capacity 2741K, committed 2816K, reserved 1048576K
TLAB: gc thread: 0x00007fc910116000 [id: 746] desired_size: 216KB slow allocs: 0  refill waste: 3464B alloc: 0.04451    10849KB refills: 9 waste  8.2% gc: 162592B slow: 384B fast: 0B
TLAB: gc thread: 0x00007fc9bc820000 [id: 524] desired_size: 189KB slow allocs: 0  refill waste: 3024B alloc: 0.03880     9457KB refills: 1 waste 75.7% gc: 146664B slow: 0B fast: 0B
TLAB: gc thread: 0x00007fc918002000 [id: 513] desired_size: 2386KB slow allocs: 0  refill waste: 38176B alloc: 0.48961   119324KB refills: 56 waste  1.6% gc: 2252112B slow: 5056B fast: 8B
TLAB: gc thread: 0x00007fc9bc7a5800 [id: 512] desired_size: 2165KB slow allocs: 0  refill waste: 34648B alloc: 0.44437   108298KB refills: 50 waste  0.0% gc: 0B slow: 4296B fast: 0B
TLAB: gc thread: 0x00007fc9bc1a7000 [id: 508] desired_size: 184KB slow allocs: 0  refill waste: 2944B alloc: 0.03783     9220KB refills: 1 waste 80.1% gc: 151288B slow: 0B fast: 0B
TLAB totals: thrds: 5  refills: 117 max: 56 slow allocs: 0 max 0 waste:  1.1% gc: 2712656B max: 2252112B slow: 9736B max: 5056B fast: 8B max: 8B
7217.383: [GC (Allocation Failure) GCTaskManager::set_active_gang(): all_workers_active()  1  workers 8  active  8  ParallelGCThreads 8 
JT: 3  workers 8  active  8  idle 0  more 0
7217.385: [SoftReference, 0 refs, 0.0000261 secs]7217.385: [WeakReference, 54 refs, 0.0000080 secs]7217.385: [FinalReference, 261 refs, 0.0001045 secs]7217.385: [PhantomReference, 5 refs, 10 refs, 0.0000056 secs]7217.385: [JNI Weak Reference, 0.0000106 secs]AdaptiveSizePolicy::update_averages:  survived: 19062888  promoted: 0  overflow: false
AdaptiveSizeStart: 7217.385 collection: 9 
  avg_survived_padded_avg: 26745968.000000  avg_promoted_padded_avg: 80756.781250  avg_pretenured_padded_avg: 0.000000  tenuring_thresh: 11  target_size: 27262976

Desired survivor size 27262976 bytes, new threshold 11 (max 15)
PSAdaptiveSizePolicy::compute_eden_space_size: costs minor_time: 0.000118 major_cost: 0.001668 mutator_cost: 0.998214 throughput_goal: 0.990000 live_space: 311301920 free_space: 517472256 old_eden_size: 249561088 desired_eden_size: 243793920
AdaptiveSizePolicy::survivor space sizes: collection: 9 (21495808, 19398656) -> (21495808, 27262976) 
AdaptiveSizeStop: collection: 9 
[PSYoungGen: 262343K->18616K(259072K)] 286338K->42611K(544768K), 0.0030033 secs] [Times: user=0.00 sys=0.00, real=0.01 secs] 
Heap after GC invocations=9 (full 1):
 PSYoungGen      total 259072K, used 18616K [0x000000066bd00000, 0x000000067d980000, 0x00000007c0000000)
  eden space 238080K, 0% used [0x000000066bd00000,0x000000066bd00000,0x000000067a580000)
  from space 20992K, 88% used [0x000000067c500000,0x000000067d72e068,0x000000067d980000)
  to   space 26624K, 0% used [0x000000067a580000,0x000000067a580000,0x000000067bf80000)
 ParOldGen       total 285696K, used 23995K [0x00000003c3600000, 0x00000003d4d00000, 0x000000066bd00000)
  object space 285696K, 8% used [0x00000003c3600000,0x00000003c4d6ed60,0x00000003d4d00000)
 Metaspace       used 25215K, capacity 25826K, committed 26112K, reserved 1073152K
  class space    used 2522K, capacity 2741K, committed 2816K, reserved 1048576K
}
7217.386: Total time for which application threads were stopped: 0.0033671 seconds, Stopping threads took: 0.0000235 seconds
7409.468: Application time: 192.0822048 seconds
7409.468: Total time for which application threads were stopped: 0.0001010 seconds, Stopping threads took: 0.0000531 seconds
7591.532: Application time: 182.0635020 seconds
7591.532: Total time for which application threads were stopped: 0.0000936 seconds, Stopping threads took: 0.0000365 seconds
8379.547: Application time: 788.0149497 seconds
{Heap before GC invocations=10 (full 1):
 PSYoungGen      total 259072K, used 256696K [0x000000066bd00000, 0x000000067d980000, 0x00000007c0000000)
  eden space 238080K, 100% used [0x000000066bd00000,0x000000067a580000,0x000000067a580000)
  from space 20992K, 88% used [0x000000067c500000,0x000000067d72e068,0x000000067d980000)
  to   space 26624K, 0% used [0x000000067a580000,0x000000067a580000,0x000000067bf80000)
 ParOldGen       total 285696K, used 23995K [0x00000003c3600000, 0x00000003d4d00000, 0x000000066bd00000)
  object space 285696K, 8% used [0x00000003c3600000,0x00000003c4d6ed60,0x00000003d4d00000)
 Metaspace       used 25216K, capacity 25826K, committed 26112K, reserved 1073152K
  class space    used 2523K, capacity 2741K, committed 2816K, reserved 1048576K
TLAB: gc thread: 0x00007fc910116000 [id: 746] desired_size: 151KB slow allocs: 0  refill waste: 2416B alloc: 0.03181     7573KB refills: 12 waste  2.6% gc: 48168B slow: 616B fast: 128B
TLAB: gc thread: 0x00007fc9bc820000 [id: 524] desired_size: 120KB slow allocs: 0  refill waste: 1920B alloc: 0.02529     6021KB refills: 1 waste 62.5% gc: 77064B slow: 0B fast: 0B
TLAB: gc thread: 0x00007fc918002000 [id: 513] desired_size: 2412KB slow allocs: 0  refill waste: 38600B alloc: 0.50675   120648KB refills: 52 waste  0.0% gc: 0B slow: 4152B fast: 32B
TLAB: gc thread: 0x00007fc9bc7a5800 [id: 512] desired_size: 2121KB slow allocs: 0  refill waste: 33944B alloc: 0.44560   106088KB refills: 53 waste  1.7% gc: 1958360B slow: 5680B fast: 0B
TLAB: gc thread: 0x00007fc9bc1a7000 [id: 508] desired_size: 117KB slow allocs: 0  refill waste: 1872B alloc: 0.02465     5868KB refills: 1 waste 69.2% gc: 83200B slow: 0B fast: 0B
TLAB totals: thrds: 5  refills: 119 max: 53 slow allocs: 0 max 0 waste:  0.9% gc: 2166792B max: 1958360B slow: 10448B max: 5680B fast: 160B max: 128B
8379.547: [GC (Allocation Failure) GCTaskManager::set_active_gang(): all_workers_active()  1  workers 8  active  8  ParallelGCThreads 8 
JT: 3  workers 8  active  8  idle 0  more 0
8379.549: [SoftReference, 0 refs, 0.0000276 secs]8379.549: [WeakReference, 54 refs, 0.0000089 secs]8379.549: [FinalReference, 259 refs, 0.0000993 secs]8379.549: [PhantomReference, 5 refs, 10 refs, 0.0000064 secs]8379.549: [JNI Weak Reference, 0.0000072 secs]AdaptiveSizePolicy::update_averages:  survived: 19029576  promoted: 0  overflow: false
AdaptiveSizeStart: 8379.549 collection: 10 
  avg_survived_padded_avg: 26388710.000000  avg_promoted_padded_avg: 78696.992188  avg_pretenured_padded_avg: 0.000000  tenuring_thresh: 12  target_size: 26738688

Desired survivor size 26738688 bytes, new threshold 12 (max 15)
PSAdaptiveSizePolicy::compute_eden_space_size: costs minor_time: 0.000089 major_cost: 0.001668 mutator_cost: 0.998243 throughput_goal: 0.990000 live_space: 311370432 free_space: 511705088 old_eden_size: 243793920 desired_eden_size: 238026752
AdaptiveSizePolicy::survivor space sizes: collection: 10 (27262976, 14680064) -> (19398656, 26738688) 
AdaptiveSizeStop: collection: 10 
[PSYoungGen: 256696K->18583K(251392K)] 280691K->42578K(537088K), 0.0029301 secs] [Times: user=0.13 sys=0.00, real=0.00 secs] 
Heap after GC invocations=10 (full 1):
 PSYoungGen      total 251392K, used 18583K [0x000000066bd00000, 0x000000067d300000, 0x00000007c0000000)
  eden space 232448K, 0% used [0x000000066bd00000,0x000000066bd00000,0x000000067a000000)
  from space 18944K, 98% used [0x000000067a580000,0x000000067b7a5e48,0x000000067b800000)
  to   space 26112K, 0% used [0x000000067b980000,0x000000067b980000,0x000000067d300000)
 ParOldGen       total 285696K, used 23995K [0x00000003c3600000, 0x00000003d4d00000, 0x000000066bd00000)
  object space 285696K, 8% used [0x00000003c3600000,0x00000003c4d6ed60,0x00000003d4d00000)
 Metaspace       used 25216K, capacity 25826K, committed 26112K, reserved 1073152K
  class space    used 2523K, capacity 2741K, committed 2816K, reserved 1048576K
}
8379.550: Total time for which application threads were stopped: 0.0033558 seconds, Stopping threads took: 0.0000211 seconds
9107.485: Application time: 727.9349623 seconds
9107.485: Total time for which application threads were stopped: 0.0000757 seconds, Stopping threads took: 0.0000254 seconds
9513.874: Application time: 406.3884021 seconds
{Heap before GC invocations=11 (full 1):
 PSYoungGen      total 251392K, used 251031K [0x000000066bd00000, 0x000000067d300000, 0x00000007c0000000)
  eden space 232448K, 100% used [0x000000066bd00000,0x000000067a000000,0x000000067a000000)
  from space 18944K, 98% used [0x000000067a580000,0x000000067b7a5e48,0x000000067b800000)
  to   space 26112K, 0% used [0x000000067b980000,0x000000067b980000,0x000000067d300000)
 ParOldGen       total 285696K, used 23995K [0x00000003c3600000, 0x00000003d4d00000, 0x000000066bd00000)
  object space 285696K, 8% used [0x00000003c3600000,0x00000003c4d6ed60,0x00000003d4d00000)
 Metaspace       used 25216K, capacity 25826K, committed 26112K, reserved 1073152K
  class space    used 2523K, capacity 2741K, committed 2816K, reserved 1048576K
TLAB: gc thread: 0x00007fc910116000 [id: 746] desired_size: 107KB slow allocs: 0  refill waste: 1720B alloc: 0.02321     5396KB refills: 16 waste  0.1% gc: 0B slow: 1200B fast: 0B
TLAB: gc thread: 0x00007fc9bc820000 [id: 524] desired_size: 76KB slow allocs: 0  refill waste: 1224B alloc: 0.01651     3837KB refills: 1 waste 42.5% gc: 33416B slow: 0B fast: 0B
TLAB: gc thread: 0x00007fc918002000 [id: 513] desired_size: 2377KB slow allocs: 0  refill waste: 38032B alloc: 0.51131   118852KB refills: 40 waste  0.4% gc: 407872B slow: 3728B fast: 0B
TLAB: gc thread: 0x00007fc9bc7a5800 [id: 512] desired_size: 2100KB slow allocs: 0  refill waste: 33608B alloc: 0.45184   105029KB refills: 65 waste  0.6% gc: 899696B slow: 6496B fast: 8B
TLAB: gc thread: 0x00007fc9bc1a7000 [id: 508] desired_size: 74KB slow allocs: 0  refill waste: 1192B alloc: 0.01607     3736KB refills: 1 waste 52.8% gc: 40416B slow: 0B fast: 0B
TLAB totals: thrds: 5  refills: 123 max: 65 slow allocs: 0 max 0 waste:  0.6% gc: 1381400B max: 899696B slow: 11424B max: 6496B fast: 8B max: 8B
9513.874: [GC (Allocation Failure) GCTaskManager::set_active_gang(): all_workers_active()  1  workers 8  active  8  ParallelGCThreads 8 
JT: 3  workers 8  active  8  idle 0  more 0
9513.881: [SoftReference, 0 refs, 0.0000236 secs]9513.881: [WeakReference, 54 refs, 0.0000090 secs]9513.881: [FinalReference, 251 refs, 0.0000946 secs]9513.881: [PhantomReference, 5 refs, 10 refs, 0.0000055 secs]9513.881: [JNI Weak Reference, 0.0000076 secs]AdaptiveSizePolicy::update_averages:  survived: 19061800  promoted: 0  overflow: false
AdaptiveSizeStart: 9513.881 collection: 11 
  avg_survived_padded_avg: 26049492.000000  avg_promoted_padded_avg: 77030.437500  avg_pretenured_padded_avg: 0.000000  tenuring_thresh: 13  target_size: 26214400

Desired survivor size 26214400 bytes, new threshold 13 (max 15)
PSAdaptiveSizePolicy::compute_eden_space_size: costs minor_time: 0.000068 major_cost: 0.001668 mutator_cost: 0.998264 throughput_goal: 0.990000 live_space: 311435328 free_space: 505937920 old_eden_size: 238026752 desired_eden_size: 232783872
AdaptiveSizePolicy::survivor space sizes: collection: 11 (20447232, 19398656) -> (20447232, 26214400) 
AdaptiveSizeStop: collection: 11 
[PSYoungGen: 251031K->18615K(247296K)] 275026K->42610K(532992K), 0.0074677 secs] [Times: user=0.13 sys=0.00, real=0.01 secs] 
Heap after GC invocations=11 (full 1):
 PSYoungGen      total 247296K, used 18615K [0x000000066bd00000, 0x000000067cd00000, 0x00000007c0000000)
  eden space 227328K, 0% used [0x000000066bd00000,0x000000066bd00000,0x0000000679b00000)
  from space 19968K, 93% used [0x000000067b980000,0x000000067cbadc28,0x000000067cd00000)
  to   space 25600K, 0% used [0x0000000679b00000,0x0000000679b00000,0x000000067b400000)
 ParOldGen       total 285696K, used 23995K [0x00000003c3600000, 0x00000003d4d00000, 0x000000066bd00000)
  object space 285696K, 8% used [0x00000003c3600000,0x00000003c4d6ed60,0x00000003d4d00000)
 Metaspace       used 25216K, capacity 25826K, committed 26112K, reserved 1073152K
  class space    used 2523K, capacity 2741K, committed 2816K, reserved 1048576K
}
9513.882: Total time for which application threads were stopped: 0.0081306 seconds, Stopping threads took: 0.0000844 seconds
10622.908: Application time: 1109.0265268 seconds
{Heap before GC invocations=12 (full 1):
 PSYoungGen      total 247296K, used 245943K [0x000000066bd00000, 0x000000067cd00000, 0x00000007c0000000)
  eden space 227328K, 100% used [0x000000066bd00000,0x0000000679b00000,0x0000000679b00000)
  from space 19968K, 93% used [0x000000067b980000,0x000000067cbadc28,0x000000067cd00000)
  to   space 25600K, 0% used [0x0000000679b00000,0x0000000679b00000,0x000000067b400000)
 ParOldGen       total 285696K, used 23995K [0x00000003c3600000, 0x00000003d4d00000, 0x000000066bd00000)
  object space 285696K, 8% used [0x00000003c3600000,0x00000003c4d6ed60,0x00000003d4d00000)
 Metaspace       used 25216K, capacity 25826K, committed 26112K, reserved 1073152K
  class space    used 2523K, capacity 2741K, committed 2816K, reserved 1048576K
TLAB: gc thread: 0x00007fc910116000 [id: 746] desired_size: 81KB slow allocs: 0  refill waste: 1296B alloc: 0.01785     4057KB refills: 21 waste  0.6% gc: 9560B slow: 1080B fast: 16B
TLAB: gc thread: 0x00007fc9bc820000 [id: 524] desired_size: 49KB slow allocs: 0  refill waste: 784B alloc: 0.01080     2454KB refills: 1 waste 12.1% gc: 6104B slow: 0B fast: 0B
TLAB: gc thread: 0x00007fc918002000 [id: 513] desired_size: 2145KB slow allocs: 0  refill waste: 34328B alloc: 0.47194   107285KB refills: 52 waste  1.3% gc: 1480272B slow: 4712B fast: 0B
TLAB: gc thread: 0x00007fc9bc7a5800 [id: 512] desired_size: 2257KB slow allocs: 0  refill waste: 36112B alloc: 0.49644   112855KB refills: 51 waste  0.0% gc: 0B slow: 3320B fast: 0B
TLAB: gc thread: 0x00007fc9bc1a7000 [id: 508] desired_size: 47KB slow allocs: 0  refill waste: 760B alloc: 0.01050     2387KB refills: 1 waste 27.7% gc: 13560B slow: 0B fast: 0B
TLAB totals: thrds: 5  refills: 126 max: 52 slow allocs: 0 max 0 waste:  0.6% gc: 1509496B max: 1480272B slow: 9112B max: 4712B fast: 16B max: 16B
10622.909: [GC (Allocation Failure) GCTaskManager::set_active_gang(): all_workers_active()  1  workers 8  active  8  ParallelGCThreads 8 
JT: 3  workers 8  active  8  idle 0  more 0
10622.910: [SoftReference, 0 refs, 0.0000249 secs]10622.910: [WeakReference, 54 refs, 0.0000103 secs]10622.911: [FinalReference, 246 refs, 0.0000939 secs]10622.911: [PhantomReference, 5 refs, 10 refs, 0.0000058 secs]10622.911: [JNI Weak Reference, 0.0000073 secs]AdaptiveSizePolicy::update_averages:  survived: 19029576  promoted: 0  overflow: false
AdaptiveSizeStart: 10622.911 collection: 12 
  avg_survived_padded_avg: 25710328.000000  avg_promoted_padded_avg: 75530.539062  avg_pretenured_padded_avg: 0.000000  tenuring_thresh: 14  target_size: 26214400

Desired survivor size 26214400 bytes, new threshold 14 (max 15)
PSAdaptiveSizePolicy::compute_eden_space_size: costs minor_time: 0.000052 major_cost: 0.001668 mutator_cost: 0.998280 throughput_goal: 0.990000 live_space: 311490496 free_space: 500695040 old_eden_size: 232783872 desired_eden_size: 227540992
AdaptiveSizePolicy::survivor space sizes: collection: 12 (26214400, 15204352) -> (19398656, 26214400) 
AdaptiveSizeStop: collection: 12 
[PSYoungGen: 245943K->18583K(241152K)] 269938K->42578K(526848K), 0.0029238 secs] [Times: user=0.13 sys=0.00, real=0.00 secs] 
Heap after GC invocations=12 (full 1):
 PSYoungGen      total 241152K, used 18583K [0x000000066bd00000, 0x000000067c800000, 0x00000007c0000000)
  eden space 222208K, 0% used [0x000000066bd00000,0x000000066bd00000,0x0000000679600000)
  from space 18944K, 98% used [0x0000000679b00000,0x000000067ad25e48,0x000000067ad80000)
  to   space 25600K, 0% used [0x000000067af00000,0x000000067af00000,0x000000067c800000)
 ParOldGen       total 285696K, used 23995K [0x00000003c3600000, 0x00000003d4d00000, 0x000000066bd00000)
  object space 285696K, 8% used [0x00000003c3600000,0x00000003c4d6ed60,0x00000003d4d00000)
 Metaspace       used 25216K, capacity 25826K, committed 26112K, reserved 1073152K
  class space    used 2523K, capacity 2741K, committed 2816K, reserved 1048576K
}
10622.912: Total time for which application threads were stopped: 0.0032909 seconds, Stopping threads took: 0.0000203 seconds
11714.217: Application time: 1091.3048198 seconds
{Heap before GC invocations=13 (full 1):
 PSYoungGen      total 241152K, used 240791K [0x000000066bd00000, 0x000000067c800000, 0x00000007c0000000)
  eden space 222208K, 100% used [0x000000066bd00000,0x0000000679600000,0x0000000679600000)
  from space 18944K, 98% used [0x0000000679b00000,0x000000067ad25e48,0x000000067ad80000)
  to   space 25600K, 0% used [0x000000067af00000,0x000000067af00000,0x000000067c800000)
 ParOldGen       total 285696K, used 23995K [0x00000003c3600000, 0x00000003d4d00000, 0x000000066bd00000)
  object space 285696K, 8% used [0x00000003c3600000,0x00000003c4d6ed60,0x00000003d4d00000)
 Metaspace       used 25216K, capacity 25826K, committed 26112K, reserved 1073152K
  class space    used 2523K, capacity 2741K, committed 2816K, reserved 1048576K
TLAB: gc thread: 0x00007fc910116000 [id: 746] desired_size: 62KB slow allocs: 0  refill waste: 1000B alloc: 0.01410     3133KB refills: 27 waste  1.8% gc: 28576B slow: 1720B fast: 64B
TLAB: gc thread: 0x00007fc9bc820000 [id: 524] desired_size: 31KB slow allocs: 0  refill waste: 496B alloc: 0.00709     1575KB refills: 2 waste 32.6% gc: 21000B slow: 40B fast: 0B
TLAB: gc thread: 0x00007fc918002000 [id: 513] desired_size: 2125KB slow allocs: 0  refill waste: 34008B alloc: 0.47829   106281KB refills: 44 waste  0.2% gc: 141472B slow: 4128B fast: 0B
TLAB: gc thread: 0x00007fc9bc7a5800 [id: 512] desired_size: 2214KB slow allocs: 0  refill waste: 35432B alloc: 0.49835   110737KB refills: 58 waste  0.0% gc: 0B slow: 5672B fast: 0B
TLAB: gc thread: 0x00007fc9bc1a7000 [id: 508] desired_size: 30KB slow allocs: 0  refill waste: 488B alloc: 0.00688     1529KB refills: 2 waste 44.6% gc: 27888B slow: 16B fast: 0B
TLAB totals: thrds: 5  refills: 133 max: 58 slow allocs: 0 max 0 waste:  0.1% gc: 218936B max: 141472B slow: 11576B max: 5672B fast: 64B max: 64B
11714.217: [GC (Allocation Failure) GCTaskManager::set_active_gang(): all_workers_active()  1  workers 8  active  8  ParallelGCThreads 8 
JT: 3  workers 8  active  8  idle 0  more 0
11714.218: [SoftReference, 0 refs, 0.0000683 secs]11714.218: [WeakReference, 54 refs, 0.0000228 secs]11714.219: [FinalReference, 243 refs, 0.0000885 secs]11714.219: [PhantomReference, 5 refs, 10 refs, 0.0000059 secs]11714.219: [JNI Weak Reference, 0.0000069 secs]AdaptiveSizePolicy::update_averages:  survived: 19013176  promoted: 0  overflow: false
AdaptiveSizeStart: 11714.219 collection: 13 
  avg_survived_padded_avg: 25371584.000000  avg_promoted_padded_avg: 74180.625000  avg_pretenured_padded_avg: 0.000000  tenuring_thresh: 15  target_size: 25690112

Desired survivor size 25690112 bytes, new threshold 15 (max 15)
PSAdaptiveSizePolicy::compute_eden_space_size: costs minor_time: 0.000039 major_cost: 0.001668 mutator_cost: 0.998293 throughput_goal: 0.990000 live_space: 311538528 free_space: 495452160 old_eden_size: 227540992 desired_eden_size: 222822400
AdaptiveSizePolicy::survivor space sizes: collection: 13 (20447232, 19398656) -> (20447232, 25690112) 
AdaptiveSizeStop: collection: 13 
[PSYoungGen: 240791K->18567K(237568K)] 264786K->42562K(523264K), 0.0028217 secs] [Times: user=0.00 sys=0.00, real=0.00 secs] 
Heap after GC invocations=13 (full 1):
 PSYoungGen      total 237568K, used 18567K [0x000000066bd00000, 0x000000067c280000, 0x00000007c0000000)
  eden space 217600K, 0% used [0x000000066bd00000,0x000000066bd00000,0x0000000679180000)
  from space 19968K, 92% used [0x000000067af00000,0x000000067c121e38,0x000000067c280000)
  to   space 25088K, 0% used [0x0000000679180000,0x0000000679180000,0x000000067aa00000)
 ParOldGen       total 285696K, used 23995K [0x00000003c3600000, 0x00000003d4d00000, 0x000000066bd00000)
  object space 285696K, 8% used [0x00000003c3600000,0x00000003c4d6ed60,0x00000003d4d00000)
 Metaspace       used 25216K, capacity 25826K, committed 26112K, reserved 1073152K
  class space    used 2523K, capacity 2741K, committed 2816K, reserved 1048576K
}
11714.220: Total time for which application threads were stopped: 0.0032433 seconds, Stopping threads took: 0.0000242 seconds
12179.248: Application time: 465.0279417 seconds
12179.248: Total time for which application threads were stopped: 0.0001236 seconds, Stopping threads took: 0.0000543 seconds
12775.243: Application time: 595.9953615 seconds
{Heap before GC invocations=14 (full 1):
 PSYoungGen      total 237568K, used 236167K [0x000000066bd00000, 0x000000067c280000, 0x00000007c0000000)
  eden space 217600K, 100% used [0x000000066bd00000,0x0000000679180000,0x0000000679180000)
  from space 19968K, 92% used [0x000000067af00000,0x000000067c121e38,0x000000067c280000)
  to   space 25088K, 0% used [0x0000000679180000,0x0000000679180000,0x000000067aa00000)
 ParOldGen       total 285696K, used 23995K [0x00000003c3600000, 0x00000003d4d00000, 0x000000066bd00000)
  object space 285696K, 8% used [0x00000003c3600000,0x00000003c4d6ed60,0x00000003d4d00000)
 Metaspace       used 25216K, capacity 25826K, committed 26112K, reserved 1073152K
  class space    used 2523K, capacity 2741K, committed 2816K, reserved 1048576K
TLAB: gc thread: 0x00007fc910116000 [id: 746] desired_size: 51KB slow allocs: 0  refill waste: 824B alloc: 0.01185     2577KB refills: 32 waste  2.3% gc: 36232B slow: 1768B fast: 64B
TLAB: gc thread: 0x00007fc9bc820000 [id: 524] desired_size: 20KB slow allocs: 0  refill waste: 328B alloc: 0.00472     1028KB refills: 3 waste 33.2% gc: 20888B slow: 96B fast: 0B
TLAB: gc thread: 0x00007fc918002000 [id: 513] desired_size: 1984KB slow allocs: 0  refill waste: 31744B alloc: 0.45596    99218KB refills: 48 waste  1.5% gc: 1462952B slow: 4568B fast: 0B
TLAB: gc thread: 0x00007fc9bc7a5800 [id: 512] desired_size: 2290KB slow allocs: 0  refill waste: 36640B alloc: 0.52626   114514KB refills: 53 waste  0.0% gc: 0B slow: 5264B fast: 0B
TLAB: gc thread: 0x00007fc9bc1a7000 [id: 508] desired_size: 19KB slow allocs: 0  refill waste: 312B alloc: 0.00458      996KB refills: 2 waste 17.2% gc: 6976B slow: 32B fast: 0B
TLAB totals: thrds: 5  refills: 138 max: 53 slow allocs: 0 max 0 waste:  0.7% gc: 1527048B max: 1462952B slow: 11728B max: 5264B fast: 64B max: 64B
12775.243: [GC (Allocation Failure) GCTaskManager::set_active_gang(): all_workers_active()  1  workers 8  active  8  ParallelGCThreads 8 
JT: 3  workers 8  active  8  idle 0  more 0
12775.246: [SoftReference, 0 refs, 0.0000262 secs]12775.246: [WeakReference, 54 refs, 0.0000106 secs]12775.246: [FinalReference, 237 refs, 0.0000888 secs]12775.246: [PhantomReference, 5 refs, 10 refs, 0.0000058 secs]12775.246: [JNI Weak Reference, 0.0000071 secs]AdaptiveSizePolicy::update_averages:  survived: 19094568  promoted: 8192  overflow: false
AdaptiveSizeStart: 12775.246 collection: 14 
  avg_survived_padded_avg: 25019782.000000  avg_promoted_padded_avg: 68650.203125  avg_pretenured_padded_avg: 0.000000  tenuring_thresh: 15  target_size: 25165824

Desired survivor size 25165824 bytes, new threshold 15 (max 15)
PSAdaptiveSizePolicy::compute_eden_space_size: costs minor_time: 0.000030 major_cost: 0.001668 mutator_cost: 0.998302 throughput_goal: 0.990000 live_space: 311589888 free_space: 490733568 old_eden_size: 222822400 desired_eden_size: 218103808
AdaptiveSizePolicy::survivor space sizes: collection: 14 (25690112, 14680064) -> (19398656, 25165824) 
AdaptiveSizeStop: collection: 14 
[PSYoungGen: 236167K->18647K(231936K)] 260162K->42650K(517632K), 0.0033689 secs] [Times: user=0.00 sys=0.00, real=0.01 secs] 
Heap after GC invocations=14 (full 1):
 PSYoungGen      total 231936K, used 18647K [0x000000066bd00000, 0x000000067bd00000, 0x00000007c0000000)
  eden space 212992K, 0% used [0x000000066bd00000,0x000000066bd00000,0x0000000678d00000)
  from space 18944K, 98% used [0x0000000679180000,0x000000067a3b5c28,0x000000067a400000)
  to   space 24576K, 0% used [0x000000067a500000,0x000000067a500000,0x000000067bd00000)
 ParOldGen       total 285696K, used 24003K [0x00000003c3600000, 0x00000003d4d00000, 0x000000066bd00000)
  object space 285696K, 8% used [0x00000003c3600000,0x00000003c4d70d60,0x00000003d4d00000)
 Metaspace       used 25216K, capacity 25826K, committed 26112K, reserved 1073152K
  class space    used 2523K, capacity 2741K, committed 2816K, reserved 1048576K
}
12775.247: Total time for which application threads were stopped: 0.0038464 seconds, Stopping threads took: 0.0000213 seconds
13533.595: Application time: 758.3484289 seconds
13533.596: Total time for which application threads were stopped: 0.0000836 seconds, Stopping threads took: 0.0000276 seconds
13543.604: Application time: 10.0088099 seconds
13543.604: Total time for which application threads were stopped: 0.0000699 seconds, Stopping threads took: 0.0000237 seconds
13583.787: Application time: 40.1826019 seconds
13583.787: Total time for which application threads were stopped: 0.0000882 seconds, Stopping threads took: 0.0000302 seconds
13826.065: Application time: 242.2775370 seconds
{Heap before GC invocations=15 (full 1):
 PSYoungGen      total 231936K, used 231639K [0x000000066bd00000, 0x000000067bd00000, 0x00000007c0000000)
  eden space 212992K, 100% used [0x000000066bd00000,0x0000000678d00000,0x0000000678d00000)
  from space 18944K, 98% used [0x0000000679180000,0x000000067a3b5c28,0x000000067a400000)
  to   space 24576K, 0% used [0x000000067a500000,0x000000067a500000,0x000000067bd00000)
 ParOldGen       total 285696K, used 24003K [0x00000003c3600000, 0x00000003d4d00000, 0x000000066bd00000)
  object space 285696K, 8% used [0x00000003c3600000,0x00000003c4d70d60,0x00000003d4d00000)
 Metaspace       used 25216K, capacity 25826K, committed 26112K, reserved 1073152K
  class space    used 2523K, capacity 2741K, committed 2816K, reserved 1048576K
TLAB: gc thread: 0x00007fc910116000 [id: 746] desired_size: 43KB slow allocs: 0  refill waste: 696B alloc: 0.01033     2200KB refills: 37 waste  1.7% gc: 25928B slow: 2144B fast: 184B
TLAB: gc thread: 0x00007fc9bc820000 [id: 524] desired_size: 13KB slow allocs: 0  refill waste: 208B alloc: 0.00315      672KB refills: 4 waste 24.2% gc: 13192B slow: 96B fast: 0B
TLAB: gc thread: 0x00007fc918002000 [id: 513] desired_size: 1904KB slow allocs: 0  refill waste: 30464B alloc: 0.44700    95208KB refills: 60 waste  0.0% gc: 0B slow: 6096B fast: 32B
TLAB: gc thread: 0x00007fc9bc7a5800 [id: 512] desired_size: 2283KB slow allocs: 0  refill waste: 36528B alloc: 0.53602   114169KB refills: 43 waste  0.3% gc: 275936B slow: 3936B fast: 0B
TLAB: gc thread: 0x00007fc9bc1a7000 [id: 508] desired_size: 12KB slow allocs: 0  refill waste: 200B alloc: 0.00301      641KB refills: 3 waste 15.3% gc: 5928B slow: 80B fast: 0B
TLAB totals: thrds: 5  refills: 147 max: 60 slow allocs: 0 max 0 waste:  0.2% gc: 320984B max: 275936B slow: 12352B max: 6096B fast: 216B max: 184B
13826.065: [GC (Allocation Failure) GCTaskManager::set_active_gang(): all_workers_active()  1  workers 8  active  8  ParallelGCThreads 8 
JT: 3  workers 8  active  8  idle 0  more 0
13826.066: [SoftReference, 0 refs, 0.0000656 secs]13826.067: [WeakReference, 54 refs, 0.0000092 secs]13826.067: [FinalReference, 235 refs, 0.0000876 secs]13826.067: [PhantomReference, 5 refs, 10 refs, 0.0000056 secs]13826.067: [JNI Weak Reference, 0.0000076 secs]AdaptiveSizePolicy::update_averages:  survived: 19062344  promoted: 0  overflow: false
AdaptiveSizeStart: 13826.067 collection: 15 
  avg_survived_padded_avg: 24681046.000000  avg_promoted_padded_avg: 67474.859375  avg_pretenured_padded_avg: 0.000000  tenuring_thresh: 15  target_size: 25165824

Desired survivor size 25165824 bytes, new threshold 15 (max 15)
PSAdaptiveSizePolicy::compute_eden_space_size: costs minor_time: 0.000023 major_cost: 0.001668 mutator_cost: 0.998309 throughput_goal: 0.990000 live_space: 311632896 free_space: 486014976 old_eden_size: 218103808 desired_eden_size: 213385216
AdaptiveSizePolicy::survivor space sizes: collection: 15 (20447232, 19398656) -> (20447232, 25165824) 
AdaptiveSizeStop: collection: 15 
[PSYoungGen: 231639K->18615K(228352K)] 255642K->42618K(514048K), 0.0027170 secs] [Times: user=0.00 sys=0.00, real=0.01 secs] 
Heap after GC invocations=15 (full 1):
 PSYoungGen      total 228352K, used 18615K [0x000000066bd00000, 0x000000067b880000, 0x00000007c0000000)
  eden space 208384K, 0% used [0x000000066bd00000,0x000000066bd00000,0x0000000678880000)
  from space 19968K, 93% used [0x000000067a500000,0x000000067b72de48,0x000000067b880000)
  to   space 24576K, 0% used [0x0000000678880000,0x0000000678880000,0x000000067a080000)
 ParOldGen       total 285696K, used 24003K [0x00000003c3600000, 0x00000003d4d00000, 0x000000066bd00000)
  object space 285696K, 8% used [0x00000003c3600000,0x00000003c4d70d60,0x00000003d4d00000)
 Metaspace       used 25216K, capacity 25826K, committed 26112K, reserved 1073152K
  class space    used 2523K, capacity 2741K, committed 2816K, reserved 1048576K
}
13826.068: Total time for which application threads were stopped: 0.0031085 seconds, Stopping threads took: 0.0000207 seconds
14139.443: Application time: 313.3748848 seconds
14139.443: Total time for which application threads were stopped: 0.0001721 seconds, Stopping threads took: 0.0000579 seconds
14149.453: Application time: 10.0103703 seconds
14149.453: Total time for which application threads were stopped: 0.0001113 seconds, Stopping threads took: 0.0000587 seconds
14159.502: Application time: 10.0489496 seconds
14159.502: Total time for which application threads were stopped: 0.0001364 seconds, Stopping threads took: 0.0000663 seconds
14180.581: Application time: 21.0788496 seconds
14180.582: Total time for which application threads were stopped: 0.0003019 seconds, Stopping threads took: 0.0001224 seconds
14190.634: Application time: 10.0522749 seconds
14190.634: Total time for which application threads were stopped: 0.0001127 seconds, Stopping threads took: 0.0000401 seconds
14735.836: Application time: 545.2023276 seconds
14735.836: Total time for which application threads were stopped: 0.0000934 seconds, Stopping threads took: 0.0000433 seconds
14745.843: Application time: 10.0070588 seconds
14745.844: Total time for which application threads were stopped: 0.0000772 seconds, Stopping threads took: 0.0000243 seconds
14796.113: Application time: 50.2698242 seconds
14796.113: Total time for which application threads were stopped: 0.0000699 seconds, Stopping threads took: 0.0000217 seconds
14836.528: Application time: 40.4147189 seconds
{Heap before GC invocations=16 (full 1):
 PSYoungGen      total 228352K, used 226999K [0x000000066bd00000, 0x000000067b880000, 0x00000007c0000000)
  eden space 208384K, 100% used [0x000000066bd00000,0x0000000678880000,0x0000000678880000)
  from space 19968K, 93% used [0x000000067a500000,0x000000067b72de48,0x000000067b880000)
  to   space 24576K, 0% used [0x0000000678880000,0x0000000678880000,0x000000067a080000)
 ParOldGen       total 285696K, used 24003K [0x00000003c3600000, 0x00000003d4d00000, 0x000000066bd00000)
  object space 285696K, 8% used [0x00000003c3600000,0x00000003c4d70d60,0x00000003d4d00000)
 Metaspace       used 25216K, capacity 25826K, committed 26112K, reserved 1073152K
  class space    used 2523K, capacity 2741K, committed 2816K, reserved 1048576K
TLAB: gc thread: 0x00007fc910116000 [id: 746] desired_size: 38KB slow allocs: 0  refill waste: 616B alloc: 0.00934     1947KB refills: 40 waste  1.2% gc: 16232B slow: 2408B fast: 400B
TLAB: gc thread: 0x00007fc9bc820000 [id: 524] desired_size: 8KB slow allocs: 0  refill waste: 136B alloc: 0.00212      441KB refills: 5 waste 11.2% gc: 4952B slow: 128B fast: 0B
TLAB: gc thread: 0x00007fc918002000 [id: 513] desired_size: 1989KB slow allocs: 0  refill waste: 31824B alloc: 0.47727    99455KB refills: 61 waste  1.6% gc: 1971872B slow: 6168B fast: 0B
TLAB: gc thread: 0x00007fc9bc7a5800 [id: 512] desired_size: 2108KB slow allocs: 0  refill waste: 33736B alloc: 0.50601   105445KB refills: 41 waste  0.0% gc: 0B slow: 3168B fast: 0B
TLAB: gc thread: 0x00007fc9bc1a7000 [id: 508] desired_size: 8KB slow allocs: 0  refill waste: 128B alloc: 0.00202      421KB refills: 4 waste  7.1% gc: 2384B slow: 48B fast: 0B
TLAB totals: thrds: 5  refills: 151 max: 61 slow allocs: 0 max 0 waste:  0.9% gc: 1995440B max: 1971872B slow: 11920B max: 6168B fast: 400B max: 400B
14836.528: [GC (Allocation Failure) GCTaskManager::set_active_gang(): all_workers_active()  1  workers 8  active  8  ParallelGCThreads 8 
JT: 3  workers 8  active  8  idle 0  more 0
14836.530: [SoftReference, 0 refs, 0.0000266 secs]14836.530: [WeakReference, 54 refs, 0.0000086 secs]14836.530: [FinalReference, 227 refs, 0.0000853 secs]14836.530: [PhantomReference, 5 refs, 10 refs, 0.0000055 secs]14836.530: [JNI Weak Reference, 0.0000073 secs]AdaptiveSizePolicy::update_averages:  survived: 19013176  promoted: 0  overflow: false
AdaptiveSizeStart: 14836.531 collection: 16 
  avg_survived_padded_avg: 24358842.000000  avg_promoted_padded_avg: 66417.046875  avg_pretenured_padded_avg: 0.000000  tenuring_thresh: 15  target_size: 24641536

Desired survivor size 24641536 bytes, new threshold 15 (max 15)
PSAdaptiveSizePolicy::compute_eden_space_size: costs minor_time: 0.000018 major_cost: 0.001668 mutator_cost: 0.998314 throughput_goal: 0.990000 live_space: 311666656 free_space: 481296384 old_eden_size: 213385216 desired_eden_size: 208666624
AdaptiveSizePolicy::survivor space sizes: collection: 16 (25165824, 14680064) -> (19398656, 24641536) 
AdaptiveSizeStop: collection: 16 
[PSYoungGen: 226999K->18567K(222720K)] 251002K->42570K(508416K), 0.0029765 secs] [Times: user=0.00 sys=0.00, real=0.00 secs] 
Heap after GC invocations=16 (full 1):
 PSYoungGen      total 222720K, used 18567K [0x000000066bd00000, 0x000000067b300000, 0x00000007c0000000)
  eden space 203776K, 0% used [0x000000066bd00000,0x000000066bd00000,0x0000000678400000)
  from space 18944K, 98% used [0x0000000678880000,0x0000000679aa1e38,0x0000000679b00000)
  to   space 24064K, 0% used [0x0000000679b80000,0x0000000679b80000,0x000000067b300000)
 ParOldGen       total 285696K, used 24003K [0x00000003c3600000, 0x00000003d4d00000, 0x000000066bd00000)
  object space 285696K, 8% used [0x00000003c3600000,0x00000003c4d70d60,0x00000003d4d00000)
 Metaspace       used 25216K, capacity 25826K, committed 26112K, reserved 1073152K
  class space    used 2523K, capacity 2741K, committed 2816K, reserved 1048576K
}
14836.532: Total time for which application threads were stopped: 0.0035718 seconds, Stopping threads took: 0.0000206 seconds
14883.728: Application time: 47.1959949 seconds
14883.728: Total time for which application threads were stopped: 0.0000954 seconds, Stopping threads took: 0.0000372 seconds
15635.655: Application time: 751.9273280 seconds
15635.655: Total time for which application threads were stopped: 0.0000772 seconds, Stopping threads took: 0.0000282 seconds
15828.900: Application time: 193.2445232 seconds
{Heap before GC invocations=17 (full 1):
 PSYoungGen      total 222720K, used 222343K [0x000000066bd00000, 0x000000067b300000, 0x00000007c0000000)
  eden space 203776K, 100% used [0x000000066bd00000,0x0000000678400000,0x0000000678400000)
  from space 18944K, 98% used [0x0000000678880000,0x0000000679aa1e38,0x0000000679b00000)
  to   space 24064K, 0% used [0x0000000679b80000,0x0000000679b80000,0x000000067b300000)
 ParOldGen       total 285696K, used 24003K [0x00000003c3600000, 0x00000003d4d00000, 0x000000066bd00000)
  object space 285696K, 8% used [0x00000003c3600000,0x00000003c4d70d60,0x00000003d4d00000)
 Metaspace       used 25220K, capacity 25826K, committed 26112K, reserved 1073152K
  class space    used 2523K, capacity 2741K, committed 2816K, reserved 1048576K
TLAB: gc thread: 0x00007fc910116000 [id: 746] desired_size: 35KB slow allocs: 0  refill waste: 560B alloc: 0.00866     1764KB refills: 43 waste  0.2% gc: 0B slow: 3520B fast: 144B
TLAB: gc thread: 0x00007fc9bc820000 [id: 524] desired_size: 5KB slow allocs: 0  refill waste: 88B alloc: 0.00144      293KB refills: 7 waste  6.4% gc: 2472B slow: 192B fast: 0B
TLAB: gc thread: 0x00007fc918002000 [id: 513] desired_size: 2081KB slow allocs: 0  refill waste: 33296B alloc: 0.51068   104065KB refills: 39 waste  0.3% gc: 249360B slow: 3872B fast: 0B
TLAB: gc thread: 0x00007fc9bc7a5800 [id: 512] desired_size: 1938KB slow allocs: 0  refill waste: 31016B alloc: 0.47572    96941KB refills: 63 waste  1.3% gc: 1595248B slow: 4608B fast: 0B
TLAB: gc thread: 0x00007fc9bc1a7000 [id: 508] desired_size: 5KB slow allocs: 0  refill waste: 88B alloc: 0.00137      279KB refills: 6 waste  8.1% gc: 2568B slow: 200B fast: 0B
TLAB: gc thread: 0x00007fc9bc0cb000 [id: 505] desired_size: 236KB slow allocs: 0  refill waste: 3784B alloc: 0.05803    11825KB refills: 1 waste 100.0% gc: 242096B slow: 0B fast: 0B
TLAB totals: thrds: 6  refills: 159 max: 63 slow allocs: 0 max 0 waste:  1.0% gc: 2091744B max: 1595248B slow: 12392B max: 4608B fast: 144B max: 144B
15828.900: [GC (Allocation Failure) GCTaskManager::set_active_gang(): all_workers_active()  1  workers 8  active  8  ParallelGCThreads 8 
JT: 3  workers 8  active  8  idle 0  more 0
15828.905: [SoftReference, 0 refs, 0.0000239 secs]15828.905: [WeakReference, 54 refs, 0.0000104 secs]15828.905: [FinalReference, 223 refs, 0.0000836 secs]15828.905: [PhantomReference, 5 refs, 10 refs, 0.0000085 secs]15828.905: [JNI Weak Reference, 0.0000081 secs]AdaptiveSizePolicy::update_averages:  survived: 19011544  promoted: 0  overflow: false
AdaptiveSizeStart: 15828.905 collection: 17 
  avg_survived_padded_avg: 24044676.000000  avg_promoted_padded_avg: 65465.015625  avg_pretenured_padded_avg: 0.000000  tenuring_thresh: 15  target_size: 24117248

Desired survivor size 24117248 bytes, new threshold 15 (max 15)
PSAdaptiveSizePolicy::compute_eden_space_size: costs minor_time: 0.000015 major_cost: 0.001668 mutator_cost: 0.998317 throughput_goal: 0.990000 live_space: 311696896 free_space: 476577792 old_eden_size: 208666624 desired_eden_size: 204472320
AdaptiveSizePolicy::survivor space sizes: collection: 17 (19398656, 19398656) -> (19398656, 24117248) 
AdaptiveSizeStop: collection: 17 
[PSYoungGen: 222343K->18565K(218624K)] 246346K->42569K(504320K), 0.0054971 secs] [Times: user=0.00 sys=0.00, real=0.01 secs] 
Heap after GC invocations=17 (full 1):
 PSYoungGen      total 218624K, used 18565K [0x000000066bd00000, 0x000000067ae00000, 0x00000007c0000000)
  eden space 199680K, 0% used [0x000000066bd00000,0x000000066bd00000,0x0000000678000000)
  from space 18944K, 98% used [0x0000000679b80000,0x000000067ada17d8,0x000000067ae00000)
  to   space 23552K, 0% used [0x0000000678000000,0x0000000678000000,0x0000000679700000)
 ParOldGen       total 285696K, used 24003K [0x00000003c3600000, 0x00000003d4d00000, 0x000000066bd00000)
  object space 285696K, 8% used [0x00000003c3600000,0x00000003c4d70d60,0x00000003d4d00000)
 Metaspace       used 25220K, capacity 25826K, committed 26112K, reserved 1073152K
  class space    used 2523K, capacity 2741K, committed 2816K, reserved 1048576K
}
15828.906: Total time for which application threads were stopped: 0.0062677 seconds, Stopping threads took: 0.0000977 seconds
16816.863: Application time: 987.9570204 seconds
{Heap before GC invocations=18 (full 1):
 PSYoungGen      total 218624K, used 218245K [0x000000066bd00000, 0x000000067ae00000, 0x00000007c0000000)
  eden space 199680K, 100% used [0x000000066bd00000,0x0000000678000000,0x0000000678000000)
  from space 18944K, 98% used [0x0000000679b80000,0x000000067ada17d8,0x000000067ae00000)
  to   space 23552K, 0% used [0x0000000678000000,0x0000000678000000,0x0000000679700000)
 ParOldGen       total 285696K, used 24003K [0x00000003c3600000, 0x00000003d4d00000, 0x000000066bd00000)
  object space 285696K, 8% used [0x00000003c3600000,0x00000003c4d70d60,0x00000003d4d00000)
 Metaspace       used 25220K, capacity 25826K, committed 26112K, reserved 1073152K
  class space    used 2523K, capacity 2741K, committed 2816K, reserved 1048576K
TLAB: gc thread: 0x00007fc910116000 [id: 746] desired_size: 33KB slow allocs: 0  refill waste: 528B alloc: 0.00827     1652KB refills: 46 waste  1.3% gc: 16520B slow: 3080B fast: 120B
TLAB: gc thread: 0x00007fc9bc820000 [id: 524] desired_size: 3KB slow allocs: 0  refill waste: 56B alloc: 0.00100      200KB refills: 10 waste  4.7% gc: 1488B slow: 432B fast: 0B
TLAB: gc thread: 0x00007fc918002000 [id: 513] desired_size: 1868KB slow allocs: 0  refill waste: 29896B alloc: 0.46790    93430KB refills: 59 waste  0.0% gc: 0B slow: 5064B fast: 0B
TLAB: gc thread: 0x00007fc9bc7a5800 [id: 512] desired_size: 2059KB slow allocs: 0  refill waste: 32944B alloc: 0.51569   102972KB refills: 43 waste  0.1% gc: 123264B slow: 4056B fast: 0B
TLAB: gc thread: 0x00007fc9bc1a7000 [id: 508] desired_size: 3KB slow allocs: 0  refill waste: 56B alloc: 0.00095      189KB refills: 9 waste 10.5% gc: 3392B slow: 256B fast: 0B
TLAB totals: thrds: 5  refills: 167 max: 59 slow allocs: 0 max 0 waste:  0.1% gc: 144664B max: 123264B slow: 12888B max: 5064B fast: 120B max: 120B
16816.863: [GC (Allocation Failure) GCTaskManager::set_active_gang(): all_workers_active()  1  workers 8  active  8  ParallelGCThreads 8 
JT: 3  workers 8  active  8  idle 0  more 0
16816.880: [SoftReference, 0 refs, 0.0000276 secs]16816.880: [WeakReference, 0 refs, 0.0000052 secs]16816.880: [FinalReference, 196 refs, 0.0000864 secs]16816.880: [PhantomReference, 0 refs, 0 refs, 0.0000051 secs]16816.880: [JNI Weak Reference, 0.0000084 secs]AdaptiveSizePolicy::update_averages:  survived: 1196048  promoted: 15453448  overflow: false
AdaptiveSizeStart: 16816.881 collection: 18 
  avg_survived_padded_avg: 26768506.000000  avg_promoted_padded_avg: 5774381.000000  avg_pretenured_padded_avg: 0.000000  tenuring_thresh: 15  target_size: 27262976

Desired survivor size 27262976 bytes, new threshold 15 (max 15)
PSAdaptiveSizePolicy::compute_eden_space_size: costs minor_time: 0.000016 major_cost: 0.001668 mutator_cost: 0.998316 throughput_goal: 0.990000 live_space: 309942560 free_space: 472383488 old_eden_size: 204472320 desired_eden_size: 200278016
AdaptiveSizePolicy::survivor space sizes: collection: 18 (24117248, 19398656) -> (1572864, 27262976) 
AdaptiveSizeStop: collection: 18 
[PSYoungGen: 218245K->1168K(197120K)] 242249K->40262K(482816K), 0.0176470 secs] [Times: user=0.00 sys=0.11, real=0.02 secs] 
Heap after GC invocations=18 (full 1):
 PSYoungGen      total 197120K, used 1168K [0x000000066bd00000, 0x000000067b000000, 0x00000007c0000000)
  eden space 195584K, 0% used [0x000000066bd00000,0x000000066bd00000,0x0000000677c00000)
  from space 1536K, 76% used [0x0000000678000000,0x0000000678124010,0x0000000678180000)
  to   space 26624K, 0% used [0x0000000679600000,0x0000000679600000,0x000000067b000000)
 ParOldGen       total 285696K, used 39094K [0x00000003c3600000, 0x00000003d4d00000, 0x000000066bd00000)
  object space 285696K, 13% used [0x00000003c3600000,0x00000003c5c2da68,0x00000003d4d00000)
 Metaspace       used 25220K, capacity 25826K, committed 26112K, reserved 1073152K
  class space    used 2523K, capacity 2741K, committed 2816K, reserved 1048576K
}
16816.881: Total time for which application threads were stopped: 0.0180407 seconds, Stopping threads took: 0.0000213 seconds
17353.284: Application time: 536.4025402 seconds
17353.284: Total time for which application threads were stopped: 0.0001099 seconds, Stopping threads took: 0.0000442 seconds
17515.940: Application time: 162.6560219 seconds
17515.940: Total time for which application threads were stopped: 0.0002482 seconds, Stopping threads took: 0.0001044 seconds
17585.240: Application time: 69.3000603 seconds
17585.240: Total time for which application threads were stopped: 0.0001133 seconds, Stopping threads took: 0.0000391 seconds
17776.864: Application time: 191.6238612 seconds
{Heap before GC invocations=19 (full 1):
 PSYoungGen      total 197120K, used 196752K [0x000000066bd00000, 0x000000067b000000, 0x00000007c0000000)
  eden space 195584K, 100% used [0x000000066bd00000,0x0000000677c00000,0x0000000677c00000)
  from space 1536K, 76% used [0x0000000678000000,0x0000000678124010,0x0000000678180000)
  to   space 26624K, 0% used [0x0000000679600000,0x0000000679600000,0x000000067b000000)
 ParOldGen       total 285696K, used 39094K [0x00000003c3600000, 0x00000003d4d00000, 0x000000066bd00000)
  object space 285696K, 13% used [0x00000003c3600000,0x00000003c5c2da68,0x00000003d4d00000)
 Metaspace       used 25220K, capacity 25826K, committed 26112K, reserved 1073152K
  class space    used 2523K, capacity 2741K, committed 2816K, reserved 1048576K
TLAB: gc thread: 0x00007fc910116000 [id: 746] desired_size: 31KB slow allocs: 0  refill waste: 496B alloc: 0.00799     1563KB refills: 46 waste  1.1% gc: 12904B slow: 3360B fast: 160B
TLAB: gc thread: 0x00007fc9bc820000 [id: 524] desired_size: 2KB slow allocs: 0  refill waste: 40B alloc: 0.00072      141KB refills: 14 waste  6.4% gc: 2080B slow: 520B fast: 0B
TLAB: gc thread: 0x00007fc918002000 [id: 513] desired_size: 1948KB slow allocs: 0  refill waste: 31176B alloc: 0.49817    97435KB refills: 45 waste  0.1% gc: 121912B slow: 3944B fast: 0B
TLAB: gc thread: 0x00007fc9bc7a5800 [id: 512] desired_size: 1906KB slow allocs: 0  refill waste: 30504B alloc: 0.48748    95343KB refills: 56 waste  0.0% gc: 0B slow: 4728B fast: 0B
TLAB: gc thread: 0x00007fc9bc1a7000 [id: 508] desired_size: 2KB slow allocs: 0  refill waste: 40B alloc: 0.00067      132KB refills: 12 waste  6.7% gc: 1736B slow: 440B fast: 0B
TLAB totals: thrds: 5  refills: 173 max: 56 slow allocs: 0 max 0 waste:  0.1% gc: 138632B max: 121912B slow: 12992B max: 4728B fast: 160B max: 160B
17776.864: [GC (Allocation Failure) GCTaskManager::set_active_gang(): all_workers_active()  1  workers 8  active  8  ParallelGCThreads 8 
JT: 3  workers 8  active  8  idle 0  more 0
17776.866: [SoftReference, 0 refs, 0.0000156 secs]17776.866: [WeakReference, 0 refs, 0.0000045 secs]17776.866: [FinalReference, 191 refs, 0.0000725 secs]17776.867: [PhantomReference, 0 refs, 0 refs, 0.0000046 secs]17776.867: [JNI Weak Reference, 0.0000065 secs]AdaptiveSizePolicy::update_averages:  survived: 393216  promoted: 868384  overflow: false
AdaptiveSizeStart: 17776.867 collection: 19 
  avg_survived_padded_avg: 28855566.000000  avg_promoted_padded_avg: 5468643.000000  avg_pretenured_padded_avg: 0.000000  tenuring_thresh: 15  target_size: 29360128

Desired survivor size 29360128 bytes, new threshold 15 (max 15)
PSAdaptiveSizePolicy::compute_eden_space_size: costs minor_time: 0.000012 major_cost: 0.001668 mutator_cost: 0.998320 throughput_goal: 0.990000 live_space: 308283392 free_space: 468189184 old_eden_size: 200278016 desired_eden_size: 196083712
AdaptiveSizePolicy::survivor space sizes: collection: 19 (27262976, 1572864) -> (27262976, 29360128) 
AdaptiveSizeStop: collection: 19 
[PSYoungGen: 196752K->384K(218112K)] 235846K->40326K(503808K), 0.0027949 secs] [Times: user=0.00 sys=0.00, real=0.01 secs] 
Heap after GC invocations=19 (full 1):
 PSYoungGen      total 218112K, used 384K [0x000000066bd00000, 0x000000067b000000, 0x00000007c0000000)
  eden space 191488K, 0% used [0x000000066bd00000,0x000000066bd00000,0x0000000677800000)
  from space 26624K, 1% used [0x0000000679600000,0x0000000679660000,0x000000067b000000)
  to   space 28672K, 0% used [0x0000000677800000,0x0000000677800000,0x0000000679400000)
 ParOldGen       total 285696K, used 39942K [0x00000003c3600000, 0x00000003d4d00000, 0x000000066bd00000)
  object space 285696K, 13% used [0x00000003c3600000,0x00000003c5d01a88,0x00000003d4d00000)
 Metaspace       used 25220K, capacity 25826K, committed 26112K, reserved 1073152K
  class space    used 2523K, capacity 2741K, committed 2816K, reserved 1048576K
}
17776.867: Total time for which application threads were stopped: 0.0034194 seconds, Stopping threads took: 0.0000207 seconds
18706.559: Application time: 929.6912113 seconds
{Heap before GC invocations=20 (full 1):
 PSYoungGen      total 218112K, used 191872K [0x000000066bd00000, 0x000000067b000000, 0x00000007c0000000)
  eden space 191488K, 100% used [0x000000066bd00000,0x0000000677800000,0x0000000677800000)
  from space 26624K, 1% used [0x0000000679600000,0x0000000679660000,0x000000067b000000)
  to   space 28672K, 0% used [0x0000000677800000,0x0000000677800000,0x0000000679400000)
 ParOldGen       total 285696K, used 39942K [0x00000003c3600000, 0x00000003d4d00000, 0x000000066bd00000)
  object space 285696K, 13% used [0x00000003c3600000,0x00000003c5d01a88,0x00000003d4d00000)
 Metaspace       used 25220K, capacity 25826K, committed 26112K, reserved 1073152K
  class space    used 2523K, capacity 2741K, committed 2816K, reserved 1048576K
TLAB: gc thread: 0x00007fc910116000 [id: 746] desired_size: 29KB slow allocs: 0  refill waste: 472B alloc: 0.00774     1483KB refills: 45 waste  0.3% gc: 1304B slow: 2392B fast: 0B
TLAB: gc thread: 0x00007fc9bc820000 [id: 524] desired_size: 2KB slow allocs: 0  refill waste: 32B alloc: 0.00054      103KB refills: 18 waste  4.1% gc: 1144B slow: 408B fast: 0B
TLAB: gc thread: 0x00007fc918002000 [id: 513] desired_size: 1827KB slow allocs: 0  refill waste: 29240B alloc: 0.47725    91389KB refills: 50 waste  0.9% gc: 866800B slow: 4256B fast: 0B
TLAB: gc thread: 0x00007fc9bc7a5800 [id: 512] desired_size: 1950KB slow allocs: 0  refill waste: 31208B alloc: 0.50936    97535KB refills: 51 waste  0.0% gc: 0B slow: 5288B fast: 0B
TLAB: gc thread: 0x00007fc9bc1a7000 [id: 508] desired_size: 2KB slow allocs: 0  refill waste: 32B alloc: 0.00049       94KB refills: 15 waste  5.8% gc: 1584B slow: 224B fast: 0B
TLAB totals: thrds: 5  refills: 179 max: 51 slow allocs: 0 max 0 waste:  0.4% gc: 870832B max: 866800B slow: 12568B max: 5288B fast: 0B max: 0B
18706.559: [GC (Allocation Failure) GCTaskManager::set_active_gang(): all_workers_active()  1  workers 8  active  8  ParallelGCThreads 8 
JT: 3  workers 8  active  8  idle 0  more 0
18706.560: [SoftReference, 0 refs, 0.0000147 secs]18706.560: [WeakReference, 0 refs, 0.0000048 secs]18706.560: [FinalReference, 185 refs, 0.0000704 secs]18706.560: [PhantomReference, 0 refs, 0 refs, 0.0000046 secs]18706.560: [JNI Weak Reference, 0.0000071 secs]AdaptiveSizePolicy::update_averages:  survived: 360448  promoted: 40960  overflow: false
AdaptiveSizeStart: 18706.560 collection: 20 
  avg_survived_padded_avg: 30267032.000000  avg_promoted_padded_avg: 5315654.000000  avg_pretenured_padded_avg: 0.000000  tenuring_thresh: 15  target_size: 30408704

Desired survivor size 30408704 bytes, new threshold 15 (max 15)
PSAdaptiveSizePolicy::compute_eden_space_size: costs minor_time: 0.000010 major_cost: 0.001668 mutator_cost: 0.998322 throughput_goal: 0.990000 live_space: 306786848 free_space: 463994880 old_eden_size: 196083712 desired_eden_size: 192413696
AdaptiveSizePolicy::survivor space sizes: collection: 20 (29360128, 25690112) -> (524288, 30408704) 
AdaptiveSizeStop: collection: 20 
[PSYoungGen: 191872K->352K(188416K)] 231814K->40334K(474112K), 0.0016114 secs] [Times: user=0.00 sys=0.00, real=0.00 secs] 
Heap after GC invocations=20 (full 1):
 PSYoungGen      total 188416K, used 352K [0x000000066bd00000, 0x000000067ae80000, 0x00000007c0000000)
  eden space 187904K, 0% used [0x000000066bd00000,0x000000066bd00000,0x0000000677480000)
  from space 512K, 68% used [0x0000000677800000,0x0000000677858000,0x0000000677880000)
  to   space 29696K, 0% used [0x0000000679180000,0x0000000679180000,0x000000067ae80000)
 ParOldGen       total 285696K, used 39982K [0x00000003c3600000, 0x00000003d4d00000, 0x000000066bd00000)
  object space 285696K, 13% used [0x00000003c3600000,0x00000003c5d0ba88,0x00000003d4d00000)
 Metaspace       used 25220K, capacity 25826K, committed 26112K, reserved 1073152K
  class space    used 2523K, capacity 2741K, committed 2816K, reserved 1048576K
}
18706.561: Total time for which application threads were stopped: 0.0020173 seconds, Stopping threads took: 0.0000222 seconds
19627.034: Application time: 920.4728360 seconds
{Heap before GC invocations=21 (full 1):
 PSYoungGen      total 188416K, used 188256K [0x000000066bd00000, 0x000000067ae80000, 0x00000007c0000000)
  eden space 187904K, 100% used [0x000000066bd00000,0x0000000677480000,0x0000000677480000)
  from space 512K, 68% used [0x0000000677800000,0x0000000677858000,0x0000000677880000)
  to   space 29696K, 0% used [0x0000000679180000,0x0000000679180000,0x000000067ae80000)
 ParOldGen       total 285696K, used 39982K [0x00000003c3600000, 0x00000003d4d00000, 0x000000066bd00000)
  object space 285696K, 13% used [0x00000003c3600000,0x00000003c5d0ba88,0x00000003d4d00000)
 Metaspace       used 25220K, capacity 25826K, committed 26112K, reserved 1073152K
  class space    used 2523K, capacity 2741K, committed 2816K, reserved 1048576K
TLAB: gc thread: 0x00007fc910116000 [id: 746] desired_size: 28KB slow allocs: 0  refill waste: 448B alloc: 0.00745     1401KB refills: 47 waste  0.2% gc: 0B slow: 2808B fast: 32B
TLAB: gc thread: 0x00007fc9bc820000 [id: 524] desired_size: 2KB slow allocs: 0  refill waste: 32B alloc: 0.00042       78KB refills: 18 waste  3.2% gc: 784B slow: 408B fast: 0B
TLAB: gc thread: 0x00007fc918002000 [id: 513] desired_size: 1793KB slow allocs: 0  refill waste: 28696B alloc: 0.47726    89679KB refills: 55 waste  0.8% gc: 780376B slow: 4568B fast: 0B
TLAB: gc thread: 0x00007fc9bc7a5800 [id: 512] desired_size: 1927KB slow allocs: 0  refill waste: 30840B alloc: 0.51293    96381KB refills: 46 waste  0.0% gc: 37448B slow: 4296B fast: 8B
TLAB: gc thread: 0x00007fc9bc1a7000 [id: 508] desired_size: 2KB slow allocs: 0  refill waste: 32B alloc: 0.00037       70KB refills: 15 waste  6.8% gc: 1872B slow: 224B fast: 0B
TLAB totals: thrds: 5  refills: 181 max: 55 slow allocs: 0 max 0 waste:  0.4% gc: 820480B max: 780376B slow: 12304B max: 4568B fast: 40B max: 32B
19627.034: [GC (Allocation Failure) GCTaskManager::set_active_gang(): all_workers_active()  1  workers 8  active  8  ParallelGCThreads 8 
JT: 3  workers 8  active  8  idle 0  more 0
19627.036: [SoftReference, 0 refs, 0.0000760 secs]19627.036: [WeakReference, 0 refs, 0.0000275 secs]19627.036: [FinalReference, 183 refs, 0.0002912 secs]19627.037: [PhantomReference, 0 refs, 0 refs, 0.0000234 secs]19627.037: [JNI Weak Reference, 0.0000351 secs]AdaptiveSizePolicy::update_averages:  survived: 458752  promoted: 65536  overflow: false
AdaptiveSizeStart: 19627.039 collection: 21 
  avg_survived_padded_avg: 31094540.000000  avg_promoted_padded_avg: 5134809.000000  avg_pretenured_padded_avg: 0.000000  tenuring_thresh: 15  target_size: 31457280

Desired survivor size 31457280 bytes, new threshold 15 (max 15)
PSAdaptiveSizePolicy::compute_eden_space_size: costs minor_time: 0.000008 major_cost: 0.001668 mutator_cost: 0.998323 throughput_goal: 0.990000 live_space: 305449792 free_space: 460324864 old_eden_size: 192413696 desired_eden_size: 188743680
AdaptiveSizePolicy::survivor space sizes: collection: 21 (28835840, 524288) -> (28835840, 31457280) 
AdaptiveSizeStop: collection: 21 
[PSYoungGen: 188256K->448K(212480K)] 228238K->40494K(498176K), 0.0049913 secs] [Times: user=0.00 sys=0.00, real=0.01 secs] 
Heap after GC invocations=21 (full 1):
 PSYoungGen      total 212480K, used 448K [0x000000066bd00000, 0x000000067ad00000, 0x00000007c0000000)
  eden space 184320K, 0% used [0x000000066bd00000,0x000000066bd00000,0x0000000677100000)
  from space 28160K, 1% used [0x0000000679180000,0x00000006791f0000,0x000000067ad00000)
  to   space 30720K, 0% used [0x0000000677100000,0x0000000677100000,0x0000000678f00000)
 ParOldGen       total 285696K, used 40046K [0x00000003c3600000, 0x00000003d4d00000, 0x000000066bd00000)
  object space 285696K, 14% used [0x00000003c3600000,0x00000003c5d1ba88,0x00000003d4d00000)
 Metaspace       used 25220K, capacity 25826K, committed 26112K, reserved 1073152K
  class space    used 2523K, capacity 2741K, committed 2816K, reserved 1048576K
}
19627.040: Total time for which application threads were stopped: 0.0066909 seconds, Stopping threads took: 0.0000810 seconds
20535.334: Application time: 908.2933027 seconds
{Heap before GC invocations=22 (full 1):
 PSYoungGen      total 212480K, used 184768K [0x000000066bd00000, 0x000000067ad00000, 0x00000007c0000000)
  eden space 184320K, 100% used [0x000000066bd00000,0x0000000677100000,0x0000000677100000)
  from space 28160K, 1% used [0x0000000679180000,0x00000006791f0000,0x000000067ad00000)
  to   space 30720K, 0% used [0x0000000677100000,0x0000000677100000,0x0000000678f00000)
 ParOldGen       total 285696K, used 40046K [0x00000003c3600000, 0x00000003d4d00000, 0x000000066bd00000)
  object space 285696K, 14% used [0x00000003c3600000,0x00000003c5d1ba88,0x00000003d4d00000)
 Metaspace       used 25220K, capacity 25826K, committed 26112K, reserved 1073152K
  class space    used 2523K, capacity 2741K, committed 2816K, reserved 1048576K
TLAB: gc thread: 0x00007fc910116000 [id: 746] desired_size: 27KB slow allocs: 0  refill waste: 432B alloc: 0.00735     1355KB refills: 48 waste  0.3% gc: 736B slow: 2784B fast: 32B
TLAB: gc thread: 0x00007fc9bc820000 [id: 524] desired_size: 2KB slow allocs: 0  refill waste: 32B alloc: 0.00034       62KB refills: 18 waste  4.5% gc: 1264B slow: 408B fast: 0B
TLAB: gc thread: 0x00007fc918002000 [id: 513] desired_size: 1809KB slow allocs: 0  refill waste: 28952B alloc: 0.49095    90492KB refills: 49 waste  0.4% gc: 362696B slow: 4544B fast: 0B
TLAB: gc thread: 0x00007fc9bc7a5800 [id: 512] desired_size: 1824KB slow allocs: 0  refill waste: 29192B alloc: 0.49498    91235KB refills: 52 waste  0.0% gc: 0B slow: 5160B fast: 0B
TLAB: gc thread: 0x00007fc9bc1a7000 [id: 508] desired_size: 2KB slow allocs: 0  refill waste: 32B alloc: 0.00030       55KB refills: 14 waste  1.4% gc: 208B slow: 208B fast: 0B
TLAB totals: thrds: 5  refills: 181 max: 52 slow allocs: 0 max 0 waste:  0.2% gc: 364904B max: 362696B slow: 13104B max: 5160B fast: 32B max: 32B
20535.334: [GC (Allocation Failure) GCTaskManager::set_active_gang(): all_workers_active()  1  workers 8  active  8  ParallelGCThreads 8 
JT: 3  workers 8  active  8  idle 0  more 0
20535.334: [SoftReference, 0 refs, 0.0000152 secs]20535.334: [WeakReference, 0 refs, 0.0000045 secs]20535.334: [FinalReference, 180 refs, 0.0000669 secs]20535.335: [PhantomReference, 0 refs, 0 refs, 0.0000049 secs]20535.335: [JNI Weak Reference, 0.0000064 secs]AdaptiveSizePolicy::update_averages:  survived: 327680  promoted: 32768  overflow: false
AdaptiveSizeStart: 20535.335 collection: 22 
  avg_survived_padded_avg: 31480748.000000  avg_promoted_padded_avg: 4943202.000000  avg_pretenured_padded_avg: 0.000000  tenuring_thresh: 15  target_size: 31981568

Desired survivor size 31981568 bytes, new threshold 15 (max 15)
PSAdaptiveSizePolicy::compute_eden_space_size: costs minor_time: 0.000007 major_cost: 0.001668 mutator_cost: 0.998325 throughput_goal: 0.990000 live_space: 304233344 free_space: 456654848 old_eden_size: 188743680 desired_eden_size: 185073664
AdaptiveSizePolicy::survivor space sizes: collection: 22 (31457280, 26214400) -> (524288, 31981568) 
AdaptiveSizeStop: collection: 22 
[PSYoungGen: 184768K->320K(181248K)] 224814K->40398K(466944K), 0.0015429 secs] [Times: user=0.00 sys=0.00, real=0.01 secs] 
Heap after GC invocations=22 (full 1):
 PSYoungGen      total 181248K, used 320K [0x000000066bd00000, 0x000000067aa80000, 0x00000007c0000000)
  eden space 180736K, 0% used [0x000000066bd00000,0x000000066bd00000,0x0000000676d80000)
  from space 512K, 62% used [0x0000000677100000,0x0000000677150000,0x0000000677180000)
  to   space 31232K, 0% used [0x0000000678c00000,0x0000000678c00000,0x000000067aa80000)
 ParOldGen       total 285696K, used 40078K [0x00000003c3600000, 0x00000003d4d00000, 0x000000066bd00000)
  object space 285696K, 14% used [0x00000003c3600000,0x00000003c5d23a88,0x00000003d4d00000)
 Metaspace       used 25220K, capacity 25826K, committed 26112K, reserved 1073152K
  class space    used 2523K, capacity 2741K, committed 2816K, reserved 1048576K
}
20535.335: Total time for which application threads were stopped: 0.0019189 seconds, Stopping threads took: 0.0000213 seconds
20606.644: Application time: 71.3084144 seconds
20606.644: Total time for which application threads were stopped: 0.0002530 seconds, Stopping threads took: 0.0000868 seconds
21422.614: Application time: 815.9700961 seconds
{Heap before GC invocations=23 (full 1):
 PSYoungGen      total 181248K, used 181056K [0x000000066bd00000, 0x000000067aa80000, 0x00000007c0000000)
  eden space 180736K, 100% used [0x000000066bd00000,0x0000000676d80000,0x0000000676d80000)
  from space 512K, 62% used [0x0000000677100000,0x0000000677150000,0x0000000677180000)
  to   space 31232K, 0% used [0x0000000678c00000,0x0000000678c00000,0x000000067aa80000)
 ParOldGen       total 285696K, used 40078K [0x00000003c3600000, 0x00000003d4d00000, 0x000000066bd00000)
  object space 285696K, 14% used [0x00000003c3600000,0x00000003c5d23a88,0x00000003d4d00000)
 Metaspace       used 25220K, capacity 25826K, committed 26112K, reserved 1073152K
  class space    used 2523K, capacity 2741K, committed 2816K, reserved 1048576K
TLAB: gc thread: 0x00007fc910116000 [id: 746] desired_size: 26KB slow allocs: 0  refill waste: 416B alloc: 0.00720     1302KB refills: 49 waste  0.8% gc: 7008B slow: 3536B fast: 0B
TLAB: gc thread: 0x00007fc9bc820000 [id: 524] desired_size: 2KB slow allocs: 0  refill waste: 32B alloc: 0.00029       52KB refills: 17 waste  1.2% gc: 0B slow: 408B fast: 0B
TLAB: gc thread: 0x00007fc918002000 [id: 513] desired_size: 1756KB slow allocs: 0  refill waste: 28104B alloc: 0.48604    87845KB refills: 53 waste  0.2% gc: 168136B slow: 5024B fast: 0B
TLAB: gc thread: 0x00007fc9bc7a5800 [id: 512] desired_size: 1821KB slow allocs: 0  refill waste: 29144B alloc: 0.50396    91083KB refills: 48 waste  0.9% gc: 838408B slow: 4008B fast: 6920B
TLAB: gc thread: 0x00007fc9bc1a7000 [id: 508] desired_size: 2KB slow allocs: 0  refill waste: 32B alloc: 0.00024       44KB refills: 14 waste  3.7% gc: 848B slow: 208B fast: 0B
TLAB totals: thrds: 5  refills: 181 max: 53 slow allocs: 0 max 0 waste:  0.6% gc: 1014400B max: 838408B slow: 13184B max: 5024B fast: 6920B max: 6920B
21422.614: [GC (Allocation Failure) GCTaskManager::set_active_gang(): all_workers_active()  1  workers 8  active  8  ParallelGCThreads 8 
JT: 3  workers 8  active  8  idle 0  more 0
21422.616: [SoftReference, 0 refs, 0.0000312 secs]21422.616: [WeakReference, 0 refs, 0.0000111 secs]21422.616: [FinalReference, 175 refs, 0.0001269 secs]21422.616: [PhantomReference, 0 refs, 0 refs, 0.0000106 secs]21422.616: [JNI Weak Reference, 0.0000138 secs]AdaptiveSizePolicy::update_averages:  survived: 393216  promoted: 32768  overflow: false
AdaptiveSizeStart: 21422.617 collection: 23 
  avg_survived_padded_avg: 31470902.000000  avg_promoted_padded_avg: 4738896.000000  avg_pretenured_padded_avg: 0.000000  tenuring_thresh: 15  target_size: 31981568

Desired survivor size 31981568 bytes, new threshold 15 (max 15)
PSAdaptiveSizePolicy::compute_eden_space_size: costs minor_time: 0.000006 major_cost: 0.001668 mutator_cost: 0.998326 throughput_goal: 0.990000 live_space: 303145088 free_space: 452984832 old_eden_size: 185073664 desired_eden_size: 181403648
AdaptiveSizePolicy::survivor space sizes: collection: 23 (28311552, 524288) -> (28311552, 31981568) 
AdaptiveSizeStop: collection: 23 
[PSYoungGen: 181056K->384K(204800K)] 221134K->40494K(490496K), 0.0032546 secs] [Times: user=0.00 sys=0.00, real=0.01 secs] 
Heap after GC invocations=23 (full 1):
 PSYoungGen      total 204800K, used 384K [0x000000066bd00000, 0x000000067a700000, 0x00000007c0000000)
  eden space 177152K, 0% used [0x000000066bd00000,0x000000066bd00000,0x0000000676a00000)
  from space 27648K, 1% used [0x0000000678c00000,0x0000000678c60000,0x000000067a700000)
  to   space 31232K, 0% used [0x0000000676a00000,0x0000000676a00000,0x0000000678880000)
 ParOldGen       total 285696K, used 40110K [0x00000003c3600000, 0x00000003d4d00000, 0x000000066bd00000)
  object space 285696K, 14% used [0x00000003c3600000,0x00000003c5d2ba88,0x00000003d4d00000)
 Metaspace       used 25220K, capacity 25826K, committed 26112K, reserved 1073152K
  class space    used 2523K, capacity 2741K, committed 2816K, reserved 1048576K
}
21422.618: Total time for which application threads were stopped: 0.0040063 seconds, Stopping threads took: 0.0000391 seconds
22289.102: Application time: 866.4833274 seconds
{Heap before GC invocations=24 (full 1):
 PSYoungGen      total 204800K, used 177536K [0x000000066bd00000, 0x000000067a700000, 0x00000007c0000000)
  eden space 177152K, 100% used [0x000000066bd00000,0x0000000676a00000,0x0000000676a00000)
  from space 27648K, 1% used [0x0000000678c00000,0x0000000678c60000,0x000000067a700000)
  to   space 31232K, 0% used [0x0000000676a00000,0x0000000676a00000,0x0000000678880000)
 ParOldGen       total 285696K, used 40110K [0x00000003c3600000, 0x00000003d4d00000, 0x000000066bd00000)
  object space 285696K, 14% used [0x00000003c3600000,0x00000003c5d2ba88,0x00000003d4d00000)
 Metaspace       used 25220K, capacity 25826K, committed 26112K, reserved 1073152K
  class space    used 2523K, capacity 2741K, committed 2816K, reserved 1048576K
TLAB: gc thread: 0x00007fc910116000 [id: 746] desired_size: 25KB slow allocs: 0  refill waste: 400B alloc: 0.00716     1268KB refills: 49 waste  0.2% gc: 0B slow: 2480B fast: 16B
TLAB: gc thread: 0x00007fc9bc820000 [id: 524] desired_size: 2KB slow allocs: 0  refill waste: 32B alloc: 0.00025       45KB refills: 17 waste  3.6% gc: 864B slow: 384B fast: 0B
TLAB: gc thread: 0x00007fc918002000 [id: 513] desired_size: 1751KB slow allocs: 0  refill waste: 28024B alloc: 0.49445    87592KB refills: 49 waste  0.2% gc: 191840B slow: 4328B fast: 0B
TLAB: gc thread: 0x00007fc9bc7a5800 [id: 512] desired_size: 1748KB slow allocs: 0  refill waste: 27968B alloc: 0.49337    87401KB refills: 52 waste  0.3% gc: 262952B slow: 4736B fast: 16B
TLAB: gc thread: 0x00007fc9bc1a7000 [id: 508] desired_size: 2KB slow allocs: 0  refill waste: 32B alloc: 0.00021       38KB refills: 14 waste  6.0% gc: 1520B slow: 208B fast: 0B
TLAB totals: thrds: 5  refills: 181 max: 52 slow allocs: 0 max 0 waste:  0.3% gc: 457176B max: 262952B slow: 12136B max: 4736B fast: 32B max: 16B
22289.102: [GC (Allocation Failure) GCTaskManager::set_active_gang(): all_workers_active()  1  workers 8  active  8  ParallelGCThreads 8 
JT: 3  workers 8  active  8  idle 0  more 0
22289.103: [SoftReference, 0 refs, 0.0000195 secs]22289.103: [WeakReference, 0 refs, 0.0000072 secs]22289.103: [FinalReference, 172 refs, 0.0000851 secs]22289.103: [PhantomReference, 0 refs, 0 refs, 0.0000069 secs]22289.103: [JNI Weak Reference, 0.0000089 secs]AdaptiveSizePolicy::update_averages:  survived: 327680  promoted: 8192  overflow: false
AdaptiveSizeStart: 22289.103 collection: 24 
  avg_survived_padded_avg: 31163292.000000  avg_promoted_padded_avg: 4530525.000000  avg_pretenured_padded_avg: 0.000000  tenuring_thresh: 15  target_size: 31457280

Desired survivor size 31457280 bytes, new threshold 15 (max 15)
PSAdaptiveSizePolicy::compute_eden_space_size: costs minor_time: 0.000005 major_cost: 0.001668 mutator_cost: 0.998327 throughput_goal: 0.990000 live_space: 302159104 free_space: 449314816 old_eden_size: 181403648 desired_eden_size: 178257920
AdaptiveSizePolicy::survivor space sizes: collection: 24 (31981568, 24117248) -> (524288, 31457280) 
AdaptiveSizeStop: collection: 24 
[PSYoungGen: 177536K->320K(174592K)] 217646K->40438K(460288K), 0.0020183 secs] [Times: user=0.00 sys=0.00, real=0.00 secs] 
Heap after GC invocations=24 (full 1):
 PSYoungGen      total 174592K, used 320K [0x000000066bd00000, 0x000000067a300000, 0x00000007c0000000)
  eden space 174080K, 0% used [0x000000066bd00000,0x000000066bd00000,0x0000000676700000)
  from space 512K, 62% used [0x0000000676a00000,0x0000000676a50000,0x0000000676a80000)
  to   space 30720K, 0% used [0x0000000678500000,0x0000000678500000,0x000000067a300000)
 ParOldGen       total 285696K, used 40118K [0x00000003c3600000, 0x00000003d4d00000, 0x000000066bd00000)
  object space 285696K, 14% used [0x00000003c3600000,0x00000003c5d2da88,0x00000003d4d00000)
 Metaspace       used 25220K, capacity 25826K, committed 26112K, reserved 1073152K
  class space    used 2523K, capacity 2741K, committed 2816K, reserved 1048576K
}
22289.104: Total time for which application threads were stopped: 0.0025524 seconds, Stopping threads took: 0.0000298 seconds
23142.307: Application time: 853.2031766 seconds
{Heap before GC invocations=25 (full 1):
 PSYoungGen      total 174592K, used 174400K [0x000000066bd00000, 0x000000067a300000, 0x00000007c0000000)
  eden space 174080K, 100% used [0x000000066bd00000,0x0000000676700000,0x0000000676700000)
  from space 512K, 62% used [0x0000000676a00000,0x0000000676a50000,0x0000000676a80000)
  to   space 30720K, 0% used [0x0000000678500000,0x0000000678500000,0x000000067a300000)
 ParOldGen       total 285696K, used 40118K [0x00000003c3600000, 0x00000003d4d00000, 0x000000066bd00000)
  object space 285696K, 14% used [0x00000003c3600000,0x00000003c5d2da88,0x00000003d4d00000)
 Metaspace       used 25223K, capacity 25826K, committed 26112K, reserved 1073152K
  class space    used 2523K, capacity 2741K, committed 2816K, reserved 1048576K
TLAB: gc thread: 0x00007fc910116000 [id: 746] desired_size: 24KB slow allocs: 0  refill waste: 392B alloc: 0.00715     1244KB refills: 50 waste  2.0% gc: 23440B slow: 2032B fast: 32B
TLAB: gc thread: 0x00007fc9bc820000 [id: 524] desired_size: 2KB slow allocs: 0  refill waste: 32B alloc: 0.00023       40KB refills: 17 waste  5.0% gc: 1384B slow: 384B fast: 0B
TLAB: gc thread: 0x00007fc918002000 [id: 513] desired_size: 1700KB slow allocs: 0  refill waste: 27200B alloc: 0.48835    85011KB refills: 47 waste  0.5% gc: 355728B slow: 3592B fast: 26424B
TLAB: gc thread: 0x00007fc9bc7a5800 [id: 512] desired_size: 1736KB slow allocs: 0  refill waste: 27784B alloc: 0.49881    86832KB refills: 54 waste  0.0% gc: 0B slow: 4952B fast: 0B
TLAB: gc thread: 0x00007fc9bc1a7000 [id: 508] desired_size: 2KB slow allocs: 0  refill waste: 32B alloc: 0.00019       34KB refills: 14 waste  7.4% gc: 1936B slow: 208B fast: 0B
TLAB: gc thread: 0x00007fc9bc0cb000 [id: 505] desired_size: 131KB slow allocs: 0  refill waste: 2096B alloc: 0.03772     6566KB refills: 1 waste 99.9% gc: 134368B slow: 0B fast: 0B
TLAB totals: thrds: 6  refills: 183 max: 54 slow allocs: 0 max 0 waste:  0.3% gc: 516856B max: 355728B slow: 11168B max: 4952B fast: 26456B max: 26424B
23142.307: [GC (Allocation Failure) GCTaskManager::set_active_gang(): all_workers_active()  1  workers 8  active  8  ParallelGCThreads 8 
JT: 3  workers 8  active  8  idle 0  more 0
23142.309: [SoftReference, 0 refs, 0.0000146 secs]23142.309: [WeakReference, 0 refs, 0.0000049 secs]23142.309: [FinalReference, 170 refs, 0.0000713 secs]23142.309: [PhantomReference, 0 refs, 0 refs, 0.0000049 secs]23142.309: [JNI Weak Reference, 0.0000065 secs]AdaptiveSizePolicy::update_averages:  survived: 327680  promoted: 40960  overflow: false
AdaptiveSizeStart: 23142.309 collection: 25 
  avg_survived_padded_avg: 30605774.000000  avg_promoted_padded_avg: 4310950.000000  avg_pretenured_padded_avg: 0.000000  tenuring_thresh: 15  target_size: 30932992

Desired survivor size 30932992 bytes, new threshold 15 (max 15)
PSAdaptiveSizePolicy::compute_eden_space_size: costs minor_time: 0.000004 major_cost: 0.001668 mutator_cost: 0.998328 throughput_goal: 0.990000 live_space: 301271712 free_space: 446169088 old_eden_size: 178257920 desired_eden_size: 175112192
AdaptiveSizePolicy::survivor space sizes: collection: 25 (27262976, 524288) -> (27262976, 30932992) 
AdaptiveSizeStop: collection: 25 
[PSYoungGen: 174400K->320K(197632K)] 214518K->40478K(483328K), 0.0019177 secs] [Times: user=0.00 sys=0.00, real=0.00 secs] 
Heap after GC invocations=25 (full 1):
 PSYoungGen      total 197632K, used 320K [0x000000066bd00000, 0x0000000679f00000, 0x00000007c0000000)
  eden space 171008K, 0% used [0x000000066bd00000,0x000000066bd00000,0x0000000676400000)
  from space 26624K, 1% used [0x0000000678500000,0x0000000678550000,0x0000000679f00000)
  to   space 30208K, 0% used [0x0000000676400000,0x0000000676400000,0x0000000678180000)
 ParOldGen       total 285696K, used 40158K [0x00000003c3600000, 0x00000003d4d00000, 0x000000066bd00000)
  object space 285696K, 14% used [0x00000003c3600000,0x00000003c5d37a88,0x00000003d4d00000)
 Metaspace       used 25223K, capacity 25826K, committed 26112K, reserved 1073152K
  class space    used 2523K, capacity 2741K, committed 2816K, reserved 1048576K
}
23142.310: Total time for which application threads were stopped: 0.0023518 seconds, Stopping threads took: 0.0000211 seconds
23153.337: Application time: 11.0271446 seconds
23153.337: Total time for which application threads were stopped: 0.0002046 seconds, Stopping threads took: 0.0000707 seconds
23980.867: Application time: 827.5304382 seconds
{Heap before GC invocations=26 (full 1):
 PSYoungGen      total 197632K, used 171328K [0x000000066bd00000, 0x0000000679f00000, 0x00000007c0000000)
  eden space 171008K, 100% used [0x000000066bd00000,0x0000000676400000,0x0000000676400000)
  from space 26624K, 1% used [0x0000000678500000,0x0000000678550000,0x0000000679f00000)
  to   space 30208K, 0% used [0x0000000676400000,0x0000000676400000,0x0000000678180000)
 ParOldGen       total 285696K, used 40158K [0x00000003c3600000, 0x00000003d4d00000, 0x000000066bd00000)
  object space 285696K, 14% used [0x00000003c3600000,0x00000003c5d37a88,0x00000003d4d00000)
 Metaspace       used 25223K, capacity 25826K, committed 26112K, reserved 1073152K
  class space    used 2523K, capacity 2741K, committed 2816K, reserved 1048576K
TLAB: gc thread: 0x00007fc910116000 [id: 746] desired_size: 24KB slow allocs: 1  refill waste: 384B alloc: 0.00710     1215KB refills: 50 waste  1.7% gc: 17512B slow: 3728B fast: 0B
TLAB: gc thread: 0x00007fc9bc820000 [id: 524] desired_size: 2KB slow allocs: 0  refill waste: 32B alloc: 0.00022       37KB refills: 17 waste  6.6% gc: 1944B slow: 384B fast: 0B
TLAB: gc thread: 0x00007fc918002000 [id: 513] desired_size: 1634KB slow allocs: 0  refill waste: 26144B alloc: 0.47777    81702KB refills: 48 waste  1.2% gc: 968832B slow: 3176B fast: 0B
TLAB: gc thread: 0x00007fc9bc7a5800 [id: 512] desired_size: 1750KB slow allocs: 0  refill waste: 28000B alloc: 0.51180    87522KB refills: 53 waste  0.0% gc: 0B slow: 4648B fast: 0B
TLAB: gc thread: 0x00007fc9bc1a7000 [id: 508] desired_size: 2KB slow allocs: 0  refill waste: 32B alloc: 0.00018       31KB refills: 13 waste  2.0% gc: 336B slow: 192B fast: 0B
TLAB totals: thrds: 5  refills: 181 max: 53 slow allocs: 1 max 1 waste:  0.6% gc: 988624B max: 968832B slow: 12128B max: 4648B fast: 0B max: 0B
23980.868: [GC (Allocation Failure) GCTaskManager::set_active_gang(): all_workers_active()  1  workers 8  active  8  ParallelGCThreads 8 
JT: 3  workers 8  active  8  idle 0  more 0
23980.868: [SoftReference, 0 refs, 0.0000141 secs]23980.868: [WeakReference, 0 refs, 0.0000048 secs]23980.868: [FinalReference, 167 refs, 0.0000640 secs]23980.869: [PhantomReference, 0 refs, 0 refs, 0.0000047 secs]23980.869: [JNI Weak Reference, 0.0000066 secs]AdaptiveSizePolicy::update_averages:  survived: 327680  promoted: 8192  overflow: false
AdaptiveSizeStart: 23980.869 collection: 26 
  avg_survived_padded_avg: 29851400.000000  avg_promoted_padded_avg: 4095965.000000  avg_pretenured_padded_avg: 0.000000  tenuring_thresh: 15  target_size: 29884416

Desired survivor size 29884416 bytes, new threshold 15 (max 15)
PSAdaptiveSizePolicy::compute_eden_space_size: costs minor_time: 0.000003 major_cost: 0.001668 mutator_cost: 0.998328 throughput_goal: 0.990000 live_space: 300473056 free_space: 443023360 old_eden_size: 175112192 desired_eden_size: 171966464
AdaptiveSizePolicy::survivor space sizes: collection: 26 (30932992, 22020096) -> (524288, 29884416) 
AdaptiveSizeStop: collection: 26 
[PSYoungGen: 171328K->320K(168448K)] 211486K->40486K(454144K), 0.0017781 secs] [Times: user=0.00 sys=0.00, real=0.00 secs] 
Heap after GC invocations=26 (full 1):
 PSYoungGen      total 168448K, used 320K [0x000000066bd00000, 0x0000000679a00000, 0x00000007c0000000)
  eden space 167936K, 0% used [0x000000066bd00000,0x000000066bd00000,0x0000000676100000)
  from space 512K, 62% used [0x0000000676400000,0x0000000676450000,0x0000000676480000)
  to   space 29184K, 0% used [0x0000000677d80000,0x0000000677d80000,0x0000000679a00000)
 ParOldGen       total 285696K, used 40166K [0x00000003c3600000, 0x00000003d4d00000, 0x000000066bd00000)
  object space 285696K, 14% used [0x00000003c3600000,0x00000003c5d39a88,0x00000003d4d00000)
 Metaspace       used 25223K, capacity 25826K, committed 26112K, reserved 1073152K
  class space    used 2523K, capacity 2741K, committed 2816K, reserved 1048576K
}
23980.870: Total time for which application threads were stopped: 0.0021574 seconds, Stopping threads took: 0.0000215 seconds
23981.870: Application time: 1.0001794 seconds
23981.870: Total time for which application threads were stopped: 0.0000903 seconds, Stopping threads took: 0.0000301 seconds
24668.671: Application time: 686.8007275 seconds
24668.671: Total time for which application threads were stopped: 0.0002306 seconds, Stopping threads took: 0.0000778 seconds
24796.077: Application time: 127.4060288 seconds
{Heap before GC invocations=27 (full 1):
 PSYoungGen      total 168448K, used 168256K [0x000000066bd00000, 0x0000000679a00000, 0x00000007c0000000)
  eden space 167936K, 100% used [0x000000066bd00000,0x0000000676100000,0x0000000676100000)
  from space 512K, 62% used [0x0000000676400000,0x0000000676450000,0x0000000676480000)
  to   space 29184K, 0% used [0x0000000677d80000,0x0000000677d80000,0x0000000679a00000)
 ParOldGen       total 285696K, used 40166K [0x00000003c3600000, 0x00000003d4d00000, 0x000000066bd00000)
  object space 285696K, 14% used [0x00000003c3600000,0x00000003c5d39a88,0x00000003d4d00000)
 Metaspace       used 25223K, capacity 25826K, committed 26112K, reserved 1073152K
  class space    used 2523K, capacity 2741K, committed 2816K, reserved 1048576K
TLAB: gc thread: 0x00007fc910116000 [id: 746] desired_size: 23KB slow allocs: 1  refill waste: 376B alloc: 0.00706     1186KB refills: 49 waste  0.3% gc: 0B slow: 3248B fast: 96B
TLAB: gc thread: 0x00007fc9bc820000 [id: 524] desired_size: 2KB slow allocs: 0  refill waste: 32B alloc: 0.00021       35KB refills: 16 waste  3.6% gc: 824B slow: 360B fast: 0B
TLAB: gc thread: 0x00007fc918002000 [id: 513] desired_size: 1580KB slow allocs: 0  refill waste: 25280B alloc: 0.47051    79016KB refills: 47 waste  1.1% gc: 822536B slow: 4008B fast: 0B
TLAB: gc thread: 0x00007fc9bc7a5800 [id: 512] desired_size: 1744KB slow allocs: 0  refill waste: 27912B alloc: 0.51949    87242KB refills: 53 waste  1.3% gc: 1226656B slow: 4960B fast: 0B
TLAB: gc thread: 0x00007fc9bc1a7000 [id: 508] desired_size: 2KB slow allocs: 0  refill waste: 32B alloc: 0.00017       28KB refills: 13 waste  4.7% gc: 1072B slow: 192B fast: 0B
TLAB totals: thrds: 5  refills: 178 max: 53 slow allocs: 1 max 1 waste:  1.2% gc: 2051088B max: 1226656B slow: 12768B max: 4960B fast: 96B max: 96B
24796.077: [GC (Allocation Failure) GCTaskManager::set_active_gang(): all_workers_active()  1  workers 8  active  8  ParallelGCThreads 8 
JT: 3  workers 8  active  8  idle 0  more 0
24796.082: [SoftReference, 0 refs, 0.0000738 secs]24796.082: [WeakReference, 0 refs, 0.0000236 secs]24796.082: [FinalReference, 161 refs, 0.0002418 secs]24796.082: [PhantomReference, 0 refs, 0 refs, 0.0000236 secs]24796.082: [JNI Weak Reference, 0.0000309 secs]AdaptiveSizePolicy::update_averages:  survived: 360448  promoted: 0  overflow: false
AdaptiveSizeStart: 24796.084 collection: 27 
  avg_survived_padded_avg: 28939550.000000  avg_promoted_padded_avg: 4023382.250000  avg_pretenured_padded_avg: 0.000000  tenuring_thresh: 15  target_size: 29360128

Desired survivor size 29360128 bytes, new threshold 15 (max 15)
PSAdaptiveSizePolicy::compute_eden_space_size: costs minor_time: 0.000005 major_cost: 0.001668 mutator_cost: 0.998327 throughput_goal: 0.990000 live_space: 299757536 free_space: 439877632 old_eden_size: 171966464 desired_eden_size: 168820736
AdaptiveSizePolicy::survivor space sizes: collection: 27 (25690112, 524288) -> (25690112, 29360128) 
AdaptiveSizeStop: collection: 27 
[PSYoungGen: 168256K->352K(189952K)] 208422K->40518K(475648K), 0.0078525 secs] [Times: user=0.00 sys=0.02, real=0.01 secs] 
Heap after GC invocations=27 (full 1):
 PSYoungGen      total 189952K, used 352K [0x000000066bd00000, 0x0000000679600000, 0x00000007c0000000)
  eden space 164864K, 0% used [0x000000066bd00000,0x000000066bd00000,0x0000000675e00000)
  from space 25088K, 1% used [0x0000000677d80000,0x0000000677dd8000,0x0000000679600000)
  to   space 28672K, 0% used [0x0000000675e00000,0x0000000675e00000,0x0000000677a00000)
 ParOldGen       total 285696K, used 40166K [0x00000003c3600000, 0x00000003d4d00000, 0x000000066bd00000)
  object space 285696K, 14% used [0x00000003c3600000,0x00000003c5d39a88,0x00000003d4d00000)
 Metaspace       used 25223K, capacity 25826K, committed 26112K, reserved 1073152K
  class space    used 2523K, capacity 2741K, committed 2816K, reserved 1048576K
}
24796.087: Total time for which application threads were stopped: 0.0095839 seconds, Stopping threads took: 0.0000867 seconds
25597.597: Application time: 801.5108667 seconds
{Heap before GC invocations=28 (full 1):
 PSYoungGen      total 189952K, used 165216K [0x000000066bd00000, 0x0000000679600000, 0x00000007c0000000)
  eden space 164864K, 100% used [0x000000066bd00000,0x0000000675e00000,0x0000000675e00000)
  from space 25088K, 1% used [0x0000000677d80000,0x0000000677dd8000,0x0000000679600000)
  to   space 28672K, 0% used [0x0000000675e00000,0x0000000675e00000,0x0000000677a00000)
 ParOldGen       total 285696K, used 40166K [0x00000003c3600000, 0x00000003d4d00000, 0x000000066bd00000)
  object space 285696K, 14% used [0x00000003c3600000,0x00000003c5d39a88,0x00000003d4d00000)
 Metaspace       used 25223K, capacity 25826K, committed 26112K, reserved 1073152K
  class space    used 2523K, capacity 2741K, committed 2816K, reserved 1048576K
TLAB: gc thread: 0x00007fc910116000 [id: 746] desired_size: 23KB slow allocs: 0  refill waste: 368B alloc: 0.00703     1159KB refills: 50 waste  1.6% gc: 16144B slow: 2384B fast: 120B
TLAB: gc thread: 0x00007fc9bc820000 [id: 524] desired_size: 2KB slow allocs: 0  refill waste: 32B alloc: 0.00020       33KB refills: 16 waste  5.2% gc: 1344B slow: 360B fast: 0B
TLAB: gc thread: 0x00007fc918002000 [id: 513] desired_size: 1512KB slow allocs: 0  refill waste: 24200B alloc: 0.45878    75636KB refills: 63 waste  1.6% gc: 1545408B slow: 5728B fast: 0B
TLAB: gc thread: 0x00007fc9bc7a5800 [id: 512] desired_size: 1736KB slow allocs: 0  refill waste: 27784B alloc: 0.52678    86846KB refills: 40 waste  0.0% gc: 0B slow: 3688B fast: 0B
TLAB: gc thread: 0x00007fc9bc1a7000 [id: 508] desired_size: 2KB slow allocs: 0  refill waste: 32B alloc: 0.00016       27KB refills: 13 waste  6.4% gc: 1520B slow: 192B fast: 0B
TLAB totals: thrds: 5  refills: 182 max: 63 slow allocs: 0 max 0 waste:  0.9% gc: 1564416B max: 1545408B slow: 12352B max: 5728B fast: 120B max: 120B
25597.598: [GC (Allocation Failure) GCTaskManager::set_active_gang(): all_workers_active()  1  workers 8  active  8  ParallelGCThreads 8 
JT: 3  workers 8  active  8  idle 0  more 0
25597.599: [SoftReference, 0 refs, 0.0000157 secs]25597.599: [WeakReference, 0 refs, 0.0000050 secs]25597.599: [FinalReference, 160 refs, 0.0000637 secs]25597.599: [PhantomReference, 0 refs, 0 refs, 0.0000048 secs]25597.599: [JNI Weak Reference, 0.0000067 secs]AdaptiveSizePolicy::update_averages:  survived: 360448  promoted: 0  overflow: false
AdaptiveSizeStart: 25597.599 collection: 28 
  avg_survived_padded_avg: 27915162.000000  avg_promoted_padded_avg: 3958057.750000  avg_pretenured_padded_avg: 0.000000  tenuring_thresh: 15  target_size: 28311552

Desired survivor size 28311552 bytes, new threshold 15 (max 15)
PSAdaptiveSizePolicy::compute_eden_space_size: costs minor_time: 0.000004 major_cost: 0.001668 mutator_cost: 0.998328 throughput_goal: 0.990000 live_space: 299113600 free_space: 436731904 old_eden_size: 168820736 desired_eden_size: 165675008
AdaptiveSizePolicy::survivor space sizes: collection: 28 (29360128, 20447232) -> (524288, 28311552) 
AdaptiveSizeStop: collection: 28 
[PSYoungGen: 165216K->352K(162304K)] 205382K->40518K(448000K), 0.0019960 secs] [Times: user=0.00 sys=0.00, real=0.00 secs] 
Heap after GC invocations=28 (full 1):
 PSYoungGen      total 162304K, used 352K [0x000000066bd00000, 0x0000000679100000, 0x00000007c0000000)
  eden space 161792K, 0% used [0x000000066bd00000,0x000000066bd00000,0x0000000675b00000)
  from space 512K, 68% used [0x0000000675e00000,0x0000000675e58000,0x0000000675e80000)
  to   space 27648K, 0% used [0x0000000677600000,0x0000000677600000,0x0000000679100000)
 ParOldGen       total 285696K, used 40166K [0x00000003c3600000, 0x00000003d4d00000, 0x000000066bd00000)
  object space 285696K, 14% used [0x00000003c3600000,0x00000003c5d39a88,0x00000003d4d00000)
 Metaspace       used 25223K, capacity 25826K, committed 26112K, reserved 1073152K
  class space    used 2523K, capacity 2741K, committed 2816K, reserved 1048576K
}
25597.600: Total time for which application threads were stopped: 0.0023762 seconds, Stopping threads took: 0.0000215 seconds
25598.600: Application time: 1.0005612 seconds
25598.600: Total time for which application threads were stopped: 0.0000780 seconds, Stopping threads took: 0.0000269 seconds
25910.813: Application time: 312.2127756 seconds
25910.813: Total time for which application threads were stopped: 0.0001181 seconds, Stopping threads took: 0.0000302 seconds
26392.344: Application time: 481.5308481 seconds
{Heap before GC invocations=29 (full 1):
 PSYoungGen      total 162304K, used 162144K [0x000000066bd00000, 0x0000000679100000, 0x00000007c0000000)
  eden space 161792K, 100% used [0x000000066bd00000,0x0000000675b00000,0x0000000675b00000)
  from space 512K, 68% used [0x0000000675e00000,0x0000000675e58000,0x0000000675e80000)
  to   space 27648K, 0% used [0x0000000677600000,0x0000000677600000,0x0000000679100000)
 ParOldGen       total 285696K, used 40166K [0x00000003c3600000, 0x00000003d4d00000, 0x000000066bd00000)
  object space 285696K, 14% used [0x00000003c3600000,0x00000003c5d39a88,0x00000003d4d00000)
 Metaspace       used 25223K, capacity 25826K, committed 26112K, reserved 1073152K
  class space    used 2523K, capacity 2741K, committed 2816K, reserved 1048576K
TLAB: gc thread: 0x00007fc910116000 [id: 746] desired_size: 22KB slow allocs: 0  refill waste: 360B alloc: 0.00699     1131KB refills: 50 waste  0.2% gc: 0B slow: 2432B fast: 0B
TLAB: gc thread: 0x00007fc9bc820000 [id: 524] desired_size: 2KB slow allocs: 0  refill waste: 32B alloc: 0.00020       32KB refills: 16 waste  6.0% gc: 1624B slow: 360B fast: 0B
TLAB: gc thread: 0x00007fc918002000 [id: 513] desired_size: 1614KB slow allocs: 0  refill waste: 25824B alloc: 0.49885    80710KB refills: 43 waste  0.1% gc: 80696B slow: 3984B fast: 0B
TLAB: gc thread: 0x00007fc9bc7a5800 [id: 512] desired_size: 1581KB slow allocs: 0  refill waste: 25296B alloc: 0.48862    79055KB refills: 58 waste  0.5% gc: 460792B slow: 5632B fast: 0B
TLAB: gc thread: 0x00007fc9bc1a7000 [id: 508] desired_size: 2KB slow allocs: 0  refill waste: 32B alloc: 0.00016       26KB refills: 13 waste  7.1% gc: 1712B slow: 192B fast: 0B
TLAB totals: thrds: 5  refills: 180 max: 58 slow allocs: 0 max 0 waste:  0.3% gc: 544824B max: 460792B slow: 12600B max: 5632B fast: 0B max: 0B
26392.344: [GC (Allocation Failure) GCTaskManager::set_active_gang(): all_workers_active()  1  workers 8  active  8  ParallelGCThreads 8 
JT: 3  workers 8  active  8  idle 0  more 0
26392.345: [SoftReference, 0 refs, 0.0000263 secs]26392.345: [WeakReference, 0 refs, 0.0000049 secs]26392.345: [FinalReference, 157 refs, 0.0000662 secs]26392.345: [PhantomReference, 0 refs, 0 refs, 0.0000055 secs]26392.345: [JNI Weak Reference, 0.0000087 secs]AdaptiveSizePolicy::update_averages:  survived: 360448  promoted: 24576  overflow: false
AdaptiveSizeStart: 26392.346 collection: 29 
  avg_survived_padded_avg: 26809860.000000  avg_promoted_padded_avg: 3716812.750000  avg_pretenured_padded_avg: 0.000000  tenuring_thresh: 15  target_size: 27262976

Desired survivor size 27262976 bytes, new threshold 15 (max 15)
PSAdaptiveSizePolicy::compute_eden_space_size: costs minor_time: 0.000003 major_cost: 0.001668 mutator_cost: 0.998328 throughput_goal: 0.990000 live_space: 298534016 free_space: 433586176 old_eden_size: 165675008 desired_eden_size: 162529280
AdaptiveSizePolicy::survivor space sizes: collection: 29 (23068672, 524288) -> (23068672, 27262976) 
AdaptiveSizeStop: collection: 29 
[PSYoungGen: 162144K->352K(181248K)] 202310K->40542K(466944K), 0.0019359 secs] [Times: user=0.00 sys=0.00, real=0.01 secs] 
Heap after GC invocations=29 (full 1):
 PSYoungGen      total 181248K, used 352K [0x000000066bd00000, 0x0000000678c00000, 0x00000007c0000000)
  eden space 158720K, 0% used [0x000000066bd00000,0x000000066bd00000,0x0000000675800000)
  from space 22528K, 1% used [0x0000000677600000,0x0000000677658000,0x0000000678c00000)
  to   space 26624K, 0% used [0x0000000675800000,0x0000000675800000,0x0000000677200000)
 ParOldGen       total 285696K, used 40190K [0x00000003c3600000, 0x00000003d4d00000, 0x000000066bd00000)
  object space 285696K, 14% used [0x00000003c3600000,0x00000003c5d3fa88,0x00000003d4d00000)
 Metaspace       used 25223K, capacity 25826K, committed 26112K, reserved 1073152K
  class space    used 2523K, capacity 2741K, committed 2816K, reserved 1048576K
}
26392.347: Total time for which application threads were stopped: 0.0023445 seconds, Stopping threads took: 0.0000265 seconds
26393.354: Application time: 1.0071400 seconds
26393.354: Total time for which application threads were stopped: 0.0000770 seconds, Stopping threads took: 0.0000269 seconds
26422.538: Application time: 29.1840971 seconds
26422.538: Total time for which application threads were stopped: 0.0001351 seconds, Stopping threads took: 0.0000646 seconds
26427.559: Application time: 5.0214726 seconds
26427.560: Total time for which application threads were stopped: 0.0000733 seconds, Stopping threads took: 0.0000251 seconds
26467.702: Application time: 40.1421806 seconds
26467.702: Total time for which application threads were stopped: 0.0001990 seconds, Stopping threads took: 0.0000662 seconds
26472.734: Application time: 5.0319365 seconds
26472.734: Total time for which application threads were stopped: 0.0002309 seconds, Stopping threads took: 0.0000779 seconds
26888.339: Application time: 415.6046823 seconds
26888.339: Total time for which application threads were stopped: 0.0002444 seconds, Stopping threads took: 0.0000848 seconds
27163.895: Application time: 275.5561138 seconds
{Heap before GC invocations=30 (full 1):
 PSYoungGen      total 181248K, used 159072K [0x000000066bd00000, 0x0000000678c00000, 0x00000007c0000000)
  eden space 158720K, 100% used [0x000000066bd00000,0x0000000675800000,0x0000000675800000)
  from space 22528K, 1% used [0x0000000677600000,0x0000000677658000,0x0000000678c00000)
  to   space 26624K, 0% used [0x0000000675800000,0x0000000675800000,0x0000000677200000)
 ParOldGen       total 285696K, used 40190K [0x00000003c3600000, 0x00000003d4d00000, 0x000000066bd00000)
  object space 285696K, 14% used [0x00000003c3600000,0x00000003c5d3fa88,0x00000003d4d00000)
 Metaspace       used 25223K, capacity 25826K, committed 26112K, reserved 1073152K
  class space    used 2523K, capacity 2741K, committed 2816K, reserved 1048576K
TLAB: gc thread: 0x00007fc910116000 [id: 746] desired_size: 22KB slow allocs: 0  refill waste: 352B alloc: 0.00701     1112KB refills: 49 waste  0.5% gc: 1824B slow: 3984B fast: 0B
TLAB: gc thread: 0x00007fc9bc820000 [id: 524] desired_size: 2KB slow allocs: 0  refill waste: 32B alloc: 0.00020       31KB refills: 15 waste  2.7% gc: 504B slow: 336B fast: 0B
TLAB: gc thread: 0x00007fc918002000 [id: 513] desired_size: 1494KB slow allocs: 0  refill waste: 23912B alloc: 0.47093    74745KB refills: 48 waste  0.0% gc: 0B slow: 3184B fast: 0B
TLAB: gc thread: 0x00007fc9bc7a5800 [id: 512] desired_size: 1627KB slow allocs: 0  refill waste: 26032B alloc: 0.51257    81355KB refills: 53 waste  0.7% gc: 618048B slow: 4656B fast: 0B
TLAB: gc thread: 0x00007fc9bc1a7000 [id: 508] desired_size: 2KB slow allocs: 0  refill waste: 32B alloc: 0.00016       25KB refills: 12 waste  2.3% gc: 400B slow: 176B fast: 0B
TLAB totals: thrds: 5  refills: 177 max: 53 slow allocs: 0 max 0 waste:  0.4% gc: 620776B max: 618048B slow: 12336B max: 4656B fast: 0B max: 0B
27163.895: [GC (Allocation Failure) GCTaskManager::set_active_gang(): all_workers_active()  1  workers 8  active  8  ParallelGCThreads 8 
JT: 3  workers 8  active  8  idle 0  more 0
27163.896: [SoftReference, 0 refs, 0.0000157 secs]27163.896: [WeakReference, 0 refs, 0.0000051 secs]27163.896: [FinalReference, 154 refs, 0.0000605 secs]27163.896: [PhantomReference, 0 refs, 0 refs, 0.0000049 secs]27163.896: [JNI Weak Reference, 0.0000067 secs]AdaptiveSizePolicy::update_averages:  survived: 360448  promoted: 8192  overflow: false
AdaptiveSizeStart: 27163.897 collection: 30 
  avg_survived_padded_avg: 25650072.000000  avg_promoted_padded_avg: 3487267.250000  avg_pretenured_padded_avg: 0.000000  tenuring_thresh: 15  target_size: 25690112

Desired survivor size 25690112 bytes, new threshold 15 (max 15)
PSAdaptiveSizePolicy::compute_eden_space_size: costs minor_time: 0.000003 major_cost: 0.001668 mutator_cost: 0.998329 throughput_goal: 0.990000 live_space: 298012416 free_space: 430440448 old_eden_size: 162529280 desired_eden_size: 159907840
AdaptiveSizePolicy::survivor space sizes: collection: 30 (27262976, 17301504) -> (524288, 25690112) 
AdaptiveSizeStop: collection: 30 
[PSYoungGen: 159072K->352K(156672K)] 199262K->40550K(442368K), 0.0018789 secs] [Times: user=0.00 sys=0.00, real=0.00 secs] 
Heap after GC invocations=30 (full 1):
 PSYoungGen      total 156672K, used 352K [0x000000066bd00000, 0x0000000678680000, 0x00000007c0000000)
  eden space 156160K, 0% used [0x000000066bd00000,0x000000066bd00000,0x0000000675580000)
  from space 512K, 68% used [0x0000000675800000,0x0000000675858000,0x0000000675880000)
  to   space 25088K, 0% used [0x0000000676e00000,0x0000000676e00000,0x0000000678680000)
 ParOldGen       total 285696K, used 40198K [0x00000003c3600000, 0x00000003d4d00000, 0x000000066bd00000)
  object space 285696K, 14% used [0x00000003c3600000,0x00000003c5d41a88,0x00000003d4d00000)
 Metaspace       used 25223K, capacity 25826K, committed 26112K, reserved 1073152K
  class space    used 2523K, capacity 2741K, committed 2816K, reserved 1048576K
}
27163.897: Total time for which application threads were stopped: 0.0022503 seconds, Stopping threads took: 0.0000232 seconds
27923.704: Application time: 759.8063669 seconds
{Heap before GC invocations=31 (full 1):
 PSYoungGen      total 156672K, used 156512K [0x000000066bd00000, 0x0000000678680000, 0x00000007c0000000)
  eden space 156160K, 100% used [0x000000066bd00000,0x0000000675580000,0x0000000675580000)
  from space 512K, 68% used [0x0000000675800000,0x0000000675858000,0x0000000675880000)
  to   space 25088K, 0% used [0x0000000676e00000,0x0000000676e00000,0x0000000678680000)
 ParOldGen       total 285696K, used 40198K [0x00000003c3600000, 0x00000003d4d00000, 0x000000066bd00000)
  object space 285696K, 14% used [0x00000003c3600000,0x00000003c5d41a88,0x00000003d4d00000)
 Metaspace       used 25223K, capacity 25826K, committed 26112K, reserved 1073152K
  class space    used 2523K, capacity 2741K, committed 2816K, reserved 1048576K
TLAB: gc thread: 0x00007fc910116000 [id: 746] desired_size: 21KB slow allocs: 0  refill waste: 344B alloc: 0.00691     1080KB refills: 49 waste  0.3% gc: 0B slow: 3160B fast: 0B
TLAB: gc thread: 0x00007fc9bc820000 [id: 524] desired_size: 2KB slow allocs: 0  refill waste: 32B alloc: 0.00019       30KB refills: 15 waste  4.1% gc: 944B slow: 336B fast: 0B
TLAB: gc thread: 0x00007fc918002000 [id: 513] desired_size: 1457KB slow allocs: 0  refill waste: 23320B alloc: 0.46676    72890KB refills: 43 waste  2.3% gc: 1488624B slow: 3968B fast: 0B
TLAB: gc thread: 0x00007fc9bc7a5800 [id: 512] desired_size: 1627KB slow allocs: 0  refill waste: 26032B alloc: 0.52107    81371KB refills: 57 waste  0.6% gc: 608720B slow: 5144B fast: 0B
TLAB: gc thread: 0x00007fc9bc1a7000 [id: 508] desired_size: 2KB slow allocs: 0  refill waste: 32B alloc: 0.00015       24KB refills: 12 waste  3.7% gc: 752B slow: 176B fast: 0B
TLAB totals: thrds: 5  refills: 176 max: 57 slow allocs: 0 max 0 waste:  1.3% gc: 2099040B max: 1488624B slow: 12784B max: 5144B fast: 0B max: 0B
27923.704: [GC (Allocation Failure) GCTaskManager::set_active_gang(): all_workers_active()  1  workers 8  active  8  ParallelGCThreads 8 
JT: 3  workers 8  active  8  idle 0  more 0
27923.705: [SoftReference, 0 refs, 0.0000265 secs]27923.705: [WeakReference, 0 refs, 0.0000078 secs]27923.705: [FinalReference, 151 refs, 0.0000895 secs]27923.705: [PhantomReference, 0 refs, 0 refs, 0.0000079 secs]27923.705: [JNI Weak Reference, 0.0000109 secs]AdaptiveSizePolicy::update_averages:  survived: 327680  promoted: 0  overflow: false
AdaptiveSizeStart: 27923.706 collection: 31 
  avg_survived_padded_avg: 24463320.000000  avg_promoted_padded_avg: 3439342.500000  avg_pretenured_padded_avg: 0.000000  tenuring_thresh: 15  target_size: 24641536

Desired survivor size 24641536 bytes, new threshold 15 (max 15)
PSAdaptiveSizePolicy::compute_eden_space_size: costs minor_time: 0.000003 major_cost: 0.001668 mutator_cost: 0.998329 throughput_goal: 0.990000 live_space: 297539712 free_space: 427819008 old_eden_size: 159907840 desired_eden_size: 157286400
AdaptiveSizePolicy::survivor space sizes: collection: 31 (20971520, 524288) -> (20971520, 24641536) 
AdaptiveSizeStop: collection: 31 
[PSYoungGen: 156512K->320K(174080K)] 196710K->40518K(459776K), 0.0024037 secs] [Times: user=0.00 sys=0.00, real=0.01 secs] 
Heap after GC invocations=31 (full 1):
 PSYoungGen      total 174080K, used 320K [0x000000066bd00000, 0x0000000678200000, 0x00000007c0000000)
  eden space 153600K, 0% used [0x000000066bd00000,0x000000066bd00000,0x0000000675300000)
  from space 20480K, 1% used [0x0000000676e00000,0x0000000676e50000,0x0000000678200000)
  to   space 24064K, 0% used [0x0000000675300000,0x0000000675300000,0x0000000676a80000)
 ParOldGen       total 285696K, used 40198K [0x00000003c3600000, 0x00000003d4d00000, 0x000000066bd00000)
  object space 285696K, 14% used [0x00000003c3600000,0x00000003c5d41a88,0x00000003d4d00000)
 Metaspace       used 25223K, capacity 25826K, committed 26112K, reserved 1073152K
  class space    used 2523K, capacity 2741K, committed 2816K, reserved 1048576K
}
27923.707: Total time for which application threads were stopped: 0.0030724 seconds, Stopping threads took: 0.0000325 seconds
27924.714: Application time: 1.0071787 seconds
27924.714: Total time for which application threads were stopped: 0.0001037 seconds, Stopping threads took: 0.0000552 seconds
28047.120: Application time: 122.4063403 seconds
28047.121: Total time for which application threads were stopped: 0.0002877 seconds, Stopping threads took: 0.0000788 seconds
28679.478: Application time: 632.3570742 seconds
{Heap before GC invocations=32 (full 1):
 PSYoungGen      total 174080K, used 153920K [0x000000066bd00000, 0x0000000678200000, 0x00000007c0000000)
  eden space 153600K, 100% used [0x000000066bd00000,0x0000000675300000,0x0000000675300000)
  from space 20480K, 1% used [0x0000000676e00000,0x0000000676e50000,0x0000000678200000)
  to   space 24064K, 0% used [0x0000000675300000,0x0000000675300000,0x0000000676a80000)
 ParOldGen       total 285696K, used 40198K [0x00000003c3600000, 0x00000003d4d00000, 0x000000066bd00000)
  object space 285696K, 14% used [0x00000003c3600000,0x00000003c5d41a88,0x00000003d4d00000)
 Metaspace       used 25223K, capacity 25826K, committed 26112K, reserved 1073152K
  class space    used 2523K, capacity 2741K, committed 2816K, reserved 1048576K
TLAB: gc thread: 0x00007fc910116000 [id: 746] desired_size: 21KB slow allocs: 0  refill waste: 336B alloc: 0.00691     1062KB refills: 50 waste  1.4% gc: 10304B slow: 4448B fast: 0B
TLAB: gc thread: 0x00007fc9bc820000 [id: 524] desired_size: 2KB slow allocs: 0  refill waste: 32B alloc: 0.00019       29KB refills: 15 waste  4.7% gc: 1104B slow: 336B fast: 0B
TLAB: gc thread: 0x00007fc918002000 [id: 513] desired_size: 1353KB slow allocs: 0  refill waste: 21656B alloc: 0.44063    67681KB refills: 53 waste  0.5% gc: 381432B slow: 5024B fast: 0B
TLAB: gc thread: 0x00007fc9bc7a5800 [id: 512] desired_size: 1675KB slow allocs: 0  refill waste: 26800B alloc: 0.54526    83752KB refills: 49 waste  0.0% gc: 0B slow: 8704B fast: 0B
TLAB: gc thread: 0x00007fc9bc1a7000 [id: 508] desired_size: 2KB slow allocs: 0  refill waste: 32B alloc: 0.00015       24KB refills: 12 waste  4.4% gc: 912B slow: 176B fast: 0B
TLAB totals: thrds: 5  refills: 179 max: 53 slow allocs: 0 max 0 waste:  0.3% gc: 393752B max: 381432B slow: 18688B max: 8704B fast: 0B max: 0B
28679.478: [GC (Allocation Failure) GCTaskManager::set_active_gang(): all_workers_active()  1  workers 8  active  8  ParallelGCThreads 8 
JT: 3  workers 8  active  8  idle 0  more 0
28679.479: [SoftReference, 0 refs, 0.0000147 secs]28679.479: [WeakReference, 0 refs, 0.0000048 secs]28679.479: [FinalReference, 150 refs, 0.0000572 secs]28679.479: [PhantomReference, 0 refs, 0 refs, 0.0000049 secs]28679.479: [JNI Weak Reference, 0.0000064 secs]AdaptiveSizePolicy::update_averages:  survived: 360448  promoted: 8192  overflow: false
AdaptiveSizeStart: 28679.479 collection: 32 
  avg_survived_padded_avg: 23255120.000000  avg_promoted_padded_avg: 3210472.750000  avg_pretenured_padded_avg: 0.000000  tenuring_thresh: 15  target_size: 23592960

Desired survivor size 23592960 bytes, new threshold 15 (max 15)
PSAdaptiveSizePolicy::compute_eden_space_size: costs minor_time: 0.000003 major_cost: 0.001668 mutator_cost: 0.998329 throughput_goal: 0.990000 live_space: 297117536 free_space: 425197568 old_eden_size: 157286400 desired_eden_size: 154664960
AdaptiveSizePolicy::survivor space sizes: collection: 32 (24641536, 16252928) -> (524288, 23592960) 
AdaptiveSizeStop: collection: 32 
[PSYoungGen: 153920K->352K(151552K)] 194118K->40558K(437248K), 0.0018400 secs] [Times: user=0.00 sys=0.00, real=0.00 secs] 
Heap after GC invocations=32 (full 1):
 PSYoungGen      total 151552K, used 352K [0x000000066bd00000, 0x0000000677d80000, 0x00000007c0000000)
  eden space 151040K, 0% used [0x000000066bd00000,0x000000066bd00000,0x0000000675080000)
  from space 512K, 68% used [0x0000000675300000,0x0000000675358000,0x0000000675380000)
  to   space 23040K, 0% used [0x0000000676700000,0x0000000676700000,0x0000000677d80000)
 ParOldGen       total 285696K, used 40206K [0x00000003c3600000, 0x00000003d4d00000, 0x000000066bd00000)
  object space 285696K, 14% used [0x00000003c3600000,0x00000003c5d43a88,0x00000003d4d00000)
 Metaspace       used 25223K, capacity 25826K, committed 26112K, reserved 1073152K
  class space    used 2523K, capacity 2741K, committed 2816K, reserved 1048576K
}
28679.480: Total time for which application threads were stopped: 0.0021962 seconds, Stopping threads took: 0.0000216 seconds
29410.239: Application time: 730.7591020 seconds
{Heap before GC invocations=33 (full 1):
 PSYoungGen      total 151552K, used 151392K [0x000000066bd00000, 0x0000000677d80000, 0x00000007c0000000)
  eden space 151040K, 100% used [0x000000066bd00000,0x0000000675080000,0x0000000675080000)
  from space 512K, 68% used [0x0000000675300000,0x0000000675358000,0x0000000675380000)
  to   space 23040K, 0% used [0x0000000676700000,0x0000000676700000,0x0000000677d80000)
 ParOldGen       total 285696K, used 40206K [0x00000003c3600000, 0x00000003d4d00000, 0x000000066bd00000)
  object space 285696K, 14% used [0x00000003c3600000,0x00000003c5d43a88,0x00000003d4d00000)
 Metaspace       used 25223K, capacity 25826K, committed 26112K, reserved 1073152K
  class space    used 2523K, capacity 2741K, committed 2816K, reserved 1048576K
TLAB: gc thread: 0x00007fc910116000 [id: 746] desired_size: 20KB slow allocs: 0  refill waste: 328B alloc: 0.00687     1037KB refills: 49 waste  0.7% gc: 3768B slow: 3120B fast: 0B
TLAB: gc thread: 0x00007fc9bc820000 [id: 524] desired_size: 2KB slow allocs: 0  refill waste: 32B alloc: 0.00019       29KB refills: 14 waste  1.2% gc: 0B slow: 336B fast: 0B
TLAB: gc thread: 0x00007fc918002000 [id: 513] desired_size: 1349KB slow allocs: 0  refill waste: 21592B alloc: 0.44681    67487KB refills: 52 waste  1.0% gc: 747128B slow: 4408B fast: 0B
TLAB: gc thread: 0x00007fc9bc7a5800 [id: 512] desired_size: 1630KB slow allocs: 0  refill waste: 26080B alloc: 0.53975    81523KB refills: 49 waste  2.0% gc: 1603544B slow: 4256B fast: 0B
TLAB: gc thread: 0x00007fc9bc1a7000 [id: 508] desired_size: 2KB slow allocs: 0  refill waste: 32B alloc: 0.00015       23KB refills: 12 waste  7.5% gc: 1680B slow: 176B fast: 0B
TLAB totals: thrds: 5  refills: 176 max: 52 slow allocs: 0 max 0 waste:  1.5% gc: 2356120B max: 1603544B slow: 12296B max: 4408B fast: 0B max: 0B
29410.240: [GC (Allocation Failure) GCTaskManager::set_active_gang(): all_workers_active()  1  workers 8  active  8  ParallelGCThreads 8 
JT: 3  workers 8  active  8  idle 0  more 0
29410.242: [SoftReference, 0 refs, 0.0000732 secs]29410.242: [WeakReference, 0 refs, 0.0000229 secs]29410.242: [FinalReference, 145 refs, 0.0002201 secs]29410.242: [PhantomReference, 0 refs, 0 refs, 0.0000248 secs]29410.243: [JNI Weak Reference, 0.0000302 secs]AdaptiveSizePolicy::update_averages:  survived: 360448  promoted: 0  overflow: false
AdaptiveSizeStart: 29410.244 collection: 33 
  avg_survived_padded_avg: 22047532.000000  avg_promoted_padded_avg: 3171571.750000  avg_pretenured_padded_avg: 0.000000  tenuring_thresh: 15  target_size: 22544384

Desired survivor size 22544384 bytes, new threshold 15 (max 15)
PSAdaptiveSizePolicy::compute_eden_space_size: costs minor_time: 0.000004 major_cost: 0.001668 mutator_cost: 0.998328 throughput_goal: 0.990000 live_space: 296737568 free_space: 422576128 old_eden_size: 154664960 desired_eden_size: 152043520
AdaptiveSizePolicy::survivor space sizes: collection: 33 (18874368, 524288) -> (18874368, 22544384) 
AdaptiveSizeStop: collection: 33 
[PSYoungGen: 151392K->352K(166912K)] 191598K->40558K(452608K), 0.0062028 secs] [Times: user=0.00 sys=0.00, real=0.01 secs] 
Heap after GC invocations=33 (full 1):
 PSYoungGen      total 166912K, used 352K [0x000000066bd00000, 0x0000000677900000, 0x00000007c0000000)
  eden space 148480K, 0% used [0x000000066bd00000,0x000000066bd00000,0x0000000674e00000)
  from space 18432K, 1% used [0x0000000676700000,0x0000000676758000,0x0000000677900000)
  to   space 22016K, 0% used [0x0000000674e00000,0x0000000674e00000,0x0000000676380000)
 ParOldGen       total 285696K, used 40206K [0x00000003c3600000, 0x00000003d4d00000, 0x000000066bd00000)
  object space 285696K, 14% used [0x00000003c3600000,0x00000003c5d43a88,0x00000003d4d00000)
 Metaspace       used 25223K, capacity 25826K, committed 26112K, reserved 1073152K
  class space    used 2523K, capacity 2741K, committed 2816K, reserved 1048576K
}
29410.247: Total time for which application threads were stopped: 0.0079141 seconds, Stopping threads took: 0.0000759 seconds
29923.137: Application time: 512.8897459 seconds
29923.137: Total time for which application threads were stopped: 0.0000900 seconds, Stopping threads took: 0.0000418 seconds
30140.345: Application time: 217.2079876 seconds
{Heap before GC invocations=34 (full 1):
 PSYoungGen      total 166912K, used 148832K [0x000000066bd00000, 0x0000000677900000, 0x00000007c0000000)
  eden space 148480K, 100% used [0x000000066bd00000,0x0000000674e00000,0x0000000674e00000)
  from space 18432K, 1% used [0x0000000676700000,0x0000000676758000,0x0000000677900000)
  to   space 22016K, 0% used [0x0000000674e00000,0x0000000674e00000,0x0000000676380000)
 ParOldGen       total 285696K, used 40206K [0x00000003c3600000, 0x00000003d4d00000, 0x000000066bd00000)
  object space 285696K, 14% used [0x00000003c3600000,0x00000003c5d43a88,0x00000003d4d00000)
 Metaspace       used 25223K, capacity 25826K, committed 26112K, reserved 1073152K
  class space    used 2523K, capacity 2741K, committed 2816K, reserved 1048576K
TLAB: gc thread: 0x00007fc910116000 [id: 746] desired_size: 20KB slow allocs: 0  refill waste: 320B alloc: 0.00680     1010KB refills: 50 waste  0.4% gc: 0B slow: 3872B fast: 0B
TLAB: gc thread: 0x00007fc9bc820000 [id: 524] desired_size: 2KB slow allocs: 0  refill waste: 32B alloc: 0.00019       29KB refills: 14 waste  1.3% gc: 64B slow: 312B fast: 0B
TLAB: gc thread: 0x00007fc918002000 [id: 513] desired_size: 1342KB slow allocs: 0  refill waste: 21480B alloc: 0.45222    67146KB refills: 55 waste  0.6% gc: 472264B slow: 7176B fast: 0B
TLAB: gc thread: 0x00007fc9bc7a5800 [id: 512] desired_size: 1580KB slow allocs: 0  refill waste: 25280B alloc: 0.53220    79020KB refills: 47 waste  0.2% gc: 124896B slow: 5984B fast: 0B
TLAB: gc thread: 0x00007fc9bc1a7000 [id: 508] desired_size: 2KB slow allocs: 0  refill waste: 32B alloc: 0.00015       23KB refills: 12 waste  7.5% gc: 1680B slow: 176B fast: 0B
TLAB totals: thrds: 5  refills: 178 max: 55 slow allocs: 0 max 0 waste:  0.4% gc: 598904B max: 472264B slow: 17520B max: 7176B fast: 0B max: 0B
30140.345: [GC (Allocation Failure) GCTaskManager::set_active_gang(): all_workers_active()  1  workers 8  active  8  ParallelGCThreads 8 
JT: 3  workers 8  active  8  idle 0  more 0
30140.349: [SoftReference, 0 refs, 0.0000847 secs]30140.349: [WeakReference, 0 refs, 0.0000265 secs]30140.349: [FinalReference, 144 refs, 0.0002407 secs]30140.350: [PhantomReference, 0 refs, 0 refs, 0.0000269 secs]30140.350: [JNI Weak Reference, 0.0000349 secs]AdaptiveSizePolicy::update_averages:  survived: 327680  promoted: 0  overflow: false
AdaptiveSizeStart: 30140.352 collection: 34 
  avg_survived_padded_avg: 20858088.000000  avg_promoted_padded_avg: 3136561.000000  avg_pretenured_padded_avg: 0.000000  tenuring_thresh: 15  target_size: 20971520

Desired survivor size 20971520 bytes, new threshold 15 (max 15)
PSAdaptiveSizePolicy::compute_eden_space_size: costs minor_time: 0.000005 major_cost: 0.001668 mutator_cost: 0.998327 throughput_goal: 0.990000 live_space: 296392352 free_space: 419954688 old_eden_size: 152043520 desired_eden_size: 149422080
AdaptiveSizePolicy::survivor space sizes: collection: 34 (22544384, 13107200) -> (524288, 20971520) 
AdaptiveSizeStop: collection: 34 
[PSYoungGen: 148832K->320K(146432K)] 189038K->40526K(432128K), 0.0080384 secs] [Times: user=0.00 sys=0.00, real=0.00 secs] 
Heap after GC invocations=34 (full 1):
 PSYoungGen      total 146432K, used 320K [0x000000066bd00000, 0x0000000677380000, 0x00000007c0000000)
  eden space 145920K, 0% used [0x000000066bd00000,0x000000066bd00000,0x0000000674b80000)
  from space 512K, 62% used [0x0000000674e00000,0x0000000674e50000,0x0000000674e80000)
  to   space 20480K, 0% used [0x0000000675f80000,0x0000000675f80000,0x0000000677380000)
 ParOldGen       total 285696K, used 40206K [0x00000003c3600000, 0x00000003d4d00000, 0x000000066bd00000)
  object space 285696K, 14% used [0x00000003c3600000,0x00000003c5d43a88,0x00000003d4d00000)
 Metaspace       used 25223K, capacity 25826K, committed 26112K, reserved 1073152K
  class space    used 2523K, capacity 2741K, committed 2816K, reserved 1048576K
}
30140.354: Total time for which application threads were stopped: 0.0093275 seconds, Stopping threads took: 0.0000836 seconds
30335.133: Application time: 194.7792520 seconds
30335.134: Total time for which application threads were stopped: 0.0001952 seconds, Stopping threads took: 0.0001329 seconds
30851.864: Application time: 516.7304271 seconds
{Heap before GC invocations=35 (full 1):
 PSYoungGen      total 146432K, used 146240K [0x000000066bd00000, 0x0000000677380000, 0x00000007c0000000)
  eden space 145920K, 100% used [0x000000066bd00000,0x0000000674b80000,0x0000000674b80000)
  from space 512K, 62% used [0x0000000674e00000,0x0000000674e50000,0x0000000674e80000)
  to   space 20480K, 0% used [0x0000000675f80000,0x0000000675f80000,0x0000000677380000)
 ParOldGen       total 285696K, used 40206K [0x00000003c3600000, 0x00000003d4d00000, 0x000000066bd00000)
  object space 285696K, 14% used [0x00000003c3600000,0x00000003c5d43a88,0x00000003d4d00000)
 Metaspace       used 25223K, capacity 25826K, committed 26112K, reserved 1073152K
  class space    used 2523K, capacity 2741K, committed 2816K, reserved 1048576K
TLAB: gc thread: 0x00007fc910116000 [id: 746] desired_size: 19KB slow allocs: 0  refill waste: 312B alloc: 0.00685      999KB refills: 50 waste  1.0% gc: 6448B slow: 3488B fast: 0B
TLAB: gc thread: 0x00007fc9bc820000 [id: 524] desired_size: 2KB slow allocs: 0  refill waste: 32B alloc: 0.00019       27KB refills: 14 waste  3.8% gc: 784B slow: 312B fast: 0B
TLAB: gc thread: 0x00007fc918002000 [id: 513] desired_size: 1360KB slow allocs: 0  refill waste: 21760B alloc: 0.46606    68008KB refills: 58 waste  0.0% gc: 0B slow: 5128B fast: 0B
TLAB: gc thread: 0x00007fc9bc7a5800 [id: 512] desired_size: 1510KB slow allocs: 0  refill waste: 24160B alloc: 0.51747    75509KB refills: 44 waste  1.8% gc: 1223872B slow: 4176B fast: 0B
TLAB: gc thread: 0x00007fc9bc1a7000 [id: 508] desired_size: 2KB slow allocs: 0  refill waste: 32B alloc: 0.00015       22KB refills: 11 waste  1.8% gc: 240B slow: 160B fast: 0B
TLAB totals: thrds: 5  refills: 177 max: 58 slow allocs: 0 max 0 waste:  0.8% gc: 1231344B max: 1223872B slow: 13264B max: 5128B fast: 0B max: 0B
30851.864: [GC (Allocation Failure) GCTaskManager::set_active_gang(): all_workers_active()  1  workers 8  active  8  ParallelGCThreads 8 
JT: 3  workers 8  active  8  idle 0  more 0
30851.865: [SoftReference, 0 refs, 0.0000149 secs]30851.865: [WeakReference, 0 refs, 0.0000049 secs]30851.865: [FinalReference, 142 refs, 0.0000543 secs]30851.865: [PhantomReference, 0 refs, 0 refs, 0.0000055 secs]30851.865: [JNI Weak Reference, 0.0000065 secs]AdaptiveSizePolicy::update_averages:  survived: 327680  promoted: 0  overflow: false
AdaptiveSizeStart: 30851.866 collection: 35 
  avg_survived_padded_avg: 19689334.000000  avg_promoted_padded_avg: 3105051.000000  avg_pretenured_padded_avg: 0.000000  tenuring_thresh: 15  target_size: 19922944

Desired survivor size 19922944 bytes, new threshold 15 (max 15)
PSAdaptiveSizePolicy::compute_eden_space_size: costs minor_time: 0.000004 major_cost: 0.001668 mutator_cost: 0.998328 throughput_goal: 0.990000 live_space: 296081632 free_space: 417333248 old_eden_size: 149422080 desired_eden_size: 146800640
AdaptiveSizePolicy::survivor space sizes: collection: 35 (16252928, 524288) -> (16252928, 19922944) 
AdaptiveSizeStop: collection: 35 
[PSYoungGen: 146240K->320K(159232K)] 186446K->40526K(444928K), 0.0018287 secs] [Times: user=0.02 sys=0.00, real=0.01 secs] 
Heap after GC invocations=35 (full 1):
 PSYoungGen      total 159232K, used 320K [0x000000066bd00000, 0x0000000676f00000, 0x00000007c0000000)
  eden space 143360K, 0% used [0x000000066bd00000,0x000000066bd00000,0x0000000674900000)
  from space 15872K, 2% used [0x0000000675f80000,0x0000000675fd0000,0x0000000676f00000)
  to   space 19456K, 0% used [0x0000000674900000,0x0000000674900000,0x0000000675c00000)
 ParOldGen       total 285696K, used 40206K [0x00000003c3600000, 0x00000003d4d00000, 0x000000066bd00000)
  object space 285696K, 14% used [0x00000003c3600000,0x00000003c5d43a88,0x00000003d4d00000)
 Metaspace       used 25223K, capacity 25826K, committed 26112K, reserved 1073152K
  class space    used 2523K, capacity 2741K, committed 2816K, reserved 1048576K
}
30851.866: Total time for which application threads were stopped: 0.0021905 seconds, Stopping threads took: 0.0000213 seconds
30963.343: Application time: 111.4771249 seconds
30963.344: Total time for which application threads were stopped: 0.0000985 seconds, Stopping threads took: 0.0000378 seconds
31549.052: Application time: 585.7087515 seconds
{Heap before GC invocations=36 (full 1):
 PSYoungGen      total 159232K, used 143680K [0x000000066bd00000, 0x0000000676f00000, 0x00000007c0000000)
  eden space 143360K, 100% used [0x000000066bd00000,0x0000000674900000,0x0000000674900000)
  from space 15872K, 2% used [0x0000000675f80000,0x0000000675fd0000,0x0000000676f00000)
  to   space 19456K, 0% used [0x0000000674900000,0x0000000674900000,0x0000000675c00000)
 ParOldGen       total 285696K, used 40206K [0x00000003c3600000, 0x00000003d4d00000, 0x000000066bd00000)
  object space 285696K, 14% used [0x00000003c3600000,0x00000003c5d43a88,0x00000003d4d00000)
 Metaspace       used 25223K, capacity 25826K, committed 26112K, reserved 1073152K
  class space    used 2523K, capacity 2741K, committed 2816K, reserved 1048576K
TLAB: gc thread: 0x00007fc910116000 [id: 746] desired_size: 19KB slow allocs: 0  refill waste: 312B alloc: 0.00681      976KB refills: 50 waste  1.1% gc: 8536B slow: 2808B fast: 0B
TLAB: gc thread: 0x00007fc9bc820000 [id: 524] desired_size: 2KB slow allocs: 0  refill waste: 32B alloc: 0.00019       27KB refills: 14 waste  5.7% gc: 1344B slow: 312B fast: 0B
TLAB: gc thread: 0x00007fc918002000 [id: 513] desired_size: 1413KB slow allocs: 0  refill waste: 22616B alloc: 0.49311    70693KB refills: 50 waste  0.0% gc: 0B slow: 4656B fast: 0B
TLAB: gc thread: 0x00007fc9bc7a5800 [id: 512] desired_size: 1415KB slow allocs: 0  refill waste: 22648B alloc: 0.49380    70790KB refills: 51 waste  1.2% gc: 859832B slow: 5200B fast: 0B
TLAB: gc thread: 0x00007fc9bc1a7000 [id: 508] desired_size: 2KB slow allocs: 0  refill waste: 32B alloc: 0.00015       21KB refills: 11 waste  3.7% gc: 688B slow: 160B fast: 0B
TLAB totals: thrds: 5  refills: 176 max: 51 slow allocs: 0 max 0 waste:  0.6% gc: 870400B max: 859832B slow: 13136B max: 5200B fast: 0B max: 0B
31549.052: [GC (Allocation Failure) GCTaskManager::set_active_gang(): all_workers_active()  1  workers 8  active  8  ParallelGCThreads 8 
JT: 3  workers 8  active  8  idle 0  more 0
31549.053: [SoftReference, 0 refs, 0.0000126 secs]31549.053: [WeakReference, 0 refs, 0.0000041 secs]31549.053: [FinalReference, 139 refs, 0.0000557 secs]31549.053: [PhantomReference, 0 refs, 0 refs, 0.0000046 secs]31549.053: [JNI Weak Reference, 0.0000064 secs]AdaptiveSizePolicy::update_averages:  survived: 360448  promoted: 0  overflow: false
AdaptiveSizeStart: 31549.054 collection: 36 
  avg_survived_padded_avg: 18543454.000000  avg_promoted_padded_avg: 3076692.250000  avg_pretenured_padded_avg: 0.000000  tenuring_thresh: 15  target_size: 18874368

Desired survivor size 18874368 bytes, new threshold 15 (max 15)
PSAdaptiveSizePolicy::compute_eden_space_size: costs minor_time: 0.000004 major_cost: 0.001668 mutator_cost: 0.998328 throughput_goal: 0.990000 live_space: 295805280 free_space: 414711808 old_eden_size: 146800640 desired_eden_size: 144703488
AdaptiveSizePolicy::survivor space sizes: collection: 36 (19922944, 12058624) -> (524288, 18874368) 
AdaptiveSizeStop: collection: 36 
[PSYoungGen: 143680K->352K(141824K)] 183886K->40558K(427520K), 0.0018198 secs] [Times: user=0.00 sys=0.00, real=0.00 secs] 
Heap after GC invocations=36 (full 1):
 PSYoungGen      total 141824K, used 352K [0x000000066bd00000, 0x0000000676b00000, 0x00000007c0000000)
  eden space 141312K, 0% used [0x000000066bd00000,0x000000066bd00000,0x0000000674700000)
  from space 512K, 68% used [0x0000000674900000,0x0000000674958000,0x0000000674980000)
  to   space 18432K, 0% used [0x0000000675900000,0x0000000675900000,0x0000000676b00000)
 ParOldGen       total 285696K, used 40206K [0x00000003c3600000, 0x00000003d4d00000, 0x000000066bd00000)
  object space 285696K, 14% used [0x00000003c3600000,0x00000003c5d43a88,0x00000003d4d00000)
 Metaspace       used 25223K, capacity 25826K, committed 26112K, reserved 1073152K
  class space    used 2523K, capacity 2741K, committed 2816K, reserved 1048576K
}
31549.054: Total time for which application threads were stopped: 0.0022040 seconds, Stopping threads took: 0.0000231 seconds
32237.129: Application time: 688.0740644 seconds
{Heap before GC invocations=37 (full 1):
 PSYoungGen      total 141824K, used 141664K [0x000000066bd00000, 0x0000000676b00000, 0x00000007c0000000)
  eden space 141312K, 100% used [0x000000066bd00000,0x0000000674700000,0x0000000674700000)
  from space 512K, 68% used [0x0000000674900000,0x0000000674958000,0x0000000674980000)
  to   space 18432K, 0% used [0x0000000675900000,0x0000000675900000,0x0000000676b00000)
 ParOldGen       total 285696K, used 40206K [0x00000003c3600000, 0x00000003d4d00000, 0x000000066bd00000)
  object space 285696K, 14% used [0x00000003c3600000,0x00000003c5d43a88,0x00000003d4d00000)
 Metaspace       used 25223K, capacity 25826K, committed 26112K, reserved 1073152K
  class space    used 2523K, capacity 2741K, committed 2816K, reserved 1048576K
TLAB: gc thread: 0x00007fc910116000 [id: 746] desired_size: 19KB slow allocs: 0  refill waste: 304B alloc: 0.00680      961KB refills: 50 waste  0.4% gc: 0B slow: 3744B fast: 0B
TLAB: gc thread: 0x00007fc9bc820000 [id: 524] desired_size: 2KB slow allocs: 0  refill waste: 32B alloc: 0.00019       27KB refills: 14 waste  7.0% gc: 1704B slow: 312B fast: 0B
TLAB: gc thread: 0x00007fc918002000 [id: 513] desired_size: 1389KB slow allocs: 0  refill waste: 22232B alloc: 0.49169    69482KB refills: 36 waste  1.5% gc: 768376B slow: 10504B fast: 0B
TLAB: gc thread: 0x00007fc9bc7a5800 [id: 512] desired_size: 1397KB slow allocs: 0  refill waste: 22360B alloc: 0.49457    69889KB refills: 65 waste  0.6% gc: 550800B slow: 5168B fast: 0B
TLAB: gc thread: 0x00007fc9bc1a7000 [id: 508] desired_size: 2KB slow allocs: 0  refill waste: 32B alloc: 0.00015       21KB refills: 11 waste  4.9% gc: 944B slow: 160B fast: 0B
TLAB totals: thrds: 5  refills: 176 max: 65 slow allocs: 0 max 0 waste:  0.9% gc: 1321824B max: 768376B slow: 19888B max: 10504B fast: 0B max: 0B
32237.129: [GC (Allocation Failure) GCTaskManager::set_active_gang(): all_workers_active()  1  workers 8  active  8  ParallelGCThreads 8 
JT: 3  workers 8  active  8  idle 0  more 0
32237.132: [SoftReference, 0 refs, 0.0000745 secs]32237.132: [WeakReference, 0 refs, 0.0000240 secs]32237.132: [FinalReference, 137 refs, 0.0002056 secs]32237.132: [PhantomReference, 0 refs, 0 refs, 0.0000314 secs]32237.132: [JNI Weak Reference, 0.0000290 secs]AdaptiveSizePolicy::update_averages:  survived: 393216  promoted: 0  overflow: false
AdaptiveSizeStart: 32237.134 collection: 37 
  avg_survived_padded_avg: 17427890.000000  avg_promoted_padded_avg: 3051169.500000  avg_pretenured_padded_avg: 0.000000  tenuring_thresh: 15  target_size: 17825792

Desired survivor size 17825792 bytes, new threshold 15 (max 15)
PSAdaptiveSizePolicy::compute_eden_space_size: costs minor_time: 0.000005 major_cost: 0.001668 mutator_cost: 0.998327 throughput_goal: 0.990000 live_space: 295559808 free_space: 412614656 old_eden_size: 144703488 desired_eden_size: 142606336
AdaptiveSizePolicy::survivor space sizes: collection: 37 (14680064, 524288) -> (14680064, 17825792) 
AdaptiveSizeStop: collection: 37 
[PSYoungGen: 141664K->384K(153600K)] 181870K->40590K(439296K), 0.0065540 secs] [Times: user=0.00 sys=0.00, real=0.01 secs] 
Heap after GC invocations=37 (full 1):
 PSYoungGen      total 153600K, used 384K [0x000000066bd00000, 0x0000000676700000, 0x00000007c0000000)
  eden space 139264K, 0% used [0x000000066bd00000,0x000000066bd00000,0x0000000674500000)
  from space 14336K, 2% used [0x0000000675900000,0x0000000675960000,0x0000000676700000)
  to   space 17408K, 0% used [0x0000000674500000,0x0000000674500000,0x0000000675600000)
 ParOldGen       total 285696K, used 40206K [0x00000003c3600000, 0x00000003d4d00000, 0x000000066bd00000)
  object space 285696K, 14% used [0x00000003c3600000,0x00000003c5d43a88,0x00000003d4d00000)
 Metaspace       used 25223K, capacity 25826K, committed 26112K, reserved 1073152K
  class space    used 2523K, capacity 2741K, committed 2816K, reserved 1048576K
}
32237.137: Total time for which application threads were stopped: 0.0081926 seconds, Stopping threads took: 0.0000741 seconds
32923.309: Application time: 686.1724902 seconds
{Heap before GC invocations=38 (full 1):
 PSYoungGen      total 153600K, used 139648K [0x000000066bd00000, 0x0000000676700000, 0x00000007c0000000)
  eden space 139264K, 100% used [0x000000066bd00000,0x0000000674500000,0x0000000674500000)
  from space 14336K, 2% used [0x0000000675900000,0x0000000675960000,0x0000000676700000)
  to   space 17408K, 0% used [0x0000000674500000,0x0000000674500000,0x0000000675600000)
 ParOldGen       total 285696K, used 40206K [0x00000003c3600000, 0x00000003d4d00000, 0x000000066bd00000)
  object space 285696K, 14% used [0x00000003c3600000,0x00000003c5d43a88,0x00000003d4d00000)
 Metaspace       used 25223K, capacity 25826K, committed 26112K, reserved 1073152K
  class space    used 2523K, capacity 2741K, committed 2816K, reserved 1048576K
TLAB: gc thread: 0x00007fc910116000 [id: 746] desired_size: 19KB slow allocs: 0  refill waste: 304B alloc: 0.00683      951KB refills: 51 waste  2.0% gc: 17088B slow: 2688B fast: 0B
TLAB: gc thread: 0x00007fc9bc820000 [id: 524] desired_size: 2KB slow allocs: 0  refill waste: 32B alloc: 0.00019       27KB refills: 14 waste  7.3% gc: 1784B slow: 312B fast: 0B
TLAB: gc thread: 0x00007fc918002000 [id: 513] desired_size: 1225KB slow allocs: 0  refill waste: 19608B alloc: 0.44007    61286KB refills: 61 waste  0.0% gc: 0B slow: 14000B fast: 0B
TLAB: gc thread: 0x00007fc9bc7a5800 [id: 512] desired_size: 1516KB slow allocs: 0  refill waste: 24264B alloc: 0.54447    75826KB refills: 42 waste  0.8% gc: 495440B slow: 3424B fast: 0B
TLAB: gc thread: 0x00007fc9bc1a7000 [id: 508] desired_size: 2KB slow allocs: 0  refill waste: 32B alloc: 0.00015       21KB refills: 11 waste  5.3% gc: 1040B slow: 160B fast: 0B
TLAB totals: thrds: 5  refills: 179 max: 61 slow allocs: 0 max 0 waste:  0.4% gc: 515352B max: 495440B slow: 20584B max: 14000B fast: 0B max: 0B
32923.309: [GC (Allocation Failure) GCTaskManager::set_active_gang(): all_workers_active()  1  workers 8  active  8  ParallelGCThreads 8 
JT: 3  workers 8  active  8  idle 0  more 0
32923.310: [SoftReference, 0 refs, 0.0000154 secs]32923.310: [WeakReference, 0 refs, 0.0000048 secs]32923.310: [FinalReference, 136 refs, 0.0000544 secs]32923.311: [PhantomReference, 0 refs, 0 refs, 0.0000050 secs]32923.311: [JNI Weak Reference, 0.0000068 secs]AdaptiveSizePolicy::update_averages:  survived: 327680  promoted: 8192  overflow: false
AdaptiveSizeStart: 32923.311 collection: 38 
  avg_survived_padded_avg: 16365078.000000  avg_promoted_padded_avg: 2806680.250000  avg_pretenured_padded_avg: 0.000000  tenuring_thresh: 15  target_size: 16777216

Desired survivor size 16777216 bytes, new threshold 15 (max 15)
PSAdaptiveSizePolicy::compute_eden_space_size: costs minor_time: 0.000004 major_cost: 0.001668 mutator_cost: 0.998328 throughput_goal: 0.990000 live_space: 295332352 free_space: 410517504 old_eden_size: 142606336 desired_eden_size: 140509184
AdaptiveSizePolicy::survivor space sizes: collection: 38 (17825792, 10485760) -> (524288, 16777216) 
AdaptiveSizeStop: collection: 38 
[PSYoungGen: 139648K->320K(137728K)] 179854K->40534K(423424K), 0.0019623 secs] [Times: user=0.00 sys=0.00, real=0.00 secs] 
Heap after GC invocations=38 (full 1):
 PSYoungGen      total 137728K, used 320K [0x000000066bd00000, 0x0000000676300000, 0x00000007c0000000)
  eden space 137216K, 0% used [0x000000066bd00000,0x000000066bd00000,0x0000000674300000)
  from space 512K, 62% used [0x0000000674500000,0x0000000674550000,0x0000000674580000)
  to   space 16384K, 0% used [0x0000000675300000,0x0000000675300000,0x0000000676300000)
 ParOldGen       total 285696K, used 40214K [0x00000003c3600000, 0x00000003d4d00000, 0x000000066bd00000)
  object space 285696K, 14% used [0x00000003c3600000,0x00000003c5d45a88,0x00000003d4d00000)
 Metaspace       used 25223K, capacity 25826K, committed 26112K, reserved 1073152K
  class space    used 2523K, capacity 2741K, committed 2816K, reserved 1048576K
}
32923.312: Total time for which application threads were stopped: 0.0023403 seconds, Stopping threads took: 0.0000210 seconds
33590.157: Application time: 666.8452993 seconds
{Heap before GC invocations=39 (full 1):
 PSYoungGen      total 137728K, used 137536K [0x000000066bd00000, 0x0000000676300000, 0x00000007c0000000)
  eden space 137216K, 100% used [0x000000066bd00000,0x0000000674300000,0x0000000674300000)
  from space 512K, 62% used [0x0000000674500000,0x0000000674550000,0x0000000674580000)
  to   space 16384K, 0% used [0x0000000675300000,0x0000000675300000,0x0000000676300000)
 ParOldGen       total 285696K, used 40214K [0x00000003c3600000, 0x00000003d4d00000, 0x000000066bd00000)
  object space 285696K, 14% used [0x00000003c3600000,0x00000003c5d45a88,0x00000003d4d00000)
 Metaspace       used 25223K, capacity 25826K, committed 26112K, reserved 1073152K
  class space    used 2523K, capacity 2741K, committed 2816K, reserved 1048576K
TLAB: gc thread: 0x00007fc910116000 [id: 746] desired_size: 18KB slow allocs: 0  refill waste: 296B alloc: 0.00684      938KB refills: 50 waste  2.2% gc: 17432B slow: 3624B fast: 0B
TLAB: gc thread: 0x00007fc9bc820000 [id: 524] desired_size: 2KB slow allocs: 0  refill waste: 32B alloc: 0.00019       26KB refills: 13 waste  3.0% gc: 504B slow: 288B fast: 0B
TLAB: gc thread: 0x00007fc918002000 [id: 513] desired_size: 1303KB slow allocs: 0  refill waste: 20848B alloc: 0.47495    65170KB refills: 47 waste  2.0% gc: 1233688B slow: 4168B fast: 0B
TLAB: gc thread: 0x00007fc9bc7a5800 [id: 512] desired_size: 1401KB slow allocs: 0  refill waste: 22424B alloc: 0.51081    70091KB refills: 54 waste  0.0% gc: 0B slow: 3688B fast: 0B
TLAB: gc thread: 0x00007fc9bc1a7000 [id: 508] desired_size: 2KB slow allocs: 0  refill waste: 32B alloc: 0.00015       21KB refills: 11 waste  8.0% gc: 1648B slow: 160B fast: 0B
TLAB totals: thrds: 5  refills: 175 max: 54 slow allocs: 0 max 0 waste:  0.9% gc: 1253272B max: 1233688B slow: 11928B max: 4168B fast: 0B max: 0B
33590.157: [GC (Allocation Failure) GCTaskManager::set_active_gang(): all_workers_active()  1  workers 8  active  8  ParallelGCThreads 8 
JT: 3  workers 8  active  8  idle 0  more 0
33590.158: [SoftReference, 0 refs, 0.0000350 secs]33590.158: [WeakReference, 0 refs, 0.0000044 secs]33590.158: [FinalReference, 133 refs, 0.0000523 secs]33590.158: [PhantomReference, 0 refs, 0 refs, 0.0000047 secs]33590.158: [JNI Weak Reference, 0.0000067 secs]AdaptiveSizePolicy::update_averages:  survived: 327680  promoted: 0  overflow: false
AdaptiveSizeStart: 33590.159 collection: 39 
  avg_survived_padded_avg: 15343828.000000  avg_promoted_padded_avg: 2785924.750000  avg_pretenured_padded_avg: 0.000000  tenuring_thresh: 15  target_size: 15728640

Desired survivor size 15728640 bytes, new threshold 15 (max 15)
PSAdaptiveSizePolicy::compute_eden_space_size: costs minor_time: 0.000004 major_cost: 0.001668 mutator_cost: 0.998328 throughput_goal: 0.990000 live_space: 295127648 free_space: 408420352 old_eden_size: 140509184 desired_eden_size: 138412032
AdaptiveSizePolicy::survivor space sizes: collection: 39 (12582912, 524288) -> (12582912, 15728640) 
AdaptiveSizeStop: collection: 39 
[PSYoungGen: 137536K->320K(147456K)] 177750K->40534K(433152K), 0.0018716 secs] [Times: user=0.00 sys=0.00, real=0.00 secs] 
Heap after GC invocations=39 (full 1):
 PSYoungGen      total 147456K, used 320K [0x000000066bd00000, 0x0000000675f00000, 0x00000007c0000000)
  eden space 135168K, 0% used [0x000000066bd00000,0x000000066bd00000,0x0000000674100000)
  from space 12288K, 2% used [0x0000000675300000,0x0000000675350000,0x0000000675f00000)
  to   space 15360K, 0% used [0x0000000674100000,0x0000000674100000,0x0000000675000000)
 ParOldGen       total 285696K, used 40214K [0x00000003c3600000, 0x00000003d4d00000, 0x000000066bd00000)
  object space 285696K, 14% used [0x00000003c3600000,0x00000003c5d45a88,0x00000003d4d00000)
 Metaspace       used 25223K, capacity 25826K, committed 26112K, reserved 1073152K
  class space    used 2523K, capacity 2741K, committed 2816K, reserved 1048576K
}
33590.159: Total time for which application threads were stopped: 0.0022932 seconds, Stopping threads took: 0.0000257 seconds
34248.791: Application time: 658.6318582 seconds
{Heap before GC invocations=40 (full 1):
 PSYoungGen      total 147456K, used 135488K [0x000000066bd00000, 0x0000000675f00000, 0x00000007c0000000)
  eden space 135168K, 100% used [0x000000066bd00000,0x0000000674100000,0x0000000674100000)
  from space 12288K, 2% used [0x0000000675300000,0x0000000675350000,0x0000000675f00000)
  to   space 15360K, 0% used [0x0000000674100000,0x0000000674100000,0x0000000675000000)
 ParOldGen       total 285696K, used 40214K [0x00000003c3600000, 0x00000003d4d00000, 0x000000066bd00000)
  object space 285696K, 14% used [0x00000003c3600000,0x00000003c5d45a88,0x00000003d4d00000)
 Metaspace       used 25223K, capacity 25826K, committed 26112K, reserved 1073152K
  class space    used 2523K, capacity 2741K, committed 2816K, reserved 1048576K
TLAB: gc thread: 0x00007fc910116000 [id: 746] desired_size: 18KB slow allocs: 0  refill waste: 288B alloc: 0.00680      919KB refills: 50 waste  0.4% gc: 0B slow: 3544B fast: 0B
TLAB: gc thread: 0x00007fc9bc820000 [id: 524] desired_size: 2KB slow allocs: 0  refill waste: 32B alloc: 0.00019       25KB refills: 13 waste  4.0% gc: 784B slow: 288B fast: 0B
TLAB: gc thread: 0x00007fc918002000 [id: 513] desired_size: 1248KB slow allocs: 0  refill waste: 19968B alloc: 0.46165    62401KB refills: 53 waste  1.1% gc: 707928B slow: 4912B fast: 0B
TLAB: gc thread: 0x00007fc9bc7a5800 [id: 512] desired_size: 1421KB slow allocs: 0  refill waste: 22744B alloc: 0.52584    71077KB refills: 48 waste  0.7% gc: 468136B slow: 9520B fast: 0B
TLAB: gc thread: 0x00007fc9bc1a7000 [id: 508] desired_size: 2KB slow allocs: 0  refill waste: 32B alloc: 0.00015       21KB refills: 11 waste  9.1% gc: 1904B slow: 160B fast: 0B
TLAB totals: thrds: 5  refills: 175 max: 53 slow allocs: 0 max 0 waste:  0.9% gc: 1178752B max: 707928B slow: 18424B max: 9520B fast: 0B max: 0B
34248.791: [GC (Allocation Failure) GCTaskManager::set_active_gang(): all_workers_active()  1  workers 8  active  8  ParallelGCThreads 8 
JT: 3  workers 8  active  8  idle 0  more 0
34248.792: [SoftReference, 0 refs, 0.0000138 secs]34248.792: [WeakReference, 0 refs, 0.0000059 secs]34248.792: [FinalReference, 131 refs, 0.0000520 secs]34248.792: [PhantomReference, 0 refs, 0 refs, 0.0000052 secs]34248.792: [JNI Weak Reference, 0.0000065 secs]AdaptiveSizePolicy::update_averages:  survived: 327680  promoted: 8192  overflow: false
AdaptiveSizeStart: 34248.793 collection: 40 
  avg_survived_padded_avg: 14366452.000000  avg_promoted_padded_avg: 2556375.500000  avg_pretenured_padded_avg: 0.000000  tenuring_thresh: 15  target_size: 14680064

Desired survivor size 14680064 bytes, new threshold 15 (max 15)
PSAdaptiveSizePolicy::compute_eden_space_size: costs minor_time: 0.000003 major_cost: 0.001668 mutator_cost: 0.998329 throughput_goal: 0.990000 live_space: 294943392 free_space: 406323200 old_eden_size: 138412032 desired_eden_size: 136314880
AdaptiveSizePolicy::survivor space sizes: collection: 40 (15728640, 8388608) -> (524288, 14680064) 
AdaptiveSizeStop: collection: 40 
[PSYoungGen: 135488K->320K(133632K)] 175702K->40542K(419328K), 0.0017406 secs] [Times: user=0.00 sys=0.00, real=0.00 secs] 
Heap after GC invocations=40 (full 1):
 PSYoungGen      total 133632K, used 320K [0x000000066bd00000, 0x0000000675b00000, 0x00000007c0000000)
  eden space 133120K, 0% used [0x000000066bd00000,0x000000066bd00000,0x0000000673f00000)
  from space 512K, 62% used [0x0000000674100000,0x0000000674150000,0x0000000674180000)
  to   space 14336K, 0% used [0x0000000674d00000,0x0000000674d00000,0x0000000675b00000)
 ParOldGen       total 285696K, used 40222K [0x00000003c3600000, 0x00000003d4d00000, 0x000000066bd00000)
  object space 285696K, 14% used [0x00000003c3600000,0x00000003c5d47a88,0x00000003d4d00000)
 Metaspace       used 25223K, capacity 25826K, committed 26112K, reserved 1073152K
  class space    used 2523K, capacity 2741K, committed 2816K, reserved 1048576K
}
34248.793: Total time for which application threads were stopped: 0.0021014 seconds, Stopping threads took: 0.0000245 seconds
34901.882: Application time: 653.0890856 seconds
{Heap before GC invocations=41 (full 1):
 PSYoungGen      total 133632K, used 133440K [0x000000066bd00000, 0x0000000675b00000, 0x00000007c0000000)
  eden space 133120K, 100% used [0x000000066bd00000,0x0000000673f00000,0x0000000673f00000)
  from space 512K, 62% used [0x0000000674100000,0x0000000674150000,0x0000000674180000)
  to   space 14336K, 0% used [0x0000000674d00000,0x0000000674d00000,0x0000000675b00000)
 ParOldGen       total 285696K, used 40222K [0x00000003c3600000, 0x00000003d4d00000, 0x000000066bd00000)
  object space 285696K, 14% used [0x00000003c3600000,0x00000003c5d47a88,0x00000003d4d00000)
 Metaspace       used 25223K, capacity 25826K, committed 26112K, reserved 1073152K
  class space    used 2523K, capacity 2741K, committed 2816K, reserved 1048576K
TLAB: gc thread: 0x00007fc910116000 [id: 746] desired_size: 18KB slow allocs: 0  refill waste: 288B alloc: 0.00681      906KB refills: 50 waste  0.3% gc: 256B slow: 2712B fast: 0B
TLAB: gc thread: 0x00007fc9bc820000 [id: 524] desired_size: 2KB slow allocs: 0  refill waste: 32B alloc: 0.00019       25KB refills: 13 waste  5.0% gc: 1064B slow: 288B fast: 0B
TLAB: gc thread: 0x00007fc918002000 [id: 513] desired_size: 1247KB slow allocs: 0  refill waste: 19952B alloc: 0.46838    62351KB refills: 48 waste  0.6% gc: 381312B slow: 4624B fast: 0B
TLAB: gc thread: 0x00007fc9bc7a5800 [id: 512] desired_size: 1370KB slow allocs: 0  refill waste: 21928B alloc: 0.51482    68533KB refills: 53 waste  1.8% gc: 1311288B slow: 4256B fast: 0B
TLAB: gc thread: 0x00007fc9bc1a7000 [id: 508] desired_size: 2KB slow allocs: 0  refill waste: 32B alloc: 0.00015       20KB refills: 10 waste  0.8% gc: 0B slow: 160B fast: 0B
TLAB totals: thrds: 5  refills: 174 max: 53 slow allocs: 0 max 0 waste:  1.2% gc: 1693920B max: 1311288B slow: 12040B max: 4624B fast: 0B max: 0B
34901.883: [GC (Allocation Failure) GCTaskManager::set_active_gang(): all_workers_active()  1  workers 8  active  8  ParallelGCThreads 8 
JT: 3  workers 8  active  8  idle 0  more 0
34901.887: [SoftReference, 0 refs, 0.0000756 secs]34901.887: [WeakReference, 0 refs, 0.0000249 secs]34901.887: [FinalReference, 128 refs, 0.0002158 secs]34901.887: [PhantomReference, 0 refs, 0 refs, 0.0000252 secs]34901.887: [JNI Weak Reference, 0.0000364 secs]AdaptiveSizePolicy::update_averages:  survived: 327680  promoted: 0  overflow: false
AdaptiveSizeStart: 34901.889 collection: 41 
  avg_survived_padded_avg: 13434391.000000  avg_promoted_padded_avg: 2539481.750000  avg_pretenured_padded_avg: 0.000000  tenuring_thresh: 15  target_size: 13631488

Desired survivor size 13631488 bytes, new threshold 15 (max 15)
PSAdaptiveSizePolicy::compute_eden_space_size: costs minor_time: 0.000005 major_cost: 0.001668 mutator_cost: 0.998327 throughput_goal: 0.990000 live_space: 294777568 free_space: 404226048 old_eden_size: 136314880 desired_eden_size: 134217728
AdaptiveSizePolicy::survivor space sizes: collection: 41 (10485760, 524288) -> (10485760, 13631488) 
AdaptiveSizeStop: collection: 41 
[PSYoungGen: 133440K->320K(141312K)] 173662K->40542K(427008K), 0.0074838 secs] [Times: user=0.00 sys=0.00, real=0.01 secs] 
Heap after GC invocations=41 (full 1):
 PSYoungGen      total 141312K, used 320K [0x000000066bd00000, 0x0000000675700000, 0x00000007c0000000)
  eden space 131072K, 0% used [0x000000066bd00000,0x000000066bd00000,0x0000000673d00000)
  from space 10240K, 3% used [0x0000000674d00000,0x0000000674d50000,0x0000000675700000)
  to   space 13312K, 0% used [0x0000000673d00000,0x0000000673d00000,0x0000000674a00000)
 ParOldGen       total 285696K, used 40222K [0x00000003c3600000, 0x00000003d4d00000, 0x000000066bd00000)
  object space 285696K, 14% used [0x00000003c3600000,0x00000003c5d47a88,0x00000003d4d00000)
 Metaspace       used 25223K, capacity 25826K, committed 26112K, reserved 1073152K
  class space    used 2523K, capacity 2741K, committed 2816K, reserved 1048576K
}
34901.892: Total time for which application threads were stopped: 0.0093596 seconds, Stopping threads took: 0.0000755 seconds
35409.020: Application time: 507.1286963 seconds
35409.020: Total time for which application threads were stopped: 0.0000841 seconds, Stopping threads took: 0.0000279 seconds
35540.175: Application time: 131.1545103 seconds
{Heap before GC invocations=42 (full 1):
 PSYoungGen      total 141312K, used 131392K [0x000000066bd00000, 0x0000000675700000, 0x00000007c0000000)
  eden space 131072K, 100% used [0x000000066bd00000,0x0000000673d00000,0x0000000673d00000)
  from space 10240K, 3% used [0x0000000674d00000,0x0000000674d50000,0x0000000675700000)
  to   space 13312K, 0% used [0x0000000673d00000,0x0000000673d00000,0x0000000674a00000)
 ParOldGen       total 285696K, used 40222K [0x00000003c3600000, 0x00000003d4d00000, 0x000000066bd00000)
  object space 285696K, 14% used [0x00000003c3600000,0x00000003c5d47a88,0x00000003d4d00000)
 Metaspace       used 25224K, capacity 25826K, committed 26112K, reserved 1073152K
  class space    used 2523K, capacity 2741K, committed 2816K, reserved 1048576K
TLAB: gc thread: 0x00007fc910116000 [id: 746] desired_size: 17KB slow allocs: 0  refill waste: 280B alloc: 0.00677      887KB refills: 51 waste  1.8% gc: 13568B slow: 3136B fast: 0B
TLAB: gc thread: 0x00007fc9bc820000 [id: 524] desired_size: 2KB slow allocs: 0  refill waste: 32B alloc: 0.00019       25KB refills: 13 waste  7.1% gc: 1624B slow: 288B fast: 0B
TLAB: gc thread: 0x00007fc918002000 [id: 513] desired_size: 1204KB slow allocs: 0  refill waste: 19264B alloc: 0.45947    60224KB refills: 56 waste  0.0% gc: 0B slow: 4464B fast: 0B
TLAB: gc thread: 0x00007fc9bc7a5800 [id: 512] desired_size: 1375KB slow allocs: 0  refill waste: 22000B alloc: 0.52457    68756KB refills: 46 waste  0.1% gc: 46128B slow: 4176B fast: 0B
TLAB: gc thread: 0x00007fc9bc1a7000 [id: 508] desired_size: 2KB slow allocs: 0  refill waste: 32B alloc: 0.00015       20KB refills: 10 waste  3.1% gc: 496B slow: 144B fast: 0B
TLAB totals: thrds: 5  refills: 176 max: 56 slow allocs: 0 max 0 waste:  0.1% gc: 61816B max: 46128B slow: 12208B max: 4464B fast: 0B max: 0B
35540.175: [GC (Allocation Failure) GCTaskManager::set_active_gang(): all_workers_active()  1  workers 8  active  8  ParallelGCThreads 8 
JT: 3  workers 8  active  8  idle 0  more 0
35540.176: [SoftReference, 0 refs, 0.0000150 secs]35540.176: [WeakReference, 0 refs, 0.0000043 secs]35540.176: [FinalReference, 128 refs, 0.0000506 secs]35540.176: [PhantomReference, 0 refs, 0 refs, 0.0000047 secs]35540.176: [JNI Weak Reference, 0.0000063 secs]AdaptiveSizePolicy::update_averages:  survived: 360448  promoted: 8192  overflow: false
AdaptiveSizeStart: 35540.176 collection: 42 
  avg_survived_padded_avg: 12542785.000000  avg_promoted_padded_avg: 2325193.000000  avg_pretenured_padded_avg: 0.000000  tenuring_thresh: 15  target_size: 12582912

Desired survivor size 12582912 bytes, new threshold 15 (max 15)
PSAdaptiveSizePolicy::compute_eden_space_size: costs minor_time: 0.000004 major_cost: 0.001668 mutator_cost: 0.998328 throughput_goal: 0.990000 live_space: 294631616 free_space: 402128896 old_eden_size: 134217728 desired_eden_size: 132120576
AdaptiveSizePolicy::survivor space sizes: collection: 42 (13631488, 6291456) -> (524288, 12582912) 
AdaptiveSizeStop: collection: 42 
[PSYoungGen: 131392K->352K(129536K)] 171614K->40582K(415232K), 0.0017257 secs] [Times: user=0.00 sys=0.00, real=0.00 secs] 
Heap after GC invocations=42 (full 1):
 PSYoungGen      total 129536K, used 352K [0x000000066bd00000, 0x0000000675300000, 0x00000007c0000000)
  eden space 129024K, 0% used [0x000000066bd00000,0x000000066bd00000,0x0000000673b00000)
  from space 512K, 68% used [0x0000000673d00000,0x0000000673d58000,0x0000000673d80000)
  to   space 12288K, 0% used [0x0000000674700000,0x0000000674700000,0x0000000675300000)
 ParOldGen       total 285696K, used 40230K [0x00000003c3600000, 0x00000003d4d00000, 0x000000066bd00000)
  object space 285696K, 14% used [0x00000003c3600000,0x00000003c5d49a88,0x00000003d4d00000)
 Metaspace       used 25224K, capacity 25826K, committed 26112K, reserved 1073152K
  class space    used 2523K, capacity 2741K, committed 2816K, reserved 1048576K
}
35540.177: Total time for which application threads were stopped: 0.0020872 seconds, Stopping threads took: 0.0000209 seconds
36175.183: Application time: 635.0056531 seconds
{Heap before GC invocations=43 (full 1):
 PSYoungGen      total 129536K, used 129376K [0x000000066bd00000, 0x0000000675300000, 0x00000007c0000000)
  eden space 129024K, 100% used [0x000000066bd00000,0x0000000673b00000,0x0000000673b00000)
  from space 512K, 68% used [0x0000000673d00000,0x0000000673d58000,0x0000000673d80000)
  to   space 12288K, 0% used [0x0000000674700000,0x0000000674700000,0x0000000675300000)
 ParOldGen       total 285696K, used 40230K [0x00000003c3600000, 0x00000003d4d00000, 0x000000066bd00000)
  object space 285696K, 14% used [0x00000003c3600000,0x00000003c5d49a88,0x00000003d4d00000)
 Metaspace       used 25224K, capacity 25826K, committed 26112K, reserved 1073152K
  class space    used 2523K, capacity 2741K, committed 2816K, reserved 1048576K
TLAB: gc thread: 0x00007fc910116000 [id: 746] desired_size: 17KB slow allocs: 0  refill waste: 280B alloc: 0.00681      879KB refills: 50 waste  0.5% gc: 0B slow: 4408B fast: 0B
TLAB: gc thread: 0x00007fc9bc820000 [id: 524] desired_size: 2KB slow allocs: 0  refill waste: 32B alloc: 0.00019       25KB refills: 13 waste  7.6% gc: 1744B slow: 288B fast: 0B
TLAB: gc thread: 0x00007fc918002000 [id: 513] desired_size: 1234KB slow allocs: 0  refill waste: 19752B alloc: 0.47855    61745KB refills: 59 waste  0.1% gc: 82008B slow: 4800B fast: 0B
TLAB: gc thread: 0x00007fc9bc7a5800 [id: 512] desired_size: 1306KB slow allocs: 0  refill waste: 20904B alloc: 0.50646    65345KB refills: 43 waste  2.0% gc: 1169944B slow: 3760B fast: 0B
TLAB: gc thread: 0x00007fc9bc1a7000 [id: 508] desired_size: 2KB slow allocs: 0  refill waste: 32B alloc: 0.00015       19KB refills: 10 waste  3.4% gc: 560B slow: 144B fast: 0B
TLAB totals: thrds: 5  refills: 175 max: 59 slow allocs: 0 max 0 waste:  1.0% gc: 1254256B max: 1169944B slow: 13400B max: 4800B fast: 0B max: 0B
36175.183: [GC (Allocation Failure) GCTaskManager::set_active_gang(): all_workers_active()  1  workers 8  active  8  ParallelGCThreads 8 
JT: 3  workers 8  active  8  idle 0  more 0
36175.184: [SoftReference, 0 refs, 0.0000146 secs]36175.184: [WeakReference, 0 refs, 0.0000045 secs]36175.184: [FinalReference, 125 refs, 0.0000495 secs]36175.184: [PhantomReference, 0 refs, 0 refs, 0.0000046 secs]36175.184: [JNI Weak Reference, 0.0000066 secs]AdaptiveSizePolicy::update_averages:  survived: 360448  promoted: 16384  overflow: false
AdaptiveSizeStart: 36175.184 collection: 43 
  avg_survived_padded_avg: 11698759.000000  avg_promoted_padded_avg: 2127056.500000  avg_pretenured_padded_avg: 0.000000  tenuring_thresh: 15  target_size: 12058624

Desired survivor size 12058624 bytes, new threshold 15 (max 15)
PSAdaptiveSizePolicy::compute_eden_space_size: costs minor_time: 0.000004 major_cost: 0.001668 mutator_cost: 0.998328 throughput_goal: 0.990000 live_space: 294500256 free_space: 400031744 old_eden_size: 132120576 desired_eden_size: 130023424
AdaptiveSizePolicy::survivor space sizes: collection: 43 (9437184, 524288) -> (9437184, 12058624) 
AdaptiveSizeStop: collection: 43 
[PSYoungGen: 129376K->352K(136192K)] 169606K->40598K(421888K), 0.0016170 secs] [Times: user=0.00 sys=0.00, real=0.00 secs] 
Heap after GC invocations=43 (full 1):
 PSYoungGen      total 136192K, used 352K [0x000000066bd00000, 0x0000000675000000, 0x00000007c0000000)
  eden space 126976K, 0% used [0x000000066bd00000,0x000000066bd00000,0x0000000673900000)
  from space 9216K, 3% used [0x0000000674700000,0x0000000674758000,0x0000000675000000)
  to   space 11776K, 0% used [0x0000000673900000,0x0000000673900000,0x0000000674480000)
 ParOldGen       total 285696K, used 40246K [0x00000003c3600000, 0x00000003d4d00000, 0x000000066bd00000)
  object space 285696K, 14% used [0x00000003c3600000,0x00000003c5d4da88,0x00000003d4d00000)
 Metaspace       used 25224K, capacity 25826K, committed 26112K, reserved 1073152K
  class space    used 2523K, capacity 2741K, committed 2816K, reserved 1048576K
}
36175.185: Total time for which application threads were stopped: 0.0020011 seconds, Stopping threads took: 0.0000231 seconds
36785.587: Application time: 610.4020684 seconds
{Heap before GC invocations=44 (full 1):
 PSYoungGen      total 136192K, used 127328K [0x000000066bd00000, 0x0000000675000000, 0x00000007c0000000)
  eden space 126976K, 100% used [0x000000066bd00000,0x0000000673900000,0x0000000673900000)
  from space 9216K, 3% used [0x0000000674700000,0x0000000674758000,0x0000000675000000)
  to   space 11776K, 0% used [0x0000000673900000,0x0000000673900000,0x0000000674480000)
 ParOldGen       total 285696K, used 40246K [0x00000003c3600000, 0x00000003d4d00000, 0x000000066bd00000)
  object space 285696K, 14% used [0x00000003c3600000,0x00000003c5d4da88,0x00000003d4d00000)
 Metaspace       used 25224K, capacity 25826K, committed 26112K, reserved 1073152K
  class space    used 2523K, capacity 2741K, committed 2816K, reserved 1048576K
TLAB: gc thread: 0x00007fc910116000 [id: 746] desired_size: 17KB slow allocs: 0  refill waste: 272B alloc: 0.00683      867KB refills: 49 waste  0.4% gc: 0B slow: 3680B fast: 0B
TLAB: gc thread: 0x00007fc9bc820000 [id: 524] desired_size: 2KB slow allocs: 0  refill waste: 32B alloc: 0.00019       24KB refills: 12 waste  3.7% gc: 664B slow: 264B fast: 0B
TLAB: gc thread: 0x00007fc918002000 [id: 513] desired_size: 1283KB slow allocs: 0  refill waste: 20528B alloc: 0.50536    64169KB refills: 45 waste  0.8% gc: 472352B slow: 4904B fast: 0B
TLAB: gc thread: 0x00007fc9bc7a5800 [id: 512] desired_size: 1223KB slow allocs: 0  refill waste: 19568B alloc: 0.48171    61166KB refills: 56 waste  1.8% gc: 1250224B slow: 3864B fast: 0B
TLAB: gc thread: 0x00007fc9bc1a7000 [id: 508] desired_size: 2KB slow allocs: 0  refill waste: 32B alloc: 0.00015       19KB refills: 10 waste  7.3% gc: 1360B slow: 144B fast: 0B
TLAB totals: thrds: 5  refills: 172 max: 56 slow allocs: 0 max 0 waste:  1.3% gc: 1724600B max: 1250224B slow: 12856B max: 4904B fast: 0B max: 0B
36785.587: [GC (Allocation Failure) GCTaskManager::set_active_gang(): all_workers_active()  1  workers 8  active  8  ParallelGCThreads 8 
JT: 3  workers 8  active  8  idle 0  more 0
36785.590: [SoftReference, 0 refs, 0.0000847 secs]36785.590: [WeakReference, 0 refs, 0.0000224 secs]36785.590: [FinalReference, 122 refs, 0.0001937 secs]36785.591: [PhantomReference, 0 refs, 0 refs, 0.0000252 secs]36785.591: [JNI Weak Reference, 0.0000298 secs]AdaptiveSizePolicy::update_averages:  survived: 360448  promoted: 0  overflow: false
AdaptiveSizeStart: 36785.593 collection: 44 
  avg_survived_padded_avg: 10901715.000000  avg_promoted_padded_avg: 2114503.250000  avg_pretenured_padded_avg: 0.000000  tenuring_thresh: 15  target_size: 11010048

Desired survivor size 11010048 bytes, new threshold 15 (max 15)
PSAdaptiveSizePolicy::compute_eden_space_size: costs minor_time: 0.000005 major_cost: 0.001668 mutator_cost: 0.998327 throughput_goal: 0.990000 live_space: 294382016 free_space: 397934592 old_eden_size: 130023424 desired_eden_size: 127926272
AdaptiveSizePolicy::survivor space sizes: collection: 44 (12058624, 5242880) -> (524288, 11010048) 
AdaptiveSizeStop: collection: 44 
[PSYoungGen: 127328K->352K(125440K)] 167574K->40598K(411136K), 0.0065889 secs] [Times: user=0.00 sys=0.00, real=0.00 secs] 
Heap after GC invocations=44 (full 1):
 PSYoungGen      total 125440K, used 352K [0x000000066bd00000, 0x0000000674c00000, 0x00000007c0000000)
  eden space 124928K, 0% used [0x000000066bd00000,0x000000066bd00000,0x0000000673700000)
  from space 512K, 68% used [0x0000000673900000,0x0000000673958000,0x0000000673980000)
  to   space 10752K, 0% used [0x0000000674180000,0x0000000674180000,0x0000000674c00000)
 ParOldGen       total 285696K, used 40246K [0x00000003c3600000, 0x00000003d4d00000, 0x000000066bd00000)
  object space 285696K, 14% used [0x00000003c3600000,0x00000003c5d4da88,0x00000003d4d00000)
 Metaspace       used 25224K, capacity 25826K, committed 26112K, reserved 1073152K
  class space    used 2523K, capacity 2741K, committed 2816K, reserved 1048576K
}
36785.595: Total time for which application threads were stopped: 0.0083298 seconds, Stopping threads took: 0.0000750 seconds
37399.409: Application time: 613.8134801 seconds
{Heap before GC invocations=45 (full 1):
 PSYoungGen      total 125440K, used 125280K [0x000000066bd00000, 0x0000000674c00000, 0x00000007c0000000)
  eden space 124928K, 100% used [0x000000066bd00000,0x0000000673700000,0x0000000673700000)
  from space 512K, 68% used [0x0000000673900000,0x0000000673958000,0x0000000673980000)
  to   space 10752K, 0% used [0x0000000674180000,0x0000000674180000,0x0000000674c00000)
 ParOldGen       total 285696K, used 40246K [0x00000003c3600000, 0x00000003d4d00000, 0x000000066bd00000)
  object space 285696K, 14% used [0x00000003c3600000,0x00000003c5d4da88,0x00000003d4d00000)
 Metaspace       used 25224K, capacity 25826K, committed 26112K, reserved 1073152K
  class space    used 2523K, capacity 2741K, committed 2816K, reserved 1048576K
TLAB: gc thread: 0x00007fc910116000 [id: 746] desired_size: 16KB slow allocs: 0  refill waste: 264B alloc: 0.00679      849KB refills: 51 waste  2.0% gc: 13928B slow: 3872B fast: 0B
TLAB: gc thread: 0x00007fc9bc820000 [id: 524] desired_size: 2KB slow allocs: 0  refill waste: 32B alloc: 0.00019       23KB refills: 12 waste  3.1% gc: 504B slow: 264B fast: 0B
TLAB: gc thread: 0x00007fc918002000 [id: 513] desired_size: 1210KB slow allocs: 0  refill waste: 19368B alloc: 0.48463    60544KB refills: 67 waste  0.0% gc: 0B slow: 6312B fast: 0B
TLAB: gc thread: 0x00007fc9bc7a5800 [id: 512] desired_size: 1246KB slow allocs: 0  refill waste: 19944B alloc: 0.49903    62343KB refills: 35 waste  1.9% gc: 835336B slow: 8960B fast: 0B
TLAB: gc thread: 0x00007fc9bc1a7000 [id: 508] desired_size: 2KB slow allocs: 0  refill waste: 32B alloc: 0.00015       19KB refills: 10 waste  6.8% gc: 1264B slow: 144B fast: 0B
TLAB totals: thrds: 5  refills: 175 max: 67 slow allocs: 0 max 0 waste:  0.7% gc: 851032B max: 835336B slow: 19552B max: 8960B fast: 0B max: 0B
37399.409: [GC (Allocation Failure) GCTaskManager::set_active_gang(): all_workers_active()  1  workers 8  active  8  ParallelGCThreads 8 
JT: 3  workers 8  active  8  idle 0  more 0
37399.410: [SoftReference, 0 refs, 0.0000148 secs]37399.410: [WeakReference, 0 refs, 0.0000044 secs]37399.410: [FinalReference, 122 refs, 0.0000819 secs]37399.410: [PhantomReference, 0 refs, 0 refs, 0.0000051 secs]37399.410: [JNI Weak Reference, 0.0000061 secs]AdaptiveSizePolicy::update_averages:  survived: 393216  promoted: 0  overflow: false
AdaptiveSizeStart: 37399.410 collection: 45 
  avg_survived_padded_avg: 10145126.000000  avg_promoted_padded_avg: 2103205.500000  avg_pretenured_padded_avg: 0.000000  tenuring_thresh: 15  target_size: 10485760

Desired survivor size 10485760 bytes, new threshold 15 (max 15)
PSAdaptiveSizePolicy::compute_eden_space_size: costs minor_time: 0.000004 major_cost: 0.001668 mutator_cost: 0.998328 throughput_goal: 0.990000 live_space: 294278912 free_space: 395837440 old_eden_size: 127926272 desired_eden_size: 126353408
AdaptiveSizePolicy::survivor space sizes: collection: 45 (8388608, 524288) -> (8388608, 10485760) 
AdaptiveSizeStop: collection: 45 
[PSYoungGen: 125280K->384K(131584K)] 165526K->40630K(417280K), 0.0017418 secs] [Times: user=0.00 sys=0.00, real=0.00 secs] 
Heap after GC invocations=45 (full 1):
 PSYoungGen      total 131584K, used 384K [0x000000066bd00000, 0x0000000674980000, 0x00000007c0000000)
  eden space 123392K, 0% used [0x000000066bd00000,0x000000066bd00000,0x0000000673580000)
  from space 8192K, 4% used [0x0000000674180000,0x00000006741e0000,0x0000000674980000)
  to   space 10240K, 0% used [0x0000000673580000,0x0000000673580000,0x0000000673f80000)
 ParOldGen       total 285696K, used 40246K [0x00000003c3600000, 0x00000003d4d00000, 0x000000066bd00000)
  object space 285696K, 14% used [0x00000003c3600000,0x00000003c5d4da88,0x00000003d4d00000)
 Metaspace       used 25224K, capacity 25826K, committed 26112K, reserved 1073152K
  class space    used 2523K, capacity 2741K, committed 2816K, reserved 1048576K
}
37399.411: Total time for which application threads were stopped: 0.0023423 seconds, Stopping threads took: 0.0000222 seconds
38001.564: Application time: 602.1531227 seconds
{Heap before GC invocations=46 (full 1):
 PSYoungGen      total 131584K, used 123776K [0x000000066bd00000, 0x0000000674980000, 0x00000007c0000000)
  eden space 123392K, 100% used [0x000000066bd00000,0x0000000673580000,0x0000000673580000)
  from space 8192K, 4% used [0x0000000674180000,0x00000006741e0000,0x0000000674980000)
  to   space 10240K, 0% used [0x0000000673580000,0x0000000673580000,0x0000000673f80000)
 ParOldGen       total 285696K, used 40246K [0x00000003c3600000, 0x00000003d4d00000, 0x000000066bd00000)
  object space 285696K, 14% used [0x00000003c3600000,0x00000003c5d4da88,0x00000003d4d00000)
 Metaspace       used 25224K, capacity 25826K, committed 26112K, reserved 1073152K
  class space    used 2523K, capacity 2741K, committed 2816K, reserved 1048576K
TLAB: gc thread: 0x00007fc910116000 [id: 746] desired_size: 16KB slow allocs: 0  refill waste: 264B alloc: 0.00680      839KB refills: 50 waste  0.5% gc: 0B slow: 4024B fast: 0B
TLAB: gc thread: 0x00007fc9bc820000 [id: 524] desired_size: 2KB slow allocs: 0  refill waste: 32B alloc: 0.00019       23KB refills: 12 waste  5.0% gc: 984B slow: 264B fast: 0B
TLAB: gc thread: 0x00007fc918002000 [id: 513] desired_size: 1337KB slow allocs: 0  refill waste: 21392B alloc: 0.54187    66863KB refills: 50 waste  0.4% gc: 270760B slow: 6416B fast: 0B
TLAB: gc thread: 0x00007fc9bc7a5800 [id: 512] desired_size: 1093KB slow allocs: 0  refill waste: 17496B alloc: 0.44316    54682KB refills: 51 waste  1.3% gc: 737736B slow: 4008B fast: 0B
TLAB: gc thread: 0x00007fc9bc1a7000 [id: 508] desired_size: 2KB slow allocs: 0  refill waste: 32B alloc: 0.00015       19KB refills: 10 waste  8.5% gc: 1616B slow: 144B fast: 0B
TLAB totals: thrds: 5  refills: 173 max: 51 slow allocs: 0 max 0 waste:  0.8% gc: 1011096B max: 737736B slow: 14856B max: 6416B fast: 0B max: 0B
38001.564: [GC (Allocation Failure) GCTaskManager::set_active_gang(): all_workers_active()  1  workers 8  active  8  ParallelGCThreads 8 
JT: 3  workers 8  active  8  idle 0  more 0
38001.568: [SoftReference, 0 refs, 0.0000733 secs]38001.568: [WeakReference, 0 refs, 0.0000228 secs]38001.568: [FinalReference, 119 refs, 0.0001926 secs]38001.568: [PhantomReference, 0 refs, 0 refs, 0.0000260 secs]38001.568: [JNI Weak Reference, 0.0000291 secs]AdaptiveSizePolicy::update_averages:  survived: 393216  promoted: 0  overflow: false
AdaptiveSizeStart: 38001.570 collection: 46 
  avg_survived_padded_avg: 9434771.000000  avg_promoted_padded_avg: 2093037.375000  avg_pretenured_padded_avg: 0.000000  tenuring_thresh: 15  target_size: 9437184

Desired survivor size 9437184 bytes, new threshold 15 (max 15)
PSAdaptiveSizePolicy::compute_eden_space_size: costs minor_time: 0.000005 major_cost: 0.001668 mutator_cost: 0.998326 throughput_goal: 0.990000 live_space: 294186080 free_space: 394264576 old_eden_size: 126353408 desired_eden_size: 124780544
AdaptiveSizePolicy::survivor space sizes: collection: 46 (10485760, 4718592) -> (524288, 9437184) 
AdaptiveSizeStop: collection: 46 
[PSYoungGen: 123776K->384K(122368K)] 164022K->40630K(408064K), 0.0064901 secs] [Times: user=0.00 sys=0.00, real=0.01 secs] 
Heap after GC invocations=46 (full 1):
 PSYoungGen      total 122368K, used 384K [0x000000066bd00000, 0x0000000674600000, 0x00000007c0000000)
  eden space 121856K, 0% used [0x000000066bd00000,0x000000066bd00000,0x0000000673400000)
  from space 512K, 75% used [0x0000000673580000,0x00000006735e0000,0x0000000673600000)
  to   space 9216K, 0% used [0x0000000673d00000,0x0000000673d00000,0x0000000674600000)
 ParOldGen       total 285696K, used 40246K [0x00000003c3600000, 0x00000003d4d00000, 0x000000066bd00000)
  object space 285696K, 14% used [0x00000003c3600000,0x00000003c5d4da88,0x00000003d4d00000)
 Metaspace       used 25224K, capacity 25826K, committed 26112K, reserved 1073152K
  class space    used 2523K, capacity 2741K, committed 2816K, reserved 1048576K
}
38001.572: Total time for which application threads were stopped: 0.0081409 seconds, Stopping threads took: 0.0000751 seconds
38591.697: Application time: 590.1251629 seconds
{Heap before GC invocations=47 (full 1):
 PSYoungGen      total 122368K, used 122240K [0x000000066bd00000, 0x0000000674600000, 0x00000007c0000000)
  eden space 121856K, 100% used [0x000000066bd00000,0x0000000673400000,0x0000000673400000)
  from space 512K, 75% used [0x0000000673580000,0x00000006735e0000,0x0000000673600000)
  to   space 9216K, 0% used [0x0000000673d00000,0x0000000673d00000,0x0000000674600000)
 ParOldGen       total 285696K, used 40246K [0x00000003c3600000, 0x00000003d4d00000, 0x000000066bd00000)
  object space 285696K, 14% used [0x00000003c3600000,0x00000003c5d4da88,0x00000003d4d00000)
 Metaspace       used 25224K, capacity 25826K, committed 26112K, reserved 1073152K
  class space    used 2523K, capacity 2741K, committed 2816K, reserved 1048576K
TLAB: gc thread: 0x00007fc910116000 [id: 746] desired_size: 16KB slow allocs: 0  refill waste: 264B alloc: 0.00681      830KB refills: 49 waste  0.4% gc: 336B slow: 3384B fast: 0B
TLAB: gc thread: 0x00007fc9bc820000 [id: 524] desired_size: 2KB slow allocs: 0  refill waste: 32B alloc: 0.00019       23KB refills: 12 waste  7.0% gc: 1464B slow: 264B fast: 0B
TLAB: gc thread: 0x00007fc918002000 [id: 513] desired_size: 1311KB slow allocs: 0  refill waste: 20976B alloc: 0.53811    65572KB refills: 44 waste  0.0% gc: 0B slow: 5952B fast: 0B
TLAB: gc thread: 0x00007fc9bc7a5800 [id: 512] desired_size: 1083KB slow allocs: 0  refill waste: 17328B alloc: 0.44439    54152KB refills: 59 waste  1.1% gc: 710432B slow: 4848B fast: 0B
TLAB: gc thread: 0x00007fc9bc1a7000 [id: 508] desired_size: 2KB slow allocs: 0  refill waste: 32B alloc: 0.00015       19KB refills: 10 waste 10.4% gc: 2000B slow: 144B fast: 0B
TLAB totals: thrds: 5  refills: 174 max: 59 slow allocs: 0 max 0 waste:  0.6% gc: 714232B max: 710432B slow: 14592B max: 5952B fast: 0B max: 0B
38591.697: [GC (Allocation Failure) GCTaskManager::set_active_gang(): all_workers_active()  1  workers 8  active  8  ParallelGCThreads 8 
JT: 3  workers 8  active  8  idle 0  more 0
38591.698: [SoftReference, 0 refs, 0.0000153 secs]38591.698: [WeakReference, 0 refs, 0.0000043 secs]38591.698: [FinalReference, 118 refs, 0.0000457 secs]38591.698: [PhantomReference, 0 refs, 0 refs, 0.0000044 secs]38591.698: [JNI Weak Reference, 0.0000064 secs]AdaptiveSizePolicy::update_averages:  survived: 360448  promoted: 0  overflow: false
AdaptiveSizeStart: 38591.699 collection: 47 
  avg_survived_padded_avg: 8774538.000000  avg_promoted_padded_avg: 2083886.125000  avg_pretenured_padded_avg: 0.000000  tenuring_thresh: 15  target_size: 8912896

Desired survivor size 8912896 bytes, new threshold 15 (max 15)
PSAdaptiveSizePolicy::compute_eden_space_size: costs minor_time: 0.000005 major_cost: 0.001668 mutator_cost: 0.998327 throughput_goal: 0.990000 live_space: 294099264 free_space: 392691712 old_eden_size: 124780544 desired_eden_size: 123207680
AdaptiveSizePolicy::survivor space sizes: collection: 47 (6815744, 524288) -> (6815744, 8912896) 
AdaptiveSizeStop: collection: 47 
[PSYoungGen: 122240K->352K(126976K)] 162486K->40598K(412672K), 0.0015300 secs] [Times: user=0.00 sys=0.00, real=0.00 secs] 
Heap after GC invocations=47 (full 1):
 PSYoungGen      total 126976K, used 352K [0x000000066bd00000, 0x0000000674380000, 0x00000007c0000000)
  eden space 120320K, 0% used [0x000000066bd00000,0x000000066bd00000,0x0000000673280000)
  from space 6656K, 5% used [0x0000000673d00000,0x0000000673d58000,0x0000000674380000)
  to   space 8704K, 0% used [0x0000000673280000,0x0000000673280000,0x0000000673b00000)
 ParOldGen       total 285696K, used 40246K [0x00000003c3600000, 0x00000003d4d00000, 0x000000066bd00000)
  object space 285696K, 14% used [0x00000003c3600000,0x00000003c5d4da88,0x00000003d4d00000)
 Metaspace       used 25224K, capacity 25826K, committed 26112K, reserved 1073152K
  class space    used 2523K, capacity 2741K, committed 2816K, reserved 1048576K
}
38591.699: Total time for which application threads were stopped: 0.0019033 seconds, Stopping threads took: 0.0000211 seconds
39187.865: Application time: 596.1658034 seconds
{Heap before GC invocations=48 (full 1):
 PSYoungGen      total 126976K, used 120672K [0x000000066bd00000, 0x0000000674380000, 0x00000007c0000000)
  eden space 120320K, 100% used [0x000000066bd00000,0x0000000673280000,0x0000000673280000)
  from space 6656K, 5% used [0x0000000673d00000,0x0000000673d58000,0x0000000674380000)
  to   space 8704K, 0% used [0x0000000673280000,0x0000000673280000,0x0000000673b00000)
 ParOldGen       total 285696K, used 40246K [0x00000003c3600000, 0x00000003d4d00000, 0x000000066bd00000)
  object space 285696K, 14% used [0x00000003c3600000,0x00000003c5d4da88,0x00000003d4d00000)
 Metaspace       used 25224K, capacity 25826K, committed 26112K, reserved 1073152K
  class space    used 2523K, capacity 2741K, committed 2816K, reserved 1048576K
TLAB: gc thread: 0x00007fc910116000 [id: 746] desired_size: 16KB slow allocs: 0  refill waste: 256B alloc: 0.00672      809KB refills: 52 waste  1.3% gc: 7376B slow: 3432B fast: 0B
TLAB: gc thread: 0x00007fc9bc820000 [id: 524] desired_size: 2KB slow allocs: 0  refill waste: 32B alloc: 0.00019       23KB refills: 12 waste  6.0% gc: 1224B slow: 264B fast: 0B
TLAB: gc thread: 0x00007fc918002000 [id: 513] desired_size: 1242KB slow allocs: 0  refill waste: 19880B alloc: 0.51634    62126KB refills: 53 waste  0.9% gc: 602576B slow: 4576B fast: 0B
TLAB: gc thread: 0x00007fc9bc7a5800 [id: 512] desired_size: 1131KB slow allocs: 0  refill waste: 18104B alloc: 0.47036    56594KB refills: 48 waste  0.0% gc: 0B slow: 4400B fast: 0B
TLAB: gc thread: 0x00007fc9bc1a7000 [id: 508] desired_size: 2KB slow allocs: 0  refill waste: 32B alloc: 0.00015       18KB refills: 10 waste  9.5% gc: 1808B slow: 144B fast: 0B
TLAB totals: thrds: 5  refills: 175 max: 53 slow allocs: 0 max 0 waste:  0.5% gc: 612984B max: 602576B slow: 12816B max: 4576B fast: 0B max: 0B
39187.865: [GC (Allocation Failure) GCTaskManager::set_active_gang(): all_workers_active()  1  workers 8  active  8  ParallelGCThreads 8 
JT: 3  workers 8  active  8  idle 0  more 0
39187.866: [SoftReference, 0 refs, 0.0000172 secs]39187.866: [WeakReference, 0 refs, 0.0000052 secs]39187.866: [FinalReference, 119 refs, 0.0000471 secs]39187.866: [PhantomReference, 0 refs, 0 refs, 0.0000044 secs]39187.866: [JNI Weak Reference, 0.0000067 secs]AdaptiveSizePolicy::update_averages:  survived: 393216  promoted: 0  overflow: false
AdaptiveSizeStart: 39187.867 collection: 48 
  avg_survived_padded_avg: 8150037.000000  avg_promoted_padded_avg: 2075650.000000  avg_pretenured_padded_avg: 0.000000  tenuring_thresh: 15  target_size: 8388608

Desired survivor size 8388608 bytes, new threshold 15 (max 15)
PSAdaptiveSizePolicy::compute_eden_space_size: costs minor_time: 0.000004 major_cost: 0.001668 mutator_cost: 0.998328 throughput_goal: 0.990000 live_space: 294024416 free_space: 391118848 old_eden_size: 123207680 desired_eden_size: 121634816
AdaptiveSizePolicy::survivor space sizes: collection: 48 (8912896, 4194304) -> (524288, 8388608) 
AdaptiveSizeStop: collection: 48 
[PSYoungGen: 120672K->384K(119296K)] 160918K->40630K(404992K), 0.0019089 secs] [Times: user=0.00 sys=0.00, real=0.00 secs] 
Heap after GC invocations=48 (full 1):
 PSYoungGen      total 119296K, used 384K [0x000000066bd00000, 0x0000000674100000, 0x00000007c0000000)
  eden space 118784K, 0% used [0x000000066bd00000,0x000000066bd00000,0x0000000673100000)
  from space 512K, 75% used [0x0000000673280000,0x00000006732e0000,0x0000000673300000)
  to   space 8192K, 0% used [0x0000000673900000,0x0000000673900000,0x0000000674100000)
 ParOldGen       total 285696K, used 40246K [0x00000003c3600000, 0x00000003d4d00000, 0x000000066bd00000)
  object space 285696K, 14% used [0x00000003c3600000,0x00000003c5d4da88,0x00000003d4d00000)
 Metaspace       used 25224K, capacity 25826K, committed 26112K, reserved 1073152K
  class space    used 2523K, capacity 2741K, committed 2816K, reserved 1048576K
}
39187.867: Total time for which application threads were stopped: 0.0022588 seconds, Stopping threads took: 0.0000202 seconds
39763.873: Application time: 576.0052870 seconds
{Heap before GC invocations=49 (full 1):
 PSYoungGen      total 119296K, used 119168K [0x000000066bd00000, 0x0000000674100000, 0x00000007c0000000)
  eden space 118784K, 100% used [0x000000066bd00000,0x0000000673100000,0x0000000673100000)
  from space 512K, 75% used [0x0000000673280000,0x00000006732e0000,0x0000000673300000)
  to   space 8192K, 0% used [0x0000000673900000,0x0000000673900000,0x0000000674100000)
 ParOldGen       total 285696K, used 40246K [0x00000003c3600000, 0x00000003d4d00000, 0x000000066bd00000)
  object space 285696K, 14% used [0x00000003c3600000,0x00000003c5d4da88,0x00000003d4d00000)
 Metaspace       used 25224K, capacity 25826K, committed 26112K, reserved 1073152K
  class space    used 2523K, capacity 2741K, committed 2816K, reserved 1048576K
TLAB: gc thread: 0x00007fc910116000 [id: 746] desired_size: 16KB slow allocs: 0  refill waste: 256B alloc: 0.00682      810KB refills: 50 waste  1.7% gc: 10784B slow: 3192B fast: 0B
TLAB: gc thread: 0x00007fc9bc820000 [id: 524] desired_size: 2KB slow allocs: 0  refill waste: 32B alloc: 0.00019       23KB refills: 12 waste  9.1% gc: 1984B slow: 264B fast: 0B
TLAB: gc thread: 0x00007fc918002000 [id: 513] desired_size: 1243KB slow allocs: 0  refill waste: 19896B alloc: 0.52358    62193KB refills: 45 waste  1.6% gc: 941784B slow: 3672B fast: 0B
TLAB: gc thread: 0x00007fc9bc7a5800 [id: 512] desired_size: 1099KB slow allocs: 0  refill waste: 17584B alloc: 0.46267    54958KB refills: 57 waste  0.0% gc: 0B slow: 4184B fast: 0B
TLAB: gc thread: 0x00007fc9bc1a7000 [id: 508] desired_size: 2KB slow allocs: 0  refill waste: 32B alloc: 0.00015       18KB refills: 9 waste  2.7% gc: 368B slow: 128B fast: 0B
TLAB totals: thrds: 5  refills: 173 max: 57 slow allocs: 0 max 0 waste:  0.8% gc: 954920B max: 941784B slow: 11440B max: 4184B fast: 0B max: 0B
39763.873: [GC (Allocation Failure) GCTaskManager::set_active_gang(): all_workers_active()  1  workers 8  active  8  ParallelGCThreads 8 
JT: 3  workers 8  active  8  idle 0  more 0
39763.874: [SoftReference, 0 refs, 0.0000146 secs]39763.874: [WeakReference, 0 refs, 0.0000046 secs]39763.874: [FinalReference, 115 refs, 0.0000465 secs]39763.874: [PhantomReference, 0 refs, 0 refs, 0.0000046 secs]39763.874: [JNI Weak Reference, 0.0000067 secs]AdaptiveSizePolicy::update_averages:  survived: 360448  promoted: 0  overflow: false
AdaptiveSizeStart: 39763.874 collection: 49 
  avg_survived_padded_avg: 7572194.500000  avg_promoted_padded_avg: 2068237.375000  avg_pretenured_padded_avg: 0.000000  tenuring_thresh: 15  target_size: 7864320

Desired survivor size 7864320 bytes, new threshold 15 (max 15)
PSAdaptiveSizePolicy::compute_eden_space_size: costs minor_time: 0.000004 major_cost: 0.001668 mutator_cost: 0.998328 throughput_goal: 0.990000 live_space: 293953792 free_space: 389545984 old_eden_size: 121634816 desired_eden_size: 120061952
AdaptiveSizePolicy::survivor space sizes: collection: 49 (5767168, 524288) -> (5767168, 7864320) 
AdaptiveSizeStop: collection: 49 
[PSYoungGen: 119168K->352K(122880K)] 159414K->40598K(408576K), 0.0017659 secs] [Times: user=0.00 sys=0.00, real=0.00 secs] 
Heap after GC invocations=49 (full 1):
 PSYoungGen      total 122880K, used 352K [0x000000066bd00000, 0x0000000673e80000, 0x00000007c0000000)
  eden space 117248K, 0% used [0x000000066bd00000,0x000000066bd00000,0x0000000672f80000)
  from space 5632K, 6% used [0x0000000673900000,0x0000000673958000,0x0000000673e80000)
  to   space 7680K, 0% used [0x0000000672f80000,0x0000000672f80000,0x0000000673700000)
 ParOldGen       total 285696K, used 40246K [0x00000003c3600000, 0x00000003d4d00000, 0x000000066bd00000)
  object space 285696K, 14% used [0x00000003c3600000,0x00000003c5d4da88,0x00000003d4d00000)
 Metaspace       used 25224K, capacity 25826K, committed 26112K, reserved 1073152K
  class space    used 2523K, capacity 2741K, committed 2816K, reserved 1048576K
}
39763.875: Total time for which application threads were stopped: 0.0021282 seconds, Stopping threads took: 0.0000222 seconds
40338.396: Application time: 574.5212712 seconds
{Heap before GC invocations=50 (full 1):
 PSYoungGen      total 122880K, used 117600K [0x000000066bd00000, 0x0000000673e80000, 0x00000007c0000000)
  eden space 117248K, 100% used [0x000000066bd00000,0x0000000672f80000,0x0000000672f80000)
  from space 5632K, 6% used [0x0000000673900000,0x0000000673958000,0x0000000673e80000)
  to   space 7680K, 0% used [0x0000000672f80000,0x0000000672f80000,0x0000000673700000)
 ParOldGen       total 285696K, used 40246K [0x00000003c3600000, 0x00000003d4d00000, 0x000000066bd00000)
  object space 285696K, 14% used [0x00000003c3600000,0x00000003c5d4da88,0x00000003d4d00000)
 Metaspace       used 25224K, capacity 25826K, committed 26112K, reserved 1073152K
  class space    used 2523K, capacity 2741K, committed 2816K, reserved 1048576K
TLAB: gc thread: 0x00007fc910116000 [id: 746] desired_size: 15KB slow allocs: 0  refill waste: 248B alloc: 0.00681      798KB refills: 50 waste  0.4% gc: 0B slow: 3240B fast: 0B
TLAB: gc thread: 0x00007fc9bc820000 [id: 524] desired_size: 2KB slow allocs: 0  refill waste: 32B alloc: 0.00019       23KB refills: 11 waste  1.2% gc: 24B slow: 240B fast: 0B
TLAB: gc thread: 0x00007fc918002000 [id: 513] desired_size: 1180KB slow allocs: 0  refill waste: 18888B alloc: 0.50352    59037KB refills: 44 waste  1.6% gc: 840816B slow: 5600B fast: 0B
TLAB: gc thread: 0x00007fc9bc7a5800 [id: 512] desired_size: 1133KB slow allocs: 0  refill waste: 18128B alloc: 0.48325    56660KB refills: 57 waste  1.0% gc: 677392B slow: 4544B fast: 0B
TLAB: gc thread: 0x00007fc9bc1a7000 [id: 508] desired_size: 2KB slow allocs: 0  refill waste: 32B alloc: 0.00015       17KB refills: 9 waste  3.0% gc: 432B slow: 128B fast: 0B
TLAB totals: thrds: 5  refills: 171 max: 57 slow allocs: 0 max 0 waste:  1.3% gc: 1518664B max: 840816B slow: 13752B max: 5600B fast: 0B max: 0B
40338.396: [GC (Allocation Failure) GCTaskManager::set_active_gang(): all_workers_active()  1  workers 8  active  8  ParallelGCThreads 8 
JT: 3  workers 8  active  8  idle 0  more 0
40338.398: [SoftReference, 0 refs, 0.0000201 secs]40338.398: [WeakReference, 0 refs, 0.0000081 secs]40338.398: [FinalReference, 113 refs, 0.0000586 secs]40338.398: [PhantomReference, 0 refs, 0 refs, 0.0000071 secs]40338.398: [JNI Weak Reference, 0.0000088 secs]AdaptiveSizePolicy::update_averages:  survived: 360448  promoted: 0  overflow: false
AdaptiveSizeStart: 40338.399 collection: 50 
  avg_survived_padded_avg: 7032024.000000  avg_promoted_padded_avg: 2061566.125000  avg_pretenured_padded_avg: 0.000000  tenuring_thresh: 15  target_size: 7340032

Desired survivor size 7340032 bytes, new threshold 15 (max 15)
PSAdaptiveSizePolicy::compute_eden_space_size: costs minor_time: 0.000004 major_cost: 0.001668 mutator_cost: 0.998328 throughput_goal: 0.990000 live_space: 293890208 free_space: 387973120 old_eden_size: 120061952 desired_eden_size: 118489088
AdaptiveSizePolicy::survivor space sizes: collection: 50 (7864320, 3145728) -> (524288, 7340032) 
AdaptiveSizeStop: collection: 50 
[PSYoungGen: 117600K->352K(116224K)] 157846K->40598K(401920K), 0.0028498 secs] [Times: user=0.00 sys=0.00, real=0.00 secs] 
Heap after GC invocations=50 (full 1):
 PSYoungGen      total 116224K, used 352K [0x000000066bd00000, 0x0000000673c00000, 0x00000007c0000000)
  eden space 115712K, 0% used [0x000000066bd00000,0x000000066bd00000,0x0000000672e00000)
  from space 512K, 68% used [0x0000000672f80000,0x0000000672fd8000,0x0000000673000000)
  to   space 7168K, 0% used [0x0000000673500000,0x0000000673500000,0x0000000673c00000)
 ParOldGen       total 285696K, used 40246K [0x00000003c3600000, 0x00000003d4d00000, 0x000000066bd00000)
  object space 285696K, 14% used [0x00000003c3600000,0x00000003c5d4da88,0x00000003d4d00000)
 Metaspace       used 25224K, capacity 25826K, committed 26112K, reserved 1073152K
  class space    used 2523K, capacity 2741K, committed 2816K, reserved 1048576K
}
40338.399: Total time for which application threads were stopped: 0.0033618 seconds, Stopping threads took: 0.0000286 seconds
40905.611: Application time: 567.2119087 seconds
{Heap before GC invocations=51 (full 1):
 PSYoungGen      total 116224K, used 116064K [0x000000066bd00000, 0x0000000673c00000, 0x00000007c0000000)
  eden space 115712K, 100% used [0x000000066bd00000,0x0000000672e00000,0x0000000672e00000)
  from space 512K, 68% used [0x0000000672f80000,0x0000000672fd8000,0x0000000673000000)
  to   space 7168K, 0% used [0x0000000673500000,0x0000000673500000,0x0000000673c00000)
 ParOldGen       total 285696K, used 40246K [0x00000003c3600000, 0x00000003d4d00000, 0x000000066bd00000)
  object space 285696K, 14% used [0x00000003c3600000,0x00000003c5d4da88,0x00000003d4d00000)
 Metaspace       used 25226K, capacity 25826K, committed 26112K, reserved 1073152K
  class space    used 2523K, capacity 2741K, committed 2816K, reserved 1048576K
TLAB: gc thread: 0x00007fc910116000 [id: 746] desired_size: 15KB slow allocs: 0  refill waste: 248B alloc: 0.00683      790KB refills: 50 waste  0.8% gc: 3072B slow: 3544B fast: 0B
TLAB: gc thread: 0x00007fc9bc820000 [id: 524] desired_size: 2KB slow allocs: 0  refill waste: 32B alloc: 0.00019       22KB refills: 11 waste  2.2% gc: 264B slow: 240B fast: 0B
TLAB: gc thread: 0x00007fc918002000 [id: 513] desired_size: 1110KB slow allocs: 0  refill waste: 17760B alloc: 0.47985    55524KB refills: 58 waste  0.0% gc: 0B slow: 6584B fast: 0B
TLAB: gc thread: 0x00007fc9bc7a5800 [id: 512] desired_size: 1165KB slow allocs: 0  refill waste: 18640B alloc: 0.50356    58267KB refills: 44 waste  0.6% gc: 315280B slow: 4440B fast: 0B
TLAB: gc thread: 0x00007fc9bc1a7000 [id: 508] desired_size: 2KB slow allocs: 0  refill waste: 32B alloc: 0.00015       17KB refills: 9 waste  4.2% gc: 656B slow: 128B fast: 0B
TLAB totals: thrds: 5  refills: 172 max: 58 slow allocs: 0 max 0 waste:  0.3% gc: 319272B max: 315280B slow: 14936B max: 6584B fast: 0B max: 0B
40905.611: [GC (Allocation Failure) GCTaskManager::set_active_gang(): all_workers_active()  1  workers 8  active  8  ParallelGCThreads 8 
JT: 3  workers 8  active  8  idle 0  more 0
40905.613: [SoftReference, 0 refs, 0.0000164 secs]40905.613: [WeakReference, 0 refs, 0.0000048 secs]40905.613: [FinalReference, 114 refs, 0.0000470 secs]40905.613: [PhantomReference, 0 refs, 0 refs, 0.0000047 secs]40905.613: [JNI Weak Reference, 0.0000077 secs]AdaptiveSizePolicy::update_averages:  survived: 360448  promoted: 16384  overflow: false
AdaptiveSizeStart: 40905.613 collection: 51 
  avg_survived_padded_avg: 6527770.000000  avg_promoted_padded_avg: 1868835.500000  avg_pretenured_padded_avg: 0.000000  tenuring_thresh: 15  target_size: 6815744

Desired survivor size 6815744 bytes, new threshold 15 (max 15)
PSAdaptiveSizePolicy::compute_eden_space_size: costs minor_time: 0.000004 major_cost: 0.001668 mutator_cost: 0.998328 throughput_goal: 0.990000 live_space: 293832992 free_space: 386400256 old_eden_size: 118489088 desired_eden_size: 116916224
AdaptiveSizePolicy::survivor space sizes: collection: 51 (4718592, 524288) -> (4718592, 6815744) 
AdaptiveSizeStop: collection: 51 
[PSYoungGen: 116064K->352K(118784K)] 156310K->40614K(404480K), 0.0019548 secs] [Times: user=0.00 sys=0.00, real=0.00 secs] 
Heap after GC invocations=51 (full 1):
 PSYoungGen      total 118784K, used 352K [0x000000066bd00000, 0x0000000673980000, 0x00000007c0000000)
  eden space 114176K, 0% used [0x000000066bd00000,0x000000066bd00000,0x0000000672c80000)
  from space 4608K, 7% used [0x0000000673500000,0x0000000673558000,0x0000000673980000)
  to   space 6656K, 0% used [0x0000000672c80000,0x0000000672c80000,0x0000000673300000)
 ParOldGen       total 285696K, used 40262K [0x00000003c3600000, 0x00000003d4d00000, 0x000000066bd00000)
  object space 285696K, 14% used [0x00000003c3600000,0x00000003c5d51a88,0x00000003d4d00000)
 Metaspace       used 25226K, capacity 25826K, committed 26112K, reserved 1073152K
  class space    used 2523K, capacity 2741K, committed 2816K, reserved 1048576K
}
40905.614: Total time for which application threads were stopped: 0.0023242 seconds, Stopping threads took: 0.0000216 seconds
41454.284: Application time: 548.6707368 seconds
{Heap before GC invocations=52 (full 1):
 PSYoungGen      total 118784K, used 114528K [0x000000066bd00000, 0x0000000673980000, 0x00000007c0000000)
  eden space 114176K, 100% used [0x000000066bd00000,0x0000000672c80000,0x0000000672c80000)
  from space 4608K, 7% used [0x0000000673500000,0x0000000673558000,0x0000000673980000)
  to   space 6656K, 0% used [0x0000000672c80000,0x0000000672c80000,0x0000000673300000)
 ParOldGen       total 285696K, used 40262K [0x00000003c3600000, 0x00000003d4d00000, 0x000000066bd00000)
  object space 285696K, 14% used [0x00000003c3600000,0x00000003c5d51a88,0x00000003d4d00000)
 Metaspace       used 25226K, capacity 25826K, committed 26112K, reserved 1073152K
  class space    used 2523K, capacity 2741K, committed 2816K, reserved 1048576K
TLAB: gc thread: 0x00007fc910116000 [id: 746] desired_size: 15KB slow allocs: 0  refill waste: 248B alloc: 0.00679      775KB refills: 49 waste  0.5% gc: 0B slow: 4032B fast: 0B
TLAB: gc thread: 0x00007fc9bc820000 [id: 524] desired_size: 2KB slow allocs: 0  refill waste: 32B alloc: 0.00019       22KB refills: 11 waste  5.6% gc: 1024B slow: 240B fast: 0B
TLAB: gc thread: 0x00007fc918002000 [id: 513] desired_size: 1152KB slow allocs: 0  refill waste: 18440B alloc: 0.50480    57636KB refills: 48 waste  1.0% gc: 547624B slow: 4032B fast: 0B
TLAB: gc thread: 0x00007fc9bc7a5800 [id: 512] desired_size: 1096KB slow allocs: 0  refill waste: 17544B alloc: 0.48034    54843KB refills: 53 waste  1.8% gc: 1070648B slow: 4688B fast: 0B
TLAB: gc thread: 0x00007fc9bc1a7000 [id: 508] desired_size: 2KB slow allocs: 0  refill waste: 32B alloc: 0.00015       17KB refills: 9 waste  7.5% gc: 1264B slow: 128B fast: 0B
TLAB totals: thrds: 5  refills: 170 max: 53 slow allocs: 0 max 0 waste:  1.4% gc: 1620560B max: 1070648B slow: 13120B max: 4688B fast: 0B max: 0B
41454.284: [GC (Allocation Failure) GCTaskManager::set_active_gang(): all_workers_active()  1  workers 8  active  8  ParallelGCThreads 8 
JT: 3  workers 8  active  8  idle 0  more 0
41454.286: [SoftReference, 0 refs, 0.0000223 secs]41454.286: [WeakReference, 0 refs, 0.0000071 secs]41454.286: [FinalReference, 109 refs, 0.0000627 secs]41454.286: [PhantomReference, 0 refs, 0 refs, 0.0000078 secs]41454.286: [JNI Weak Reference, 0.0000358 secs]AdaptiveSizePolicy::update_averages:  survived: 393216  promoted: 0  overflow: false
AdaptiveSizeStart: 41454.286 collection: 52 
  avg_survived_padded_avg: 6052081.000000  avg_promoted_padded_avg: 1863267.875000  avg_pretenured_padded_avg: 0.000000  tenuring_thresh: 15  target_size: 6291456

Desired survivor size 6291456 bytes, new threshold 15 (max 15)
PSAdaptiveSizePolicy::compute_eden_space_size: costs minor_time: 0.000004 major_cost: 0.001668 mutator_cost: 0.998328 throughput_goal: 0.990000 live_space: 293784768 free_space: 384827392 old_eden_size: 116916224 desired_eden_size: 115343360
AdaptiveSizePolicy::survivor space sizes: collection: 52 (6815744, 2097152) -> (524288, 6291456) 
AdaptiveSizeStop: collection: 52 
[PSYoungGen: 114528K->384K(113152K)] 154790K->40646K(398848K), 0.0021827 secs] [Times: user=0.00 sys=0.00, real=0.01 secs] 
Heap after GC invocations=52 (full 1):
 PSYoungGen      total 113152K, used 384K [0x000000066bd00000, 0x0000000673700000, 0x00000007c0000000)
  eden space 112640K, 0% used [0x000000066bd00000,0x000000066bd00000,0x0000000672b00000)
  from space 512K, 75% used [0x0000000672c80000,0x0000000672ce0000,0x0000000672d00000)
  to   space 6144K, 0% used [0x0000000673100000,0x0000000673100000,0x0000000673700000)
 ParOldGen       total 285696K, used 40262K [0x00000003c3600000, 0x00000003d4d00000, 0x000000066bd00000)
  object space 285696K, 14% used [0x00000003c3600000,0x00000003c5d51a88,0x00000003d4d00000)
 Metaspace       used 25226K, capacity 25826K, committed 26112K, reserved 1073152K
  class space    used 2523K, capacity 2741K, committed 2816K, reserved 1048576K
}
41454.287: Total time for which application threads were stopped: 0.0027672 seconds, Stopping threads took: 0.0000288 seconds
41527.506: Application time: 73.2186008 seconds
41527.506: Total time for which application threads were stopped: 0.0002935 seconds, Stopping threads took: 0.0000963 seconds
42007.022: Application time: 479.5155150 seconds
{Heap before GC invocations=53 (full 1):
 PSYoungGen      total 113152K, used 113024K [0x000000066bd00000, 0x0000000673700000, 0x00000007c0000000)
  eden space 112640K, 100% used [0x000000066bd00000,0x0000000672b00000,0x0000000672b00000)
  from space 512K, 75% used [0x0000000672c80000,0x0000000672ce0000,0x0000000672d00000)
  to   space 6144K, 0% used [0x0000000673100000,0x0000000673100000,0x0000000673700000)
 ParOldGen       total 285696K, used 40262K [0x00000003c3600000, 0x00000003d4d00000, 0x000000066bd00000)
  object space 285696K, 14% used [0x00000003c3600000,0x00000003c5d51a88,0x00000003d4d00000)
 Metaspace       used 25228K, capacity 25826K, committed 26112K, reserved 1073152K
  class space    used 2523K, capacity 2741K, committed 2816K, reserved 1048576K
TLAB: gc thread: 0x00007fc910116000 [id: 746] desired_size: 15KB slow allocs: 0  refill waste: 240B alloc: 0.00679      765KB refills: 51 waste  1.7% gc: 9648B slow: 4264B fast: 0B
TLAB: gc thread: 0x00007fc9bc820000 [id: 524] desired_size: 2KB slow allocs: 0  refill waste: 32B alloc: 0.00019       21KB refills: 11 waste  5.0% gc: 904B slow: 240B fast: 0B
TLAB: gc thread: 0x00007fc918002000 [id: 513] desired_size: 1113KB slow allocs: 0  refill waste: 17808B alloc: 0.49421    55668KB refills: 69 waste  0.0% gc: 0B slow: 5712B fast: 0B
TLAB: gc thread: 0x00007fc9bc7a5800 [id: 512] desired_size: 1103KB slow allocs: 0  refill waste: 17648B alloc: 0.48970    55160KB refills: 32 waste  1.8% gc: 646864B slow: 2624B fast: 0B
TLAB: gc thread: 0x00007fc9bc1a7000 [id: 508] desired_size: 2KB slow allocs: 0  refill waste: 32B alloc: 0.00015       17KB refills: 9 waste  6.6% gc: 1104B slow: 128B fast: 0B
TLAB totals: thrds: 5  refills: 172 max: 69 slow allocs: 0 max 0 waste:  0.6% gc: 658520B max: 646864B slow: 12968B max: 5712B fast: 0B max: 0B
42007.022: [GC (Allocation Failure) GCTaskManager::set_active_gang(): all_workers_active()  1  workers 8  active  8  ParallelGCThreads 8 
JT: 3  workers 8  active  8  idle 0  more 0
42007.022: [SoftReference, 0 refs, 0.0000139 secs]42007.023: [WeakReference, 0 refs, 0.0000048 secs]42007.023: [FinalReference, 110 refs, 0.0000437 secs]42007.023: [PhantomReference, 0 refs, 0 refs, 0.0000048 secs]42007.023: [JNI Weak Reference, 0.0000065 secs]AdaptiveSizePolicy::update_averages:  survived: 360448  promoted: 0  overflow: false
AdaptiveSizeStart: 42007.023 collection: 53 
  avg_survived_padded_avg: 5615755.500000  avg_promoted_padded_avg: 1858257.125000  avg_pretenured_padded_avg: 0.000000  tenuring_thresh: 15  target_size: 5767168

Desired survivor size 5767168 bytes, new threshold 15 (max 15)
PSAdaptiveSizePolicy::compute_eden_space_size: costs minor_time: 0.000003 major_cost: 0.001668 mutator_cost: 0.998329 throughput_goal: 0.990000 live_space: 293738080 free_space: 383254528 old_eden_size: 115343360 desired_eden_size: 113770496
AdaptiveSizePolicy::survivor space sizes: collection: 53 (3670016, 524288) -> (3670016, 5767168) 
AdaptiveSizeStop: collection: 53 
[PSYoungGen: 113024K->352K(114688K)] 153286K->40614K(400384K), 0.0015625 secs] [Times: user=0.00 sys=0.00, real=0.00 secs] 
Heap after GC invocations=53 (full 1):
 PSYoungGen      total 114688K, used 352K [0x000000066bd00000, 0x0000000673480000, 0x00000007c0000000)
  eden space 111104K, 0% used [0x000000066bd00000,0x000000066bd00000,0x0000000672980000)
  from space 3584K, 9% used [0x0000000673100000,0x0000000673158000,0x0000000673480000)
  to   space 5632K, 0% used [0x0000000672980000,0x0000000672980000,0x0000000672f00000)
 ParOldGen       total 285696K, used 40262K [0x00000003c3600000, 0x00000003d4d00000, 0x000000066bd00000)
  object space 285696K, 14% used [0x00000003c3600000,0x00000003c5d51a88,0x00000003d4d00000)
 Metaspace       used 25228K, capacity 25826K, committed 26112K, reserved 1073152K
  class space    used 2523K, capacity 2741K, committed 2816K, reserved 1048576K
}
42007.023: Total time for which application threads were stopped: 0.0019300 seconds, Stopping threads took: 0.0000221 seconds
42552.605: Application time: 545.5820155 seconds
{Heap before GC invocations=54 (full 1):
 PSYoungGen      total 114688K, used 111456K [0x000000066bd00000, 0x0000000673480000, 0x00000007c0000000)
  eden space 111104K, 100% used [0x000000066bd00000,0x0000000672980000,0x0000000672980000)
  from space 3584K, 9% used [0x0000000673100000,0x0000000673158000,0x0000000673480000)
  to   space 5632K, 0% used [0x0000000672980000,0x0000000672980000,0x0000000672f00000)
 ParOldGen       total 285696K, used 40262K [0x00000003c3600000, 0x00000003d4d00000, 0x000000066bd00000)
  object space 285696K, 14% used [0x00000003c3600000,0x00000003c5d51a88,0x00000003d4d00000)
 Metaspace       used 25228K, capacity 25826K, committed 26112K, reserved 1073152K
  class space    used 2523K, capacity 2741K, committed 2816K, reserved 1048576K
TLAB: gc thread: 0x00007fc910116000 [id: 746] desired_size: 15KB slow allocs: 0  refill waste: 240B alloc: 0.00679      755KB refills: 51 waste  1.9% gc: 11752B slow: 2872B fast: 0B
TLAB: gc thread: 0x00007fc9bc820000 [id: 524] desired_size: 2KB slow allocs: 0  refill waste: 32B alloc: 0.00019       21KB refills: 11 waste  6.1% gc: 1144B slow: 240B fast: 0B
TLAB: gc thread: 0x00007fc918002000 [id: 513] desired_size: 1245KB slow allocs: 0  refill waste: 19928B alloc: 0.56052    62276KB refills: 64 waste  0.0% gc: 0B slow: 5584B fast: 0B
TLAB: gc thread: 0x00007fc9bc7a5800 [id: 512] desired_size: 943KB slow allocs: 0  refill waste: 15096B alloc: 0.42474    47190KB refills: 33 waste  1.8% gc: 566768B slow: 3000B fast: 0B
TLAB: gc thread: 0x00007fc9bc1a7000 [id: 508] desired_size: 2KB slow allocs: 0  refill waste: 32B alloc: 0.00015       17KB refills: 9 waste  8.0% gc: 1360B slow: 128B fast: 0B
TLAB totals: thrds: 5  refills: 168 max: 64 slow allocs: 0 max 0 waste:  0.5% gc: 581024B max: 566768B slow: 11824B max: 5584B fast: 0B max: 0B
42552.606: [GC (Allocation Failure) GCTaskManager::set_active_gang(): all_workers_active()  1  workers 8  active  8  ParallelGCThreads 8 
JT: 3  workers 8  active  8  idle 0  more 0
42552.606: [SoftReference, 0 refs, 0.0000140 secs]42552.606: [WeakReference, 0 refs, 0.0000048 secs]42552.606: [FinalReference, 109 refs, 0.0000439 secs]42552.606: [PhantomReference, 0 refs, 0 refs, 0.0000045 secs]42552.606: [JNI Weak Reference, 0.0000065 secs]AdaptiveSizePolicy::update_averages:  survived: 360448  promoted: 0  overflow: false
AdaptiveSizeStart: 42552.607 collection: 54 
  avg_survived_padded_avg: 5209778.000000  avg_promoted_padded_avg: 1853747.375000  avg_pretenured_padded_avg: 0.000000  tenuring_thresh: 15  target_size: 5242880

Desired survivor size 5242880 bytes, new threshold 15 (max 15)
PSAdaptiveSizePolicy::compute_eden_space_size: costs minor_time: 0.000003 major_cost: 0.001668 mutator_cost: 0.998329 throughput_goal: 0.990000 live_space: 293696064 free_space: 381681664 old_eden_size: 113770496 desired_eden_size: 112197632
AdaptiveSizePolicy::survivor space sizes: collection: 54 (5767168, 1048576) -> (524288, 5242880) 
AdaptiveSizeStop: collection: 54 
[PSYoungGen: 111456K->352K(110080K)] 151718K->40614K(395776K), 0.0015170 secs] [Times: user=0.00 sys=0.00, real=0.00 secs] 
Heap after GC invocations=54 (full 1):
 PSYoungGen      total 110080K, used 352K [0x000000066bd00000, 0x0000000673200000, 0x00000007c0000000)
  eden space 109568K, 0% used [0x000000066bd00000,0x000000066bd00000,0x0000000672800000)
  from space 512K, 68% used [0x0000000672980000,0x00000006729d8000,0x0000000672a00000)
  to   space 5120K, 0% used [0x0000000672d00000,0x0000000672d00000,0x0000000673200000)
 ParOldGen       total 285696K, used 40262K [0x00000003c3600000, 0x00000003d4d00000, 0x000000066bd00000)
  object space 285696K, 14% used [0x00000003c3600000,0x00000003c5d51a88,0x00000003d4d00000)
 Metaspace       used 25228K, capacity 25826K, committed 26112K, reserved 1073152K
  class space    used 2523K, capacity 2741K, committed 2816K, reserved 1048576K
}
42552.607: Total time for which application threads were stopped: 0.0018810 seconds, Stopping threads took: 0.0000203 seconds
42820.768: Application time: 268.1603749 seconds
42820.768: Total time for which application threads were stopped: 0.0000734 seconds, Stopping threads took: 0.0000232 seconds
43088.087: Application time: 267.3193333 seconds
{Heap before GC invocations=55 (full 1):
 PSYoungGen      total 110080K, used 109920K [0x000000066bd00000, 0x0000000673200000, 0x00000007c0000000)
  eden space 109568K, 100% used [0x000000066bd00000,0x0000000672800000,0x0000000672800000)
  from space 512K, 68% used [0x0000000672980000,0x00000006729d8000,0x0000000672a00000)
  to   space 5120K, 0% used [0x0000000672d00000,0x0000000672d00000,0x0000000673200000)
 ParOldGen       total 285696K, used 40262K [0x00000003c3600000, 0x00000003d4d00000, 0x000000066bd00000)
  object space 285696K, 14% used [0x00000003c3600000,0x00000003c5d51a88,0x00000003d4d00000)
 Metaspace       used 25228K, capacity 25826K, committed 26112K, reserved 1073152K
  class space    used 2523K, capacity 2741K, committed 2816K, reserved 1048576K
TLAB: gc thread: 0x00007fc910116000 [id: 746] desired_size: 14KB slow allocs: 0  refill waste: 232B alloc: 0.00682      747KB refills: 50 waste  0.8% gc: 2872B slow: 3392B fast: 0B
TLAB: gc thread: 0x00007fc9bc820000 [id: 524] desired_size: 2KB slow allocs: 0  refill waste: 32B alloc: 0.00019       21KB refills: 11 waste  7.9% gc: 1544B slow: 240B fast: 0B
TLAB: gc thread: 0x00007fc918002000 [id: 513] desired_size: 1344KB slow allocs: 0  refill waste: 21512B alloc: 0.61362    67233KB refills: 63 waste  0.0% gc: 0B slow: 4872B fast: 0B
TLAB: gc thread: 0x00007fc9bc7a5800 [id: 512] desired_size: 816KB slow allocs: 0  refill waste: 13064B alloc: 0.37271    40837KB refills: 30 waste  0.1% gc: 33136B slow: 4360B fast: 0B
TLAB: gc thread: 0x00007fc9bc1a7000 [id: 508] desired_size: 2KB slow allocs: 0  refill waste: 32B alloc: 0.00015       17KB refills: 9 waste  9.7% gc: 1680B slow: 128B fast: 0B
TLAB totals: thrds: 5  refills: 163 max: 63 slow allocs: 0 max 0 waste:  0.0% gc: 39232B max: 33136B slow: 12992B max: 4872B fast: 0B max: 0B
43088.087: [GC (Allocation Failure) GCTaskManager::set_active_gang(): all_workers_active()  1  workers 8  active  8  ParallelGCThreads 8 
JT: 3  workers 8  active  8  idle 0  more 0
43088.088: [SoftReference, 0 refs, 0.0000163 secs]43088.088: [WeakReference, 0 refs, 0.0000051 secs]43088.088: [FinalReference, 107 refs, 0.0000427 secs]43088.088: [PhantomReference, 0 refs, 0 refs, 0.0000046 secs]43088.088: [JNI Weak Reference, 0.0000066 secs]AdaptiveSizePolicy::update_averages:  survived: 393216  promoted: 0  overflow: false
AdaptiveSizeStart: 43088.089 collection: 55 
  avg_survived_padded_avg: 4826872.500000  avg_promoted_padded_avg: 1849688.625000  avg_pretenured_padded_avg: 0.000000  tenuring_thresh: 15  target_size: 5242880

Desired survivor size 5242880 bytes, new threshold 15 (max 15)
PSAdaptiveSizePolicy::compute_eden_space_size: costs minor_time: 0.000003 major_cost: 0.001668 mutator_cost: 0.998329 throughput_goal: 0.990000 live_space: 293661536 free_space: 380108800 old_eden_size: 112197632 desired_eden_size: 110624768
AdaptiveSizePolicy::survivor space sizes: collection: 55 (3670016, 524288) -> (3670016, 5242880) 
AdaptiveSizeStop: collection: 55 
[PSYoungGen: 109920K->384K(111616K)] 150182K->40646K(397312K), 0.0014634 secs] [Times: user=0.00 sys=0.00, real=0.00 secs] 
Heap after GC invocations=55 (full 1):
 PSYoungGen      total 111616K, used 384K [0x000000066bd00000, 0x0000000673080000, 0x00000007c0000000)
  eden space 108032K, 0% used [0x000000066bd00000,0x000000066bd00000,0x0000000672680000)
  from space 3584K, 10% used [0x0000000672d00000,0x0000000672d60000,0x0000000673080000)
  to   space 5120K, 0% used [0x0000000672680000,0x0000000672680000,0x0000000672b80000)
 ParOldGen       total 285696K, used 40262K [0x00000003c3600000, 0x00000003d4d00000, 0x000000066bd00000)
  object space 285696K, 14% used [0x00000003c3600000,0x00000003c5d51a88,0x00000003d4d00000)
 Metaspace       used 25228K, capacity 25826K, committed 26112K, reserved 1073152K
  class space    used 2523K, capacity 2741K, committed 2816K, reserved 1048576K
}
43088.089: Total time for which application threads were stopped: 0.0018403 seconds, Stopping threads took: 0.0000209 seconds
43615.764: Application time: 527.6752397 seconds
{Heap before GC invocations=56 (full 1):
 PSYoungGen      total 111616K, used 108416K [0x000000066bd00000, 0x0000000673080000, 0x00000007c0000000)
  eden space 108032K, 100% used [0x000000066bd00000,0x0000000672680000,0x0000000672680000)
  from space 3584K, 10% used [0x0000000672d00000,0x0000000672d60000,0x0000000673080000)
  to   space 5120K, 0% used [0x0000000672680000,0x0000000672680000,0x0000000672b80000)
 ParOldGen       total 285696K, used 40262K [0x00000003c3600000, 0x00000003d4d00000, 0x000000066bd00000)
  object space 285696K, 14% used [0x00000003c3600000,0x00000003c5d51a88,0x00000003d4d00000)
 Metaspace       used 25228K, capacity 25826K, committed 26112K, reserved 1073152K
  class space    used 2523K, capacity 2741K, committed 2816K, reserved 1048576K
TLAB: gc thread: 0x00007fc910116000 [id: 746] desired_size: 14KB slow allocs: 0  refill waste: 232B alloc: 0.00679      733KB refills: 50 waste  0.4% gc: 0B slow: 2712B fast: 0B
TLAB: gc thread: 0x00007fc9bc820000 [id: 524] desired_size: 2KB slow allocs: 0  refill waste: 32B alloc: 0.00019       21KB refills: 11 waste  9.4% gc: 1904B slow: 240B fast: 0B
TLAB: gc thread: 0x00007fc918002000 [id: 513] desired_size: 1443KB slow allocs: 0  refill waste: 23088B alloc: 0.66799    72165KB refills: 50 waste  0.0% gc: 14496B slow: 4488B fast: 0B
TLAB: gc thread: 0x00007fc9bc7a5800 [id: 512] desired_size: 689KB slow allocs: 0  refill waste: 11032B alloc: 0.31920    34483KB refills: 51 waste  1.4% gc: 515904B slow: 5168B fast: 0B
TLAB: gc thread: 0x00007fc9bc1a7000 [id: 508] desired_size: 2KB slow allocs: 0  refill waste: 32B alloc: 0.00015       17KB refills: 9 waste 10.9% gc: 1904B slow: 128B fast: 0B
TLAB totals: thrds: 5  refills: 171 max: 51 slow allocs: 0 max 0 waste:  0.5% gc: 534208B max: 515904B slow: 12736B max: 5168B fast: 0B max: 0B
43615.764: [GC (Allocation Failure) GCTaskManager::set_active_gang(): all_workers_active()  1  workers 8  active  8  ParallelGCThreads 8 
JT: 3  workers 8  active  8  idle 0  more 0
43615.765: [SoftReference, 0 refs, 0.0000258 secs]43615.765: [WeakReference, 0 refs, 0.0000057 secs]43615.765: [FinalReference, 105 refs, 0.0000506 secs]43615.765: [PhantomReference, 0 refs, 0 refs, 0.0000056 secs]43615.765: [JNI Weak Reference, 0.0000096 secs]AdaptiveSizePolicy::update_averages:  survived: 360448  promoted: 0  overflow: false
AdaptiveSizeStart: 43615.766 collection: 56 
  avg_survived_padded_avg: 4477953.000000  avg_promoted_padded_avg: 1846035.750000  avg_pretenured_padded_avg: 0.000000  tenuring_thresh: 15  target_size: 4718592

Desired survivor size 4718592 bytes, new threshold 15 (max 15)
PSAdaptiveSizePolicy::compute_eden_space_size: costs minor_time: 0.000003 major_cost: 0.001668 mutator_cost: 0.998329 throughput_goal: 0.990000 live_space: 293627168 free_space: 378535936 old_eden_size: 110624768 desired_eden_size: 109051904
AdaptiveSizePolicy::survivor space sizes: collection: 56 (5242880, 1048576) -> (524288, 4718592) 
AdaptiveSizeStop: collection: 56 
[PSYoungGen: 108416K->352K(107008K)] 148678K->40614K(392704K), 0.0017206 secs] [Times: user=0.00 sys=0.00, real=0.01 secs] 
Heap after GC invocations=56 (full 1):
 PSYoungGen      total 107008K, used 352K [0x000000066bd00000, 0x0000000672e00000, 0x00000007c0000000)
  eden space 106496K, 0% used [0x000000066bd00000,0x000000066bd00000,0x0000000672500000)
  from space 512K, 68% used [0x0000000672680000,0x00000006726d8000,0x0000000672700000)
  to   space 4608K, 0% used [0x0000000672980000,0x0000000672980000,0x0000000672e00000)
 ParOldGen       total 285696K, used 40262K [0x00000003c3600000, 0x00000003d4d00000, 0x000000066bd00000)
  object space 285696K, 14% used [0x00000003c3600000,0x00000003c5d51a88,0x00000003d4d00000)
 Metaspace       used 25228K, capacity 25826K, committed 26112K, reserved 1073152K
  class space    used 2523K, capacity 2741K, committed 2816K, reserved 1048576K
}
43615.766: Total time for which application threads were stopped: 0.0022130 seconds, Stopping threads took: 0.0000289 seconds
44028.147: Application time: 412.3805107 seconds
44028.147: Total time for which application threads were stopped: 0.0002990 seconds, Stopping threads took: 0.0001426 seconds
44138.926: Application time: 110.7783284 seconds
{Heap before GC invocations=57 (full 1):
 PSYoungGen      total 107008K, used 106848K [0x000000066bd00000, 0x0000000672e00000, 0x00000007c0000000)
  eden space 106496K, 100% used [0x000000066bd00000,0x0000000672500000,0x0000000672500000)
  from space 512K, 68% used [0x0000000672680000,0x00000006726d8000,0x0000000672700000)
  to   space 4608K, 0% used [0x0000000672980000,0x0000000672980000,0x0000000672e00000)
 ParOldGen       total 285696K, used 40262K [0x00000003c3600000, 0x00000003d4d00000, 0x000000066bd00000)
  object space 285696K, 14% used [0x00000003c3600000,0x00000003c5d51a88,0x00000003d4d00000)
 Metaspace       used 25228K, capacity 25826K, committed 26112K, reserved 1073152K
  class space    used 2523K, capacity 2741K, committed 2816K, reserved 1048576K
TLAB: gc thread: 0x00007fc910116000 [id: 746] desired_size: 14KB slow allocs: 0  refill waste: 232B alloc: 0.00684      728KB refills: 50 waste  0.8% gc: 2096B slow: 3520B fast: 0B
TLAB: gc thread: 0x00007fc9bc820000 [id: 524] desired_size: 2KB slow allocs: 0  refill waste: 32B alloc: 0.00019       21KB refills: 11 waste 10.0% gc: 2024B slow: 240B fast: 0B
TLAB: gc thread: 0x00007fc918002000 [id: 513] desired_size: 1412KB slow allocs: 0  refill waste: 22600B alloc: 0.66333    70642KB refills: 59 waste  0.0% gc: 0B slow: 4544B fast: 0B
TLAB: gc thread: 0x00007fc9bc7a5800 [id: 512] desired_size: 685KB slow allocs: 0  refill waste: 10960B alloc: 0.32175    34265KB refills: 33 waste  0.8% gc: 180424B slow: 2712B fast: 0B
TLAB: gc thread: 0x00007fc9bc1a7000 [id: 508] desired_size: 2KB slow allocs: 0  refill waste: 32B alloc: 0.00015       16KB refills: 9 waste 11.8% gc: 2064B slow: 128B fast: 0B
TLAB totals: thrds: 5  refills: 162 max: 59 slow allocs: 0 max 0 waste:  0.2% gc: 186608B max: 180424B slow: 11144B max: 4544B fast: 0B max: 0B
44138.926: [GC (Allocation Failure) GCTaskManager::set_active_gang(): all_workers_active()  1  workers 8  active  8  ParallelGCThreads 8 
JT: 3  workers 8  active  8  idle 0  more 0
44138.927: [SoftReference, 0 refs, 0.0000159 secs]44138.927: [WeakReference, 0 refs, 0.0000044 secs]44138.927: [FinalReference, 104 refs, 0.0000414 secs]44138.927: [PhantomReference, 0 refs, 0 refs, 0.0000045 secs]44138.927: [JNI Weak Reference, 0.0000066 secs]AdaptiveSizePolicy::update_averages:  survived: 294912  promoted: 16384  overflow: false
AdaptiveSizeStart: 44138.927 collection: 57 
  avg_survived_padded_avg: 4165294.000000  avg_promoted_padded_avg: 1667523.250000  avg_pretenured_padded_avg: 0.000000  tenuring_thresh: 15  target_size: 4194304

Desired survivor size 4194304 bytes, new threshold 15 (max 15)
PSAdaptiveSizePolicy::compute_eden_space_size: costs minor_time: 0.000003 major_cost: 0.001668 mutator_cost: 0.998329 throughput_goal: 0.990000 live_space: 293589696 free_space: 376963072 old_eden_size: 109051904 desired_eden_size: 107479040
AdaptiveSizePolicy::survivor space sizes: collection: 57 (2097152, 524288) -> (2097152, 4194304) 
AdaptiveSizeStop: collection: 57 
[PSYoungGen: 106848K->288K(107008K)] 147110K->40566K(392704K), 0.0017109 secs] [Times: user=0.00 sys=0.00, real=0.00 secs] 
Heap after GC invocations=57 (full 1):
 PSYoungGen      total 107008K, used 288K [0x000000066bd00000, 0x0000000672b80000, 0x00000007c0000000)
  eden space 104960K, 0% used [0x000000066bd00000,0x000000066bd00000,0x0000000672380000)
  from space 2048K, 14% used [0x0000000672980000,0x00000006729c8000,0x0000000672b80000)
  to   space 4096K, 0% used [0x0000000672380000,0x0000000672380000,0x0000000672780000)
 ParOldGen       total 285696K, used 40278K [0x00000003c3600000, 0x00000003d4d00000, 0x000000066bd00000)
  object space 285696K, 14% used [0x00000003c3600000,0x00000003c5d55a88,0x00000003d4d00000)
 Metaspace       used 25228K, capacity 25826K, committed 26112K, reserved 1073152K
  class space    used 2523K, capacity 2741K, committed 2816K, reserved 1048576K
}
44138.928: Total time for which application threads were stopped: 0.0021577 seconds, Stopping threads took: 0.0000213 seconds
44654.251: Application time: 515.3230833 seconds
{Heap before GC invocations=58 (full 1):
 PSYoungGen      total 107008K, used 105248K [0x000000066bd00000, 0x0000000672b80000, 0x00000007c0000000)
  eden space 104960K, 100% used [0x000000066bd00000,0x0000000672380000,0x0000000672380000)
  from space 2048K, 14% used [0x0000000672980000,0x00000006729c8000,0x0000000672b80000)
  to   space 4096K, 0% used [0x0000000672380000,0x0000000672380000,0x0000000672780000)
 ParOldGen       total 285696K, used 40278K [0x00000003c3600000, 0x00000003d4d00000, 0x000000066bd00000)
  object space 285696K, 14% used [0x00000003c3600000,0x00000003c5d55a88,0x00000003d4d00000)
 Metaspace       used 25228K, capacity 25826K, committed 26112K, reserved 1073152K
  class space    used 2523K, capacity 2741K, committed 2816K, reserved 1048576K
TLAB: gc thread: 0x00007fc910116000 [id: 746] desired_size: 14KB slow allocs: 0  refill waste: 224B alloc: 0.00680      713KB refills: 51 waste  2.0% gc: 12640B slow: 2176B fast: 0B
TLAB: gc thread: 0x00007fc9bc820000 [id: 524] desired_size: 2KB slow allocs: 0  refill waste: 32B alloc: 0.00019       20KB refills: 10 waste  2.5% gc: 304B slow: 216B fast: 0B
TLAB: gc thread: 0x00007fc918002000 [id: 513] desired_size: 1487KB slow allocs: 0  refill waste: 23800B alloc: 0.70863    74377KB refills: 58 waste  0.0% gc: 0B slow: 5096B fast: 0B
TLAB: gc thread: 0x00007fc9bc7a5800 [id: 512] desired_size: 591KB slow allocs: 0  refill waste: 9464B alloc: 0.28183    29581KB refills: 32 waste  3.0% gc: 583024B slow: 2608B fast: 0B
TLAB: gc thread: 0x00007fc9bc1a7000 [id: 508] desired_size: 2KB slow allocs: 0  refill waste: 32B alloc: 0.00015       16KB refills: 8 waste  2.1% gc: 240B slow: 112B fast: 0B
TLAB totals: thrds: 5  refills: 159 max: 58 slow allocs: 0 max 0 waste:  0.6% gc: 596208B max: 583024B slow: 10208B max: 5096B fast: 0B max: 0B
44654.251: [GC (Allocation Failure) GCTaskManager::set_active_gang(): all_workers_active()  1  workers 8  active  8  ParallelGCThreads 8 
JT: 3  workers 8  active  8  idle 0  more 0
44654.252: [SoftReference, 0 refs, 0.0000156 secs]44654.252: [WeakReference, 0 refs, 0.0000044 secs]44654.252: [FinalReference, 103 refs, 0.0000413 secs]44654.252: [PhantomReference, 0 refs, 0 refs, 0.0000049 secs]44654.252: [JNI Weak Reference, 0.0000060 secs]AdaptiveSizePolicy::update_averages:  survived: 294912  promoted: 0  overflow: false
AdaptiveSizeStart: 44654.253 collection: 58 
  avg_survived_padded_avg: 3873336.500000  avg_promoted_padded_avg: 1664400.625000  avg_pretenured_padded_avg: 0.000000  tenuring_thresh: 15  target_size: 4194304

Desired survivor size 4194304 bytes, new threshold 15 (max 15)
PSAdaptiveSizePolicy::compute_eden_space_size: costs minor_time: 0.000003 major_cost: 0.001668 mutator_cost: 0.998329 throughput_goal: 0.990000 live_space: 293555968 free_space: 375390208 old_eden_size: 107479040 desired_eden_size: 106430464
AdaptiveSizePolicy::survivor space sizes: collection: 58 (4194304, 1048576) -> (524288, 4194304) 
AdaptiveSizeStop: collection: 58 
[PSYoungGen: 105248K->288K(104448K)] 145526K->40566K(390144K), 0.0016925 secs] [Times: user=0.00 sys=0.00, real=0.00 secs] 
Heap after GC invocations=58 (full 1):
 PSYoungGen      total 104448K, used 288K [0x000000066bd00000, 0x0000000672a80000, 0x00000007c0000000)
  eden space 103936K, 0% used [0x000000066bd00000,0x000000066bd00000,0x0000000672280000)
  from space 512K, 56% used [0x0000000672380000,0x00000006723c8000,0x0000000672400000)
  to   space 4096K, 0% used [0x0000000672680000,0x0000000672680000,0x0000000672a80000)
 ParOldGen       total 285696K, used 40278K [0x00000003c3600000, 0x00000003d4d00000, 0x000000066bd00000)
  object space 285696K, 14% used [0x00000003c3600000,0x00000003c5d55a88,0x00000003d4d00000)
 Metaspace       used 25228K, capacity 25826K, committed 26112K, reserved 1073152K
  class space    used 2523K, capacity 2741K, committed 2816K, reserved 1048576K
}
44654.253: Total time for which application threads were stopped: 0.0020510 seconds, Stopping threads took: 0.0000215 seconds
45166.876: Application time: 512.6228144 seconds
{Heap before GC invocations=59 (full 1):
 PSYoungGen      total 104448K, used 104224K [0x000000066bd00000, 0x0000000672a80000, 0x00000007c0000000)
  eden space 103936K, 100% used [0x000000066bd00000,0x0000000672280000,0x0000000672280000)
  from space 512K, 56% used [0x0000000672380000,0x00000006723c8000,0x0000000672400000)
  to   space 4096K, 0% used [0x0000000672680000,0x0000000672680000,0x0000000672a80000)
 ParOldGen       total 285696K, used 40278K [0x00000003c3600000, 0x00000003d4d00000, 0x000000066bd00000)
  object space 285696K, 14% used [0x00000003c3600000,0x00000003c5d55a88,0x00000003d4d00000)
 Metaspace       used 25228K, capacity 25826K, committed 26112K, reserved 1073152K
  class space    used 2523K, capacity 2741K, committed 2816K, reserved 1048576K
TLAB: gc thread: 0x00007fc910116000 [id: 746] desired_size: 14KB slow allocs: 0  refill waste: 224B alloc: 0.00685      712KB refills: 50 waste  0.5% gc: 0B slow: 3856B fast: 0B
TLAB: gc thread: 0x00007fc9bc820000 [id: 524] desired_size: 2KB slow allocs: 0  refill waste: 32B alloc: 0.00019       19KB refills: 10 waste  2.7% gc: 344B slow: 216B fast: 0B
TLAB: gc thread: 0x00007fc918002000 [id: 513] desired_size: 1548KB slow allocs: 0  refill waste: 24768B alloc: 0.74488    77420KB refills: 34 waste  0.3% gc: 165232B slow: 4136B fast: 0B
TLAB: gc thread: 0x00007fc9bc7a5800 [id: 512] desired_size: 511KB slow allocs: 0  refill waste: 8176B alloc: 0.24605    25573KB refills: 100 waste  0.4% gc: 187624B slow: 13288B fast: 0B
TLAB: gc thread: 0x00007fc9bc1a7000 [id: 508] desired_size: 2KB slow allocs: 0  refill waste: 32B alloc: 0.00015       15KB refills: 8 waste  2.5% gc: 304B slow: 112B fast: 0B
TLAB totals: thrds: 5  refills: 202 max: 100 slow allocs: 0 max 0 waste:  0.4% gc: 353504B max: 187624B slow: 21608B max: 13288B fast: 0B max: 0B
45166.876: [GC (Allocation Failure) GCTaskManager::set_active_gang(): all_workers_active()  1  workers 8  active  8  ParallelGCThreads 8 
JT: 3  workers 8  active  8  idle 0  more 0
45166.877: [SoftReference, 0 refs, 0.0000187 secs]45166.877: [WeakReference, 0 refs, 0.0000055 secs]45166.877: [FinalReference, 101 refs, 0.0000482 secs]45166.877: [PhantomReference, 0 refs, 0 refs, 0.0000076 secs]45166.877: [JNI Weak Reference, 0.0000082 secs]AdaptiveSizePolicy::update_averages:  survived: 360448  promoted: 0  overflow: false
AdaptiveSizeStart: 45166.878 collection: 59 
  avg_survived_padded_avg: 3589925.750000  avg_promoted_padded_avg: 1661590.250000  avg_pretenured_padded_avg: 0.000000  tenuring_thresh: 15  target_size: 3670016

Desired survivor size 3670016 bytes, new threshold 15 (max 15)
PSAdaptiveSizePolicy::compute_eden_space_size: costs minor_time: 0.000003 major_cost: 0.001668 mutator_cost: 0.998329 throughput_goal: 0.990000 live_space: 293532192 free_space: 374341632 old_eden_size: 106430464 desired_eden_size: 105381888
AdaptiveSizePolicy::survivor space sizes: collection: 59 (2097152, 524288) -> (2097152, 3670016) 
AdaptiveSizeStop: collection: 59 
[PSYoungGen: 104224K->352K(104960K)] 144502K->40630K(390656K), 0.0019717 secs] [Times: user=0.00 sys=0.00, real=0.00 secs] 
Heap after GC invocations=59 (full 1):
 PSYoungGen      total 104960K, used 352K [0x000000066bd00000, 0x0000000672880000, 0x00000007c0000000)
  eden space 102912K, 0% used [0x000000066bd00000,0x000000066bd00000,0x0000000672180000)
  from space 2048K, 17% used [0x0000000672680000,0x00000006726d8000,0x0000000672880000)
  to   space 3584K, 0% used [0x0000000672180000,0x0000000672180000,0x0000000672500000)
 ParOldGen       total 285696K, used 40278K [0x00000003c3600000, 0x00000003d4d00000, 0x000000066bd00000)
  object space 285696K, 14% used [0x00000003c3600000,0x00000003c5d55a88,0x00000003d4d00000)
 Metaspace       used 25228K, capacity 25826K, committed 26112K, reserved 1073152K
  class space    used 2523K, capacity 2741K, committed 2816K, reserved 1048576K
}
45166.878: Total time for which application threads were stopped: 0.0023469 seconds, Stopping threads took: 0.0000270 seconds
45664.670: Application time: 497.7917921 seconds
{Heap before GC invocations=60 (full 1):
 PSYoungGen      total 104960K, used 103264K [0x000000066bd00000, 0x0000000672880000, 0x00000007c0000000)
  eden space 102912K, 100% used [0x000000066bd00000,0x0000000672180000,0x0000000672180000)
  from space 2048K, 17% used [0x0000000672680000,0x00000006726d8000,0x0000000672880000)
  to   space 3584K, 0% used [0x0000000672180000,0x0000000672180000,0x0000000672500000)
 ParOldGen       total 285696K, used 40278K [0x00000003c3600000, 0x00000003d4d00000, 0x000000066bd00000)
  object space 285696K, 14% used [0x00000003c3600000,0x00000003c5d55a88,0x00000003d4d00000)
 Metaspace       used 25228K, capacity 25826K, committed 26112K, reserved 1073152K
  class space    used 2523K, capacity 2741K, committed 2816K, reserved 1048576K
TLAB: gc thread: 0x00007fc910116000 [id: 746] desired_size: 14KB slow allocs: 0  refill waste: 224B alloc: 0.00686      706KB refills: 49 waste  0.5% gc: 360B slow: 2928B fast: 0B
TLAB: gc thread: 0x00007fc9bc820000 [id: 524] desired_size: 2KB slow allocs: 0  refill waste: 32B alloc: 0.00019       19KB refills: 10 waste  5.8% gc: 984B slow: 216B fast: 0B
TLAB: gc thread: 0x00007fc918002000 [id: 513] desired_size: 1350KB slow allocs: 0  refill waste: 21608B alloc: 0.65627    67538KB refills: 44 waste  0.5% gc: 315056B slow: 3904B fast: 0B
TLAB: gc thread: 0x00007fc9bc7a5800 [id: 512] desired_size: 680KB slow allocs: 0  refill waste: 10880B alloc: 0.33055    34018KB refills: 63 waste  0.0% gc: 0B slow: 6952B fast: 0B
TLAB: gc thread: 0x00007fc9bc1a7000 [id: 508] desired_size: 2KB slow allocs: 0  refill waste: 32B alloc: 0.00015       15KB refills: 8 waste  5.4% gc: 784B slow: 112B fast: 0B
TLAB totals: thrds: 5  refills: 174 max: 63 slow allocs: 0 max 0 waste:  0.3% gc: 317184B max: 315056B slow: 14112B max: 6952B fast: 0B max: 0B
45664.670: [GC (Allocation Failure) GCTaskManager::set_active_gang(): all_workers_active()  1  workers 8  active  8  ParallelGCThreads 8 
JT: 3  workers 8  active  8  idle 0  more 0
45664.671: [SoftReference, 0 refs, 0.0000153 secs]45664.671: [WeakReference, 0 refs, 0.0000069 secs]45664.671: [FinalReference, 100 refs, 0.0000398 secs]45664.671: [PhantomReference, 0 refs, 0 refs, 0.0000046 secs]45664.671: [JNI Weak Reference, 0.0000066 secs]AdaptiveSizePolicy::update_averages:  survived: 294912  promoted: 0  overflow: false
AdaptiveSizeStart: 45664.671 collection: 60 
  avg_survived_padded_avg: 3339209.000000  avg_promoted_padded_avg: 1659060.875000  avg_pretenured_padded_avg: 0.000000  tenuring_thresh: 15  target_size: 3670016

Desired survivor size 3670016 bytes, new threshold 15 (max 15)
PSAdaptiveSizePolicy::compute_eden_space_size: costs minor_time: 0.000003 major_cost: 0.001668 mutator_cost: 0.998329 throughput_goal: 0.990000 live_space: 293504224 free_space: 373293056 old_eden_size: 105381888 desired_eden_size: 104333312
AdaptiveSizePolicy::survivor space sizes: collection: 60 (3670016, 1048576) -> (524288, 3670016) 
AdaptiveSizeStop: collection: 60 
[PSYoungGen: 103264K->288K(102400K)] 143542K->40566K(388096K), 0.0016411 secs] [Times: user=0.00 sys=0.00, real=0.00 secs] 
Heap after GC invocations=60 (full 1):
 PSYoungGen      total 102400K, used 288K [0x000000066bd00000, 0x0000000672780000, 0x00000007c0000000)
  eden space 101888K, 0% used [0x000000066bd00000,0x000000066bd00000,0x0000000672080000)
  from space 512K, 56% used [0x0000000672180000,0x00000006721c8000,0x0000000672200000)
  to   space 3584K, 0% used [0x0000000672400000,0x0000000672400000,0x0000000672780000)
 ParOldGen       total 285696K, used 40278K [0x00000003c3600000, 0x00000003d4d00000, 0x000000066bd00000)
  object space 285696K, 14% used [0x00000003c3600000,0x00000003c5d55a88,0x00000003d4d00000)
 Metaspace       used 25228K, capacity 25826K, committed 26112K, reserved 1073152K
  class space    used 2523K, capacity 2741K, committed 2816K, reserved 1048576K
}
45664.672: Total time for which application threads were stopped: 0.0020088 seconds, Stopping threads took: 0.0000222 seconds
46169.886: Application time: 505.2138286 seconds
{Heap before GC invocations=61 (full 1):
 PSYoungGen      total 102400K, used 102176K [0x000000066bd00000, 0x0000000672780000, 0x00000007c0000000)
  eden space 101888K, 100% used [0x000000066bd00000,0x0000000672080000,0x0000000672080000)
  from space 512K, 56% used [0x0000000672180000,0x00000006721c8000,0x0000000672200000)
  to   space 3584K, 0% used [0x0000000672400000,0x0000000672400000,0x0000000672780000)
 ParOldGen       total 285696K, used 40278K [0x00000003c3600000, 0x00000003d4d00000, 0x000000066bd00000)
  object space 285696K, 14% used [0x00000003c3600000,0x00000003c5d55a88,0x00000003d4d00000)
 Metaspace       used 25228K, capacity 25826K, committed 26112K, reserved 1073152K
  class space    used 2523K, capacity 2741K, committed 2816K, reserved 1048576K
TLAB: gc thread: 0x00007fc910116000 [id: 746] desired_size: 13KB slow allocs: 0  refill waste: 216B alloc: 0.00678      690KB refills: 51 waste  1.0% gc: 4640B slow: 2568B fast: 0B
TLAB: gc thread: 0x00007fc9bc820000 [id: 524] desired_size: 2KB slow allocs: 0  refill waste: 32B alloc: 0.00019       19KB refills: 10 waste  4.5% gc: 704B slow: 216B fast: 0B
TLAB: gc thread: 0x00007fc918002000 [id: 513] desired_size: 1276KB slow allocs: 0  refill waste: 20424B alloc: 0.62664    63847KB refills: 41 waste  0.0% gc: 0B slow: 3688B fast: 0B
TLAB: gc thread: 0x00007fc9bc7a5800 [id: 512] desired_size: 736KB slow allocs: 0  refill waste: 11776B alloc: 0.36130    36812KB refills: 67 waste  0.6% gc: 310024B slow: 4968B fast: 0B
TLAB: gc thread: 0x00007fc9bc1a7000 [id: 508] desired_size: 2KB slow allocs: 0  refill waste: 32B alloc: 0.00015       15KB refills: 8 waste  4.1% gc: 560B slow: 112B fast: 0B
TLAB totals: thrds: 5  refills: 177 max: 67 slow allocs: 0 max 0 waste:  0.3% gc: 315928B max: 310024B slow: 11552B max: 4968B fast: 0B max: 0B
46169.886: [GC (Allocation Failure) GCTaskManager::set_active_gang(): all_workers_active()  1  workers 8  active  8  ParallelGCThreads 8 
JT: 3  workers 8  active  8  idle 0  more 0
46169.887: [SoftReference, 0 refs, 0.0000155 secs]46169.887: [WeakReference, 0 refs, 0.0000044 secs]46169.887: [FinalReference, 101 refs, 0.0000404 secs]46169.887: [PhantomReference, 0 refs, 0 refs, 0.0000046 secs]46169.887: [JNI Weak Reference, 0.0000068 secs]AdaptiveSizePolicy::update_averages:  survived: 327680  promoted: 0  overflow: false
AdaptiveSizeStart: 46169.887 collection: 61 
  avg_survived_padded_avg: 3100115.250000  avg_promoted_padded_avg: 1656784.375000  avg_pretenured_padded_avg: 0.000000  tenuring_thresh: 15  target_size: 3145728

Desired survivor size 3145728 bytes, new threshold 15 (max 15)
PSAdaptiveSizePolicy::compute_eden_space_size: costs minor_time: 0.000003 major_cost: 0.001668 mutator_cost: 0.998329 throughput_goal: 0.990000 live_space: 293482304 free_space: 372244480 old_eden_size: 104333312 desired_eden_size: 103284736
AdaptiveSizePolicy::survivor space sizes: collection: 61 (1572864, 524288) -> (1572864, 3145728) 
AdaptiveSizeStop: collection: 61 
[PSYoungGen: 102176K->320K(102400K)] 142454K->40598K(388096K), 0.0016764 secs] [Times: user=0.00 sys=0.00, real=0.00 secs] 
Heap after GC invocations=61 (full 1):
 PSYoungGen      total 102400K, used 320K [0x000000066bd00000, 0x0000000672580000, 0x00000007c0000000)
  eden space 100864K, 0% used [0x000000066bd00000,0x000000066bd00000,0x0000000671f80000)
  from space 1536K, 20% used [0x0000000672400000,0x0000000672450000,0x0000000672580000)
  to   space 3072K, 0% used [0x0000000671f80000,0x0000000671f80000,0x0000000672280000)
 ParOldGen       total 285696K, used 40278K [0x00000003c3600000, 0x00000003d4d00000, 0x000000066bd00000)
  object space 285696K, 14% used [0x00000003c3600000,0x00000003c5d55a88,0x00000003d4d00000)
 Metaspace       used 25228K, capacity 25826K, committed 26112K, reserved 1073152K
  class space    used 2523K, capacity 2741K, committed 2816K, reserved 1048576K
}
46169.888: Total time for which application threads were stopped: 0.0021900 seconds, Stopping threads took: 0.0000510 seconds
46664.935: Application time: 495.0469132 seconds
{Heap before GC invocations=62 (full 1):
 PSYoungGen      total 102400K, used 101184K [0x000000066bd00000, 0x0000000672580000, 0x00000007c0000000)
  eden space 100864K, 100% used [0x000000066bd00000,0x0000000671f80000,0x0000000671f80000)
  from space 1536K, 20% used [0x0000000672400000,0x0000000672450000,0x0000000672580000)
  to   space 3072K, 0% used [0x0000000671f80000,0x0000000671f80000,0x0000000672280000)
 ParOldGen       total 285696K, used 40278K [0x00000003c3600000, 0x00000003d4d00000, 0x000000066bd00000)
  object space 285696K, 14% used [0x00000003c3600000,0x00000003c5d55a88,0x00000003d4d00000)
 Metaspace       used 25228K, capacity 25826K, committed 26112K, reserved 1073152K
  class space    used 2523K, capacity 2741K, committed 2816K, reserved 1048576K
TLAB: gc thread: 0x00007fc910116000 [id: 746] desired_size: 13KB slow allocs: 0  refill waste: 216B alloc: 0.00684      690KB refills: 50 waste  1.6% gc: 8816B slow: 2440B fast: 0B
TLAB: gc thread: 0x00007fc9bc820000 [id: 524] desired_size: 2KB slow allocs: 0  refill waste: 32B alloc: 0.00019       19KB refills: 10 waste  6.4% gc: 1104B slow: 216B fast: 0B
TLAB: gc thread: 0x00007fc918002000 [id: 513] desired_size: 1187KB slow allocs: 0  refill waste: 19000B alloc: 0.58883    59392KB refills: 46 waste  0.8% gc: 425080B slow: 3928B fast: 0B
TLAB: gc thread: 0x00007fc9bc7a5800 [id: 512] desired_size: 810KB slow allocs: 0  refill waste: 12968B alloc: 0.40178    40525KB refills: 57 waste  0.0% gc: 0B slow: 6424B fast: 0B
TLAB: gc thread: 0x00007fc9bc1a7000 [id: 508] desired_size: 2KB slow allocs: 0  refill waste: 32B alloc: 0.00015       15KB refills: 8 waste  6.0% gc: 880B slow: 112B fast: 0B
TLAB totals: thrds: 5  refills: 171 max: 57 slow allocs: 0 max 0 waste:  0.4% gc: 435880B max: 425080B slow: 13120B max: 6424B fast: 0B max: 0B
46664.935: [GC (Allocation Failure) GCTaskManager::set_active_gang(): all_workers_active()  1  workers 8  active  8  ParallelGCThreads 8 
JT: 3  workers 8  active  8  idle 0  more 0
46664.936: [SoftReference, 0 refs, 0.0000148 secs]46664.936: [WeakReference, 0 refs, 0.0000052 secs]46664.936: [FinalReference, 99 refs, 0.0000410 secs]46664.936: [PhantomReference, 0 refs, 0 refs, 0.0000046 secs]46664.936: [JNI Weak Reference, 0.0000068 secs]AdaptiveSizePolicy::update_averages:  survived: 327680  promoted: 0  overflow: false
AdaptiveSizeStart: 46664.936 collection: 62 
  avg_survived_padded_avg: 2878724.750000  avg_promoted_padded_avg: 1654735.625000  avg_pretenured_padded_avg: 0.000000  tenuring_thresh: 15  target_size: 3145728

Desired survivor size 3145728 bytes, new threshold 15 (max 15)
PSAdaptiveSizePolicy::compute_eden_space_size: costs minor_time: 0.000003 major_cost: 0.001668 mutator_cost: 0.998329 throughput_goal: 0.990000 live_space: 293462592 free_space: 371195904 old_eden_size: 103284736 desired_eden_size: 102236160
AdaptiveSizePolicy::survivor space sizes: collection: 62 (3145728, 524288) -> (524288, 3145728) 
AdaptiveSizeStop: collection: 62 
[PSYoungGen: 101184K->320K(100352K)] 141462K->40598K(386048K), 0.0016338 secs] [Times: user=0.00 sys=0.00, real=0.00 secs] 
Heap after GC invocations=62 (full 1):
 PSYoungGen      total 100352K, used 320K [0x000000066bd00000, 0x0000000672480000, 0x00000007c0000000)
  eden space 99840K, 0% used [0x000000066bd00000,0x000000066bd00000,0x0000000671e80000)
  from space 512K, 62% used [0x0000000671f80000,0x0000000671fd0000,0x0000000672000000)
  to   space 3072K, 0% used [0x0000000672180000,0x0000000672180000,0x0000000672480000)
 ParOldGen       total 285696K, used 40278K [0x00000003c3600000, 0x00000003d4d00000, 0x000000066bd00000)
  object space 285696K, 14% used [0x00000003c3600000,0x00000003c5d55a88,0x00000003d4d00000)
 Metaspace       used 25228K, capacity 25826K, committed 26112K, reserved 1073152K
  class space    used 2523K, capacity 2741K, committed 2816K, reserved 1048576K
}
46664.937: Total time for which application threads were stopped: 0.0020453 seconds, Stopping threads took: 0.0000213 seconds
46675.961: Application time: 11.0242808 seconds
46675.961: Total time for which application threads were stopped: 0.0002330 seconds, Stopping threads took: 0.0000784 seconds
47149.969: Application time: 474.0080408 seconds
{Heap before GC invocations=63 (full 1):
 PSYoungGen      total 100352K, used 100160K [0x000000066bd00000, 0x0000000672480000, 0x00000007c0000000)
  eden space 99840K, 100% used [0x000000066bd00000,0x0000000671e80000,0x0000000671e80000)
  from space 512K, 62% used [0x0000000671f80000,0x0000000671fd0000,0x0000000672000000)
  to   space 3072K, 0% used [0x0000000672180000,0x0000000672180000,0x0000000672480000)
 ParOldGen       total 285696K, used 40278K [0x00000003c3600000, 0x00000003d4d00000, 0x000000066bd00000)
  object space 285696K, 14% used [0x00000003c3600000,0x00000003c5d55a88,0x00000003d4d00000)
 Metaspace       used 25228K, capacity 25826K, committed 26112K, reserved 1073152K
  class space    used 2523K, capacity 2741K, committed 2816K, reserved 1048576K
TLAB: gc thread: 0x00007fc910116000 [id: 746] desired_size: 13KB slow allocs: 0  refill waste: 216B alloc: 0.00684      683KB refills: 50 waste  1.4% gc: 7904B slow: 2208B fast: 0B
TLAB: gc thread: 0x00007fc9bc820000 [id: 524] desired_size: 2KB slow allocs: 0  refill waste: 32B alloc: 0.00019       19KB refills: 10 waste  8.1% gc: 1464B slow: 216B fast: 0B
TLAB: gc thread: 0x00007fc918002000 [id: 513] desired_size: 1134KB slow allocs: 0  refill waste: 18152B alloc: 0.56823    56733KB refills: 38 waste  0.7% gc: 304560B slow: 3192B fast: 0B
TLAB: gc thread: 0x00007fc9bc7a5800 [id: 512] desired_size: 839KB slow allocs: 0  refill waste: 13432B alloc: 0.42047    41979KB refills: 67 waste  0.0% gc: 0B slow: 6048B fast: 32B
TLAB: gc thread: 0x00007fc9bc1a7000 [id: 508] desired_size: 2KB slow allocs: 0  refill waste: 32B alloc: 0.00015       15KB refills: 8 waste  7.9% gc: 1200B slow: 112B fast: 0B
TLAB totals: thrds: 5  refills: 173 max: 67 slow allocs: 0 max 0 waste:  0.3% gc: 315128B max: 304560B slow: 11776B max: 6048B fast: 32B max: 32B
47149.970: [GC (Allocation Failure) GCTaskManager::set_active_gang(): all_workers_active()  1  workers 8  active  8  ParallelGCThreads 8 
JT: 3  workers 8  active  8  idle 0  more 0
47149.971: [SoftReference, 0 refs, 0.0000159 secs]47149.971: [WeakReference, 0 refs, 0.0000049 secs]47149.971: [FinalReference, 97 refs, 0.0000407 secs]47149.971: [PhantomReference, 0 refs, 0 refs, 0.0000045 secs]47149.971: [JNI Weak Reference, 0.0000067 secs]AdaptiveSizePolicy::update_averages:  survived: 327680  promoted: 0  overflow: false
AdaptiveSizeStart: 47149.971 collection: 63 
  avg_survived_padded_avg: 2673888.000000  avg_promoted_padded_avg: 1652891.750000  avg_pretenured_padded_avg: 0.000000  tenuring_thresh: 15  target_size: 3145728

Desired survivor size 3145728 bytes, new threshold 15 (max 15)
PSAdaptiveSizePolicy::compute_eden_space_size: costs minor_time: 0.000003 major_cost: 0.001668 mutator_cost: 0.998329 throughput_goal: 0.990000 live_space: 293444864 free_space: 370147328 old_eden_size: 102236160 desired_eden_size: 101187584
AdaptiveSizePolicy::survivor space sizes: collection: 63 (2097152, 524288) -> (2097152, 3145728) 
AdaptiveSizeStop: collection: 63 
[PSYoungGen: 100160K->320K(100864K)] 140438K->40598K(386560K), 0.0018916 secs] [Times: user=0.02 sys=0.00, real=0.00 secs] 
Heap after GC invocations=63 (full 1):
 PSYoungGen      total 100864K, used 320K [0x000000066bd00000, 0x0000000672380000, 0x00000007c0000000)
  eden space 98816K, 0% used [0x000000066bd00000,0x000000066bd00000,0x0000000671d80000)
  from space 2048K, 15% used [0x0000000672180000,0x00000006721d0000,0x0000000672380000)
  to   space 3072K, 0% used [0x0000000671d80000,0x0000000671d80000,0x0000000672080000)
 ParOldGen       total 285696K, used 40278K [0x00000003c3600000, 0x00000003d4d00000, 0x000000066bd00000)
  object space 285696K, 14% used [0x00000003c3600000,0x00000003c5d55a88,0x00000003d4d00000)
 Metaspace       used 25228K, capacity 25826K, committed 26112K, reserved 1073152K
  class space    used 2523K, capacity 2741K, committed 2816K, reserved 1048576K
}
47149.972: Total time for which application threads were stopped: 0.0023362 seconds, Stopping threads took: 0.0000229 seconds
47634.916: Application time: 484.9439434 seconds
{Heap before GC invocations=64 (full 1):
 PSYoungGen      total 100864K, used 99136K [0x000000066bd00000, 0x0000000672380000, 0x00000007c0000000)
  eden space 98816K, 100% used [0x000000066bd00000,0x0000000671d80000,0x0000000671d80000)
  from space 2048K, 15% used [0x0000000672180000,0x00000006721d0000,0x0000000672380000)
  to   space 3072K, 0% used [0x0000000671d80000,0x0000000671d80000,0x0000000672080000)
 ParOldGen       total 285696K, used 40278K [0x00000003c3600000, 0x00000003d4d00000, 0x000000066bd00000)
  object space 285696K, 14% used [0x00000003c3600000,0x00000003c5d55a88,0x00000003d4d00000)
 Metaspace       used 25228K, capacity 25826K, committed 26112K, reserved 1073152K
  class space    used 2523K, capacity 2741K, committed 2816K, reserved 1048576K
TLAB: gc thread: 0x00007fc910116000 [id: 746] desired_size: 13KB slow allocs: 0  refill waste: 208B alloc: 0.00682      674KB refills: 51 waste  2.2% gc: 12312B slow: 3472B fast: 0B
TLAB: gc thread: 0x00007fc9bc820000 [id: 524] desired_size: 2KB slow allocs: 0  refill waste: 32B alloc: 0.00019       19KB refills: 10 waste  8.3% gc: 1504B slow: 216B fast: 0B
TLAB: gc thread: 0x00007fc918002000 [id: 513] desired_size: 1026KB slow allocs: 0  refill waste: 16416B alloc: 0.51924    51310KB refills: 50 waste  0.7% gc: 346984B slow: 4960B fast: 8B
TLAB: gc thread: 0x00007fc9bc7a5800 [id: 512] desired_size: 928KB slow allocs: 0  refill waste: 14848B alloc: 0.46957    46401KB refills: 51 waste  0.0% gc: 0B slow: 4096B fast: 0B
TLAB: gc thread: 0x00007fc9bc1a7000 [id: 508] desired_size: 2KB slow allocs: 0  refill waste: 32B alloc: 0.00015       15KB refills: 8 waste  7.9% gc: 1200B slow: 112B fast: 0B
TLAB totals: thrds: 5  refills: 170 max: 51 slow allocs: 0 max 0 waste:  0.4% gc: 362000B max: 346984B slow: 12856B max: 4960B fast: 8B max: 8B
47634.916: [GC (Allocation Failure) GCTaskManager::set_active_gang(): all_workers_active()  1  workers 8  active  8  ParallelGCThreads 8 
JT: 3  workers 8  active  8  idle 0  more 0
47634.917: [SoftReference, 0 refs, 0.0000153 secs]47634.917: [WeakReference, 0 refs, 0.0000043 secs]47634.917: [FinalReference, 97 refs, 0.0000387 secs]47634.917: [PhantomReference, 0 refs, 0 refs, 0.0000047 secs]47634.917: [JNI Weak Reference, 0.0000065 secs]AdaptiveSizePolicy::update_averages:  survived: 360448  promoted: 0  overflow: false
AdaptiveSizeStart: 47634.917 collection: 64 
  avg_survived_padded_avg: 2478937.750000  avg_promoted_padded_avg: 1651232.125000  avg_pretenured_padded_avg: 0.000000  tenuring_thresh: 15  target_size: 2621440

Desired survivor size 2621440 bytes, new threshold 15 (max 15)
PSAdaptiveSizePolicy::compute_eden_space_size: costs minor_time: 0.000003 major_cost: 0.001668 mutator_cost: 0.998329 throughput_goal: 0.990000 live_space: 293432160 free_space: 369098752 old_eden_size: 101187584 desired_eden_size: 100139008
AdaptiveSizePolicy::survivor space sizes: collection: 64 (3145728, 524288) -> (524288, 2621440) 
AdaptiveSizeStop: collection: 64 
[PSYoungGen: 99136K->352K(98304K)] 139414K->40630K(384000K), 0.0016616 secs] [Times: user=0.00 sys=0.00, real=0.00 secs] 
Heap after GC invocations=64 (full 1):
 PSYoungGen      total 98304K, used 352K [0x000000066bd00000, 0x0000000672200000, 0x00000007c0000000)
  eden space 97792K, 0% used [0x000000066bd00000,0x000000066bd00000,0x0000000671c80000)
  from space 512K, 68% used [0x0000000671d80000,0x0000000671dd8000,0x0000000671e00000)
  to   space 2560K, 0% used [0x0000000671f80000,0x0000000671f80000,0x0000000672200000)
 ParOldGen       total 285696K, used 40278K [0x00000003c3600000, 0x00000003d4d00000, 0x000000066bd00000)
  object space 285696K, 14% used [0x00000003c3600000,0x00000003c5d55a88,0x00000003d4d00000)
 Metaspace       used 25228K, capacity 25826K, committed 26112K, reserved 1073152K
  class space    used 2523K, capacity 2741K, committed 2816K, reserved 1048576K
}
47634.918: Total time for which application threads were stopped: 0.0020330 seconds, Stopping threads took: 0.0000207 seconds
48109.831: Application time: 474.9132806 seconds
{Heap before GC invocations=65 (full 1):
 PSYoungGen      total 98304K, used 98144K [0x000000066bd00000, 0x0000000672200000, 0x00000007c0000000)
  eden space 97792K, 100% used [0x000000066bd00000,0x0000000671c80000,0x0000000671c80000)
  from space 512K, 68% used [0x0000000671d80000,0x0000000671dd8000,0x0000000671e00000)
  to   space 2560K, 0% used [0x0000000671f80000,0x0000000671f80000,0x0000000672200000)
 ParOldGen       total 285696K, used 40278K [0x00000003c3600000, 0x00000003d4d00000, 0x000000066bd00000)
  object space 285696K, 14% used [0x00000003c3600000,0x00000003c5d55a88,0x00000003d4d00000)
 Metaspace       used 25228K, capacity 25826K, committed 26112K, reserved 1073152K
  class space    used 2523K, capacity 2741K, committed 2816K, reserved 1048576K
TLAB: gc thread: 0x00007fc910116000 [id: 746] desired_size: 13KB slow allocs: 0  refill waste: 208B alloc: 0.00684      669KB refills: 50 waste  1.8% gc: 9064B slow: 3344B fast: 0B
TLAB: gc thread: 0x00007fc9bc820000 [id: 524] desired_size: 2KB slow allocs: 0  refill waste: 32B alloc: 0.00019       19KB refills: 10 waste 10.3% gc: 1904B slow: 216B fast: 0B
TLAB: gc thread: 0x00007fc918002000 [id: 513] desired_size: 1014KB slow allocs: 0  refill waste: 16224B alloc: 0.51858    50713KB refills: 53 waste  0.0% gc: 0B slow: 5064B fast: 0B
TLAB: gc thread: 0x00007fc9bc7a5800 [id: 512] desired_size: 920KB slow allocs: 0  refill waste: 14728B alloc: 0.47086    46047KB refills: 48 waste  1.7% gc: 779208B slow: 4048B fast: 0B
TLAB: gc thread: 0x00007fc9bc1a7000 [id: 508] desired_size: 2KB slow allocs: 0  refill waste: 32B alloc: 0.00015       15KB refills: 8 waste  9.9% gc: 1520B slow: 112B fast: 0B
TLAB totals: thrds: 5  refills: 169 max: 53 slow allocs: 0 max 0 waste:  0.8% gc: 791696B max: 779208B slow: 12784B max: 5064B fast: 0B max: 0B
48109.831: [GC (Allocation Failure) GCTaskManager::set_active_gang(): all_workers_active()  1  workers 8  active  8  ParallelGCThreads 8 
JT: 3  workers 8  active  8  idle 0  more 0
48109.832: [SoftReference, 0 refs, 0.0000196 secs]48109.832: [WeakReference, 0 refs, 0.0000045 secs]48109.832: [FinalReference, 95 refs, 0.0000392 secs]48109.832: [PhantomReference, 0 refs, 0 refs, 0.0000047 secs]48109.832: [JNI Weak Reference, 0.0000066 secs]AdaptiveSizePolicy::update_averages:  survived: 327680  promoted: 0  overflow: false
AdaptiveSizeStart: 48109.833 collection: 65 
  avg_survived_padded_avg: 2305413.750000  avg_promoted_padded_avg: 1649738.625000  avg_pretenured_padded_avg: 0.000000  tenuring_thresh: 15  target_size: 2621440

Desired survivor size 2621440 bytes, new threshold 15 (max 15)
PSAdaptiveSizePolicy::compute_eden_space_size: costs minor_time: 0.000003 major_cost: 0.001668 mutator_cost: 0.998329 throughput_goal: 0.990000 live_space: 293417472 free_space: 368050176 old_eden_size: 100139008 desired_eden_size: 99090432
AdaptiveSizePolicy::survivor space sizes: collection: 65 (1048576, 524288) -> (1048576, 2621440) 
AdaptiveSizeStop: collection: 65 
[PSYoungGen: 98144K->320K(97792K)] 138422K->40598K(383488K), 0.0016061 secs] [Times: user=0.00 sys=0.00, real=0.00 secs] 
Heap after GC invocations=65 (full 1):
 PSYoungGen      total 97792K, used 320K [0x000000066bd00000, 0x0000000672080000, 0x00000007c0000000)
  eden space 96768K, 0% used [0x000000066bd00000,0x000000066bd00000,0x0000000671b80000)
  from space 1024K, 31% used [0x0000000671f80000,0x0000000671fd0000,0x0000000672080000)
  to   space 2560K, 0% used [0x0000000671b80000,0x0000000671b80000,0x0000000671e00000)
 ParOldGen       total 285696K, used 40278K [0x00000003c3600000, 0x00000003d4d00000, 0x000000066bd00000)
  object space 285696K, 14% used [0x00000003c3600000,0x00000003c5d55a88,0x00000003d4d00000)
 Metaspace       used 25228K, capacity 25826K, committed 26112K, reserved 1073152K
  class space    used 2523K, capacity 2741K, committed 2816K, reserved 1048576K
}
48109.833: Total time for which application threads were stopped: 0.0019681 seconds, Stopping threads took: 0.0000212 seconds
48594.624: Application time: 484.7905594 seconds
{Heap before GC invocations=66 (full 1):
 PSYoungGen      total 97792K, used 97088K [0x000000066bd00000, 0x0000000672080000, 0x00000007c0000000)
  eden space 96768K, 100% used [0x000000066bd00000,0x0000000671b80000,0x0000000671b80000)
  from space 1024K, 31% used [0x0000000671f80000,0x0000000671fd0000,0x0000000672080000)
  to   space 2560K, 0% used [0x0000000671b80000,0x0000000671b80000,0x0000000671e00000)
 ParOldGen       total 285696K, used 40278K [0x00000003c3600000, 0x00000003d4d00000, 0x000000066bd00000)
  object space 285696K, 14% used [0x00000003c3600000,0x00000003c5d55a88,0x00000003d4d00000)
 Metaspace       used 25228K, capacity 25826K, committed 26112K, reserved 1073152K
  class space    used 2523K, capacity 2741K, committed 2816K, reserved 1048576K
TLAB: gc thread: 0x00007fc910116000 [id: 746] desired_size: 13KB slow allocs: 0  refill waste: 208B alloc: 0.00681      659KB refills: 51 waste  0.3% gc: 0B slow: 2360B fast: 0B
TLAB: gc thread: 0x00007fc9bc820000 [id: 524] desired_size: 2KB slow allocs: 0  refill waste: 32B alloc: 0.00019       19KB refills: 10 waste  8.3% gc: 1504B slow: 216B fast: 0B
TLAB: gc thread: 0x00007fc918002000 [id: 513] desired_size: 1023KB slow allocs: 0  refill waste: 16368B alloc: 0.52875    51166KB refills: 50 waste  0.1% gc: 51336B slow: 10144B fast: 32B
TLAB: gc thread: 0x00007fc9bc7a5800 [id: 512] desired_size: 892KB slow allocs: 0  refill waste: 14272B alloc: 0.46098    44608KB refills: 51 waste  0.0% gc: 9584B slow: 4672B fast: 24B
TLAB: gc thread: 0x00007fc9bc1a7000 [id: 508] desired_size: 2KB slow allocs: 0  refill waste: 32B alloc: 0.00015       15KB refills: 8 waste  7.9% gc: 1200B slow: 112B fast: 0B
TLAB totals: thrds: 5  refills: 170 max: 51 slow allocs: 0 max 0 waste:  0.1% gc: 63624B max: 51336B slow: 17504B max: 10144B fast: 56B max: 32B
48594.624: [GC (Allocation Failure) GCTaskManager::set_active_gang(): all_workers_active()  1  workers 8  active  8  ParallelGCThreads 8 
JT: 3  workers 8  active  8  idle 0  more 0
48594.625: [SoftReference, 0 refs, 0.0000265 secs]48594.625: [WeakReference, 0 refs, 0.0000084 secs]48594.625: [FinalReference, 95 refs, 0.0000605 secs]48594.625: [PhantomReference, 0 refs, 0 refs, 0.0000082 secs]48594.625: [JNI Weak Reference, 0.0000111 secs]AdaptiveSizePolicy::update_averages:  survived: 393216  promoted: 0  overflow: false
AdaptiveSizeStart: 48594.626 collection: 66 
  avg_survived_padded_avg: 2133940.500000  avg_promoted_padded_avg: 1648394.375000  avg_pretenured_padded_avg: 0.000000  tenuring_thresh: 15  target_size: 2621440

Desired survivor size 2621440 bytes, new threshold 15 (max 15)
PSAdaptiveSizePolicy::compute_eden_space_size: costs minor_time: 0.000003 major_cost: 0.001668 mutator_cost: 0.998329 throughput_goal: 0.990000 live_space: 293410816 free_space: 367001600 old_eden_size: 99090432 desired_eden_size: 98041856
AdaptiveSizePolicy::survivor space sizes: collection: 66 (2621440, 524288) -> (524288, 2621440) 
AdaptiveSizeStop: collection: 66 
[PSYoungGen: 97088K->384K(96256K)] 137366K->40662K(381952K), 0.0019942 secs] [Times: user=0.00 sys=0.00, real=0.01 secs] 
Heap after GC invocations=66 (full 1):
 PSYoungGen      total 96256K, used 384K [0x000000066bd00000, 0x0000000672000000, 0x00000007c0000000)
  eden space 95744K, 0% used [0x000000066bd00000,0x000000066bd00000,0x0000000671a80000)
  from space 512K, 75% used [0x0000000671b80000,0x0000000671be0000,0x0000000671c00000)
  to   space 2560K, 0% used [0x0000000671d80000,0x0000000671d80000,0x0000000672000000)
 ParOldGen       total 285696K, used 40278K [0x00000003c3600000, 0x00000003d4d00000, 0x000000066bd00000)
  object space 285696K, 14% used [0x00000003c3600000,0x00000003c5d55a88,0x00000003d4d00000)
 Metaspace       used 25228K, capacity 25826K, committed 26112K, reserved 1073152K
  class space    used 2523K, capacity 2741K, committed 2816K, reserved 1048576K
}
48594.626: Total time for which application threads were stopped: 0.0025776 seconds, Stopping threads took: 0.0000284 seconds
49059.528: Application time: 464.9016693 seconds
{Heap before GC invocations=67 (full 1):
 PSYoungGen      total 96256K, used 96128K [0x000000066bd00000, 0x0000000672000000, 0x00000007c0000000)
  eden space 95744K, 100% used [0x000000066bd00000,0x0000000671a80000,0x0000000671a80000)
  from space 512K, 75% used [0x0000000671b80000,0x0000000671be0000,0x0000000671c00000)
  to   space 2560K, 0% used [0x0000000671d80000,0x0000000671d80000,0x0000000672000000)
 ParOldGen       total 285696K, used 40278K [0x00000003c3600000, 0x00000003d4d00000, 0x000000066bd00000)
  object space 285696K, 14% used [0x00000003c3600000,0x00000003c5d55a88,0x00000003d4d00000)
 Metaspace       used 25228K, capacity 25826K, committed 26112K, reserved 1073152K
  class space    used 2523K, capacity 2741K, committed 2816K, reserved 1048576K
TLAB: gc thread: 0x00007fc910116000 [id: 746] desired_size: 13KB slow allocs: 0  refill waste: 208B alloc: 0.00688      659KB refills: 49 waste  0.7% gc: 2920B slow: 1960B fast: 0B
TLAB: gc thread: 0x00007fc9bc820000 [id: 524] desired_size: 2KB slow allocs: 0  refill waste: 32B alloc: 0.00019       18KB refills: 9 waste  2.2% gc: 224B slow: 192B fast: 0B
TLAB: gc thread: 0x00007fc918002000 [id: 513] desired_size: 1005KB slow allocs: 0  refill waste: 16080B alloc: 0.52506    50271KB refills: 45 waste  0.9% gc: 398224B slow: 3448B fast: 0B
TLAB: gc thread: 0x00007fc9bc7a5800 [id: 512] desired_size: 883KB slow allocs: 0  refill waste: 14136B alloc: 0.46160    44195KB refills: 57 waste  0.0% gc: 0B slow: 5648B fast: 0B
TLAB: gc thread: 0x00007fc9bc1a7000 [id: 508] desired_size: 2KB slow allocs: 0  refill waste: 32B alloc: 0.00015       15KB refills: 8 waste 11.8% gc: 1840B slow: 112B fast: 0B
TLAB totals: thrds: 5  refills: 168 max: 57 slow allocs: 0 max 0 waste:  0.4% gc: 403208B max: 398224B slow: 11360B max: 5648B fast: 0B max: 0B
49059.528: [GC (Allocation Failure) GCTaskManager::set_active_gang(): all_workers_active()  1  workers 8  active  8  ParallelGCThreads 8 
JT: 3  workers 8  active  8  idle 0  more 0
49059.529: [SoftReference, 0 refs, 0.0000158 secs]49059.529: [WeakReference, 0 refs, 0.0000047 secs]49059.529: [FinalReference, 94 refs, 0.0000409 secs]49059.529: [PhantomReference, 0 refs, 0 refs, 0.0000048 secs]49059.529: [JNI Weak Reference, 0.0000069 secs]AdaptiveSizePolicy::update_averages:  survived: 294912  promoted: 0  overflow: false
AdaptiveSizeStart: 49059.529 collection: 67 
  avg_survived_padded_avg: 1994352.000000  avg_promoted_padded_avg: 1647184.625000  avg_pretenured_padded_avg: 0.000000  tenuring_thresh: 15  target_size: 2097152

Desired survivor size 2097152 bytes, new threshold 15 (max 15)
PSAdaptiveSizePolicy::compute_eden_space_size: costs minor_time: 0.000003 major_cost: 0.001668 mutator_cost: 0.998329 throughput_goal: 0.990000 live_space: 293394976 free_space: 365953024 old_eden_size: 98041856 desired_eden_size: 96993280
AdaptiveSizePolicy::survivor space sizes: collection: 67 (524288, 524288) -> (524288, 2097152) 
AdaptiveSizeStop: collection: 67 
[PSYoungGen: 96128K->288K(95232K)] 136406K->40566K(380928K), 0.0016676 secs] [Times: user=0.00 sys=0.00, real=0.00 secs] 
Heap after GC invocations=67 (full 1):
 PSYoungGen      total 95232K, used 288K [0x000000066bd00000, 0x0000000671e00000, 0x00000007c0000000)
  eden space 94720K, 0% used [0x000000066bd00000,0x000000066bd00000,0x0000000671980000)
  from space 512K, 56% used [0x0000000671d80000,0x0000000671dc8000,0x0000000671e00000)
  to   space 2048K, 0% used [0x0000000671a00000,0x0000000671a00000,0x0000000671c00000)
 ParOldGen       total 285696K, used 40278K [0x00000003c3600000, 0x00000003d4d00000, 0x000000066bd00000)
  object space 285696K, 14% used [0x00000003c3600000,0x00000003c5d55a88,0x00000003d4d00000)
 Metaspace       used 25228K, capacity 25826K, committed 26112K, reserved 1073152K
  class space    used 2523K, capacity 2741K, committed 2816K, reserved 1048576K
}
49059.530: Total time for which application threads were stopped: 0.0020780 seconds, Stopping threads took: 0.0000243 seconds
49516.524: Application time: 456.9940033 seconds
{Heap before GC invocations=68 (full 1):
 PSYoungGen      total 95232K, used 95008K [0x000000066bd00000, 0x0000000671e00000, 0x00000007c0000000)
  eden space 94720K, 100% used [0x000000066bd00000,0x0000000671980000,0x0000000671980000)
  from space 512K, 56% used [0x0000000671d80000,0x0000000671dc8000,0x0000000671e00000)
  to   space 2048K, 0% used [0x0000000671a00000,0x0000000671a00000,0x0000000671c00000)
 ParOldGen       total 285696K, used 40278K [0x00000003c3600000, 0x00000003d4d00000, 0x000000066bd00000)
  object space 285696K, 14% used [0x00000003c3600000,0x00000003c5d55a88,0x00000003d4d00000)
 Metaspace       used 25228K, capacity 25826K, committed 26112K, reserved 1073152K
  class space    used 2523K, capacity 2741K, committed 2816K, reserved 1048576K
TLAB: gc thread: 0x00007fc910116000 [id: 746] desired_size: 12KB slow allocs: 0  refill waste: 200B alloc: 0.00679      643KB refills: 50 waste  1.0% gc: 3304B slow: 3184B fast: 0B
TLAB: gc thread: 0x00007fc9bc820000 [id: 524] desired_size: 2KB slow allocs: 0  refill waste: 32B alloc: 0.00019       18KB refills: 9 waste  3.7% gc: 504B slow: 192B fast: 0B
TLAB: gc thread: 0x00007fc918002000 [id: 513] desired_size: 959KB slow allocs: 0  refill waste: 15352B alloc: 0.50658    47983KB refills: 39 waste  2.0% gc: 749128B slow: 4376B fast: 0B
TLAB: gc thread: 0x00007fc9bc7a5800 [id: 512] desired_size: 914KB slow allocs: 0  refill waste: 14632B alloc: 0.48299    45749KB refills: 62 waste  0.7% gc: 379000B slow: 5704B fast: 0B
TLAB: gc thread: 0x00007fc9bc1a7000 [id: 508] desired_size: 2KB slow allocs: 0  refill waste: 32B alloc: 0.00015       15KB refills: 7 waste  0.8% gc: 0B slow: 112B fast: 0B
TLAB totals: thrds: 5  refills: 167 max: 62 slow allocs: 0 max 0 waste:  1.2% gc: 1131936B max: 749128B slow: 13568B max: 5704B fast: 0B max: 0B
49516.524: [GC (Allocation Failure) GCTaskManager::set_active_gang(): all_workers_active()  1  workers 8  active  8  ParallelGCThreads 8 
JT: 3  workers 8  active  8  idle 0  more 0
49516.527: [SoftReference, 0 refs, 0.0000854 secs]49516.527: [WeakReference, 0 refs, 0.0000287 secs]49516.527: [FinalReference, 91 refs, 0.0001737 secs]49516.528: [PhantomReference, 0 refs, 0 refs, 0.0000274 secs]49516.528: [JNI Weak Reference, 0.0000346 secs]AdaptiveSizePolicy::update_averages:  survived: 393216  promoted: 0  overflow: false
AdaptiveSizeStart: 49516.530 collection: 68 
  avg_survived_padded_avg: 1847579.125000  avg_promoted_padded_avg: 1646095.750000  avg_pretenured_padded_avg: 0.000000  tenuring_thresh: 15  target_size: 2097152

Desired survivor size 2097152 bytes, new threshold 15 (max 15)
PSAdaptiveSizePolicy::compute_eden_space_size: costs minor_time: 0.000005 major_cost: 0.001668 mutator_cost: 0.998327 throughput_goal: 0.990000 live_space: 293390560 free_space: 364904448 old_eden_size: 96993280 desired_eden_size: 95944704
AdaptiveSizePolicy::survivor space sizes: collection: 68 (2097152, 524288) -> (2097152, 2097152) 
AdaptiveSizeStop: collection: 68 
[PSYoungGen: 95008K->384K(95744K)] 135286K->40662K(381440K), 0.0054967 secs] [Times: user=0.00 sys=0.00, real=0.01 secs] 
Heap after GC invocations=68 (full 1):
 PSYoungGen      total 95744K, used 384K [0x000000066bd00000, 0x0000000671e00000, 0x00000007c0000000)
  eden space 93696K, 0% used [0x000000066bd00000,0x000000066bd00000,0x0000000671880000)
  from space 2048K, 18% used [0x0000000671a00000,0x0000000671a60000,0x0000000671c00000)
  to   space 2048K, 0% used [0x0000000671c00000,0x0000000671c00000,0x0000000671e00000)
 ParOldGen       total 285696K, used 40278K [0x00000003c3600000, 0x00000003d4d00000, 0x000000066bd00000)
  object space 285696K, 14% used [0x00000003c3600000,0x00000003c5d55a88,0x00000003d4d00000)
 Metaspace       used 25228K, capacity 25826K, committed 26112K, reserved 1073152K
  class space    used 2523K, capacity 2741K, committed 2816K, reserved 1048576K
}
49516.531: Total time for which application threads were stopped: 0.0073336 seconds, Stopping threads took: 0.0001011 seconds
49974.272: Application time: 457.7405159 seconds
{Heap before GC invocations=69 (full 1):
 PSYoungGen      total 95744K, used 94080K [0x000000066bd00000, 0x0000000671e00000, 0x00000007c0000000)
  eden space 93696K, 100% used [0x000000066bd00000,0x0000000671880000,0x0000000671880000)
  from space 2048K, 18% used [0x0000000671a00000,0x0000000671a60000,0x0000000671c00000)
  to   space 2048K, 0% used [0x0000000671c00000,0x0000000671c00000,0x0000000671e00000)
 ParOldGen       total 285696K, used 40278K [0x00000003c3600000, 0x00000003d4d00000, 0x000000066bd00000)
  object space 285696K, 14% used [0x00000003c3600000,0x00000003c5d55a88,0x00000003d4d00000)
 Metaspace       used 25228K, capacity 25826K, committed 26112K, reserved 1073152K
  class space    used 2523K, capacity 2741K, committed 2816K, reserved 1048576K
TLAB: gc thread: 0x00007fc910116000 [id: 746] desired_size: 12KB slow allocs: 0  refill waste: 200B alloc: 0.00679      636KB refills: 50 waste  1.2% gc: 4632B slow: 3424B fast: 0B
TLAB: gc thread: 0x00007fc9bc820000 [id: 524] desired_size: 2KB slow allocs: 0  refill waste: 32B alloc: 0.00019       18KB refills: 9 waste  3.7% gc: 504B slow: 192B fast: 0B
TLAB: gc thread: 0x00007fc918002000 [id: 513] desired_size: 873KB slow allocs: 0  refill waste: 13976B alloc: 0.46634    43694KB refills: 52 waste  0.9% gc: 392464B slow: 4328B fast: 0B
TLAB: gc thread: 0x00007fc9bc7a5800 [id: 512] desired_size: 974KB slow allocs: 0  refill waste: 15592B alloc: 0.52019    48740KB refills: 49 waste  1.8% gc: 893352B slow: 4256B fast: 0B
TLAB: gc thread: 0x00007fc9bc1a7000 [id: 508] desired_size: 2KB slow allocs: 0  refill waste: 32B alloc: 0.00015       14KB refills: 7 waste  0.8% gc: 0B slow: 112B fast: 0B
TLAB totals: thrds: 5  refills: 167 max: 52 slow allocs: 0 max 0 waste:  1.4% gc: 1290952B max: 893352B slow: 12312B max: 4328B fast: 0B max: 0B
49974.272: [GC (Allocation Failure) GCTaskManager::set_active_gang(): all_workers_active()  1  workers 8  active  8  ParallelGCThreads 8 
JT: 3  workers 8  active  8  idle 0  more 0
49974.273: [SoftReference, 0 refs, 0.0000159 secs]49974.273: [WeakReference, 0 refs, 0.0000046 secs]49974.273: [FinalReference, 90 refs, 0.0000396 secs]49974.273: [PhantomReference, 0 refs, 0 refs, 0.0000047 secs]49974.273: [JNI Weak Reference, 0.0000069 secs]AdaptiveSizePolicy::update_averages:  survived: 294912  promoted: 0  overflow: false
AdaptiveSizeStart: 49974.273 collection: 69 
  avg_survived_padded_avg: 1730861.125000  avg_promoted_padded_avg: 1645115.875000  avg_pretenured_padded_avg: 0.000000  tenuring_thresh: 15  target_size: 2097152

Desired survivor size 2097152 bytes, new threshold 15 (max 15)
PSAdaptiveSizePolicy::compute_eden_space_size: costs minor_time: 0.000005 major_cost: 0.001668 mutator_cost: 0.998327 throughput_goal: 0.990000 live_space: 293376736 free_space: 363855872 old_eden_size: 95944704 desired_eden_size: 94896128
AdaptiveSizePolicy::survivor space sizes: collection: 69 (524288, 2097152) -> (524288, 2097152) 
AdaptiveSizeStop: collection: 69 
[PSYoungGen: 94080K->288K(93184K)] 134358K->40566K(378880K), 0.0017372 secs] [Times: user=0.00 sys=0.00, real=0.00 secs] 
Heap after GC invocations=69 (full 1):
 PSYoungGen      total 93184K, used 288K [0x000000066bd00000, 0x0000000671c80000, 0x00000007c0000000)
  eden space 92672K, 0% used [0x000000066bd00000,0x000000066bd00000,0x0000000671780000)
  from space 512K, 56% used [0x0000000671c00000,0x0000000671c48000,0x0000000671c80000)
  to   space 2048K, 0% used [0x0000000671880000,0x0000000671880000,0x0000000671a80000)
 ParOldGen       total 285696K, used 40278K [0x00000003c3600000, 0x00000003d4d00000, 0x000000066bd00000)
  object space 285696K, 14% used [0x00000003c3600000,0x00000003c5d55a88,0x00000003d4d00000)
 Metaspace       used 25228K, capacity 25826K, committed 26112K, reserved 1073152K
  class space    used 2523K, capacity 2741K, committed 2816K, reserved 1048576K
}
49974.274: Total time for which application threads were stopped: 0.0021190 seconds, Stopping threads took: 0.0000243 seconds
50202.169: Application time: 227.8948922 seconds
50202.169: Total time for which application threads were stopped: 0.0002354 seconds, Stopping threads took: 0.0000794 seconds
50423.624: Application time: 221.4554808 seconds
{Heap before GC invocations=70 (full 1):
 PSYoungGen      total 93184K, used 92960K [0x000000066bd00000, 0x0000000671c80000, 0x00000007c0000000)
  eden space 92672K, 100% used [0x000000066bd00000,0x0000000671780000,0x0000000671780000)
  from space 512K, 56% used [0x0000000671c00000,0x0000000671c48000,0x0000000671c80000)
  to   space 2048K, 0% used [0x0000000671880000,0x0000000671880000,0x0000000671a80000)
 ParOldGen       total 285696K, used 40278K [0x00000003c3600000, 0x00000003d4d00000, 0x000000066bd00000)
  object space 285696K, 14% used [0x00000003c3600000,0x00000003c5d55a88,0x00000003d4d00000)
 Metaspace       used 25228K, capacity 25826K, committed 26112K, reserved 1073152K
  class space    used 2523K, capacity 2741K, committed 2816K, reserved 1048576K
TLAB: gc thread: 0x00007fc910116000 [id: 746] desired_size: 12KB slow allocs: 0  refill waste: 200B alloc: 0.00679      629KB refills: 50 waste  1.4% gc: 4040B slow: 4984B fast: 0B
TLAB: gc thread: 0x00007fc9bc820000 [id: 524] desired_size: 2KB slow allocs: 0  refill waste: 32B alloc: 0.00019       17KB refills: 9 waste  5.5% gc: 824B slow: 192B fast: 0B
TLAB: gc thread: 0x00007fc918002000 [id: 513] desired_size: 871KB slow allocs: 0  refill waste: 13944B alloc: 0.47047    43599KB refills: 49 waste  0.0% gc: 0B slow: 4080B fast: 0B
TLAB: gc thread: 0x00007fc9bc7a5800 [id: 512] desired_size: 953KB slow allocs: 0  refill waste: 15248B alloc: 0.51443    47673KB refills: 52 waste  1.3% gc: 663072B slow: 4152B fast: 0B
TLAB: gc thread: 0x00007fc9bc1a7000 [id: 508] desired_size: 2KB slow allocs: 0  refill waste: 32B alloc: 0.00015       14KB refills: 7 waste  2.5% gc: 272B slow: 96B fast: 0B
TLAB totals: thrds: 5  refills: 167 max: 52 slow allocs: 0 max 0 waste:  0.7% gc: 668208B max: 663072B slow: 13504B max: 4984B fast: 0B max: 0B
50423.625: [GC (Allocation Failure) GCTaskManager::set_active_gang(): all_workers_active()  1  workers 8  active  8  ParallelGCThreads 8 
JT: 3  workers 8  active  8  idle 0  more 0
50423.626: [SoftReference, 0 refs, 0.0000151 secs]50423.626: [WeakReference, 0 refs, 0.0000046 secs]50423.626: [FinalReference, 90 refs, 0.0000379 secs]50423.626: [PhantomReference, 0 refs, 0 refs, 0.0000050 secs]50423.626: [JNI Weak Reference, 0.0000061 secs]AdaptiveSizePolicy::update_averages:  survived: 294912  promoted: 0  overflow: false
AdaptiveSizeStart: 50423.626 collection: 70 
  avg_survived_padded_avg: 1621960.000000  avg_promoted_padded_avg: 1644233.875000  avg_pretenured_padded_avg: 0.000000  tenuring_thresh: 15  target_size: 2097152

Desired survivor size 2097152 bytes, new threshold 15 (max 15)
PSAdaptiveSizePolicy::compute_eden_space_size: costs minor_time: 0.000004 major_cost: 0.001668 mutator_cost: 0.998327 throughput_goal: 0.990000 live_space: 293364320 free_space: 362807296 old_eden_size: 94896128 desired_eden_size: 93847552
AdaptiveSizePolicy::survivor space sizes: collection: 70 (2097152, 524288) -> (2097152, 2097152) 
AdaptiveSizeStop: collection: 70 
[PSYoungGen: 92960K->288K(93696K)] 133238K->40566K(379392K), 0.0015368 secs] [Times: user=0.00 sys=0.00, real=0.01 secs] 
Heap after GC invocations=70 (full 1):
 PSYoungGen      total 93696K, used 288K [0x000000066bd00000, 0x0000000671c80000, 0x00000007c0000000)
  eden space 91648K, 0% used [0x000000066bd00000,0x000000066bd00000,0x0000000671680000)
  from space 2048K, 14% used [0x0000000671880000,0x00000006718c8000,0x0000000671a80000)
  to   space 2048K, 0% used [0x0000000671a80000,0x0000000671a80000,0x0000000671c80000)
 ParOldGen       total 285696K, used 40278K [0x00000003c3600000, 0x00000003d4d00000, 0x000000066bd00000)
  object space 285696K, 14% used [0x00000003c3600000,0x00000003c5d55a88,0x00000003d4d00000)
 Metaspace       used 25228K, capacity 25826K, committed 26112K, reserved 1073152K
  class space    used 2523K, capacity 2741K, committed 2816K, reserved 1048576K
}
50423.626: Total time for which application threads were stopped: 0.0018888 seconds, Stopping threads took: 0.0000207 seconds
50433.660: Application time: 10.0339438 seconds
50433.660: Total time for which application threads were stopped: 0.0001053 seconds, Stopping threads took: 0.0000384 seconds
50868.210: Application time: 434.5496811 seconds
{Heap before GC invocations=71 (full 1):
 PSYoungGen      total 93696K, used 91936K [0x000000066bd00000, 0x0000000671c80000, 0x00000007c0000000)
  eden space 91648K, 100% used [0x000000066bd00000,0x0000000671680000,0x0000000671680000)
  from space 2048K, 14% used [0x0000000671880000,0x00000006718c8000,0x0000000671a80000)
  to   space 2048K, 0% used [0x0000000671a80000,0x0000000671a80000,0x0000000671c80000)
 ParOldGen       total 285696K, used 40278K [0x00000003c3600000, 0x00000003d4d00000, 0x000000066bd00000)
  object space 285696K, 14% used [0x00000003c3600000,0x00000003c5d55a88,0x00000003d4d00000)
 Metaspace       used 25228K, capacity 25826K, committed 26112K, reserved 1073152K
  class space    used 2523K, capacity 2741K, committed 2816K, reserved 1048576K
TLAB: gc thread: 0x00007fc910116000 [id: 746] desired_size: 12KB slow allocs: 0  refill waste: 192B alloc: 0.00678      621KB refills: 50 waste  1.0% gc: 3040B slow: 3128B fast: 0B
TLAB: gc thread: 0x00007fc9bc820000 [id: 524] desired_size: 2KB slow allocs: 0  refill waste: 32B alloc: 0.00019       17KB refills: 9 waste  6.5% gc: 1024B slow: 192B fast: 0B
TLAB: gc thread: 0x00007fc918002000 [id: 513] desired_size: 856KB slow allocs: 0  refill waste: 13696B alloc: 0.46708    42807KB refills: 56 waste  0.0% gc: 0B slow: 5112B fast: 0B
TLAB: gc thread: 0x00007fc9bc7a5800 [id: 512] desired_size: 950KB slow allocs: 0  refill waste: 15200B alloc: 0.51843    47513KB refills: 46 waste  2.1% gc: 916736B slow: 4768B fast: 0B
TLAB: gc thread: 0x00007fc9bc1a7000 [id: 508] desired_size: 2KB slow allocs: 0  refill waste: 32B alloc: 0.00015       13KB refills: 7 waste  3.4% gc: 400B slow: 96B fast: 0B
TLAB totals: thrds: 5  refills: 168 max: 56 slow allocs: 0 max 0 waste:  1.0% gc: 921200B max: 916736B slow: 13296B max: 5112B fast: 0B max: 0B
50868.210: [GC (Allocation Failure) GCTaskManager::set_active_gang(): all_workers_active()  1  workers 8  active  8  ParallelGCThreads 8 
JT: 3  workers 8  active  8  idle 0  more 0
50868.211: [SoftReference, 0 refs, 0.0000151 secs]50868.211: [WeakReference, 0 refs, 0.0000045 secs]50868.211: [FinalReference, 89 refs, 0.0000362 secs]50868.211: [PhantomReference, 0 refs, 0 refs, 0.0000048 secs]50868.211: [JNI Weak Reference, 0.0000070 secs]AdaptiveSizePolicy::update_averages:  survived: 360448  promoted: 0  overflow: false
AdaptiveSizeStart: 50868.212 collection: 71 
  avg_survived_padded_avg: 1509338.500000  avg_promoted_padded_avg: 1643440.125000  avg_pretenured_padded_avg: 0.000000  tenuring_thresh: 15  target_size: 1572864

Desired survivor size 1572864 bytes, new threshold 15 (max 15)
PSAdaptiveSizePolicy::compute_eden_space_size: costs minor_time: 0.000004 major_cost: 0.001668 mutator_cost: 0.998328 throughput_goal: 0.990000 live_space: 293359680 free_space: 361758720 old_eden_size: 93847552 desired_eden_size: 92798976
AdaptiveSizePolicy::survivor space sizes: collection: 71 (524288, 2097152) -> (524288, 1572864) 
AdaptiveSizeStop: collection: 71 
[PSYoungGen: 91936K->352K(91136K)] 132214K->40630K(376832K), 0.0014486 secs] [Times: user=0.00 sys=0.00, real=0.00 secs] 
Heap after GC invocations=71 (full 1):
 PSYoungGen      total 91136K, used 352K [0x000000066bd00000, 0x0000000671b00000, 0x00000007c0000000)
  eden space 90624K, 0% used [0x000000066bd00000,0x000000066bd00000,0x0000000671580000)
  from space 512K, 68% used [0x0000000671a80000,0x0000000671ad8000,0x0000000671b00000)
  to   space 1536K, 0% used [0x0000000671800000,0x0000000671800000,0x0000000671980000)
 ParOldGen       total 285696K, used 40278K [0x00000003c3600000, 0x00000003d4d00000, 0x000000066bd00000)
  object space 285696K, 14% used [0x00000003c3600000,0x00000003c5d55a88,0x00000003d4d00000)
 Metaspace       used 25228K, capacity 25826K, committed 26112K, reserved 1073152K
  class space    used 2523K, capacity 2741K, committed 2816K, reserved 1048576K
}
50868.212: Total time for which application threads were stopped: 0.0018403 seconds, Stopping threads took: 0.0000213 seconds
51312.849: Application time: 444.6372494 seconds
{Heap before GC invocations=72 (full 1):
 PSYoungGen      total 91136K, used 90976K [0x000000066bd00000, 0x0000000671b00000, 0x00000007c0000000)
  eden space 90624K, 100% used [0x000000066bd00000,0x0000000671580000,0x0000000671580000)
  from space 512K, 68% used [0x0000000671a80000,0x0000000671ad8000,0x0000000671b00000)
  to   space 1536K, 0% used [0x0000000671800000,0x0000000671800000,0x0000000671980000)
 ParOldGen       total 285696K, used 40278K [0x00000003c3600000, 0x00000003d4d00000, 0x000000066bd00000)
  object space 285696K, 14% used [0x00000003c3600000,0x00000003c5d55a88,0x00000003d4d00000)
 Metaspace       used 25228K, capacity 25826K, committed 26112K, reserved 1073152K
  class space    used 2523K, capacity 2741K, committed 2816K, reserved 1048576K
TLAB: gc thread: 0x00007fc910116000 [id: 746] desired_size: 12KB slow allocs: 0  refill waste: 192B alloc: 0.00677      614KB refills: 51 waste  2.3% gc: 11656B slow: 2872B fast: 0B
TLAB: gc thread: 0x00007fc9bc820000 [id: 524] desired_size: 2KB slow allocs: 0  refill waste: 32B alloc: 0.00019       17KB refills: 9 waste  6.5% gc: 1024B slow: 192B fast: 0B
TLAB: gc thread: 0x00007fc918002000 [id: 513] desired_size: 877KB slow allocs: 0  refill waste: 14032B alloc: 0.48410    43871KB refills: 59 waste  1.5% gc: 777000B slow: 11688B fast: 0B
TLAB: gc thread: 0x00007fc9bc7a5800 [id: 512] desired_size: 908KB slow allocs: 0  refill waste: 14536B alloc: 0.50146    45445KB refills: 42 waste  0.0% gc: 0B slow: 4024B fast: 0B
TLAB: gc thread: 0x00007fc9bc1a7000 [id: 508] desired_size: 2KB slow allocs: 0  refill waste: 32B alloc: 0.00015       13KB refills: 7 waste  3.4% gc: 400B slow: 96B fast: 0B
TLAB totals: thrds: 5  refills: 168 max: 59 slow allocs: 0 max 0 waste:  0.9% gc: 790080B max: 777000B slow: 18872B max: 11688B fast: 0B max: 0B
51312.849: [GC (Allocation Failure) GCTaskManager::set_active_gang(): all_workers_active()  1  workers 8  active  8  ParallelGCThreads 8 
JT: 3  workers 8  active  8  idle 0  more 0
51312.851: [SoftReference, 0 refs, 0.0000156 secs]51312.851: [WeakReference, 0 refs, 0.0000045 secs]51312.851: [FinalReference, 89 refs, 0.0000368 secs]51312.851: [PhantomReference, 0 refs, 0 refs, 0.0000048 secs]51312.851: [JNI Weak Reference, 0.0000062 secs]AdaptiveSizePolicy::update_averages:  survived: 327680  promoted: 0  overflow: false
AdaptiveSizeStart: 51312.851 collection: 72 
  avg_survived_padded_avg: 1412196.750000  avg_promoted_padded_avg: 1642725.875000  avg_pretenured_padded_avg: 0.000000  tenuring_thresh: 15  target_size: 1572864

Desired survivor size 1572864 bytes, new threshold 15 (max 15)
PSAdaptiveSizePolicy::compute_eden_space_size: costs minor_time: 0.000004 major_cost: 0.001668 mutator_cost: 0.998328 throughput_goal: 0.990000 live_space: 293352224 free_space: 360710144 old_eden_size: 92798976 desired_eden_size: 91750400
AdaptiveSizePolicy::survivor space sizes: collection: 72 (1572864, 524288) -> (1572864, 1572864) 
AdaptiveSizeStop: collection: 72 
[PSYoungGen: 90976K->320K(91136K)] 131254K->40598K(376832K), 0.0019977 secs] [Times: user=0.00 sys=0.00, real=0.00 secs] 
Heap after GC invocations=72 (full 1):
 PSYoungGen      total 91136K, used 320K [0x000000066bd00000, 0x0000000671b00000, 0x00000007c0000000)
  eden space 89600K, 0% used [0x000000066bd00000,0x000000066bd00000,0x0000000671480000)
  from space 1536K, 20% used [0x0000000671800000,0x0000000671850000,0x0000000671980000)
  to   space 1536K, 0% used [0x0000000671980000,0x0000000671980000,0x0000000671b00000)
 ParOldGen       total 285696K, used 40278K [0x00000003c3600000, 0x00000003d4d00000, 0x000000066bd00000)
  object space 285696K, 14% used [0x00000003c3600000,0x00000003c5d55a88,0x00000003d4d00000)
 Metaspace       used 25228K, capacity 25826K, committed 26112K, reserved 1073152K
  class space    used 2523K, capacity 2741K, committed 2816K, reserved 1048576K
}
51312.852: Total time for which application threads were stopped: 0.0023481 seconds, Stopping threads took: 0.0000218 seconds
51525.752: Application time: 212.9008602 seconds
51525.753: Total time for which application threads were stopped: 0.0001251 seconds, Stopping threads took: 0.0000406 seconds
51616.064: Application time: 90.3119108 seconds
51616.065: Total time for which application threads were stopped: 0.0000901 seconds, Stopping threads took: 0.0000275 seconds
51657.151: Application time: 41.0868247 seconds
51657.152: Total time for which application threads were stopped: 0.0002171 seconds, Stopping threads took: 0.0000565 seconds
51687.312: Application time: 30.1601093 seconds
51687.312: Total time for which application threads were stopped: 0.0000922 seconds, Stopping threads took: 0.0000311 seconds
51757.442: Application time: 70.1298963 seconds
{Heap before GC invocations=73 (full 1):
 PSYoungGen      total 91136K, used 89920K [0x000000066bd00000, 0x0000000671b00000, 0x00000007c0000000)
  eden space 89600K, 100% used [0x000000066bd00000,0x0000000671480000,0x0000000671480000)
  from space 1536K, 20% used [0x0000000671800000,0x0000000671850000,0x0000000671980000)
  to   space 1536K, 0% used [0x0000000671980000,0x0000000671980000,0x0000000671b00000)
 ParOldGen       total 285696K, used 40278K [0x00000003c3600000, 0x00000003d4d00000, 0x000000066bd00000)
  object space 285696K, 14% used [0x00000003c3600000,0x00000003c5d55a88,0x00000003d4d00000)
 Metaspace       used 25228K, capacity 25826K, committed 26112K, reserved 1073152K
  class space    used 2523K, capacity 2741K, committed 2816K, reserved 1048576K
TLAB: gc thread: 0x00007fc910116000 [id: 746] desired_size: 12KB slow allocs: 0  refill waste: 192B alloc: 0.00682      611KB refills: 51 waste  1.2% gc: 3928B slow: 3416B fast: 0B
TLAB: gc thread: 0x00007fc9bc820000 [id: 524] desired_size: 2KB slow allocs: 0  refill waste: 32B alloc: 0.00019       17KB refills: 9 waste  6.5% gc: 1024B slow: 192B fast: 0B
TLAB: gc thread: 0x00007fc918002000 [id: 513] desired_size: 916KB slow allocs: 0  refill waste: 14656B alloc: 0.51123    45806KB refills: 47 waste  0.6% gc: 250344B slow: 3112B fast: 0B
TLAB: gc thread: 0x00007fc9bc7a5800 [id: 512] desired_size: 848KB slow allocs: 0  refill waste: 13576B alloc: 0.47359    42434KB refills: 55 waste  0.0% gc: 0B slow: 5368B fast: 0B
TLAB: gc thread: 0x00007fc9bc1a7000 [id: 508] desired_size: 2KB slow allocs: 0  refill waste: 32B alloc: 0.00015       13KB refills: 7 waste  3.7% gc: 432B slow: 96B fast: 0B
TLAB totals: thrds: 5  refills: 169 max: 55 slow allocs: 0 max 0 waste:  0.3% gc: 255728B max: 250344B slow: 12184B max: 5368B fast: 0B max: 0B
51757.442: [GC (Allocation Failure) GCTaskManager::set_active_gang(): all_workers_active()  1  workers 8  active  8  ParallelGCThreads 8 
JT: 3  workers 8  active  8  idle 0  more 0
51757.443: [SoftReference, 0 refs, 0.0000148 secs]51757.443: [WeakReference, 0 refs, 0.0000046 secs]51757.443: [FinalReference, 89 refs, 0.0000362 secs]51757.443: [PhantomReference, 0 refs, 0 refs, 0.0000049 secs]51757.443: [JNI Weak Reference, 0.0000077 secs]AdaptiveSizePolicy::update_averages:  survived: 327680  promoted: 0  overflow: false
AdaptiveSizeStart: 51757.443 collection: 73 
  avg_survived_padded_avg: 1322666.750000  avg_promoted_padded_avg: 1642082.875000  avg_pretenured_padded_avg: 0.000000  tenuring_thresh: 15  target_size: 1572864

Desired survivor size 1572864 bytes, new threshold 15 (max 15)
PSAdaptiveSizePolicy::compute_eden_space_size: costs minor_time: 0.000004 major_cost: 0.001668 mutator_cost: 0.998328 throughput_goal: 0.990000 live_space: 293345536 free_space: 359661568 old_eden_size: 91750400 desired_eden_size: 90701824
AdaptiveSizePolicy::survivor space sizes: collection: 73 (524288, 1572864) -> (524288, 1572864) 
AdaptiveSizeStop: collection: 73 
[PSYoungGen: 89920K->320K(89088K)] 130198K->40598K(374784K), 0.0014014 secs] [Times: user=0.00 sys=0.00, real=0.00 secs] 
Heap after GC invocations=73 (full 1):
 PSYoungGen      total 89088K, used 320K [0x000000066bd00000, 0x0000000671a00000, 0x00000007c0000000)
  eden space 88576K, 0% used [0x000000066bd00000,0x000000066bd00000,0x0000000671380000)
  from space 512K, 62% used [0x0000000671980000,0x00000006719d0000,0x0000000671a00000)
  to   space 1536K, 0% used [0x0000000671700000,0x0000000671700000,0x0000000671880000)
 ParOldGen       total 285696K, used 40278K [0x00000003c3600000, 0x00000003d4d00000, 0x000000066bd00000)
  object space 285696K, 14% used [0x00000003c3600000,0x00000003c5d55a88,0x00000003d4d00000)
 Metaspace       used 25228K, capacity 25826K, committed 26112K, reserved 1073152K
  class space    used 2523K, capacity 2741K, committed 2816K, reserved 1048576K
}
51757.444: Total time for which application threads were stopped: 0.0018236 seconds, Stopping threads took: 0.0000208 seconds
51788.558: Application time: 31.1142087 seconds
51788.558: Total time for which application threads were stopped: 0.0002265 seconds, Stopping threads took: 0.0000753 seconds
52187.250: Application time: 398.6920532 seconds
{Heap before GC invocations=74 (full 1):
 PSYoungGen      total 89088K, used 88896K [0x000000066bd00000, 0x0000000671a00000, 0x00000007c0000000)
  eden space 88576K, 100% used [0x000000066bd00000,0x0000000671380000,0x0000000671380000)
  from space 512K, 62% used [0x0000000671980000,0x00000006719d0000,0x0000000671a00000)
  to   space 1536K, 0% used [0x0000000671700000,0x0000000671700000,0x0000000671880000)
 ParOldGen       total 285696K, used 40278K [0x00000003c3600000, 0x00000003d4d00000, 0x000000066bd00000)
  object space 285696K, 14% used [0x00000003c3600000,0x00000003c5d55a88,0x00000003d4d00000)
 Metaspace       used 25228K, capacity 25826K, committed 26112K, reserved 1073152K
  class space    used 2523K, capacity 2741K, committed 2816K, reserved 1048576K
TLAB: gc thread: 0x00007fc910116000 [id: 746] desired_size: 12KB slow allocs: 0  refill waste: 192B alloc: 0.00683      605KB refills: 49 waste  0.5% gc: 0B slow: 2992B fast: 0B
TLAB: gc thread: 0x00007fc9bc820000 [id: 524] desired_size: 2KB slow allocs: 0  refill waste: 32B alloc: 0.00019       17KB refills: 9 waste  9.8% gc: 1624B slow: 192B fast: 0B
TLAB: gc thread: 0x00007fc918002000 [id: 513] desired_size: 881KB slow allocs: 0  refill waste: 14096B alloc: 0.49739    44057KB refills: 49 waste  0.9% gc: 371912B slow: 4232B fast: 0B
TLAB: gc thread: 0x00007fc9bc7a5800 [id: 512] desired_size: 862KB slow allocs: 0  refill waste: 13800B alloc: 0.48701    43138KB refills: 52 waste  0.8% gc: 344672B slow: 5352B fast: 0B
TLAB: gc thread: 0x00007fc9bc1a7000 [id: 508] desired_size: 2KB slow allocs: 0  refill waste: 32B alloc: 0.00015       13KB refills: 7 waste  6.8% gc: 880B slow: 96B fast: 0B
TLAB totals: thrds: 5  refills: 166 max: 52 slow allocs: 0 max 0 waste:  0.8% gc: 719088B max: 371912B slow: 12864B max: 5352B fast: 0B max: 0B
52187.250: [GC (Allocation Failure) GCTaskManager::set_active_gang(): all_workers_active()  1  workers 8  active  8  ParallelGCThreads 8 
JT: 3  workers 8  active  8  idle 0  more 0
52187.251: [SoftReference, 0 refs, 0.0000151 secs]52187.251: [WeakReference, 0 refs, 0.0000051 secs]52187.251: [FinalReference, 85 refs, 0.0000358 secs]52187.251: [PhantomReference, 0 refs, 0 refs, 0.0000066 secs]52187.251: [JNI Weak Reference, 0.0000066 secs]AdaptiveSizePolicy::update_averages:  survived: 327680  promoted: 0  overflow: false
AdaptiveSizeStart: 52187.251 collection: 74 
  avg_survived_padded_avg: 1240197.500000  avg_promoted_padded_avg: 1641504.250000  avg_pretenured_padded_avg: 0.000000  tenuring_thresh: 15  target_size: 1572864

Desired survivor size 1572864 bytes, new threshold 15 (max 15)
PSAdaptiveSizePolicy::compute_eden_space_size: costs minor_time: 0.000004 major_cost: 0.001668 mutator_cost: 0.998328 throughput_goal: 0.990000 live_space: 293339488 free_space: 358612992 old_eden_size: 90701824 desired_eden_size: 89653248
AdaptiveSizePolicy::survivor space sizes: collection: 74 (1572864, 524288) -> (1572864, 1572864) 
AdaptiveSizeStop: collection: 74 
[PSYoungGen: 88896K->320K(89088K)] 129174K->40598K(374784K), 0.0013229 secs] [Times: user=0.09 sys=0.00, real=0.00 secs] 
Heap after GC invocations=74 (full 1):
 PSYoungGen      total 89088K, used 320K [0x000000066bd00000, 0x0000000671a00000, 0x00000007c0000000)
  eden space 87552K, 0% used [0x000000066bd00000,0x000000066bd00000,0x0000000671280000)
  from space 1536K, 20% used [0x0000000671700000,0x0000000671750000,0x0000000671880000)
  to   space 1536K, 0% used [0x0000000671880000,0x0000000671880000,0x0000000671a00000)
 ParOldGen       total 285696K, used 40278K [0x00000003c3600000, 0x00000003d4d00000, 0x000000066bd00000)
  object space 285696K, 14% used [0x00000003c3600000,0x00000003c5d55a88,0x00000003d4d00000)
 Metaspace       used 25228K, capacity 25826K, committed 26112K, reserved 1073152K
  class space    used 2523K, capacity 2741K, committed 2816K, reserved 1048576K
}
52187.252: Total time for which application threads were stopped: 0.0016786 seconds, Stopping threads took: 0.0000235 seconds
52607.577: Application time: 420.3248698 seconds
{Heap before GC invocations=75 (full 1):
 PSYoungGen      total 89088K, used 87872K [0x000000066bd00000, 0x0000000671a00000, 0x00000007c0000000)
  eden space 87552K, 100% used [0x000000066bd00000,0x0000000671280000,0x0000000671280000)
  from space 1536K, 20% used [0x0000000671700000,0x0000000671750000,0x0000000671880000)
  to   space 1536K, 0% used [0x0000000671880000,0x0000000671880000,0x0000000671a00000)
 ParOldGen       total 285696K, used 40278K [0x00000003c3600000, 0x00000003d4d00000, 0x000000066bd00000)
  object space 285696K, 14% used [0x00000003c3600000,0x00000003c5d55a88,0x00000003d4d00000)
 Metaspace       used 25228K, capacity 25826K, committed 26112K, reserved 1073152K
  class space    used 2523K, capacity 2741K, committed 2816K, reserved 1048576K
TLAB: gc thread: 0x00007fc910116000 [id: 746] desired_size: 11KB slow allocs: 0  refill waste: 184B alloc: 0.00682      597KB refills: 49 waste  0.6% gc: 0B slow: 3592B fast: 0B
TLAB: gc thread: 0x00007fc9bc820000 [id: 524] desired_size: 2KB slow allocs: 0  refill waste: 32B alloc: 0.00019       17KB refills: 9 waste 11.7% gc: 1984B slow: 192B fast: 0B
TLAB: gc thread: 0x00007fc918002000 [id: 513] desired_size: 863KB slow allocs: 0  refill waste: 13808B alloc: 0.49309    43171KB refills: 48 waste  1.5% gc: 631968B slow: 4600B fast: 0B
TLAB: gc thread: 0x00007fc9bc7a5800 [id: 512] desired_size: 858KB slow allocs: 0  refill waste: 13736B alloc: 0.49044    42939KB refills: 53 waste  1.5% gc: 684176B slow: 9232B fast: 0B
TLAB: gc thread: 0x00007fc9bc1a7000 [id: 508] desired_size: 2KB slow allocs: 0  refill waste: 32B alloc: 0.00015       13KB refills: 7 waste  8.7% gc: 1168B slow: 96B fast: 0B
TLAB totals: thrds: 5  refills: 166 max: 53 slow allocs: 0 max 0 waste:  1.5% gc: 1319296B max: 684176B slow: 17712B max: 9232B fast: 0B max: 0B
52607.577: [GC (Allocation Failure) GCTaskManager::set_active_gang(): all_workers_active()  1  workers 8  active  8  ParallelGCThreads 8 
JT: 3  workers 8  active  8  idle 0  more 0
52607.577: [SoftReference, 0 refs, 0.0000168 secs]52607.577: [WeakReference, 0 refs, 0.0000055 secs]52607.577: [FinalReference, 84 refs, 0.0000398 secs]52607.578: [PhantomReference, 0 refs, 0 refs, 0.0000051 secs]52607.578: [JNI Weak Reference, 0.0000077 secs]AdaptiveSizePolicy::update_averages:  survived: 327680  promoted: 0  overflow: false
AdaptiveSizeStart: 52607.578 collection: 75 
  avg_survived_padded_avg: 1164272.375000  avg_promoted_padded_avg: 1640983.500000  avg_pretenured_padded_avg: 0.000000  tenuring_thresh: 15  target_size: 1572864

Desired survivor size 1572864 bytes, new threshold 15 (max 15)
PSAdaptiveSizePolicy::compute_eden_space_size: costs minor_time: 0.000003 major_cost: 0.001668 mutator_cost: 0.998328 throughput_goal: 0.990000 live_space: 293334080 free_space: 357564416 old_eden_size: 89653248 desired_eden_size: 88604672
AdaptiveSizePolicy::survivor space sizes: collection: 75 (524288, 1572864) -> (524288, 1572864) 
AdaptiveSizeStop: collection: 75 
[PSYoungGen: 87872K->320K(87040K)] 128150K->40598K(372736K), 0.0014016 secs] [Times: user=0.00 sys=0.00, real=0.00 secs] 
Heap after GC invocations=75 (full 1):
 PSYoungGen      total 87040K, used 320K [0x000000066bd00000, 0x0000000671900000, 0x00000007c0000000)
  eden space 86528K, 0% used [0x000000066bd00000,0x000000066bd00000,0x0000000671180000)
  from space 512K, 62% used [0x0000000671880000,0x00000006718d0000,0x0000000671900000)
  to   space 1536K, 0% used [0x0000000671600000,0x0000000671600000,0x0000000671780000)
 ParOldGen       total 285696K, used 40278K [0x00000003c3600000, 0x00000003d4d00000, 0x000000066bd00000)
  object space 285696K, 14% used [0x00000003c3600000,0x00000003c5d55a88,0x00000003d4d00000)
 Metaspace       used 25228K, capacity 25826K, committed 26112K, reserved 1073152K
  class space    used 2523K, capacity 2741K, committed 2816K, reserved 1048576K
}
52607.578: Total time for which application threads were stopped: 0.0018359 seconds, Stopping threads took: 0.0000254 seconds
52687.902: Application time: 80.3231392 seconds
52687.902: Total time for which application threads were stopped: 0.0000821 seconds, Stopping threads took: 0.0000283 seconds
52718.031: Application time: 30.1297010 seconds
52718.032: Total time for which application threads were stopped: 0.0002483 seconds, Stopping threads took: 0.0000846 seconds
53037.929: Application time: 319.8976176 seconds
{Heap before GC invocations=76 (full 1):
 PSYoungGen      total 87040K, used 86848K [0x000000066bd00000, 0x0000000671900000, 0x00000007c0000000)
  eden space 86528K, 100% used [0x000000066bd00000,0x0000000671180000,0x0000000671180000)
  from space 512K, 62% used [0x0000000671880000,0x00000006718d0000,0x0000000671900000)
  to   space 1536K, 0% used [0x0000000671600000,0x0000000671600000,0x0000000671780000)
 ParOldGen       total 285696K, used 40278K [0x00000003c3600000, 0x00000003d4d00000, 0x000000066bd00000)
  object space 285696K, 14% used [0x00000003c3600000,0x00000003c5d55a88,0x00000003d4d00000)
 Metaspace       used 25228K, capacity 25826K, committed 26112K, reserved 1073152K
  class space    used 2523K, capacity 2741K, committed 2816K, reserved 1048576K
TLAB: gc thread: 0x00007fc910116000 [id: 746] desired_size: 11KB slow allocs: 0  refill waste: 184B alloc: 0.00678      587KB refills: 51 waste  0.5% gc: 0B slow: 2848B fast: 0B
TLAB: gc thread: 0x00007fc9bc820000 [id: 524] desired_size: 2KB slow allocs: 0  refill waste: 32B alloc: 0.00019       17KB refills: 9 waste  9.6% gc: 1584B slow: 192B fast: 0B
TLAB: gc thread: 0x00007fc918002000 [id: 513] desired_size: 839KB slow allocs: 0  refill waste: 13424B alloc: 0.48482    41950KB refills: 64 waste  0.1% gc: 62312B slow: 4640B fast: 0B
TLAB: gc thread: 0x00007fc9bc7a5800 [id: 512] desired_size: 863KB slow allocs: 0  refill waste: 13816B alloc: 0.49899    43177KB refills: 38 waste  0.6% gc: 195520B slow: 3008B fast: 0B
TLAB: gc thread: 0x00007fc9bc1a7000 [id: 508] desired_size: 2KB slow allocs: 0  refill waste: 32B alloc: 0.00015       13KB refills: 7 waste  6.5% gc: 848B slow: 96B fast: 0B
TLAB totals: thrds: 5  refills: 169 max: 64 slow allocs: 0 max 0 waste:  0.3% gc: 260264B max: 195520B slow: 10784B max: 4640B fast: 0B max: 0B
53037.930: [GC (Allocation Failure) GCTaskManager::set_active_gang(): all_workers_active()  1  workers 8  active  8  ParallelGCThreads 8 
JT: 3  workers 8  active  8  idle 0  more 0
53037.931: [SoftReference, 0 refs, 0.0000737 secs]53037.931: [WeakReference, 0 refs, 0.0000243 secs]53037.931: [FinalReference, 84 refs, 0.0001399 secs]53037.932: [PhantomReference, 0 refs, 0 refs, 0.0000245 secs]53037.932: [JNI Weak Reference, 0.0000306 secs]AdaptiveSizePolicy::update_averages:  survived: 393216  promoted: 0  overflow: false
AdaptiveSizeStart: 53037.933 collection: 76 
  avg_survived_padded_avg: 1091067.500000  avg_promoted_padded_avg: 1640514.750000  avg_pretenured_padded_avg: 0.000000  tenuring_thresh: 15  target_size: 1572864

Desired survivor size 1572864 bytes, new threshold 15 (max 15)
PSAdaptiveSizePolicy::compute_eden_space_size: costs minor_time: 0.000005 major_cost: 0.001668 mutator_cost: 0.998327 throughput_goal: 0.990000 live_space: 293335744 free_space: 356515840 old_eden_size: 88604672 desired_eden_size: 87556096
AdaptiveSizePolicy::survivor space sizes: collection: 76 (1572864, 524288) -> (1572864, 1572864) 
AdaptiveSizeStop: collection: 76 
[PSYoungGen: 86848K->384K(87040K)] 127126K->40662K(372736K), 0.0039599 secs] [Times: user=0.00 sys=0.00, real=0.00 secs] 
Heap after GC invocations=76 (full 1):
 PSYoungGen      total 87040K, used 384K [0x000000066bd00000, 0x0000000671900000, 0x00000007c0000000)
  eden space 85504K, 0% used [0x000000066bd00000,0x000000066bd00000,0x0000000671080000)
  from space 1536K, 25% used [0x0000000671600000,0x0000000671660000,0x0000000671780000)
  to   space 1536K, 0% used [0x0000000671780000,0x0000000671780000,0x0000000671900000)
 ParOldGen       total 285696K, used 40278K [0x00000003c3600000, 0x00000003d4d00000, 0x000000066bd00000)
  object space 285696K, 14% used [0x00000003c3600000,0x00000003c5d55a88,0x00000003d4d00000)
 Metaspace       used 25228K, capacity 25826K, committed 26112K, reserved 1073152K
  class space    used 2523K, capacity 2741K, committed 2816K, reserved 1048576K
}
53037.935: Total time for which application threads were stopped: 0.0055754 seconds, Stopping threads took: 0.0000769 seconds
53040.950: Application time: 3.0148278 seconds
53040.950: Total time for which application threads were stopped: 0.0001578 seconds, Stopping threads took: 0.0000666 seconds
53132.380: Application time: 91.4302839 seconds
53132.380: Total time for which application threads were stopped: 0.0001195 seconds, Stopping threads took: 0.0000420 seconds
53455.031: Application time: 322.6508000 seconds
{Heap before GC invocations=77 (full 1):
 PSYoungGen      total 87040K, used 85888K [0x000000066bd00000, 0x0000000671900000, 0x00000007c0000000)
  eden space 85504K, 100% used [0x000000066bd00000,0x0000000671080000,0x0000000671080000)
  from space 1536K, 25% used [0x0000000671600000,0x0000000671660000,0x0000000671780000)
  to   space 1536K, 0% used [0x0000000671780000,0x0000000671780000,0x0000000671900000)
 ParOldGen       total 285696K, used 40278K [0x00000003c3600000, 0x00000003d4d00000, 0x000000066bd00000)
  object space 285696K, 14% used [0x00000003c3600000,0x00000003c5d55a88,0x00000003d4d00000)
 Metaspace       used 25228K, capacity 25826K, committed 26112K, reserved 1073152K
  class space    used 2523K, capacity 2741K, committed 2816K, reserved 1048576K
TLAB: gc thread: 0x00007fc910116000 [id: 746] desired_size: 11KB slow allocs: 0  refill waste: 184B alloc: 0.00684      585KB refills: 50 waste  1.3% gc: 5032B slow: 2976B fast: 0B
TLAB: gc thread: 0x00007fc9bc820000 [id: 524] desired_size: 2KB slow allocs: 0  refill waste: 32B alloc: 0.00019       16KB refills: 8 waste  1.2% gc: 24B slow: 168B fast: 0B
TLAB: gc thread: 0x00007fc918002000 [id: 513] desired_size: 905KB slow allocs: 0  refill waste: 14488B alloc: 0.52973    45294KB refills: 56 waste  0.0% gc: 0B slow: 3752B fast: 0B
TLAB: gc thread: 0x00007fc9bc7a5800 [id: 512] desired_size: 776KB slow allocs: 0  refill waste: 12424B alloc: 0.45436    38850KB refills: 45 waste  0.9% gc: 317800B slow: 4928B fast: 0B
TLAB: gc thread: 0x00007fc9bc1a7000 [id: 508] desired_size: 2KB slow allocs: 0  refill waste: 32B alloc: 0.00015       13KB refills: 7 waste  9.6% gc: 1296B slow: 96B fast: 0B
TLAB totals: thrds: 5  refills: 166 max: 56 slow allocs: 0 max 0 waste:  0.4% gc: 324152B max: 317800B slow: 11920B max: 4928B fast: 0B max: 0B
53455.031: [GC (Allocation Failure) GCTaskManager::set_active_gang(): all_workers_active()  1  workers 8  active  8  ParallelGCThreads 8 
JT: 3  workers 8  active  8  idle 0  more 0
53455.032: [SoftReference, 0 refs, 0.0000139 secs]53455.032: [WeakReference, 0 refs, 0.0000062 secs]53455.032: [FinalReference, 84 refs, 0.0000352 secs]53455.032: [PhantomReference, 0 refs, 0 refs, 0.0000045 secs]53455.032: [JNI Weak Reference, 0.0000065 secs]AdaptiveSizePolicy::update_averages:  survived: 327680  promoted: 0  overflow: false
AdaptiveSizeStart: 53455.032 collection: 77 
  avg_survived_padded_avg: 1028912.812500  avg_promoted_padded_avg: 1640093.000000  avg_pretenured_padded_avg: 0.000000  tenuring_thresh: 15  target_size: 1048576

Desired survivor size 1048576 bytes, new threshold 15 (max 15)
PSAdaptiveSizePolicy::compute_eden_space_size: costs minor_time: 0.000004 major_cost: 0.001668 mutator_cost: 0.998328 throughput_goal: 0.990000 live_space: 293330688 free_space: 355467264 old_eden_size: 87556096 desired_eden_size: 86507520
AdaptiveSizePolicy::survivor space sizes: collection: 77 (524288, 1572864) -> (524288, 1048576) 
AdaptiveSizeStop: collection: 77 
[PSYoungGen: 85888K->320K(84992K)] 126166K->40598K(370688K), 0.0014285 secs] [Times: user=0.00 sys=0.00, real=0.00 secs] 
Heap after GC invocations=77 (full 1):
 PSYoungGen      total 84992K, used 320K [0x000000066bd00000, 0x0000000671800000, 0x00000007c0000000)
  eden space 84480K, 0% used [0x000000066bd00000,0x000000066bd00000,0x0000000670f80000)
  from space 512K, 62% used [0x0000000671780000,0x00000006717d0000,0x0000000671800000)
  to   space 1024K, 0% used [0x0000000671600000,0x0000000671600000,0x0000000671700000)
 ParOldGen       total 285696K, used 40278K [0x00000003c3600000, 0x00000003d4d00000, 0x000000066bd00000)
  object space 285696K, 14% used [0x00000003c3600000,0x00000003c5d55a88,0x00000003d4d00000)
 Metaspace       used 25228K, capacity 25826K, committed 26112K, reserved 1073152K
  class space    used 2523K, capacity 2741K, committed 2816K, reserved 1048576K
}
53455.033: Total time for which application threads were stopped: 0.0017917 seconds, Stopping threads took: 0.0000212 seconds
53586.505: Application time: 131.4720721 seconds
53586.505: Total time for which application threads were stopped: 0.0001017 seconds, Stopping threads took: 0.0000327 seconds
53642.886: Application time: 56.3808494 seconds
53642.886: Total time for which application threads were stopped: 0.0001814 seconds, Stopping threads took: 0.0001027 seconds
53642.886: Application time: 0.0001200 seconds
53642.886: Total time for which application threads were stopped: 0.0001491 seconds, Stopping threads took: 0.0001026 seconds
53657.969: Application time: 15.0823177 seconds
53657.969: Total time for which application threads were stopped: 0.0001091 seconds, Stopping threads took: 0.0000262 seconds
53668.036: Application time: 10.0675551 seconds
53668.036: Total time for which application threads were stopped: 0.0001215 seconds, Stopping threads took: 0.0000486 seconds
53702.113: Application time: 34.0770308 seconds
53702.114: Total time for which application threads were stopped: 0.0001127 seconds, Stopping threads took: 0.0000389 seconds
53772.392: Application time: 70.2781597 seconds
53772.392: Total time for which application threads were stopped: 0.0001017 seconds, Stopping threads took: 0.0000403 seconds
53859.274: Application time: 86.8818684 seconds
{Heap before GC invocations=78 (full 1):
 PSYoungGen      total 84992K, used 84800K [0x000000066bd00000, 0x0000000671800000, 0x00000007c0000000)
  eden space 84480K, 100% used [0x000000066bd00000,0x0000000670f80000,0x0000000670f80000)
  from space 512K, 62% used [0x0000000671780000,0x00000006717d0000,0x0000000671800000)
  to   space 1024K, 0% used [0x0000000671600000,0x0000000671600000,0x0000000671700000)
 ParOldGen       total 285696K, used 40278K [0x00000003c3600000, 0x00000003d4d00000, 0x000000066bd00000)
  object space 285696K, 14% used [0x00000003c3600000,0x00000003c5d55a88,0x00000003d4d00000)
 Metaspace       used 25230K, capacity 25826K, committed 26112K, reserved 1073152K
  class space    used 2524K, capacity 2741K, committed 2816K, reserved 1048576K
TLAB: gc thread: 0x00007fc8e8055800 [id: 799] desired_size: 71KB slow allocs: 0  refill waste: 1144B alloc: 0.04239     3582KB refills: 1 waste 100.0% gc: 73312B slow: 0B fast: 0B
TLAB: gc thread: 0x00007fc8e8026800 [id: 774] desired_size: 71KB slow allocs: 0  refill waste: 1144B alloc: 0.04233     3576KB refills: 1 waste 73.9% gc: 54088B slow: 0B fast: 0B
TLAB: gc thread: 0x00007fc8e8025000 [id: 773] desired_size: 74KB slow allocs: 1  refill waste: 1224B alloc: 0.04415     3730KB refills: 1 waste 56.5% gc: 43152B slow: 0B fast: 0B
TLAB: gc thread: 0x00007fc910116000 [id: 746] desired_size: 11KB slow allocs: 0  refill waste: 176B alloc: 0.00680      574KB refills: 50 waste  2.4% gc: 11120B slow: 2752B fast: 0B
TLAB: gc thread: 0x00007fc9bc822800 [id: 525] desired_size: 383KB slow allocs: 0  refill waste: 6128B alloc: 0.22697    19174KB refills: 1 waste 99.8% gc: 391728B slow: 0B fast: 0B
TLAB: gc thread: 0x00007fc9bc820000 [id: 524] desired_size: 2KB slow allocs: 0  refill waste: 32B alloc: 0.00018       16KB refills: 9 waste 10.4% gc: 1744B slow: 192B fast: 0B
TLAB: gc thread: 0x00007fc918002000 [id: 513] desired_size: 927KB slow allocs: 0  refill waste: 14840B alloc: 0.54919    46395KB refills: 48 waste  0.0% gc: 0B slow: 4888B fast: 0B
TLAB: gc thread: 0x00007fc9bc7a5800 [id: 512] desired_size: 740KB slow allocs: 0  refill waste: 11840B alloc: 0.43807    37008KB refills: 53 waste  1.3% gc: 506192B slow: 5624B fast: 0B
TLAB: gc thread: 0x00007fc9bc1a7000 [id: 508] desired_size: 2KB slow allocs: 0  refill waste: 32B alloc: 0.00015       13KB refills: 7 waste 12.3% gc: 1680B slow: 96B fast: 0B
TLAB totals: thrds: 9  refills: 171 max: 53 slow allocs: 1 max 1 waste:  1.3% gc: 1083016B max: 506192B slow: 13552B max: 5624B fast: 0B max: 0B
53859.274: [GC (Allocation Failure) GCTaskManager::set_active_gang(): all_workers_active()  1  workers 8  active  8  ParallelGCThreads 8 
JT: 3  workers 8  active  8  idle 0  more 0
53859.275: [SoftReference, 0 refs, 0.0000146 secs]53859.275: [WeakReference, 0 refs, 0.0000045 secs]53859.275: [FinalReference, 82 refs, 0.0000345 secs]53859.275: [PhantomReference, 0 refs, 0 refs, 0.0000050 secs]53859.275: [JNI Weak Reference, 0.0000064 secs]AdaptiveSizePolicy::update_averages:  survived: 649232  promoted: 0  overflow: false
AdaptiveSizeStart: 53859.275 collection: 78 
  avg_survived_padded_avg: 1064998.250000  avg_promoted_padded_avg: 1639713.250000  avg_pretenured_padded_avg: 0.000000  tenuring_thresh: 15  target_size: 1572864

Desired survivor size 1572864 bytes, new threshold 15 (max 15)
PSAdaptiveSizePolicy::compute_eden_space_size: costs minor_time: 0.000004 major_cost: 0.001668 mutator_cost: 0.998328 throughput_goal: 0.990000 live_space: 293358304 free_space: 354418688 old_eden_size: 86507520 desired_eden_size: 85458944
AdaptiveSizePolicy::survivor space sizes: collection: 78 (1048576, 524288) -> (1048576, 1048576) 
AdaptiveSizeStop: collection: 78 
[PSYoungGen: 84800K->634K(84480K)] 125078K->40912K(370176K), 0.0014127 secs] [Times: user=0.00 sys=0.00, real=0.01 secs] 
Heap after GC invocations=78 (full 1):
 PSYoungGen      total 84480K, used 634K [0x000000066bd00000, 0x0000000671800000, 0x00000007c0000000)
  eden space 83456K, 0% used [0x000000066bd00000,0x000000066bd00000,0x0000000670e80000)
  from space 1024K, 61% used [0x0000000671600000,0x000000067169e810,0x0000000671700000)
  to   space 1024K, 0% used [0x0000000671700000,0x0000000671700000,0x0000000671800000)
 ParOldGen       total 285696K, used 40278K [0x00000003c3600000, 0x00000003d4d00000, 0x000000066bd00000)
  object space 285696K, 14% used [0x00000003c3600000,0x00000003c5d55a88,0x00000003d4d00000)
 Metaspace       used 25230K, capacity 25826K, committed 26112K, reserved 1073152K
  class space    used 2524K, capacity 2741K, committed 2816K, reserved 1048576K
}
53859.276: Total time for which application threads were stopped: 0.0018127 seconds, Stopping threads took: 0.0000210 seconds
53869.284: Application time: 10.0084421 seconds
53869.284: Total time for which application threads were stopped: 0.0000765 seconds, Stopping threads took: 0.0000256 seconds
54112.160: Application time: 242.8755884 seconds
54112.160: Total time for which application threads were stopped: 0.0001620 seconds, Stopping threads took: 0.0000486 seconds
54193.531: Application time: 81.3713403 seconds
54193.531: Total time for which application threads were stopped: 0.0001968 seconds, Stopping threads took: 0.0000646 seconds
54273.442: Application time: 79.9108800 seconds
{Heap before GC invocations=79 (full 1):
 PSYoungGen      total 84480K, used 84090K [0x000000066bd00000, 0x0000000671800000, 0x00000007c0000000)
  eden space 83456K, 100% used [0x000000066bd00000,0x0000000670e80000,0x0000000670e80000)
  from space 1024K, 61% used [0x0000000671600000,0x000000067169e810,0x0000000671700000)
  to   space 1024K, 0% used [0x0000000671700000,0x0000000671700000,0x0000000671800000)
 ParOldGen       total 285696K, used 40278K [0x00000003c3600000, 0x00000003d4d00000, 0x000000066bd00000)
  object space 285696K, 14% used [0x00000003c3600000,0x00000003c5d55a88,0x00000003d4d00000)
 Metaspace       used 25230K, capacity 25826K, committed 26112K, reserved 1073152K
  class space    used 2524K, capacity 2741K, committed 2816K, reserved 1048576K
TLAB: gc thread: 0x00007fc910116000 [id: 746] desired_size: 11KB slow allocs: 0  refill waste: 176B alloc: 0.00679      566KB refills: 51 waste  1.7% gc: 6584B slow: 3192B fast: 0B
TLAB: gc thread: 0x00007fc9bc820000 [id: 524] desired_size: 2KB slow allocs: 0  refill waste: 32B alloc: 0.00020       16KB refills: 8 waste  1.9% gc: 144B slow: 168B fast: 0B
TLAB: gc thread: 0x00007fc918002000 [id: 513] desired_size: 898KB slow allocs: 0  refill waste: 14376B alloc: 0.53833    44927KB refills: 49 waste  0.0% gc: 0B slow: 4256B fast: 0B
TLAB: gc thread: 0x00007fc9bc7a5800 [id: 512] desired_size: 744KB slow allocs: 0  refill waste: 11912B alloc: 0.44615    37234KB refills: 53 waste  1.9% gc: 751976B slow: 3632B fast: 0B
TLAB: gc thread: 0x00007fc9bc1a7000 [id: 508] desired_size: 2KB slow allocs: 0  refill waste: 32B alloc: 0.00015       13KB refills: 7 waste 10.3% gc: 1392B slow: 96B fast: 0B
TLAB totals: thrds: 5  refills: 168 max: 53 slow allocs: 0 max 0 waste:  0.9% gc: 760096B max: 751976B slow: 11344B max: 4256B fast: 0B max: 0B
54273.442: [GC (Allocation Failure) GCTaskManager::set_active_gang(): all_workers_active()  1  workers 8  active  8  ParallelGCThreads 8 
JT: 3  workers 8  active  8  idle 0  more 0
54273.443: [SoftReference, 0 refs, 0.0000153 secs]54273.443: [WeakReference, 0 refs, 0.0000044 secs]54273.443: [FinalReference, 84 refs, 0.0000353 secs]54273.444: [PhantomReference, 0 refs, 0 refs, 0.0000046 secs]54273.444: [JNI Weak Reference, 0.0000070 secs]AdaptiveSizePolicy::update_averages:  survived: 616464  promoted: 0  overflow: false
AdaptiveSizeStart: 54273.444 collection: 79 
  avg_survived_padded_avg: 1077945.500000  avg_promoted_padded_avg: 1639371.625000  avg_pretenured_padded_avg: 0.000000  tenuring_thresh: 15  target_size: 1572864

Desired survivor size 1572864 bytes, new threshold 15 (max 15)
PSAdaptiveSizePolicy::compute_eden_space_size: costs minor_time: 0.000004 major_cost: 0.001668 mutator_cost: 0.998328 throughput_goal: 0.990000 live_space: 293379872 free_space: 353370112 old_eden_size: 85458944 desired_eden_size: 84934656
AdaptiveSizePolicy::survivor space sizes: collection: 79 (1048576, 1048576) -> (1048576, 1572864) 
AdaptiveSizeStop: collection: 79 
[PSYoungGen: 84090K->602K(83968K)] 124368K->40880K(369664K), 0.0016710 secs] [Times: user=0.00 sys=0.00, real=0.00 secs] 
Heap after GC invocations=79 (full 1):
 PSYoungGen      total 83968K, used 602K [0x000000066bd00000, 0x0000000671800000, 0x00000007c0000000)
  eden space 82944K, 0% used [0x000000066bd00000,0x000000066bd00000,0x0000000670e00000)
  from space 1024K, 58% used [0x0000000671700000,0x0000000671796810,0x0000000671800000)
  to   space 1536K, 0% used [0x0000000671500000,0x0000000671500000,0x0000000671680000)
 ParOldGen       total 285696K, used 40278K [0x00000003c3600000, 0x00000003d4d00000, 0x000000066bd00000)
  object space 285696K, 14% used [0x00000003c3600000,0x00000003c5d55a88,0x00000003d4d00000)
 Metaspace       used 25230K, capacity 25826K, committed 26112K, reserved 1073152K
  class space    used 2524K, capacity 2741K, committed 2816K, reserved 1048576K
}
54273.444: Total time for which application threads were stopped: 0.0020222 seconds, Stopping threads took: 0.0000198 seconds
54677.651: Application time: 404.2063027 seconds
{Heap before GC invocations=80 (full 1):
 PSYoungGen      total 83968K, used 83546K [0x000000066bd00000, 0x0000000671800000, 0x00000007c0000000)
  eden space 82944K, 100% used [0x000000066bd00000,0x0000000670e00000,0x0000000670e00000)
  from space 1024K, 58% used [0x0000000671700000,0x0000000671796810,0x0000000671800000)
  to   space 1536K, 0% used [0x0000000671500000,0x0000000671500000,0x0000000671680000)
 ParOldGen       total 285696K, used 40278K [0x00000003c3600000, 0x00000003d4d00000, 0x000000066bd00000)
  object space 285696K, 14% used [0x00000003c3600000,0x00000003c5d55a88,0x00000003d4d00000)
 Metaspace       used 25230K, capacity 25826K, committed 26112K, reserved 1073152K
  class space    used 2524K, capacity 2741K, committed 2816K, reserved 1048576K
TLAB: gc thread: 0x00007fc910116000 [id: 746] desired_size: 11KB slow allocs: 0  refill waste: 176B alloc: 0.00679      564KB refills: 50 waste  0.8% gc: 1800B slow: 2912B fast: 0B
TLAB: gc thread: 0x00007fc9bc820000 [id: 524] desired_size: 2KB slow allocs: 0  refill waste: 32B alloc: 0.00019       16KB refills: 8 waste  4.3% gc: 544B slow: 168B fast: 0B
TLAB: gc thread: 0x00007fc918002000 [id: 513] desired_size: 882KB slow allocs: 0  refill waste: 14112B alloc: 0.53178    44108KB refills: 47 waste  0.0% gc: 0B slow: 10640B fast: 0B
TLAB: gc thread: 0x00007fc9bc7a5800 [id: 512] desired_size: 752KB slow allocs: 0  refill waste: 12032B alloc: 0.45344    37610KB refills: 55 waste  1.5% gc: 612280B slow: 5080B fast: 0B
TLAB: gc thread: 0x00007fc9bc1a7000 [id: 508] desired_size: 2KB slow allocs: 0  refill waste: 32B alloc: 0.00015       13KB refills: 7 waste 12.3% gc: 1680B slow: 96B fast: 0B
TLAB totals: thrds: 5  refills: 167 max: 55 slow allocs: 0 max 0 waste:  0.7% gc: 616304B max: 612280B slow: 18896B max: 10640B fast: 0B max: 0B
54677.651: [GC (Allocation Failure) GCTaskManager::set_active_gang(): all_workers_active()  1  workers 8  active  8  ParallelGCThreads 8 
JT: 3  workers 8  active  8  idle 0  more 0
54677.652: [SoftReference, 0 refs, 0.0000153 secs]54677.652: [WeakReference, 0 refs, 0.0000044 secs]54677.652: [FinalReference, 82 refs, 0.0000364 secs]54677.652: [PhantomReference, 0 refs, 0 refs, 0.0000048 secs]54677.652: [JNI Weak Reference, 0.0000062 secs]AdaptiveSizePolicy::update_averages:  survived: 649232  promoted: 0  overflow: false
AdaptiveSizeStart: 54677.652 collection: 80 
  avg_survived_padded_avg: 1095942.250000  avg_promoted_padded_avg: 1639064.125000  avg_pretenured_padded_avg: 0.000000  tenuring_thresh: 15  target_size: 1572864

Desired survivor size 1572864 bytes, new threshold 15 (max 15)
PSAdaptiveSizePolicy::compute_eden_space_size: costs minor_time: 0.000004 major_cost: 0.001668 mutator_cost: 0.998328 throughput_goal: 0.990000 live_space: 293402560 free_space: 352845824 old_eden_size: 84934656 desired_eden_size: 84410368
AdaptiveSizePolicy::survivor space sizes: collection: 80 (1572864, 524288) -> (1048576, 1572864) 
AdaptiveSizeStop: collection: 80 
[PSYoungGen: 83546K->634K(83456K)] 123824K->40912K(369152K), 0.0016503 secs] [Times: user=0.00 sys=0.00, real=0.00 secs] 
Heap after GC invocations=80 (full 1):
 PSYoungGen      total 83456K, used 634K [0x000000066bd00000, 0x0000000671780000, 0x00000007c0000000)
  eden space 82432K, 0% used [0x000000066bd00000,0x000000066bd00000,0x0000000670d80000)
  from space 1024K, 61% used [0x0000000671500000,0x000000067159e810,0x0000000671600000)
  to   space 1536K, 0% used [0x0000000671600000,0x0000000671600000,0x0000000671780000)
 ParOldGen       total 285696K, used 40278K [0x00000003c3600000, 0x00000003d4d00000, 0x000000066bd00000)
  object space 285696K, 14% used [0x00000003c3600000,0x00000003c5d55a88,0x00000003d4d00000)
 Metaspace       used 25230K, capacity 25826K, committed 26112K, reserved 1073152K
  class space    used 2524K, capacity 2741K, committed 2816K, reserved 1048576K
}
54677.653: Total time for which application threads were stopped: 0.0020209 seconds, Stopping threads took: 0.0000209 seconds
55081.784: Application time: 404.1310775 seconds
{Heap before GC invocations=81 (full 1):
 PSYoungGen      total 83456K, used 83066K [0x000000066bd00000, 0x0000000671780000, 0x00000007c0000000)
  eden space 82432K, 100% used [0x000000066bd00000,0x0000000670d80000,0x0000000670d80000)
  from space 1024K, 61% used [0x0000000671500000,0x000000067159e810,0x0000000671600000)
  to   space 1536K, 0% used [0x0000000671600000,0x0000000671600000,0x0000000671780000)
 ParOldGen       total 285696K, used 40278K [0x00000003c3600000, 0x00000003d4d00000, 0x000000066bd00000)
  object space 285696K, 14% used [0x00000003c3600000,0x00000003c5d55a88,0x00000003d4d00000)
 Metaspace       used 25230K, capacity 25826K, committed 26112K, reserved 1073152K
  class space    used 2524K, capacity 2741K, committed 2816K, reserved 1048576K
TLAB: gc thread: 0x00007fc910116000 [id: 746] desired_size: 11KB slow allocs: 0  refill waste: 176B alloc: 0.00678      559KB refills: 51 waste  1.9% gc: 7680B slow: 3248B fast: 0B
TLAB: gc thread: 0x00007fc9bc820000 [id: 524] desired_size: 2KB slow allocs: 0  refill waste: 32B alloc: 0.00019       16KB refills: 8 waste  4.3% gc: 544B slow: 168B fast: 0B
TLAB: gc thread: 0x00007fc918002000 [id: 513] desired_size: 854KB slow allocs: 0  refill waste: 13672B alloc: 0.51847    42739KB refills: 38 waste  1.5% gc: 490312B slow: 3224B fast: 0B
TLAB: gc thread: 0x00007fc9bc7a5800 [id: 512] desired_size: 768KB slow allocs: 0  refill waste: 12296B alloc: 0.46619    38429KB refills: 65 waste  0.0% gc: 0B slow: 6248B fast: 0B
TLAB: gc thread: 0x00007fc9bc1a7000 [id: 508] desired_size: 2KB slow allocs: 0  refill waste: 32B alloc: 0.00015       13KB refills: 7 waste 12.3% gc: 1680B slow: 96B fast: 0B
TLAB totals: thrds: 5  refills: 169 max: 65 slow allocs: 0 max 0 waste:  0.6% gc: 500216B max: 490312B slow: 12984B max: 6248B fast: 0B max: 0B
55081.784: [GC (Allocation Failure) GCTaskManager::set_active_gang(): all_workers_active()  1  workers 8  active  8  ParallelGCThreads 8 
JT: 3  workers 8  active  8  idle 0  more 0
55081.785: [SoftReference, 0 refs, 0.0000145 secs]55081.785: [WeakReference, 0 refs, 0.0000050 secs]55081.785: [FinalReference, 82 refs, 0.0000348 secs]55081.785: [PhantomReference, 0 refs, 0 refs, 0.0000058 secs]55081.785: [JNI Weak Reference, 0.0000068 secs]AdaptiveSizePolicy::update_averages:  survived: 583696  promoted: 32768  overflow: false
AdaptiveSizeStart: 55081.785 collection: 81 
  avg_survived_padded_avg: 1081804.000000  avg_promoted_padded_avg: 1486534.625000  avg_pretenured_padded_avg: 0.000000  tenuring_thresh: 15  target_size: 1572864

Desired survivor size 1572864 bytes, new threshold 15 (max 15)
PSAdaptiveSizePolicy::compute_eden_space_size: costs minor_time: 0.000004 major_cost: 0.001668 mutator_cost: 0.998328 throughput_goal: 0.990000 live_space: 293416416 free_space: 352321536 old_eden_size: 84410368 desired_eden_size: 83886080
AdaptiveSizePolicy::survivor space sizes: collection: 81 (1048576, 1048576) -> (1048576, 1572864) 
AdaptiveSizeStop: collection: 81 
[PSYoungGen: 83066K->570K(82944K)] 123344K->40880K(368640K), 0.0013597 secs] [Times: user=0.00 sys=0.00, real=0.01 secs] 
Heap after GC invocations=81 (full 1):
 PSYoungGen      total 82944K, used 570K [0x000000066bd00000, 0x0000000671700000, 0x00000007c0000000)
  eden space 81920K, 0% used [0x000000066bd00000,0x000000066bd00000,0x0000000670d00000)
  from space 1024K, 55% used [0x0000000671600000,0x000000067168e810,0x0000000671700000)
  to   space 1536K, 0% used [0x0000000671400000,0x0000000671400000,0x0000000671580000)
 ParOldGen       total 285696K, used 40310K [0x00000003c3600000, 0x00000003d4d00000, 0x000000066bd00000)
  object space 285696K, 14% used [0x00000003c3600000,0x00000003c5d5da88,0x00000003d4d00000)
 Metaspace       used 25230K, capacity 25826K, committed 26112K, reserved 1073152K
  class space    used 2524K, capacity 2741K, committed 2816K, reserved 1048576K
}
55081.785: Total time for which application threads were stopped: 0.0017168 seconds, Stopping threads took: 0.0000209 seconds
55484.726: Application time: 402.9404302 seconds
{Heap before GC invocations=82 (full 1):
 PSYoungGen      total 82944K, used 82490K [0x000000066bd00000, 0x0000000671700000, 0x00000007c0000000)
  eden space 81920K, 100% used [0x000000066bd00000,0x0000000670d00000,0x0000000670d00000)
  from space 1024K, 55% used [0x0000000671600000,0x000000067168e810,0x0000000671700000)
  to   space 1536K, 0% used [0x0000000671400000,0x0000000671400000,0x0000000671580000)
 ParOldGen       total 285696K, used 40310K [0x00000003c3600000, 0x00000003d4d00000, 0x000000066bd00000)
  object space 285696K, 14% used [0x00000003c3600000,0x00000003c5d5da88,0x00000003d4d00000)
 Metaspace       used 25230K, capacity 25826K, committed 26112K, reserved 1073152K
  class space    used 2524K, capacity 2741K, committed 2816K, reserved 1048576K
TLAB: gc thread: 0x00007fc910116000 [id: 746] desired_size: 11KB slow allocs: 0  refill waste: 176B alloc: 0.00683      560KB refills: 50 waste  0.5% gc: 0B slow: 2976B fast: 0B
TLAB: gc thread: 0x00007fc9bc820000 [id: 524] desired_size: 2KB slow allocs: 0  refill waste: 32B alloc: 0.00019       16KB refills: 8 waste  4.6% gc: 584B slow: 168B fast: 0B
TLAB: gc thread: 0x00007fc918002000 [id: 513] desired_size: 772KB slow allocs: 0  refill waste: 12352B alloc: 0.47130    38609KB refills: 53 waste  0.4% gc: 156576B slow: 4304B fast: 0B
TLAB: gc thread: 0x00007fc9bc7a5800 [id: 512] desired_size: 840KB slow allocs: 0  refill waste: 13448B alloc: 0.51314    42037KB refills: 49 waste  0.0% gc: 15456B slow: 4368B fast: 0B
TLAB: gc thread: 0x00007fc9bc1a7000 [id: 508] desired_size: 2KB slow allocs: 0  refill waste: 32B alloc: 0.00015       13KB refills: 7 waste 12.7% gc: 1744B slow: 96B fast: 0B
TLAB totals: thrds: 5  refills: 167 max: 53 slow allocs: 0 max 0 waste:  0.2% gc: 174360B max: 156576B slow: 11912B max: 4368B fast: 0B max: 0B
55484.726: [GC (Allocation Failure) GCTaskManager::set_active_gang(): all_workers_active()  1  workers 8  active  8  ParallelGCThreads 8 
JT: 3  workers 8  active  8  idle 0  more 0
55484.727: [SoftReference, 0 refs, 0.0000160 secs]55484.727: [WeakReference, 0 refs, 0.0000050 secs]55484.727: [FinalReference, 80 refs, 0.0000347 secs]55484.727: [PhantomReference, 0 refs, 0 refs, 0.0000047 secs]55484.727: [JNI Weak Reference, 0.0000071 secs]AdaptiveSizePolicy::update_averages:  survived: 616464  promoted: 0  overflow: false
AdaptiveSizeStart: 55484.727 collection: 82 
  avg_survived_padded_avg: 1077495.250000  avg_promoted_padded_avg: 1485957.875000  avg_pretenured_padded_avg: 0.000000  tenuring_thresh: 15  target_size: 1572864

Desired survivor size 1572864 bytes, new threshold 15 (max 15)
PSAdaptiveSizePolicy::compute_eden_space_size: costs minor_time: 0.000004 major_cost: 0.001668 mutator_cost: 0.998328 throughput_goal: 0.990000 live_space: 293432192 free_space: 351797248 old_eden_size: 83886080 desired_eden_size: 83361792
AdaptiveSizePolicy::survivor space sizes: collection: 82 (1572864, 524288) -> (1048576, 1572864) 
AdaptiveSizeStop: collection: 82 
[PSYoungGen: 82490K->602K(82432K)] 122800K->40912K(368128K), 0.0016155 secs] [Times: user=0.00 sys=0.00, real=0.00 secs] 
Heap after GC invocations=82 (full 1):
 PSYoungGen      total 82432K, used 602K [0x000000066bd00000, 0x0000000671680000, 0x00000007c0000000)
  eden space 81408K, 0% used [0x000000066bd00000,0x000000066bd00000,0x0000000670c80000)
  from space 1024K, 58% used [0x0000000671400000,0x0000000671496810,0x0000000671500000)
  to   space 1536K, 0% used [0x0000000671500000,0x0000000671500000,0x0000000671680000)
 ParOldGen       total 285696K, used 40310K [0x00000003c3600000, 0x00000003d4d00000, 0x000000066bd00000)
  object space 285696K, 14% used [0x00000003c3600000,0x00000003c5d5da88,0x00000003d4d00000)
 Metaspace       used 25230K, capacity 25826K, committed 26112K, reserved 1073152K
  class space    used 2524K, capacity 2741K, committed 2816K, reserved 1048576K
}
55484.728: Total time for which application threads were stopped: 0.0020188 seconds, Stopping threads took: 0.0000244 seconds
55628.320: Application time: 143.5922086 seconds
55628.320: Total time for which application threads were stopped: 0.0002376 seconds, Stopping threads took: 0.0000788 seconds
55870.023: Application time: 241.7029955 seconds
{Heap before GC invocations=83 (full 1):
 PSYoungGen      total 82432K, used 82010K [0x000000066bd00000, 0x0000000671680000, 0x00000007c0000000)
  eden space 81408K, 100% used [0x000000066bd00000,0x0000000670c80000,0x0000000670c80000)
  from space 1024K, 58% used [0x0000000671400000,0x0000000671496810,0x0000000671500000)
  to   space 1536K, 0% used [0x0000000671500000,0x0000000671500000,0x0000000671680000)
 ParOldGen       total 285696K, used 40310K [0x00000003c3600000, 0x00000003d4d00000, 0x000000066bd00000)
  object space 285696K, 14% used [0x00000003c3600000,0x00000003c5d5da88,0x00000003d4d00000)
 Metaspace       used 25234K, capacity 25826K, committed 26112K, reserved 1073152K
  class space    used 2524K, capacity 2741K, committed 2816K, reserved 1048576K
TLAB: gc thread: 0x00007fc8e8036000 [id: 783] desired_size: 71KB slow allocs: 0  refill waste: 1136B alloc: 0.04387     3571KB refills: 1 waste 69.4% gc: 50760B slow: 0B fast: 0B
TLAB: gc thread: 0x00007fc8e800c800 [id: 759] desired_size: 70KB slow allocs: 0  refill waste: 1128B alloc: 0.04331     3526KB refills: 1 waste 73.7% gc: 53232B slow: 0B fast: 0B
TLAB: gc thread: 0x00007fc910116000 [id: 746] desired_size: 11KB slow allocs: 0  refill waste: 176B alloc: 0.00686      558KB refills: 48 waste  0.5% gc: 0B slow: 2824B fast: 0B
TLAB: gc thread: 0x00007fc9bc822800 [id: 525] desired_size: 240KB slow allocs: 0  refill waste: 3840B alloc: 0.14753    12010KB refills: 1 waste 99.6% gc: 245008B slow: 0B fast: 0B
TLAB: gc thread: 0x00007fc9bc820000 [id: 524] desired_size: 2KB slow allocs: 0  refill waste: 32B alloc: 0.00019       16KB refills: 8 waste  7.2% gc: 1016B slow: 168B fast: 0B
TLAB: gc thread: 0x00007fc918002000 [id: 513] desired_size: 780KB slow allocs: 0  refill waste: 12488B alloc: 0.47952    39036KB refills: 58 waste  0.4% gc: 173640B slow: 5768B fast: 0B
TLAB: gc thread: 0x00007fc9bc7a5800 [id: 512] desired_size: 823KB slow allocs: 0  refill waste: 13176B alloc: 0.50597    41190KB refills: 43 waste  2.2% gc: 780152B slow: 4048B fast: 0B
TLAB: gc thread: 0x00007fc9bc1a7000 [id: 508] desired_size: 2KB slow allocs: 0  refill waste: 32B alloc: 0.00015       12KB refills: 6 waste  2.3% gc: 208B slow: 80B fast: 0B
TLAB totals: thrds: 8  refills: 166 max: 58 slow allocs: 0 max 0 waste:  1.6% gc: 1304016B max: 780152B slow: 12888B max: 5768B fast: 0B max: 0B
55870.023: [GC (Allocation Failure) GCTaskManager::set_active_gang(): all_workers_active()  1  workers 8  active  8  ParallelGCThreads 8 
JT: 3  workers 8  active  8  idle 0  more 0
55870.024: [SoftReference, 0 refs, 0.0000187 secs]55870.024: [WeakReference, 0 refs, 0.0000053 secs]55870.024: [FinalReference, 79 refs, 0.0000381 secs]55870.024: [PhantomReference, 0 refs, 0 refs, 0.0000052 secs]55870.024: [JNI Weak Reference, 0.0000077 secs]AdaptiveSizePolicy::update_averages:  survived: 583696  promoted: 0  overflow: false
AdaptiveSizeStart: 55870.025 collection: 83 
  avg_survived_padded_avg: 1057270.750000  avg_promoted_padded_avg: 1485438.750000  avg_pretenured_padded_avg: 0.000000  tenuring_thresh: 15  target_size: 1572864

Desired survivor size 1572864 bytes, new threshold 15 (max 15)
PSAdaptiveSizePolicy::compute_eden_space_size: costs minor_time: 0.000004 major_cost: 0.001668 mutator_cost: 0.998328 throughput_goal: 0.990000 live_space: 293443072 free_space: 351272960 old_eden_size: 83361792 desired_eden_size: 82837504
AdaptiveSizePolicy::survivor space sizes: collection: 83 (1048576, 1048576) -> (1048576, 1572864) 
AdaptiveSizeStop: collection: 83 
[PSYoungGen: 82010K->570K(81920K)] 122320K->40880K(367616K), 0.0014626 secs] [Times: user=0.00 sys=0.00, real=0.01 secs] 
Heap after GC invocations=83 (full 1):
 PSYoungGen      total 81920K, used 570K [0x000000066bd00000, 0x0000000671600000, 0x00000007c0000000)
  eden space 80896K, 0% used [0x000000066bd00000,0x000000066bd00000,0x0000000670c00000)
  from space 1024K, 55% used [0x0000000671500000,0x000000067158e810,0x0000000671600000)
  to   space 1536K, 0% used [0x0000000671300000,0x0000000671300000,0x0000000671480000)
 ParOldGen       total 285696K, used 40310K [0x00000003c3600000, 0x00000003d4d00000, 0x000000066bd00000)
  object space 285696K, 14% used [0x00000003c3600000,0x00000003c5d5da88,0x00000003d4d00000)
 Metaspace       used 25234K, capacity 25826K, committed 26112K, reserved 1073152K
  class space    used 2524K, capacity 2741K, committed 2816K, reserved 1048576K
}
55870.025: Total time for which application threads were stopped: 0.0018948 seconds, Stopping threads took: 0.0000264 seconds
56265.267: Application time: 395.2415567 seconds
{Heap before GC invocations=84 (full 1):
 PSYoungGen      total 81920K, used 81466K [0x000000066bd00000, 0x0000000671600000, 0x00000007c0000000)
  eden space 80896K, 100% used [0x000000066bd00000,0x0000000670c00000,0x0000000670c00000)
  from space 1024K, 55% used [0x0000000671500000,0x000000067158e810,0x0000000671600000)
  to   space 1536K, 0% used [0x0000000671300000,0x0000000671300000,0x0000000671480000)
 ParOldGen       total 285696K, used 40310K [0x00000003c3600000, 0x00000003d4d00000, 0x000000066bd00000)
  object space 285696K, 14% used [0x00000003c3600000,0x00000003c5d5da88,0x00000003d4d00000)
 Metaspace       used 25234K, capacity 25826K, committed 26112K, reserved 1073152K
  class space    used 2524K, capacity 2741K, committed 2816K, reserved 1048576K
TLAB: gc thread: 0x00007fc8e8021000 [id: 771] desired_size: 70KB slow allocs: 0  refill waste: 1128B alloc: 0.04376     3540KB refills: 1 waste 100.0% gc: 72464B slow: 0B fast: 0B
TLAB: gc thread: 0x00007fc910116000 [id: 746] desired_size: 10KB slow allocs: 1  refill waste: 168B alloc: 0.00677      548KB refills: 50 waste  0.7% gc: 0B slow: 3952B fast: 0B
TLAB: gc thread: 0x00007fc9bc820000 [id: 524] desired_size: 2KB slow allocs: 0  refill waste: 32B alloc: 0.00019       16KB refills: 8 waste  2.9% gc: 304B slow: 176B fast: 0B
TLAB: gc thread: 0x00007fc918002000 [id: 513] desired_size: 818KB slow allocs: 0  refill waste: 13088B alloc: 0.50569    40908KB refills: 48 waste  1.4% gc: 538824B slow: 5032B fast: 0B
TLAB: gc thread: 0x00007fc9bc7a5800 [id: 512] desired_size: 772KB slow allocs: 0  refill waste: 12360B alloc: 0.47771    38645KB refills: 53 waste  0.5% gc: 195936B slow: 4464B fast: 0B
TLAB: gc thread: 0x00007fc9bc1a7000 [id: 508] desired_size: 2KB slow allocs: 0  refill waste: 32B alloc: 0.00014       12KB refills: 7 waste 14.3% gc: 1968B slow: 96B fast: 0B
TLAB totals: thrds: 6  refills: 167 max: 53 slow allocs: 1 max 1 waste:  1.0% gc: 809496B max: 538824B slow: 13720B max: 5032B fast: 0B max: 0B
56265.267: [GC (Allocation Failure) GCTaskManager::set_active_gang(): all_workers_active()  1  workers 8  active  8  ParallelGCThreads 8 
JT: 3  workers 8  active  8  idle 0  more 0
56265.268: [SoftReference, 0 refs, 0.0000155 secs]56265.268: [WeakReference, 0 refs, 0.0000046 secs]56265.268: [FinalReference, 79 refs, 0.0000338 secs]56265.268: [PhantomReference, 0 refs, 0 refs, 0.0000050 secs]56265.268: [JNI Weak Reference, 0.0000066 secs]AdaptiveSizePolicy::update_averages:  survived: 550928  promoted: 0  overflow: false
AdaptiveSizeStart: 56265.268 collection: 84 
  avg_survived_padded_avg: 1024028.875000  avg_promoted_padded_avg: 1484971.625000  avg_pretenured_padded_avg: 0.000000  tenuring_thresh: 15  target_size: 1048576

Desired survivor size 1048576 bytes, new threshold 15 (max 15)
PSAdaptiveSizePolicy::compute_eden_space_size: costs minor_time: 0.000004 major_cost: 0.001668 mutator_cost: 0.998328 throughput_goal: 0.990000 live_space: 293449632 free_space: 350748672 old_eden_size: 82837504 desired_eden_size: 82313216
AdaptiveSizePolicy::survivor space sizes: collection: 84 (1572864, 524288) -> (1572864, 1048576) 
AdaptiveSizeStop: collection: 84 
[PSYoungGen: 81466K->538K(81920K)] 121776K->40848K(367616K), 0.0013418 secs] [Times: user=0.00 sys=0.00, real=0.00 secs] 
Heap after GC invocations=84 (full 1):
 PSYoungGen      total 81920K, used 538K [0x000000066bd00000, 0x0000000671580000, 0x00000007c0000000)
  eden space 80384K, 0% used [0x000000066bd00000,0x000000066bd00000,0x0000000670b80000)
  from space 1536K, 35% used [0x0000000671300000,0x0000000671386810,0x0000000671480000)
  to   space 1024K, 0% used [0x0000000671480000,0x0000000671480000,0x0000000671580000)
 ParOldGen       total 285696K, used 40310K [0x00000003c3600000, 0x00000003d4d00000, 0x000000066bd00000)
  object space 285696K, 14% used [0x00000003c3600000,0x00000003c5d5da88,0x00000003d4d00000)
 Metaspace       used 25234K, capacity 25826K, committed 26112K, reserved 1073152K
  class space    used 2524K, capacity 2741K, committed 2816K, reserved 1048576K
}
56265.269: Total time for which application threads were stopped: 0.0018132 seconds, Stopping threads took: 0.0000234 seconds
56658.022: Application time: 392.7534336 seconds
{Heap before GC invocations=85 (full 1):
 PSYoungGen      total 81920K, used 80922K [0x000000066bd00000, 0x0000000671580000, 0x00000007c0000000)
  eden space 80384K, 100% used [0x000000066bd00000,0x0000000670b80000,0x0000000670b80000)
  from space 1536K, 35% used [0x0000000671300000,0x0000000671386810,0x0000000671480000)
  to   space 1024K, 0% used [0x0000000671480000,0x0000000671480000,0x0000000671580000)
 ParOldGen       total 285696K, used 40310K [0x00000003c3600000, 0x00000003d4d00000, 0x000000066bd00000)
  object space 285696K, 14% used [0x00000003c3600000,0x00000003c5d5da88,0x00000003d4d00000)
 Metaspace       used 25234K, capacity 25826K, committed 26112K, reserved 1073152K
  class space    used 2524K, capacity 2741K, committed 2816K, reserved 1048576K
TLAB: gc thread: 0x00007fc910116000 [id: 746] desired_size: 10KB slow allocs: 0  refill waste: 168B alloc: 0.00678      545KB refills: 50 waste  0.9% gc: 1096B slow: 3848B fast: 0B
TLAB: gc thread: 0x00007fc9bc820000 [id: 524] desired_size: 2KB slow allocs: 0  refill waste: 32B alloc: 0.00019       15KB refills: 8 waste  7.0% gc: 984B slow: 168B fast: 0B
TLAB: gc thread: 0x00007fc918002000 [id: 513] desired_size: 798KB slow allocs: 0  refill waste: 12768B alloc: 0.49658    39917KB refills: 44 waste  1.4% gc: 478640B slow: 12192B fast: 0B
TLAB: gc thread: 0x00007fc9bc7a5800 [id: 512] desired_size: 779KB slow allocs: 0  refill waste: 12464B alloc: 0.48469    38961KB refills: 58 waste  0.0% gc: 0B slow: 5624B fast: 0B
TLAB: gc thread: 0x00007fc9bc1a7000 [id: 508] desired_size: 2KB slow allocs: 0  refill waste: 32B alloc: 0.00015       12KB refills: 7 waste 15.0% gc: 2064B slow: 96B fast: 0B
TLAB totals: thrds: 5  refills: 167 max: 58 slow allocs: 0 max 0 waste:  0.6% gc: 482784B max: 478640B slow: 21928B max: 12192B fast: 0B max: 0B
56658.022: [GC (Allocation Failure) GCTaskManager::set_active_gang(): all_workers_active()  1  workers 8  active  8  ParallelGCThreads 8 
JT: 3  workers 8  active  8  idle 0  more 0
56658.023: [SoftReference, 0 refs, 0.0000148 secs]56658.023: [WeakReference, 0 refs, 0.0000047 secs]56658.023: [FinalReference, 79 refs, 0.0000329 secs]56658.023: [PhantomReference, 0 refs, 0 refs, 0.0000044 secs]56658.023: [JNI Weak Reference, 0.0000071 secs]AdaptiveSizePolicy::update_averages:  survived: 583696  promoted: 0  overflow: false
AdaptiveSizeStart: 56658.023 collection: 85 
  avg_survived_padded_avg: 1004496.125000  avg_promoted_padded_avg: 1484551.125000  avg_pretenured_padded_avg: 0.000000  tenuring_thresh: 15  target_size: 1048576

Desired survivor size 1048576 bytes, new threshold 15 (max 15)
PSAdaptiveSizePolicy::compute_eden_space_size: costs minor_time: 0.000004 major_cost: 0.001668 mutator_cost: 0.998328 throughput_goal: 0.990000 live_space: 293458784 free_space: 350224384 old_eden_size: 82313216 desired_eden_size: 81788928
AdaptiveSizePolicy::survivor space sizes: collection: 85 (1048576, 1572864) -> (1048576, 1048576) 
AdaptiveSizeStop: collection: 85 
[PSYoungGen: 80922K->570K(80896K)] 121232K->40880K(366592K), 0.0013817 secs] [Times: user=0.00 sys=0.00, real=0.00 secs] 
Heap after GC invocations=85 (full 1):
 PSYoungGen      total 80896K, used 570K [0x000000066bd00000, 0x0000000671580000, 0x00000007c0000000)
  eden space 79872K, 0% used [0x000000066bd00000,0x000000066bd00000,0x0000000670b00000)
  from space 1024K, 55% used [0x0000000671480000,0x000000067150e810,0x0000000671580000)
  to   space 1024K, 0% used [0x0000000671380000,0x0000000671380000,0x0000000671480000)
 ParOldGen       total 285696K, used 40310K [0x00000003c3600000, 0x00000003d4d00000, 0x000000066bd00000)
  object space 285696K, 14% used [0x00000003c3600000,0x00000003c5d5da88,0x00000003d4d00000)
 Metaspace       used 25234K, capacity 25826K, committed 26112K, reserved 1073152K
  class space    used 2524K, capacity 2741K, committed 2816K, reserved 1048576K
}
56658.024: Total time for which application threads were stopped: 0.0017349 seconds, Stopping threads took: 0.0000220 seconds
57051.976: Application time: 393.9525539 seconds
{Heap before GC invocations=86 (full 1):
 PSYoungGen      total 80896K, used 80442K [0x000000066bd00000, 0x0000000671580000, 0x00000007c0000000)
  eden space 79872K, 100% used [0x000000066bd00000,0x0000000670b00000,0x0000000670b00000)
  from space 1024K, 55% used [0x0000000671480000,0x000000067150e810,0x0000000671580000)
  to   space 1024K, 0% used [0x0000000671380000,0x0000000671380000,0x0000000671480000)
 ParOldGen       total 285696K, used 40310K [0x00000003c3600000, 0x00000003d4d00000, 0x000000066bd00000)
  object space 285696K, 14% used [0x00000003c3600000,0x00000003c5d5da88,0x00000003d4d00000)
 Metaspace       used 25235K, capacity 25826K, committed 26112K, reserved 1073152K
  class space    used 2524K, capacity 2741K, committed 2816K, reserved 1048576K
TLAB: gc thread: 0x00007fc910116000 [id: 746] desired_size: 10KB slow allocs: 0  refill waste: 168B alloc: 0.00674      539KB refills: 51 waste  0.7% gc: 776B slow: 2992B fast: 0B
TLAB: gc thread: 0x00007fc9bc820000 [id: 524] desired_size: 2KB slow allocs: 0  refill waste: 32B alloc: 0.00019       15KB refills: 8 waste  6.7% gc: 944B slow: 168B fast: 0B
TLAB: gc thread: 0x00007fc918002000 [id: 513] desired_size: 756KB slow allocs: 0  refill waste: 12096B alloc: 0.47348    37818KB refills: 56 waste  0.0% gc: 0B slow: 4760B fast: 0B
TLAB: gc thread: 0x00007fc9bc7a5800 [id: 512] desired_size: 817KB slow allocs: 0  refill waste: 13080B alloc: 0.51201    40896KB refills: 46 waste  2.0% gc: 750992B slow: 3712B fast: 0B
TLAB: gc thread: 0x00007fc9bc1a7000 [id: 508] desired_size: 2KB slow allocs: 0  refill waste: 32B alloc: 0.00015       12KB refills: 7 waste 14.7% gc: 2032B slow: 96B fast: 0B
TLAB totals: thrds: 5  refills: 168 max: 56 slow allocs: 0 max 0 waste:  0.9% gc: 754744B max: 750992B slow: 11728B max: 4760B fast: 0B max: 0B
57051.976: [GC (Allocation Failure) GCTaskManager::set_active_gang(): all_workers_active()  1  workers 8  active  8  ParallelGCThreads 8 
JT: 3  workers 8  active  8  idle 0  more 0
57051.977: [SoftReference, 0 refs, 0.0000144 secs]57051.977: [WeakReference, 0 refs, 0.0000044 secs]57051.977: [FinalReference, 80 refs, 0.0000330 secs]57051.977: [PhantomReference, 0 refs, 0 refs, 0.0000048 secs]57051.977: [JNI Weak Reference, 0.0000063 secs]AdaptiveSizePolicy::update_averages:  survived: 616464  promoted: 0  overflow: false
AdaptiveSizeStart: 57051.978 collection: 86 
  avg_survived_padded_avg: 996590.750000  avg_promoted_padded_avg: 1484172.750000  avg_pretenured_padded_avg: 0.000000  tenuring_thresh: 15  target_size: 1048576

Desired survivor size 1048576 bytes, new threshold 15 (max 15)
PSAdaptiveSizePolicy::compute_eden_space_size: costs minor_time: 0.000004 major_cost: 0.001668 mutator_cost: 0.998328 throughput_goal: 0.990000 live_space: 293470304 free_space: 349700096 old_eden_size: 81788928 desired_eden_size: 81264640
AdaptiveSizePolicy::survivor space sizes: collection: 86 (1048576, 524288) -> (1048576, 524288) 
AdaptiveSizeStop: collection: 86 
[PSYoungGen: 80442K->602K(80384K)] 120752K->40912K(366080K), 0.0014771 secs] [Times: user=0.00 sys=0.00, real=0.00 secs] 
Heap after GC invocations=86 (full 1):
 PSYoungGen      total 80384K, used 602K [0x000000066bd00000, 0x0000000671500000, 0x00000007c0000000)
  eden space 79360K, 0% used [0x000000066bd00000,0x000000066bd00000,0x0000000670a80000)
  from space 1024K, 58% used [0x0000000671380000,0x0000000671416810,0x0000000671480000)
  to   space 512K, 0% used [0x0000000671480000,0x0000000671480000,0x0000000671500000)
 ParOldGen       total 285696K, used 40310K [0x00000003c3600000, 0x00000003d4d00000, 0x000000066bd00000)
  object space 285696K, 14% used [0x00000003c3600000,0x00000003c5d5da88,0x00000003d4d00000)
 Metaspace       used 25235K, capacity 25826K, committed 26112K, reserved 1073152K
  class space    used 2524K, capacity 2741K, committed 2816K, reserved 1048576K
}
57051.978: Total time for which application threads were stopped: 0.0018323 seconds, Stopping threads took: 0.0000204 seconds
57435.983: Application time: 384.0051742 seconds
{Heap before GC invocations=87 (full 1):
 PSYoungGen      total 80384K, used 79962K [0x000000066bd00000, 0x0000000671500000, 0x00000007c0000000)
  eden space 79360K, 100% used [0x000000066bd00000,0x0000000670a80000,0x0000000670a80000)
  from space 1024K, 58% used [0x0000000671380000,0x0000000671416810,0x0000000671480000)
  to   space 512K, 0% used [0x0000000671480000,0x0000000671480000,0x0000000671500000)
 ParOldGen       total 285696K, used 40310K [0x00000003c3600000, 0x00000003d4d00000, 0x000000066bd00000)
  object space 285696K, 14% used [0x00000003c3600000,0x00000003c5d5da88,0x00000003d4d00000)
 Metaspace       used 25235K, capacity 25826K, committed 26112K, reserved 1073152K
  class space    used 2524K, capacity 2741K, committed 2816K, reserved 1048576K
TLAB: gc thread: 0x00007fc8e803e000 [id: 787] desired_size: 67KB slow allocs: 0  refill waste: 1080B alloc: 0.04275     3393KB refills: 1 waste 72.7% gc: 50504B slow: 0B fast: 0B
TLAB: gc thread: 0x00007fc910116000 [id: 746] desired_size: 10KB slow allocs: 0  refill waste: 168B alloc: 0.00679      539KB refills: 49 waste  0.7% gc: 152B slow: 3456B fast: 0B
TLAB: gc thread: 0x00007fc9bc822800 [id: 525] desired_size: 152KB slow allocs: 0  refill waste: 2432B alloc: 0.09589     7610KB refills: 1 waste 99.4% gc: 154896B slow: 0B fast: 0B
TLAB: gc thread: 0x00007fc9bc820000 [id: 524] desired_size: 2KB slow allocs: 0  refill waste: 32B alloc: 0.00019       15KB refills: 8 waste  3.8% gc: 464B slow: 168B fast: 0B
TLAB: gc thread: 0x00007fc9bc814800 [id: 518] desired_size: 531KB slow allocs: 0  refill waste: 8496B alloc: 0.33468    26560KB refills: 1 waste 100.0% gc: 543920B slow: 0B fast: 0B
TLAB: gc thread: 0x00007fc9bc79a800 [id: 517] desired_size: 535KB slow allocs: 0  refill waste: 8568B alloc: 0.33753    26786KB refills: 1 waste 95.9% gc: 526200B slow: 0B fast: 0B
TLAB: gc thread: 0x00007fc918002000 [id: 513] desired_size: 780KB slow allocs: 0  refill waste: 12480B alloc: 0.49173    39024KB refills: 49 waste  1.0% gc: 394200B slow: 3568B fast: 0B
TLAB: gc thread: 0x00007fc9bc7a5800 [id: 512] desired_size: 784KB slow allocs: 0  refill waste: 12544B alloc: 0.49411    39212KB refills: 51 waste  0.0% gc: 0B slow: 5776B fast: 0B
TLAB: gc thread: 0x00007fc9bc1a7000 [id: 508] desired_size: 2KB slow allocs: 0  refill waste: 32B alloc: 0.00015       12KB refills: 6 waste  2.6% gc: 240B slow: 80B fast: 0B
TLAB totals: thrds: 9  refills: 167 max: 51 slow allocs: 0 max 0 waste:  2.1% gc: 1670576B max: 543920B slow: 13048B max: 5776B fast: 0B max: 0B
57435.983: [GC (Allocation Failure) GCTaskManager::set_active_gang(): all_workers_active()  1  workers 8  active  8  ParallelGCThreads 8 
JT: 3  workers 8  active  8  idle 0  more 0
57435.984: [SoftReference, 0 refs, 0.0000147 secs]57435.984: [WeakReference, 0 refs, 0.0000048 secs]57435.984: [FinalReference, 45 refs, 0.0000358 secs]57435.984: [PhantomReference, 0 refs, 0 refs, 0.0000049 secs]57435.984: [JNI Weak Reference, 0.0000063 secs]AdaptiveSizePolicy::update_averages:  survived: 518160  promoted: 49152  overflow: true
AdaptiveSizeStart: 57435.985 collection: 87 
  avg_survived_padded_avg: 968199.937500  avg_promoted_padded_avg: 1353022.125000  avg_pretenured_padded_avg: 0.000000  tenuring_thresh: 14  target_size: 1048576

Desired survivor size 1048576 bytes, new threshold 14 (max 15)
PSAdaptiveSizePolicy::compute_eden_space_size: costs minor_time: 0.000003 major_cost: 0.001668 mutator_cost: 0.998328 throughput_goal: 0.990000 live_space: 293470848 free_space: 349175808 old_eden_size: 81264640 desired_eden_size: 80740352
AdaptiveSizePolicy::survivor space sizes: collection: 87 (524288, 1048576) -> (524288, 1048576) 
AdaptiveSizeStop: collection: 87 
[PSYoungGen: 79962K->506K(79360K)] 120272K->40864K(365056K), 0.0013510 secs] [Times: user=0.00 sys=0.00, real=0.00 secs] 
Heap after GC invocations=87 (full 1):
 PSYoungGen      total 79360K, used 506K [0x000000066bd00000, 0x0000000671500000, 0x00000007c0000000)
  eden space 78848K, 0% used [0x000000066bd00000,0x000000066bd00000,0x0000000670a00000)
  from space 512K, 98% used [0x0000000671480000,0x00000006714fe810,0x0000000671500000)
  to   space 1024K, 0% used [0x0000000671300000,0x0000000671300000,0x0000000671400000)
 ParOldGen       total 285696K, used 40358K [0x00000003c3600000, 0x00000003d4d00000, 0x000000066bd00000)
  object space 285696K, 14% used [0x00000003c3600000,0x00000003c5d69a88,0x00000003d4d00000)
 Metaspace       used 25235K, capacity 25826K, committed 26112K, reserved 1073152K
  class space    used 2524K, capacity 2741K, committed 2816K, reserved 1048576K
}
57435.985: Total time for which application threads were stopped: 0.0017332 seconds, Stopping threads took: 0.0000199 seconds
57819.949: Application time: 383.9640562 seconds
{Heap before GC invocations=88 (full 1):
 PSYoungGen      total 79360K, used 79354K [0x000000066bd00000, 0x0000000671500000, 0x00000007c0000000)
  eden space 78848K, 100% used [0x000000066bd00000,0x0000000670a00000,0x0000000670a00000)
  from space 512K, 98% used [0x0000000671480000,0x00000006714fe810,0x0000000671500000)
  to   space 1024K, 0% used [0x0000000671300000,0x0000000671300000,0x0000000671400000)
 ParOldGen       total 285696K, used 40358K [0x00000003c3600000, 0x00000003d4d00000, 0x000000066bd00000)
  object space 285696K, 14% used [0x00000003c3600000,0x00000003c5d69a88,0x00000003d4d00000)
 Metaspace       used 25235K, capacity 25826K, committed 26112K, reserved 1073152K
  class space    used 2524K, capacity 2741K, committed 2816K, reserved 1048576K
TLAB: gc thread: 0x00007fc8e8026800 [id: 774] desired_size: 43KB slow allocs: 0  refill waste: 688B alloc: 0.02752     2170KB refills: 1 waste 99.9% gc: 44400B slow: 0B fast: 0B
TLAB: gc thread: 0x00007fc8e8025000 [id: 773] desired_size: 46KB slow allocs: 0  refill waste: 744B alloc: 0.02974     2345KB refills: 1 waste 60.5% gc: 29040B slow: 0B fast: 0B
TLAB: gc thread: 0x00007fc910116000 [id: 746] desired_size: 10KB slow allocs: 0  refill waste: 168B alloc: 0.00675      533KB refills: 51 waste  2.3% gc: 9696B slow: 2928B fast: 0B
TLAB: gc thread: 0x00007fc9bc822800 [id: 525] desired_size: 98KB slow allocs: 0  refill waste: 1568B alloc: 0.06233     4915KB refills: 1 waste 99.1% gc: 99696B slow: 0B fast: 0B
TLAB: gc thread: 0x00007fc9bc820000 [id: 524] desired_size: 2KB slow allocs: 1  refill waste: 32B alloc: 0.00019       15KB refills: 8 waste  4.3% gc: 544B slow: 168B fast: 0B
TLAB: gc thread: 0x00007fc9bc81d000 [id: 523] desired_size: 525KB slow allocs: 0  refill waste: 8400B alloc: 0.33320    26272KB refills: 1 waste 95.9% gc: 515848B slow: 0B fast: 0B
TLAB: gc thread: 0x00007fc918002000 [id: 513] desired_size: 764KB slow allocs: 0  refill waste: 12232B alloc: 0.48486    38230KB refills: 51 waste  0.7% gc: 263568B slow: 3936B fast: 0B
TLAB: gc thread: 0x00007fc9bc7a5800 [id: 512] desired_size: 780KB slow allocs: 0  refill waste: 12480B alloc: 0.49467    39004KB refills: 50 waste  0.0% gc: 0B slow: 8984B fast: 0B
TLAB: gc thread: 0x00007fc9bc1a7000 [id: 508] desired_size: 2KB slow allocs: 0  refill waste: 32B alloc: 0.00015       11KB refills: 6 waste  2.6% gc: 240B slow: 80B fast: 0B
TLAB totals: thrds: 9  refills: 170 max: 51 slow allocs: 1 max 1 waste:  1.2% gc: 963032B max: 515848B slow: 16096B max: 8984B fast: 0B max: 0B
57819.949: [GC (Allocation Failure) GCTaskManager::set_active_gang(): all_workers_active()  1  workers 8  active  8  ParallelGCThreads 8 
JT: 3  workers 8  active  8  idle 0  more 0
57819.950: [SoftReference, 0 refs, 0.0000154 secs]57819.950: [WeakReference, 0 refs, 0.0000048 secs]57819.950: [FinalReference, 77 refs, 0.0000324 secs]57819.950: [PhantomReference, 0 refs, 0 refs, 0.0000051 secs]57819.950: [JNI Weak Reference, 0.0000062 secs]AdaptiveSizePolicy::update_averages:  survived: 583696  promoted: 8192  overflow: false
AdaptiveSizeStart: 57819.951 collection: 88 
  avg_survived_padded_avg: 947256.625000  avg_promoted_padded_avg: 1218596.250000  avg_pretenured_padded_avg: 0.000000  tenuring_thresh: 15  target_size: 1048576

Desired survivor size 1048576 bytes, new threshold 15 (max 15)
PSAdaptiveSizePolicy::compute_eden_space_size: costs minor_time: 0.000004 major_cost: 0.001668 mutator_cost: 0.998328 throughput_goal: 0.990000 live_space: 293477888 free_space: 348651520 old_eden_size: 80740352 desired_eden_size: 80216064
AdaptiveSizePolicy::survivor space sizes: collection: 88 (1048576, 524288) -> (1048576, 1048576) 
AdaptiveSizeStop: collection: 88 
[PSYoungGen: 79354K->570K(79360K)] 119712K->40936K(365056K), 0.0017167 secs] [Times: user=0.00 sys=0.00, real=0.00 secs] 
Heap after GC invocations=88 (full 1):
 PSYoungGen      total 79360K, used 570K [0x000000066bd00000, 0x0000000671500000, 0x00000007c0000000)
  eden space 78336K, 0% used [0x000000066bd00000,0x000000066bd00000,0x0000000670980000)
  from space 1024K, 55% used [0x0000000671300000,0x000000067138e810,0x0000000671400000)
  to   space 1024K, 0% used [0x0000000671400000,0x0000000671400000,0x0000000671500000)
 ParOldGen       total 285696K, used 40366K [0x00000003c3600000, 0x00000003d4d00000, 0x000000066bd00000)
  object space 285696K, 14% used [0x00000003c3600000,0x00000003c5d6ba88,0x00000003d4d00000)
 Metaspace       used 25235K, capacity 25826K, committed 26112K, reserved 1073152K
  class space    used 2524K, capacity 2741K, committed 2816K, reserved 1048576K
}
57819.951: Total time for which application threads were stopped: 0.0020757 seconds, Stopping threads took: 0.0000207 seconds
58196.763: Application time: 376.8118475 seconds
58196.764: Total time for which application threads were stopped: 0.0006432 seconds, Stopping threads took: 0.0001483 seconds
Heap
 PSYoungGen      total 566784K, used 511961K [0x000000066bd00000, 0x0000000691100000, 0x00000007c0000000)
  eden space 523264K, 89% used [0x000000066bd00000,0x0000000688810448,0x000000068bc00000)
  from space 43520K, 96% used [0x000000068e680000,0x0000000690f66168,0x0000000691100000)
  to   space 43520K, 0% used [0x000000068bc00000,0x000000068bc00000,0x000000068e680000)
 ParOldGen       total 697856K, used 16K [0x00000003c3600000, 0x00000003edf80000, 0x000000066bd00000)
  object space 697856K, 0% used [0x00000003c3600000,0x00000003c3604000,0x00000003edf80000)
 Metaspace       used 8318K, capacity 8480K, committed 8704K, reserved 1056768K
  class space    used 871K, capacity 929K, committed 1024K, reserved 1048576K
58197.229: Application time: 0.4651397 seconds